time="10:05:49" level=info msg="Executing Filter  v5.1.2"
time="10:05:49" level=info msg="Fetching protein inference from /scratch/negishi/afarzam/MSV000086944_results_v4/second_pass_upstream/LysC_CAD/LysC_CAD_2pass_results/GM12878_LysC_HCD"
time="10:05:49" level=info msg="Processing peptide identification files"
time="10:05:49" level=info msg="Parsing /scratch/negishi/afarzam/MSV000086944_results_v4/second_pass_upstream/LysC_CAD/LysC_CAD_2pass_results/HUVEC_LysC_HCD/interact-20151128_alr_CompleteHumanProteome_HUVEC_HCD_LysC_fr17_sub.pep.xml"
time="10:05:49" level=info msg="Parsing /scratch/negishi/afarzam/MSV000086944_results_v4/second_pass_upstream/LysC_CAD/LysC_CAD_2pass_results/HUVEC_LysC_HCD/interact-20151128_alr_CompleteHumanProteome_HUVEC_HCD_LysC_fr18_sub.pep.xml"
time="10:05:49" level=info msg="Parsing /scratch/negishi/afarzam/MSV000086944_results_v4/second_pass_upstream/LysC_CAD/LysC_CAD_2pass_results/HUVEC_LysC_HCD/interact-20151128_alr_CompleteHumanProteome_HUVEC_HCD_LysC_fr13_sub.pep.xml"
time="10:05:49" level=info msg="Parsing /scratch/negishi/afarzam/MSV000086944_results_v4/second_pass_upstream/LysC_CAD/LysC_CAD_2pass_results/HUVEC_LysC_HCD/interact-20151128_alr_CompleteHumanProteome_HUVEC_HCD_LysC_fr15_sub.pep.xml"
time="10:05:49" level=info msg="Parsing /scratch/negishi/afarzam/MSV000086944_results_v4/second_pass_upstream/LysC_CAD/LysC_CAD_2pass_results/HUVEC_LysC_HCD/interact-20151128_alr_CompleteHumanProteome_HUVEC_HCD_LysC_fr11_sub.pep.xml"
time="10:05:49" level=info msg="Parsing /scratch/negishi/afarzam/MSV000086944_results_v4/second_pass_upstream/LysC_CAD/LysC_CAD_2pass_results/HUVEC_LysC_HCD/interact-20151216_alr_CompleteHumanProteome_HUVEC_LysC_HCD_fr2_sub.pep.xml"
time="10:05:49" level=info msg="Parsing /scratch/negishi/afarzam/MSV000086944_results_v4/second_pass_upstream/LysC_CAD/LysC_CAD_2pass_results/HUVEC_LysC_HCD/interact-20151128_alr_CompleteHumanProteome_HUVEC_HCD_LysC_fr16_sub.pep.xml"
time="10:05:49" level=info msg="Parsing /scratch/negishi/afarzam/MSV000086944_results_v4/second_pass_upstream/LysC_CAD/LysC_CAD_2pass_results/HUVEC_LysC_HCD/interact-20151216_alr_CompleteHumanProteome_HUVEC_LysC_HCD_fr35_sub.pep.xml"
time="10:05:49" level=info msg="Parsing /scratch/negishi/afarzam/MSV000086944_results_v4/second_pass_upstream/LysC_CAD/LysC_CAD_2pass_results/HUVEC_LysC_HCD/interact-20151128_alr_CompleteHumanProteome_HUVEC_HCD_LysC_fr12_sub.pep.xml"
time="10:05:49" level=info msg="Parsing /scratch/negishi/afarzam/MSV000086944_results_v4/second_pass_upstream/LysC_CAD/LysC_CAD_2pass_results/HUVEC_LysC_HCD/interact-20151216_alr_CompleteHumanProteome_HUVEC_LysC_HCD_fr9_sub.pep.xml"
time="10:05:49" level=info msg="Parsing /scratch/negishi/afarzam/MSV000086944_results_v4/second_pass_upstream/LysC_CAD/LysC_CAD_2pass_results/HUVEC_LysC_HCD/interact-20151216_alr_CompleteHumanProteome_HUVEC_LysC_HCD_fr5_sub.pep.xml"
time="10:05:49" level=info msg="Parsing /scratch/negishi/afarzam/MSV000086944_results_v4/second_pass_upstream/LysC_CAD/LysC_CAD_2pass_results/HUVEC_LysC_HCD/interact-20151216_alr_CompleteHumanProteome_HUVEC_LysC_HCD_fr3_sub.pep.xml"
time="10:05:49" level=info msg="Parsing /scratch/negishi/afarzam/MSV000086944_results_v4/second_pass_upstream/LysC_CAD/LysC_CAD_2pass_results/HUVEC_LysC_HCD/interact-20151216_alr_CompleteHumanProteome_HUVEC_LysC_HCD_fr23_sub.pep.xml"
time="10:05:49" level=info msg="Parsing /scratch/negishi/afarzam/MSV000086944_results_v4/second_pass_upstream/LysC_CAD/LysC_CAD_2pass_results/HUVEC_LysC_HCD/interact-20151128_alr_CompleteHumanProteome_HUVEC_HCD_LysC_fr14_sub.pep.xml"
time="10:05:49" level=info msg="Parsing /scratch/negishi/afarzam/MSV000086944_results_v4/second_pass_upstream/LysC_CAD/LysC_CAD_2pass_results/HUVEC_LysC_HCD/interact-20151216_alr_CompleteHumanProteome_HUVEC_LysC_HCD_fr24_sub.pep.xml"
time="10:05:49" level=info msg="Parsing /scratch/negishi/afarzam/MSV000086944_results_v4/second_pass_upstream/LysC_CAD/LysC_CAD_2pass_results/HUVEC_LysC_HCD/interact-20151216_alr_CompleteHumanProteome_HUVEC_LysC_HCD_fr28_sub.pep.xml"
time="10:05:49" level=info msg="Parsing /scratch/negishi/afarzam/MSV000086944_results_v4/second_pass_upstream/LysC_CAD/LysC_CAD_2pass_results/HUVEC_LysC_HCD/interact-20151216_alr_CompleteHumanProteome_HUVEC_LysC_HCD_fr32_sub.pep.xml"
time="10:05:49" level=info msg="Parsing /scratch/negishi/afarzam/MSV000086944_results_v4/second_pass_upstream/LysC_CAD/LysC_CAD_2pass_results/HUVEC_LysC_HCD/interact-20151216_alr_CompleteHumanProteome_HUVEC_LysC_HCD_fr33_sub.pep.xml"
time="10:05:49" level=info msg="Parsing /scratch/negishi/afarzam/MSV000086944_results_v4/second_pass_upstream/LysC_CAD/LysC_CAD_2pass_results/HUVEC_LysC_HCD/interact-20151216_alr_CompleteHumanProteome_HUVEC_LysC_HCD_fr27_sub.pep.xml"
time="10:05:49" level=info msg="Parsing /scratch/negishi/afarzam/MSV000086944_results_v4/second_pass_upstream/LysC_CAD/LysC_CAD_2pass_results/HUVEC_LysC_HCD/interact-20151216_alr_CompleteHumanProteome_HUVEC_LysC_HCD_fr4_sub.pep.xml"
time="10:05:49" level=info msg="Parsing /scratch/negishi/afarzam/MSV000086944_results_v4/second_pass_upstream/LysC_CAD/LysC_CAD_2pass_results/HUVEC_LysC_HCD/interact-20151216_alr_CompleteHumanProteome_HUVEC_LysC_HCD_fr19_sub.pep.xml"
time="10:05:49" level=info msg="Parsing /scratch/negishi/afarzam/MSV000086944_results_v4/second_pass_upstream/LysC_CAD/LysC_CAD_2pass_results/HUVEC_LysC_HCD/interact-20151216_alr_CompleteHumanProteome_HUVEC_LysC_HCD_fr25_sub.pep.xml"
time="10:05:49" level=info msg="Parsing /scratch/negishi/afarzam/MSV000086944_results_v4/second_pass_upstream/LysC_CAD/LysC_CAD_2pass_results/HUVEC_LysC_HCD/interact-20151216_alr_CompleteHumanProteome_HUVEC_LysC_HCD_fr31_sub.pep.xml"
time="10:05:49" level=info msg="Parsing /scratch/negishi/afarzam/MSV000086944_results_v4/second_pass_upstream/LysC_CAD/LysC_CAD_2pass_results/HUVEC_LysC_HCD/interact-20151128_alr_CompleteHumanProteome_HUVEC_HCD_LysC_fr10_sub.pep.xml"
time="10:05:49" level=info msg="Parsing /scratch/negishi/afarzam/MSV000086944_results_v4/second_pass_upstream/LysC_CAD/LysC_CAD_2pass_results/HUVEC_LysC_HCD/interact-20151216_alr_CompleteHumanProteome_HUVEC_LysC_HCD_fr30_sub.pep.xml"
time="10:05:49" level=info msg="Parsing /scratch/negishi/afarzam/MSV000086944_results_v4/second_pass_upstream/LysC_CAD/LysC_CAD_2pass_results/HUVEC_LysC_HCD/interact-20151216_alr_CompleteHumanProteome_HUVEC_LysC_HCD_fr8_sub.pep.xml"
time="10:05:49" level=info msg="Parsing /scratch/negishi/afarzam/MSV000086944_results_v4/second_pass_upstream/LysC_CAD/LysC_CAD_2pass_results/HUVEC_LysC_HCD/interact-20151216_alr_CompleteHumanProteome_HUVEC_LysC_HCD_fr34_sub.pep.xml"
time="10:05:49" level=info msg="Parsing /scratch/negishi/afarzam/MSV000086944_results_v4/second_pass_upstream/LysC_CAD/LysC_CAD_2pass_results/HUVEC_LysC_HCD/interact-20151216_alr_CompleteHumanProteome_HUVEC_LysC_HCD_fr7_sub.pep.xml"
time="10:05:49" level=info msg="Parsing /scratch/negishi/afarzam/MSV000086944_results_v4/second_pass_upstream/LysC_CAD/LysC_CAD_2pass_results/HUVEC_LysC_HCD/interact-20151216_alr_CompleteHumanProteome_HUVEC_LysC_HCD_fr22_sub.pep.xml"
time="10:05:49" level=info msg="Parsing /scratch/negishi/afarzam/MSV000086944_results_v4/second_pass_upstream/LysC_CAD/LysC_CAD_2pass_results/HUVEC_LysC_HCD/interact-20151216_alr_CompleteHumanProteome_HUVEC_LysC_HCD_fr29_sub.pep.xml"
time="10:05:49" level=info msg="Parsing /scratch/negishi/afarzam/MSV000086944_results_v4/second_pass_upstream/LysC_CAD/LysC_CAD_2pass_results/HUVEC_LysC_HCD/interact-20151216_alr_CompleteHumanProteome_HUVEC_LysC_HCD_fr20_sub.pep.xml"
time="10:05:49" level=warning msg="No PSM was found in data set. /scratch/negishi/afarzam/MSV000086944_results_v4/second_pass_upstream/LysC_CAD/LysC_CAD_2pass_results/HUVEC_LysC_HCD/interact-20151216_alr_CompleteHumanProteome_HUVEC_LysC_HCD_fr3_sub.pep.xml"
time="10:05:49" level=info msg="Parsing /scratch/negishi/afarzam/MSV000086944_results_v4/second_pass_upstream/LysC_CAD/LysC_CAD_2pass_results/HUVEC_LysC_HCD/interact-20151216_alr_CompleteHumanProteome_HUVEC_LysC_HCD_fr1_sub.pep.xml"
time="10:05:49" level=info msg="Parsing /scratch/negishi/afarzam/MSV000086944_results_v4/second_pass_upstream/LysC_CAD/LysC_CAD_2pass_results/HUVEC_LysC_HCD/interact-20151216_alr_CompleteHumanProteome_HUVEC_LysC_HCD_fr21_sub.pep.xml"
time="10:05:49" level=info msg="Parsing /scratch/negishi/afarzam/MSV000086944_results_v4/second_pass_upstream/LysC_CAD/LysC_CAD_2pass_results/HUVEC_LysC_HCD/interact-20151216_alr_CompleteHumanProteome_HUVEC_LysC_HCD_fr26_sub.pep.xml"
time="10:05:49" level=info msg="Parsing /scratch/negishi/afarzam/MSV000086944_results_v4/second_pass_upstream/LysC_CAD/LysC_CAD_2pass_results/HUVEC_LysC_HCD/interact-20151216_alr_CompleteHumanProteome_HUVEC_LysC_HCD_fr6_sub.pep.xml"
time="10:05:50" level=info msg="1+ Charge profile" decoy=0 target=0
time="10:05:50" level=info msg="2+ Charge profile" decoy=148 target=591
time="10:05:50" level=info msg="3+ Charge profile" decoy=95 target=495
time="10:05:50" level=info msg="4+ Charge profile" decoy=49 target=161
time="10:05:50" level=info msg="5+ Charge profile" decoy=21 target=83
time="10:05:50" level=info msg="6+ Charge profile" decoy=9 target=21
time="10:05:50" level=info msg="Database search results" ions=1240 peptides=1183 psms=1686
time="10:05:50" level=info msg="Converged to 0.61 % FDR with 165 PSMs" decoy=1 threshold=0.886988 total=166
time="10:05:50" level=info msg="Converged to 0.87 % FDR with 115 Peptides" decoy=1 threshold=0.88783 total=116
time="10:05:50" level=info msg="Converged to 0.78 % FDR with 128 Ions" decoy=1 threshold=0.88783 total=129
time="10:05:50" level=info msg="Protein inference results" decoy=1759 target=2653
time="10:05:51" level=info msg="Converged to 0.00 % FDR with 52 Proteins" decoy=0 threshold=0.9967 total=52
time="10:05:51" level=info msg="Applying sequential FDR estimation" ions=37 peptides=28 psms=57
time="10:05:51" level=info msg="Converged to 0.00 % FDR with 56 PSMs" decoy=0 threshold=0.90054 total=56
time="10:05:51" level=info msg="Converged to 0.00 % FDR with 27 Peptides" decoy=0 threshold=0.90054 total=27
time="10:05:51" level=info msg="Converged to 0.00 % FDR with 36 Ions" decoy=0 threshold=0.90054 total=36
time="10:05:51" level=info msg="Post processing identifications"
time="10:05:51" level=info msg="Assigning protein identifications to layers"
time="10:05:51" level=info msg="Processing protein inference"
time="10:05:51" level=info msg="Synchronizing PSMs and proteins"
time="10:05:51" level=info msg="Final report numbers after FDR filtering, and post-processing" ions=35 peptides=26 proteins=18 psms=55
time="10:05:51" level=info msg=Saving
time="10:05:51" level=info msg=Done
