time="01:06:33" level=info msg="Executing Filter  v5.1.2"
time="01:06:33" level=info msg="Fetching protein inference from /scratch/negishi/afarzam/MSV000086944_results_v4/second_pass_upstream/AspN_CAD/AspN_CAD_2pass_results/GM12878_AspN_HCD"
time="01:06:33" level=info msg="Processing peptide identification files"
time="01:06:33" level=info msg="Parsing /scratch/negishi/afarzam/MSV000086944_results_v4/second_pass_upstream/AspN_CAD/AspN_CAD_2pass_results/hESC_AspN_HCD/interact-AspN_hES_12_sub.pep.xml"
time="01:06:33" level=info msg="Parsing /scratch/negishi/afarzam/MSV000086944_results_v4/second_pass_upstream/AspN_CAD/AspN_CAD_2pass_results/hESC_AspN_HCD/interact-AspN_hES_9_sub.pep.xml"
time="01:06:33" level=info msg="Parsing /scratch/negishi/afarzam/MSV000086944_results_v4/second_pass_upstream/AspN_CAD/AspN_CAD_2pass_results/hESC_AspN_HCD/interact-AspN_hES_13_sub.pep.xml"
time="01:06:33" level=info msg="Parsing /scratch/negishi/afarzam/MSV000086944_results_v4/second_pass_upstream/AspN_CAD/AspN_CAD_2pass_results/hESC_AspN_HCD/interact-AspN_hES_11_sub.pep.xml"
time="01:06:33" level=info msg="Parsing /scratch/negishi/afarzam/MSV000086944_results_v4/second_pass_upstream/AspN_CAD/AspN_CAD_2pass_results/hESC_AspN_HCD/interact-AspN_hES_10_sub.pep.xml"
time="01:06:33" level=info msg="Parsing /scratch/negishi/afarzam/MSV000086944_results_v4/second_pass_upstream/AspN_CAD/AspN_CAD_2pass_results/hESC_AspN_HCD/interact-AspN_hES_22_sub.pep.xml"
time="01:06:33" level=info msg="Parsing /scratch/negishi/afarzam/MSV000086944_results_v4/second_pass_upstream/AspN_CAD/AspN_CAD_2pass_results/hESC_AspN_HCD/interact-AspN_hES_18_sub.pep.xml"
time="01:06:33" level=info msg="Parsing /scratch/negishi/afarzam/MSV000086944_results_v4/second_pass_upstream/AspN_CAD/AspN_CAD_2pass_results/hESC_AspN_HCD/interact-AspN_hES_1_sub.pep.xml"
time="01:06:33" level=info msg="Parsing /scratch/negishi/afarzam/MSV000086944_results_v4/second_pass_upstream/AspN_CAD/AspN_CAD_2pass_results/hESC_AspN_HCD/interact-AspN_hES_15_sub.pep.xml"
time="01:06:33" level=info msg="Parsing /scratch/negishi/afarzam/MSV000086944_results_v4/second_pass_upstream/AspN_CAD/AspN_CAD_2pass_results/hESC_AspN_HCD/interact-AspN_hES_20_sub.pep.xml"
time="01:06:33" level=info msg="Parsing /scratch/negishi/afarzam/MSV000086944_results_v4/second_pass_upstream/AspN_CAD/AspN_CAD_2pass_results/hESC_AspN_HCD/interact-AspN_hES_16_sub.pep.xml"
time="01:06:33" level=info msg="Parsing /scratch/negishi/afarzam/MSV000086944_results_v4/second_pass_upstream/AspN_CAD/AspN_CAD_2pass_results/hESC_AspN_HCD/interact-AspN_hES_19_sub.pep.xml"
time="01:06:33" level=info msg="Parsing /scratch/negishi/afarzam/MSV000086944_results_v4/second_pass_upstream/AspN_CAD/AspN_CAD_2pass_results/hESC_AspN_HCD/interact-AspN_hES_14_sub.pep.xml"
time="01:06:33" level=info msg="Parsing /scratch/negishi/afarzam/MSV000086944_results_v4/second_pass_upstream/AspN_CAD/AspN_CAD_2pass_results/hESC_AspN_HCD/interact-AspN_hES_4_sub.pep.xml"
time="01:06:33" level=info msg="Parsing /scratch/negishi/afarzam/MSV000086944_results_v4/second_pass_upstream/AspN_CAD/AspN_CAD_2pass_results/hESC_AspN_HCD/interact-AspN_hES_6_sub.pep.xml"
time="01:06:33" level=info msg="Parsing /scratch/negishi/afarzam/MSV000086944_results_v4/second_pass_upstream/AspN_CAD/AspN_CAD_2pass_results/hESC_AspN_HCD/interact-AspN_hES_23_sub.pep.xml"
time="01:06:33" level=info msg="Parsing /scratch/negishi/afarzam/MSV000086944_results_v4/second_pass_upstream/AspN_CAD/AspN_CAD_2pass_results/hESC_AspN_HCD/interact-AspN_hES_5_sub.pep.xml"
time="01:06:33" level=info msg="Parsing /scratch/negishi/afarzam/MSV000086944_results_v4/second_pass_upstream/AspN_CAD/AspN_CAD_2pass_results/hESC_AspN_HCD/interact-AspN_hES_17_sub.pep.xml"
time="01:06:33" level=info msg="Parsing /scratch/negishi/afarzam/MSV000086944_results_v4/second_pass_upstream/AspN_CAD/AspN_CAD_2pass_results/hESC_AspN_HCD/interact-AspN_hES_3_sub.pep.xml"
time="01:06:33" level=info msg="Parsing /scratch/negishi/afarzam/MSV000086944_results_v4/second_pass_upstream/AspN_CAD/AspN_CAD_2pass_results/hESC_AspN_HCD/interact-AspN_hES_8_sub.pep.xml"
time="01:06:33" level=warning msg="No PSM was found in data set. /scratch/negishi/afarzam/MSV000086944_results_v4/second_pass_upstream/AspN_CAD/AspN_CAD_2pass_results/hESC_AspN_HCD/interact-AspN_hES_10_sub.pep.xml"
time="01:06:33" level=info msg="Parsing /scratch/negishi/afarzam/MSV000086944_results_v4/second_pass_upstream/AspN_CAD/AspN_CAD_2pass_results/hESC_AspN_HCD/interact-AspN_hES_7_sub.pep.xml"
time="01:06:33" level=info msg="Parsing /scratch/negishi/afarzam/MSV000086944_results_v4/second_pass_upstream/AspN_CAD/AspN_CAD_2pass_results/hESC_AspN_HCD/interact-AspN_hES_24_sub.pep.xml"
time="01:06:33" level=info msg="Parsing /scratch/negishi/afarzam/MSV000086944_results_v4/second_pass_upstream/AspN_CAD/AspN_CAD_2pass_results/hESC_AspN_HCD/interact-AspN_hES_21_sub.pep.xml"
time="01:06:33" level=info msg="Parsing /scratch/negishi/afarzam/MSV000086944_results_v4/second_pass_upstream/AspN_CAD/AspN_CAD_2pass_results/hESC_AspN_HCD/interact-AspN_hES_2_140617095613_sub.pep.xml"
time="01:06:33" level=warning msg="No PSM was found in data set. /scratch/negishi/afarzam/MSV000086944_results_v4/second_pass_upstream/AspN_CAD/AspN_CAD_2pass_results/hESC_AspN_HCD/interact-AspN_hES_2_140617095613_sub.pep.xml"
time="01:06:34" level=info msg="1+ Charge profile" decoy=0 target=0
time="01:06:34" level=info msg="2+ Charge profile" decoy=28 target=134
time="01:06:34" level=info msg="3+ Charge profile" decoy=20 target=94
time="01:06:34" level=info msg="4+ Charge profile" decoy=11 target=37
time="01:06:34" level=info msg="5+ Charge profile" decoy=11 target=32
time="01:06:34" level=info msg="6+ Charge profile" decoy=5 target=21
time="01:06:34" level=info msg="Database search results" ions=357 peptides=342 psms=393
time="01:06:34" level=info msg="Converged to 0.00 % FDR with 25 PSMs" decoy=0 threshold=0.899516 total=25
time="01:06:34" level=info msg="Converged to 0.00 % FDR with 18 Peptides" decoy=0 threshold=0.899516 total=18
time="01:06:34" level=info msg="Converged to 0.00 % FDR with 22 Ions" decoy=0 threshold=0.899516 total=22
time="01:06:34" level=info msg="Protein inference results" decoy=484 target=1073
time="01:06:34" level=info msg="Converged to 0.00 % FDR with 22 Proteins" decoy=0 threshold=0.9907 total=22
time="01:06:34" level=info msg="Applying sequential FDR estimation" ions=14 peptides=10 psms=17
time="01:06:34" level=info msg="Converged to 0.00 % FDR with 16 PSMs" decoy=0 threshold=0.904616 total=16
time="01:06:34" level=info msg="Converged to 0.00 % FDR with 9 Peptides" decoy=0 threshold=0.909594 total=9
time="01:06:34" level=info msg="Converged to 0.00 % FDR with 13 Ions" decoy=0 threshold=0.904616 total=13
time="01:06:34" level=info msg="Post processing identifications"
time="01:06:34" level=info msg="Assigning protein identifications to layers"
time="01:06:34" level=info msg="Processing protein inference"
time="01:06:35" level=info msg="Synchronizing PSMs and proteins"
time="01:06:35" level=info msg="Final report numbers after FDR filtering, and post-processing" ions=13 peptides=9 proteins=9 psms=16
time="01:06:35" level=info msg=Saving
time="01:06:35" level=info msg=Done
