time="15:11:52" level=info msg="Executing Filter  v5.1.2"
time="15:11:52" level=info msg="Fetching protein inference from /scratch/negishi/afarzam/MSV000086944_results_and_control_searches/second_pass_downstream_nozf/LysC_ETD/LysC_ETD_2pass_results/GM12878_LysC_ETD"
time="15:11:52" level=info msg="Processing peptide identification files"
time="15:11:52" level=info msg="Parsing /scratch/negishi/afarzam/MSV000086944_results_and_control_searches/second_pass_downstream_nozf/LysC_ETD/LysC_ETD_2pass_results/HepG2_LysC_ETD/interact-20151215_alr_CompleteHumaProteome_HepG2_ETD_LysC_fr16_sub.pep.xml"
time="15:11:52" level=info msg="Parsing /scratch/negishi/afarzam/MSV000086944_results_and_control_searches/second_pass_downstream_nozf/LysC_ETD/LysC_ETD_2pass_results/HepG2_LysC_ETD/interact-20151215_alr_CompleteHumaProteome_HepG2_ETD_LysC_fr13_sub.pep.xml"
time="15:11:52" level=info msg="Parsing /scratch/negishi/afarzam/MSV000086944_results_and_control_searches/second_pass_downstream_nozf/LysC_ETD/LysC_ETD_2pass_results/HepG2_LysC_ETD/interact-20151215_alr_CompleteHumaProteome_HepG2_ETD_LysC_fr9_sub.pep.xml"
time="15:11:52" level=info msg="Parsing /scratch/negishi/afarzam/MSV000086944_results_and_control_searches/second_pass_downstream_nozf/LysC_ETD/LysC_ETD_2pass_results/HepG2_LysC_ETD/interact-20151215_alr_CompleteHumaProteome_HepG2_ETD_LysC_fr12_sub.pep.xml"
time="15:11:52" level=info msg="Parsing /scratch/negishi/afarzam/MSV000086944_results_and_control_searches/second_pass_downstream_nozf/LysC_ETD/LysC_ETD_2pass_results/HepG2_LysC_ETD/interact-20151215_alr_CompleteHumaProteome_HepG2_ETD_LysC_fr15_sub.pep.xml"
time="15:11:52" level=info msg="Parsing /scratch/negishi/afarzam/MSV000086944_results_and_control_searches/second_pass_downstream_nozf/LysC_ETD/LysC_ETD_2pass_results/HepG2_LysC_ETD/interact-20151215_alr_CompleteHumaProteome_HepG2_ETD_LysC_fr29_sub.pep.xml"
time="15:11:52" level=info msg="Parsing /scratch/negishi/afarzam/MSV000086944_results_and_control_searches/second_pass_downstream_nozf/LysC_ETD/LysC_ETD_2pass_results/HepG2_LysC_ETD/interact-20151215_alr_CompleteHumaProteome_HepG2_ETD_LysC_fr3_sub.pep.xml"
time="15:11:52" level=info msg="Parsing /scratch/negishi/afarzam/MSV000086944_results_and_control_searches/second_pass_downstream_nozf/LysC_ETD/LysC_ETD_2pass_results/HepG2_LysC_ETD/interact-20151215_alr_CompleteHumaProteome_HepG2_ETD_LysC_fr17_sub.pep.xml"
time="15:11:52" level=info msg="Parsing /scratch/negishi/afarzam/MSV000086944_results_and_control_searches/second_pass_downstream_nozf/LysC_ETD/LysC_ETD_2pass_results/HepG2_LysC_ETD/interact-20151215_alr_CompleteHumaProteome_HepG2_ETD_LysC_fr10_sub.pep.xml"
time="15:11:52" level=info msg="Parsing /scratch/negishi/afarzam/MSV000086944_results_and_control_searches/second_pass_downstream_nozf/LysC_ETD/LysC_ETD_2pass_results/HepG2_LysC_ETD/interact-20151215_alr_CompleteHumaProteome_HepG2_ETD_LysC_fr14_sub.pep.xml"
time="15:11:52" level=info msg="Parsing /scratch/negishi/afarzam/MSV000086944_results_and_control_searches/second_pass_downstream_nozf/LysC_ETD/LysC_ETD_2pass_results/HepG2_LysC_ETD/interact-20151215_alr_CompleteHumaProteome_HepG2_ETD_LysC_fr4_sub.pep.xml"
time="15:11:52" level=info msg="Parsing /scratch/negishi/afarzam/MSV000086944_results_and_control_searches/second_pass_downstream_nozf/LysC_ETD/LysC_ETD_2pass_results/HepG2_LysC_ETD/interact-20151215_alr_CompleteHumaProteome_HepG2_ETD_LysC_fr35_151220093534_sub.pep.xml"
time="15:11:52" level=info msg="Parsing /scratch/negishi/afarzam/MSV000086944_results_and_control_searches/second_pass_downstream_nozf/LysC_ETD/LysC_ETD_2pass_results/HepG2_LysC_ETD/interact-20151215_alr_CompleteHumaProteome_HepG2_ETD_LysC_fr18_sub.pep.xml"
time="15:11:52" level=info msg="Parsing /scratch/negishi/afarzam/MSV000086944_results_and_control_searches/second_pass_downstream_nozf/LysC_ETD/LysC_ETD_2pass_results/HepG2_LysC_ETD/interact-20151215_alr_CompleteHumaProteome_HepG2_ETD_LysC_fr24_sub.pep.xml"
time="15:11:52" level=info msg="Parsing /scratch/negishi/afarzam/MSV000086944_results_and_control_searches/second_pass_downstream_nozf/LysC_ETD/LysC_ETD_2pass_results/HepG2_LysC_ETD/interact-20151215_alr_CompleteHumaProteome_HepG2_ETD_LysC_fr2_sub.pep.xml"
time="15:11:52" level=info msg="Parsing /scratch/negishi/afarzam/MSV000086944_results_and_control_searches/second_pass_downstream_nozf/LysC_ETD/LysC_ETD_2pass_results/HepG2_LysC_ETD/interact-20151215_alr_CompleteHumaProteome_HepG2_ETD_LysC_fr11_sub.pep.xml"
time="15:11:52" level=info msg="Parsing /scratch/negishi/afarzam/MSV000086944_results_and_control_searches/second_pass_downstream_nozf/LysC_ETD/LysC_ETD_2pass_results/HepG2_LysC_ETD/interact-20151215_alr_CompleteHumaProteome_HepG2_ETD_LysC_fr22_sub.pep.xml"
time="15:11:52" level=info msg="Parsing /scratch/negishi/afarzam/MSV000086944_results_and_control_searches/second_pass_downstream_nozf/LysC_ETD/LysC_ETD_2pass_results/HepG2_LysC_ETD/interact-20151215_alr_CompleteHumaProteome_HepG2_ETD_LysC_fr31_sub.pep.xml"
time="15:11:52" level=info msg="Parsing /scratch/negishi/afarzam/MSV000086944_results_and_control_searches/second_pass_downstream_nozf/LysC_ETD/LysC_ETD_2pass_results/HepG2_LysC_ETD/interact-20151215_alr_CompleteHumaProteome_HepG2_ETD_LysC_fr30_sub.pep.xml"
time="15:11:52" level=info msg="Parsing /scratch/negishi/afarzam/MSV000086944_results_and_control_searches/second_pass_downstream_nozf/LysC_ETD/LysC_ETD_2pass_results/HepG2_LysC_ETD/interact-20151215_alr_CompleteHumaProteome_HepG2_ETD_LysC_fr1_sub.pep.xml"
time="15:11:52" level=warning msg="No PSM was found in data set. /scratch/negishi/afarzam/MSV000086944_results_and_control_searches/second_pass_downstream_nozf/LysC_ETD/LysC_ETD_2pass_results/HepG2_LysC_ETD/interact-20151215_alr_CompleteHumaProteome_HepG2_ETD_LysC_fr10_sub.pep.xml"
time="15:11:52" level=info msg="Parsing /scratch/negishi/afarzam/MSV000086944_results_and_control_searches/second_pass_downstream_nozf/LysC_ETD/LysC_ETD_2pass_results/HepG2_LysC_ETD/interact-20151215_alr_CompleteHumaProteome_HepG2_ETD_LysC_fr19_sub.pep.xml"
time="15:11:52" level=info msg="Parsing /scratch/negishi/afarzam/MSV000086944_results_and_control_searches/second_pass_downstream_nozf/LysC_ETD/LysC_ETD_2pass_results/HepG2_LysC_ETD/interact-20151215_alr_CompleteHumaProteome_HepG2_ETD_LysC_fr33_sub.pep.xml"
time="15:11:52" level=info msg="Parsing /scratch/negishi/afarzam/MSV000086944_results_and_control_searches/second_pass_downstream_nozf/LysC_ETD/LysC_ETD_2pass_results/HepG2_LysC_ETD/interact-20151215_alr_CompleteHumaProteome_HepG2_ETD_LysC_fr28_sub.pep.xml"
time="15:11:52" level=info msg="Parsing /scratch/negishi/afarzam/MSV000086944_results_and_control_searches/second_pass_downstream_nozf/LysC_ETD/LysC_ETD_2pass_results/HepG2_LysC_ETD/interact-20151215_alr_CompleteHumaProteome_HepG2_ETD_LysC_fr27_sub.pep.xml"
time="15:11:52" level=info msg="Parsing /scratch/negishi/afarzam/MSV000086944_results_and_control_searches/second_pass_downstream_nozf/LysC_ETD/LysC_ETD_2pass_results/HepG2_LysC_ETD/interact-20151215_alr_CompleteHumaProteome_HepG2_ETD_LysC_fr8_sub.pep.xml"
time="15:11:52" level=info msg="Parsing /scratch/negishi/afarzam/MSV000086944_results_and_control_searches/second_pass_downstream_nozf/LysC_ETD/LysC_ETD_2pass_results/HepG2_LysC_ETD/interact-20151215_alr_CompleteHumaProteome_HepG2_ETD_LysC_fr20_sub.pep.xml"
time="15:11:52" level=info msg="Parsing /scratch/negishi/afarzam/MSV000086944_results_and_control_searches/second_pass_downstream_nozf/LysC_ETD/LysC_ETD_2pass_results/HepG2_LysC_ETD/interact-20151215_alr_CompleteHumaProteome_HepG2_ETD_LysC_fr7_sub.pep.xml"
time="15:11:52" level=info msg="Parsing /scratch/negishi/afarzam/MSV000086944_results_and_control_searches/second_pass_downstream_nozf/LysC_ETD/LysC_ETD_2pass_results/HepG2_LysC_ETD/interact-20151215_alr_CompleteHumaProteome_HepG2_ETD_LysC_fr21_sub.pep.xml"
time="15:11:52" level=info msg="Parsing /scratch/negishi/afarzam/MSV000086944_results_and_control_searches/second_pass_downstream_nozf/LysC_ETD/LysC_ETD_2pass_results/HepG2_LysC_ETD/interact-20151215_alr_CompleteHumaProteome_HepG2_ETD_LysC_fr6_sub.pep.xml"
time="15:11:52" level=info msg="Parsing /scratch/negishi/afarzam/MSV000086944_results_and_control_searches/second_pass_downstream_nozf/LysC_ETD/LysC_ETD_2pass_results/HepG2_LysC_ETD/interact-20151215_alr_CompleteHumaProteome_HepG2_ETD_LysC_fr32_sub.pep.xml"
time="15:11:52" level=info msg="Parsing /scratch/negishi/afarzam/MSV000086944_results_and_control_searches/second_pass_downstream_nozf/LysC_ETD/LysC_ETD_2pass_results/HepG2_LysC_ETD/interact-20151215_alr_CompleteHumaProteome_HepG2_ETD_LysC_fr25_sub.pep.xml"
time="15:11:52" level=info msg="Parsing /scratch/negishi/afarzam/MSV000086944_results_and_control_searches/second_pass_downstream_nozf/LysC_ETD/LysC_ETD_2pass_results/HepG2_LysC_ETD/interact-20151215_alr_CompleteHumaProteome_HepG2_ETD_LysC_fr34_sub.pep.xml"
time="15:11:52" level=info msg="Parsing /scratch/negishi/afarzam/MSV000086944_results_and_control_searches/second_pass_downstream_nozf/LysC_ETD/LysC_ETD_2pass_results/HepG2_LysC_ETD/interact-20151215_alr_CompleteHumaProteome_HepG2_ETD_LysC_fr5_sub.pep.xml"
time="15:11:52" level=info msg="Parsing /scratch/negishi/afarzam/MSV000086944_results_and_control_searches/second_pass_downstream_nozf/LysC_ETD/LysC_ETD_2pass_results/HepG2_LysC_ETD/interact-20151215_alr_CompleteHumaProteome_HepG2_ETD_LysC_fr26_sub.pep.xml"
time="15:11:53" level=info msg="1+ Charge profile" decoy=0 target=0
time="15:11:53" level=info msg="2+ Charge profile" decoy=40 target=137
time="15:11:53" level=info msg="3+ Charge profile" decoy=45 target=166
time="15:11:53" level=info msg="4+ Charge profile" decoy=36 target=105
time="15:11:53" level=info msg="5+ Charge profile" decoy=25 target=56
time="15:11:53" level=info msg="6+ Charge profile" decoy=8 target=21
time="15:11:53" level=info msg="Database search results" ions=535 peptides=500 psms=639
time="15:11:53" level=info msg="Converged to 0.00 % FDR with 4 PSMs" decoy=0 threshold=0.954749 total=4
time="15:11:53" level=info msg="Converged to 0.00 % FDR with 4 Peptides" decoy=0 threshold=0.954749 total=4
time="15:11:53" level=info msg="Converged to 0.00 % FDR with 4 Ions" decoy=0 threshold=0.954749 total=4
time="15:11:53" level=info msg="Protein inference results" decoy=521 target=881
time="15:11:53" level=info msg="Converged to 0.00 % FDR with 23 Proteins" decoy=0 threshold=0.9425 total=23
time="15:11:53" level=info msg="Applying sequential FDR estimation" ions=4 peptides=4 psms=4
time="15:11:53" level=info msg="Converged to 0.00 % FDR with 3 PSMs" decoy=0 threshold=0.967769 total=3
time="15:11:53" level=info msg="Converged to 0.00 % FDR with 3 Peptides" decoy=0 threshold=0.967769 total=3
time="15:11:53" level=info msg="Converged to 0.00 % FDR with 3 Ions" decoy=0 threshold=0.967769 total=3
time="15:11:53" level=info msg="Post processing identifications"
time="15:11:53" level=info msg="Assigning protein identifications to layers"
time="15:11:53" level=info msg="Processing protein inference"
time="15:11:54" level=info msg="Synchronizing PSMs and proteins"
time="15:11:54" level=info msg="Final report numbers after FDR filtering, and post-processing" ions=3 peptides=3 proteins=3 psms=3
time="15:11:54" level=info msg=Saving
time="15:11:54" level=info msg=Done
