time="18:53:15" level=info msg="Executing Filter  v5.1.2"
time="18:53:15" level=info msg="Fetching protein inference from /scratch/negishi/afarzam/MSV000086944_results_v4/second_pass_downstream/GluC_ETD/GluC_ETD_2pass_results/GM12878_GluC_ETD"
time="18:53:15" level=info msg="Processing peptide identification files"
time="18:53:15" level=info msg="Parsing /scratch/negishi/afarzam/MSV000086944_results_v4/second_pass_downstream/GluC_ETD/GluC_ETD_2pass_results/hESC_GluC_ETD/interact-ETD_hES_GluC_9_sub.pep.xml"
time="18:53:15" level=info msg="Parsing /scratch/negishi/afarzam/MSV000086944_results_v4/second_pass_downstream/GluC_ETD/GluC_ETD_2pass_results/hESC_GluC_ETD/interact-ETD_hES_GluC_10_sub.pep.xml"
time="18:53:15" level=info msg="Parsing /scratch/negishi/afarzam/MSV000086944_results_v4/second_pass_downstream/GluC_ETD/GluC_ETD_2pass_results/hESC_GluC_ETD/interact-ETD_hES_GluC_24_sub.pep.xml"
time="18:53:15" level=info msg="Parsing /scratch/negishi/afarzam/MSV000086944_results_v4/second_pass_downstream/GluC_ETD/GluC_ETD_2pass_results/hESC_GluC_ETD/interact-ETD_hES_GluC_23_sub.pep.xml"
time="18:53:15" level=info msg="Parsing /scratch/negishi/afarzam/MSV000086944_results_v4/second_pass_downstream/GluC_ETD/GluC_ETD_2pass_results/hESC_GluC_ETD/interact-ETD_hES_GluC_25_sub.pep.xml"
time="18:53:15" level=info msg="Parsing /scratch/negishi/afarzam/MSV000086944_results_v4/second_pass_downstream/GluC_ETD/GluC_ETD_2pass_results/hESC_GluC_ETD/interact-ETD_hES_GluC_17_sub.pep.xml"
time="18:53:15" level=info msg="Parsing /scratch/negishi/afarzam/MSV000086944_results_v4/second_pass_downstream/GluC_ETD/GluC_ETD_2pass_results/hESC_GluC_ETD/interact-ETD_hES_GluC_26_sub.pep.xml"
time="18:53:15" level=info msg="Parsing /scratch/negishi/afarzam/MSV000086944_results_v4/second_pass_downstream/GluC_ETD/GluC_ETD_2pass_results/hESC_GluC_ETD/interact-ETD_hES_GluC_18_sub.pep.xml"
time="18:53:15" level=info msg="Parsing /scratch/negishi/afarzam/MSV000086944_results_v4/second_pass_downstream/GluC_ETD/GluC_ETD_2pass_results/hESC_GluC_ETD/interact-ETD_hES_GluC_11_sub.pep.xml"
time="18:53:15" level=info msg="Parsing /scratch/negishi/afarzam/MSV000086944_results_v4/second_pass_downstream/GluC_ETD/GluC_ETD_2pass_results/hESC_GluC_ETD/interact-ETD_hES_GluC_3_sub.pep.xml"
time="18:53:15" level=info msg="Parsing /scratch/negishi/afarzam/MSV000086944_results_v4/second_pass_downstream/GluC_ETD/GluC_ETD_2pass_results/hESC_GluC_ETD/interact-ETD_hES_GluC_16_sub.pep.xml"
time="18:53:15" level=info msg="Parsing /scratch/negishi/afarzam/MSV000086944_results_v4/second_pass_downstream/GluC_ETD/GluC_ETD_2pass_results/hESC_GluC_ETD/interact-ETD_hES_GluC_15_sub.pep.xml"
time="18:53:15" level=info msg="Parsing /scratch/negishi/afarzam/MSV000086944_results_v4/second_pass_downstream/GluC_ETD/GluC_ETD_2pass_results/hESC_GluC_ETD/interact-ETD_hES_GluC_12_sub.pep.xml"
time="18:53:15" level=info msg="Parsing /scratch/negishi/afarzam/MSV000086944_results_v4/second_pass_downstream/GluC_ETD/GluC_ETD_2pass_results/hESC_GluC_ETD/interact-ETD_hES_GluC_27_sub.pep.xml"
time="18:53:15" level=info msg="Parsing /scratch/negishi/afarzam/MSV000086944_results_v4/second_pass_downstream/GluC_ETD/GluC_ETD_2pass_results/hESC_GluC_ETD/interact-ETD_hES_GluC_14_sub.pep.xml"
time="18:53:15" level=info msg="Parsing /scratch/negishi/afarzam/MSV000086944_results_v4/second_pass_downstream/GluC_ETD/GluC_ETD_2pass_results/hESC_GluC_ETD/interact-ETD_hES_GluC_20_sub.pep.xml"
time="18:53:15" level=info msg="Parsing /scratch/negishi/afarzam/MSV000086944_results_v4/second_pass_downstream/GluC_ETD/GluC_ETD_2pass_results/hESC_GluC_ETD/interact-ETD_hES_GluC_19_sub.pep.xml"
time="18:53:15" level=info msg="Parsing /scratch/negishi/afarzam/MSV000086944_results_v4/second_pass_downstream/GluC_ETD/GluC_ETD_2pass_results/hESC_GluC_ETD/interact-ETD_hES_GluC_1_sub.pep.xml"
time="18:53:15" level=info msg="Parsing /scratch/negishi/afarzam/MSV000086944_results_v4/second_pass_downstream/GluC_ETD/GluC_ETD_2pass_results/hESC_GluC_ETD/interact-ETD_hES_GluC_28_sub.pep.xml"
time="18:53:15" level=info msg="Parsing /scratch/negishi/afarzam/MSV000086944_results_v4/second_pass_downstream/GluC_ETD/GluC_ETD_2pass_results/hESC_GluC_ETD/interact-ETD_hES_GluC_29_sub.pep.xml"
time="18:53:15" level=info msg="Parsing /scratch/negishi/afarzam/MSV000086944_results_v4/second_pass_downstream/GluC_ETD/GluC_ETD_2pass_results/hESC_GluC_ETD/interact-ETD_hES_GluC_30_sub.pep.xml"
time="18:53:15" level=info msg="Parsing /scratch/negishi/afarzam/MSV000086944_results_v4/second_pass_downstream/GluC_ETD/GluC_ETD_2pass_results/hESC_GluC_ETD/interact-ETD_hES_GluC_21_sub.pep.xml"
time="18:53:15" level=info msg="Parsing /scratch/negishi/afarzam/MSV000086944_results_v4/second_pass_downstream/GluC_ETD/GluC_ETD_2pass_results/hESC_GluC_ETD/interact-ETD_hES_GluC_2_sub.pep.xml"
time="18:53:15" level=info msg="Parsing /scratch/negishi/afarzam/MSV000086944_results_v4/second_pass_downstream/GluC_ETD/GluC_ETD_2pass_results/hESC_GluC_ETD/interact-ETD_hES_GluC_13_sub.pep.xml"
time="18:53:15" level=info msg="Parsing /scratch/negishi/afarzam/MSV000086944_results_v4/second_pass_downstream/GluC_ETD/GluC_ETD_2pass_results/hESC_GluC_ETD/interact-ETD_hES_GluC_22_sub.pep.xml"
time="18:53:15" level=info msg="Parsing /scratch/negishi/afarzam/MSV000086944_results_v4/second_pass_downstream/GluC_ETD/GluC_ETD_2pass_results/hESC_GluC_ETD/interact-ETD_hES_GluC_8_sub.pep.xml"
time="18:53:15" level=info msg="Parsing /scratch/negishi/afarzam/MSV000086944_results_v4/second_pass_downstream/GluC_ETD/GluC_ETD_2pass_results/hESC_GluC_ETD/interact-ETD_hES_GluC_5_sub.pep.xml"
time="18:53:15" level=info msg="Parsing /scratch/negishi/afarzam/MSV000086944_results_v4/second_pass_downstream/GluC_ETD/GluC_ETD_2pass_results/hESC_GluC_ETD/interact-ETD_hES_GluC_4_sub.pep.xml"
time="18:53:15" level=info msg="Parsing /scratch/negishi/afarzam/MSV000086944_results_v4/second_pass_downstream/GluC_ETD/GluC_ETD_2pass_results/hESC_GluC_ETD/interact-ETD_hES_GluC_6_sub.pep.xml"
time="18:53:15" level=info msg="Parsing /scratch/negishi/afarzam/MSV000086944_results_v4/second_pass_downstream/GluC_ETD/GluC_ETD_2pass_results/hESC_GluC_ETD/interact-ETD_hES_GluC_7_sub.pep.xml"
time="18:53:17" level=info msg="1+ Charge profile" decoy=0 target=0
time="18:53:17" level=info msg="2+ Charge profile" decoy=124 target=471
time="18:53:17" level=info msg="3+ Charge profile" decoy=121 target=276
time="18:53:17" level=info msg="4+ Charge profile" decoy=42 target=103
time="18:53:17" level=info msg="5+ Charge profile" decoy=27 target=51
time="18:53:17" level=info msg="6+ Charge profile" decoy=10 target=13
time="18:53:17" level=info msg="Database search results" ions=1105 peptides=1078 psms=1238
time="18:53:17" level=info msg="Converged to 0.00 % FDR with 2 PSMs" decoy=0 threshold=0.936242 total=2
time="18:53:17" level=info msg="Converged to 0.00 % FDR with 2 Peptides" decoy=0 threshold=0.936242 total=2
time="18:53:17" level=info msg="Converged to 0.00 % FDR with 2 Ions" decoy=0 threshold=0.936242 total=2
time="18:53:17" level=info msg="Protein inference results" decoy=1289 target=2085
time="18:53:17" level=info msg="Converged to 0.00 % FDR with 8 Proteins" decoy=0 threshold=0.9766 total=8
time="18:53:17" level=info msg="Applying sequential FDR estimation" ions=1 peptides=1 psms=1
time="18:53:17" level=info msg="Converged to 0.00 % FDR with 0 PSMs" decoy=0 threshold=10 total=0
time="18:53:17" level=info msg="Converged to 0.00 % FDR with 0 Peptides" decoy=0 threshold=10 total=0
time="18:53:17" level=info msg="Converged to 0.00 % FDR with 0 Ions" decoy=0 threshold=10 total=0
time="18:53:17" level=info msg="Post processing identifications"
time="18:53:17" level=info msg="Assigning protein identifications to layers"
time="18:53:17" level=info msg="Processing protein inference"
time="18:53:18" level=info msg="Synchronizing PSMs and proteins"
time="18:53:18" level=info msg="Final report numbers after FDR filtering, and post-processing" ions=0 peptides=0 proteins=0 psms=0
time="18:53:18" level=info msg=Saving
time="18:53:18" level=info msg=Done
