time="01:06:21" level=info msg="Executing Filter  v5.1.2"
time="01:06:21" level=info msg="Processing peptide identification files"
time="01:06:21" level=info msg="Parsing /scratch/negishi/afarzam/MSV000086944_results_v4/second_pass_upstream/AspN_CAD/AspN_CAD_2pass_results/GM12878_AspN_HCD/interact-20151008_alr_CompleteHumanProteome_Gm12878_AspN_HCD_fr9_sub.pep.xml"
time="01:06:21" level=info msg="Parsing /scratch/negishi/afarzam/MSV000086944_results_v4/second_pass_upstream/AspN_CAD/AspN_CAD_2pass_results/GM12878_AspN_HCD/interact-091515_alr_CompleteHumanProteome_GM12878_AspN_HCD_fr11_sub.pep.xml"
time="01:06:21" level=info msg="Parsing /scratch/negishi/afarzam/MSV000086944_results_v4/second_pass_upstream/AspN_CAD/AspN_CAD_2pass_results/GM12878_AspN_HCD/interact-091515_alr_CompleteHumanProteome_GM12878_AspN_HCD_fr9_sub.pep.xml"
time="01:06:21" level=info msg="Parsing /scratch/negishi/afarzam/MSV000086944_results_v4/second_pass_upstream/AspN_CAD/AspN_CAD_2pass_results/GM12878_AspN_HCD/interact-091515_alr_CompleteHumanProteome_GM12878_AspN_HCD_fr10_sub.pep.xml"
time="01:06:21" level=info msg="Parsing /scratch/negishi/afarzam/MSV000086944_results_v4/second_pass_upstream/AspN_CAD/AspN_CAD_2pass_results/GM12878_AspN_HCD/interact-091515_alr_CompleteHumanProteome_GM12878_AspN_HCD_fr12_sub.pep.xml"
time="01:06:21" level=info msg="Parsing /scratch/negishi/afarzam/MSV000086944_results_v4/second_pass_upstream/AspN_CAD/AspN_CAD_2pass_results/GM12878_AspN_HCD/interact-20151008_alr_CompleteHumanProteome_Gm12878_AspN_HCD_fr26_sub.pep.xml"
time="01:06:21" level=info msg="Parsing /scratch/negishi/afarzam/MSV000086944_results_v4/second_pass_upstream/AspN_CAD/AspN_CAD_2pass_results/GM12878_AspN_HCD/interact-20151008_alr_CompleteHumanProteome_Gm12878_AspN_HCD_fr19_sub.pep.xml"
time="01:06:21" level=info msg="Parsing /scratch/negishi/afarzam/MSV000086944_results_v4/second_pass_upstream/AspN_CAD/AspN_CAD_2pass_results/GM12878_AspN_HCD/interact-20151008_alr_CompleteHumanProteome_Gm12878_AspN_HCD_fr33_sub.pep.xml"
time="01:06:21" level=info msg="Parsing /scratch/negishi/afarzam/MSV000086944_results_v4/second_pass_upstream/AspN_CAD/AspN_CAD_2pass_results/GM12878_AspN_HCD/interact-20151008_alr_CompleteHumanProteome_Gm12878_AspN_HCD_fr22_sub.pep.xml"
time="01:06:21" level=info msg="Parsing /scratch/negishi/afarzam/MSV000086944_results_v4/second_pass_upstream/AspN_CAD/AspN_CAD_2pass_results/GM12878_AspN_HCD/interact-20151008_alr_CompleteHumanProteome_Gm12878_AspN_HCD_fr15_sub.pep.xml"
time="01:06:21" level=info msg="Parsing /scratch/negishi/afarzam/MSV000086944_results_v4/second_pass_upstream/AspN_CAD/AspN_CAD_2pass_results/GM12878_AspN_HCD/interact-20151008_alr_CompleteHumanProteome_Gm12878_AspN_HCD_fr24_sub.pep.xml"
time="01:06:21" level=info msg="Parsing /scratch/negishi/afarzam/MSV000086944_results_v4/second_pass_upstream/AspN_CAD/AspN_CAD_2pass_results/GM12878_AspN_HCD/interact-20151008_alr_CompleteHumanProteome_Gm12878_AspN_HCD_fr2_151009215126_sub.pep.xml"
time="01:06:21" level=info msg="Parsing /scratch/negishi/afarzam/MSV000086944_results_v4/second_pass_upstream/AspN_CAD/AspN_CAD_2pass_results/GM12878_AspN_HCD/interact-20151008_alr_CompleteHumanProteome_Gm12878_AspN_HCD_fr25_sub.pep.xml"
time="01:06:21" level=info msg="Parsing /scratch/negishi/afarzam/MSV000086944_results_v4/second_pass_upstream/AspN_CAD/AspN_CAD_2pass_results/GM12878_AspN_HCD/interact-20151008_alr_CompleteHumanProteome_Gm12878_AspN_HCD_fr17_sub.pep.xml"
time="01:06:21" level=info msg="Parsing /scratch/negishi/afarzam/MSV000086944_results_v4/second_pass_upstream/AspN_CAD/AspN_CAD_2pass_results/GM12878_AspN_HCD/interact-20151008_alr_CompleteHumanProteome_Gm12878_AspN_HCD_fr11_sub.pep.xml"
time="01:06:21" level=info msg="Parsing /scratch/negishi/afarzam/MSV000086944_results_v4/second_pass_upstream/AspN_CAD/AspN_CAD_2pass_results/GM12878_AspN_HCD/interact-20151008_alr_CompleteHumanProteome_Gm12878_AspN_HCD_fr18_sub.pep.xml"
time="01:06:21" level=info msg="Parsing /scratch/negishi/afarzam/MSV000086944_results_v4/second_pass_upstream/AspN_CAD/AspN_CAD_2pass_results/GM12878_AspN_HCD/interact-20151008_alr_CompleteHumanProteome_Gm12878_AspN_HCD_fr4_151010013820_sub.pep.xml"
time="01:06:21" level=info msg="Parsing /scratch/negishi/afarzam/MSV000086944_results_v4/second_pass_upstream/AspN_CAD/AspN_CAD_2pass_results/GM12878_AspN_HCD/interact-20151008_alr_CompleteHumanProteome_Gm12878_AspN_HCD_fr35_sub.pep.xml"
time="01:06:21" level=info msg="Parsing /scratch/negishi/afarzam/MSV000086944_results_v4/second_pass_upstream/AspN_CAD/AspN_CAD_2pass_results/GM12878_AspN_HCD/interact-20151008_alr_CompleteHumanProteome_Gm12878_AspN_HCD_fr23_sub.pep.xml"
time="01:06:21" level=info msg="Parsing /scratch/negishi/afarzam/MSV000086944_results_v4/second_pass_upstream/AspN_CAD/AspN_CAD_2pass_results/GM12878_AspN_HCD/interact-20151008_alr_CompleteHumanProteome_Gm12878_AspN_HCD_fr28_sub.pep.xml"
time="01:06:21" level=info msg="Parsing /scratch/negishi/afarzam/MSV000086944_results_v4/second_pass_upstream/AspN_CAD/AspN_CAD_2pass_results/GM12878_AspN_HCD/interact-20151008_alr_CompleteHumanProteome_Gm12878_AspN_HCD_fr34_sub.pep.xml"
time="01:06:21" level=info msg="Parsing /scratch/negishi/afarzam/MSV000086944_results_v4/second_pass_upstream/AspN_CAD/AspN_CAD_2pass_results/GM12878_AspN_HCD/interact-20151008_alr_CompleteHumanProteome_Gm12878_AspN_HCD_fr14_sub.pep.xml"
time="01:06:21" level=info msg="Parsing /scratch/negishi/afarzam/MSV000086944_results_v4/second_pass_upstream/AspN_CAD/AspN_CAD_2pass_results/GM12878_AspN_HCD/interact-20151008_alr_CompleteHumanProteome_Gm12878_AspN_HCD_fr29_sub.pep.xml"
time="01:06:21" level=info msg="Parsing /scratch/negishi/afarzam/MSV000086944_results_v4/second_pass_upstream/AspN_CAD/AspN_CAD_2pass_results/GM12878_AspN_HCD/interact-20151008_alr_CompleteHumanProteome_Gm12878_AspN_HCD_fr6_151010052512_sub.pep.xml"
time="01:06:21" level=info msg="Parsing /scratch/negishi/afarzam/MSV000086944_results_v4/second_pass_upstream/AspN_CAD/AspN_CAD_2pass_results/GM12878_AspN_HCD/interact-20151008_alr_CompleteHumanProteome_Gm12878_AspN_HCD_fr27_sub.pep.xml"
time="01:06:21" level=info msg="Parsing /scratch/negishi/afarzam/MSV000086944_results_v4/second_pass_upstream/AspN_CAD/AspN_CAD_2pass_results/GM12878_AspN_HCD/interact-20151008_alr_CompleteHumanProteome_Gm12878_AspN_HCD_fr16_sub.pep.xml"
time="01:06:21" level=info msg="Parsing /scratch/negishi/afarzam/MSV000086944_results_v4/second_pass_upstream/AspN_CAD/AspN_CAD_2pass_results/GM12878_AspN_HCD/interact-20151008_alr_CompleteHumanProteome_Gm12878_AspN_HCD_fr31_sub.pep.xml"
time="01:06:21" level=info msg="Parsing /scratch/negishi/afarzam/MSV000086944_results_v4/second_pass_upstream/AspN_CAD/AspN_CAD_2pass_results/GM12878_AspN_HCD/interact-20151008_alr_CompleteHumanProteome_Gm12878_AspN_HCD_fr21_sub.pep.xml"
time="01:06:21" level=info msg="Parsing /scratch/negishi/afarzam/MSV000086944_results_v4/second_pass_upstream/AspN_CAD/AspN_CAD_2pass_results/GM12878_AspN_HCD/interact-20151008_alr_CompleteHumanProteome_Gm12878_AspN_HCD_fr20_sub.pep.xml"
time="01:06:21" level=info msg="Parsing /scratch/negishi/afarzam/MSV000086944_results_v4/second_pass_upstream/AspN_CAD/AspN_CAD_2pass_results/GM12878_AspN_HCD/interact-20151008_alr_CompleteHumanProteome_Gm12878_AspN_HCD_fr1_151009195800_sub.pep.xml"
time="01:06:21" level=info msg="Parsing /scratch/negishi/afarzam/MSV000086944_results_v4/second_pass_upstream/AspN_CAD/AspN_CAD_2pass_results/GM12878_AspN_HCD/interact-20151008_alr_CompleteHumanProteome_Gm12878_AspN_HCD_fr7_151010071840_sub.pep.xml"
time="01:06:21" level=info msg="Parsing /scratch/negishi/afarzam/MSV000086944_results_v4/second_pass_upstream/AspN_CAD/AspN_CAD_2pass_results/GM12878_AspN_HCD/interact-20151008_alr_CompleteHumanProteome_Gm12878_AspN_HCD_fr30_sub.pep.xml"
time="01:06:22" level=info msg="Parsing /scratch/negishi/afarzam/MSV000086944_results_v4/second_pass_upstream/AspN_CAD/AspN_CAD_2pass_results/GM12878_AspN_HCD/interact-20151008_alr_CompleteHumanProteome_Gm12878_AspN_HCD_fr5_151010033146_sub.pep.xml"
time="01:06:22" level=info msg="Parsing /scratch/negishi/afarzam/MSV000086944_results_v4/second_pass_upstream/AspN_CAD/AspN_CAD_2pass_results/GM12878_AspN_HCD/interact-20151008_alr_CompleteHumanProteome_Gm12878_AspN_HCD_fr10_sub.pep.xml"
time="01:06:22" level=warning msg="No PSM was found in data set. /scratch/negishi/afarzam/MSV000086944_results_v4/second_pass_upstream/AspN_CAD/AspN_CAD_2pass_results/GM12878_AspN_HCD/interact-20151008_alr_CompleteHumanProteome_Gm12878_AspN_HCD_fr23_sub.pep.xml"
time="01:06:22" level=info msg="Parsing /scratch/negishi/afarzam/MSV000086944_results_v4/second_pass_upstream/AspN_CAD/AspN_CAD_2pass_results/GM12878_AspN_HCD/interact-20151008_alr_CompleteHumanProteome_Gm12878_AspN_HCD_fr32_sub.pep.xml"
time="01:06:22" level=info msg="Parsing /scratch/negishi/afarzam/MSV000086944_results_v4/second_pass_upstream/AspN_CAD/AspN_CAD_2pass_results/GM12878_AspN_HCD/interact-20151008_alr_CompleteHumanProteome_Gm12878_AspN_HCD_fr8_151010091206_sub.pep.xml"
time="01:06:22" level=info msg="Parsing /scratch/negishi/afarzam/MSV000086944_results_v4/second_pass_upstream/AspN_CAD/AspN_CAD_2pass_results/GM12878_AspN_HCD/interact-20151008_alr_CompleteHumanProteome_Gm12878_AspN_HCD_fr3_151009234452_sub.pep.xml"
time="01:06:22" level=warning msg="No PSM was found in data set. /scratch/negishi/afarzam/MSV000086944_results_v4/second_pass_upstream/AspN_CAD/AspN_CAD_2pass_results/GM12878_AspN_HCD/interact-20151008_alr_CompleteHumanProteome_Gm12878_AspN_HCD_fr8_151010091206_sub.pep.xml"
time="01:06:22" level=info msg="1+ Charge profile" decoy=0 target=0
time="01:06:22" level=info msg="2+ Charge profile" decoy=81 target=343
time="01:06:22" level=info msg="3+ Charge profile" decoy=46 target=230
time="01:06:22" level=info msg="4+ Charge profile" decoy=23 target=146
time="01:06:22" level=info msg="5+ Charge profile" decoy=10 target=51
time="01:06:22" level=info msg="6+ Charge profile" decoy=4 target=17
time="01:06:22" level=info msg="Database search results" ions=685 peptides=630 psms=956
time="01:06:22" level=info msg="Converged to 0.00 % FDR with 20 PSMs" decoy=0 threshold=0.98661 total=20
time="01:06:22" level=info msg="Converged to 0.00 % FDR with 12 Peptides" decoy=0 threshold=0.98661 total=12
time="01:06:22" level=info msg="Converged to 0.00 % FDR with 15 Ions" decoy=0 threshold=0.98661 total=15
time="01:06:22" level=info msg="Protein inference results" decoy=484 target=1073
time="01:06:22" level=info msg="Converged to 0.00 % FDR with 22 Proteins" decoy=0 threshold=0.9907 total=22
time="01:06:22" level=info msg="Applying sequential FDR estimation" ions=14 peptides=11 psms=19
time="01:06:22" level=info msg="Converged to 0.00 % FDR with 18 PSMs" decoy=0 threshold=0.988562 total=18
time="01:06:22" level=info msg="Converged to 0.00 % FDR with 10 Peptides" decoy=0 threshold=0.991681 total=10
time="01:06:22" level=info msg="Converged to 0.00 % FDR with 13 Ions" decoy=0 threshold=0.991138 total=13
time="01:06:22" level=info msg="Post processing identifications"
time="01:06:22" level=info msg="Assigning protein identifications to layers"
time="01:06:22" level=info msg="Processing protein inference"
time="01:06:23" level=info msg="Synchronizing PSMs and proteins"
time="01:06:23" level=info msg="Final report numbers after FDR filtering, and post-processing" ions=13 peptides=10 proteins=8 psms=18
time="01:06:23" level=info msg=Saving
time="01:06:23" level=info msg=Done
