time="18:05:02" level=info msg="Executing Filter  v5.1.2"
time="18:05:02" level=info msg="Fetching protein inference from /scratch/negishi/afarzam/MSV000086944_results_and_control_searches/second_pass_downstream_nozf/Trypsin_CAD/Trypsin_CAD_2pass_results/GM12878"
time="18:05:03" level=info msg="Processing peptide identification files"
time="18:05:03" level=info msg="Parsing /scratch/negishi/afarzam/MSV000086944_results_and_control_searches/second_pass_downstream_nozf/Trypsin_CAD/Trypsin_CAD_2pass_results/hESC/interact-09apr2014_HESC_SCX12to14_RP13_sub.pep.xml"
time="18:05:03" level=info msg="Parsing /scratch/negishi/afarzam/MSV000086944_results_and_control_searches/second_pass_downstream_nozf/Trypsin_CAD/Trypsin_CAD_2pass_results/hESC/interact-09apr2014_HESC_SCX12to14_RP6_sub.pep.xml"
time="18:05:03" level=info msg="Parsing /scratch/negishi/afarzam/MSV000086944_results_and_control_searches/second_pass_downstream_nozf/Trypsin_CAD/Trypsin_CAD_2pass_results/hESC/interact-09apr2014_HESC_SCX12to14_RP5_sub.pep.xml"
time="18:05:03" level=info msg="Parsing /scratch/negishi/afarzam/MSV000086944_results_and_control_searches/second_pass_downstream_nozf/Trypsin_CAD/Trypsin_CAD_2pass_results/hESC/interact-09apr2014_HESC_SCX16to25_RP16_sub.pep.xml"
time="18:05:03" level=info msg="Parsing /scratch/negishi/afarzam/MSV000086944_results_and_control_searches/second_pass_downstream_nozf/Trypsin_CAD/Trypsin_CAD_2pass_results/hESC/interact-09apr2014_HESC_SCX12to14_RP19_sub.pep.xml"
time="18:05:03" level=info msg="Parsing /scratch/negishi/afarzam/MSV000086944_results_and_control_searches/second_pass_downstream_nozf/Trypsin_CAD/Trypsin_CAD_2pass_results/hESC/interact-09apr2014_HESC_SCX14to16_RP5_sub.pep.xml"
time="18:05:03" level=info msg="Parsing /scratch/negishi/afarzam/MSV000086944_results_and_control_searches/second_pass_downstream_nozf/Trypsin_CAD/Trypsin_CAD_2pass_results/hESC/interact-09apr2014_HESC_SCX12to14_RP3_sub.pep.xml"
time="18:05:03" level=info msg="Parsing /scratch/negishi/afarzam/MSV000086944_results_and_control_searches/second_pass_downstream_nozf/Trypsin_CAD/Trypsin_CAD_2pass_results/hESC/interact-09apr2014_HESC_SCX12to14_RP14_sub.pep.xml"
time="18:05:03" level=info msg="Parsing /scratch/negishi/afarzam/MSV000086944_results_and_control_searches/second_pass_downstream_nozf/Trypsin_CAD/Trypsin_CAD_2pass_results/hESC/interact-09apr2014_HESC_SCX12to14_RP8_sub.pep.xml"
time="18:05:03" level=info msg="Parsing /scratch/negishi/afarzam/MSV000086944_results_and_control_searches/second_pass_downstream_nozf/Trypsin_CAD/Trypsin_CAD_2pass_results/hESC/interact-09apr2014_HESC_SCX12to14_RP15_sub.pep.xml"
time="18:05:03" level=info msg="Parsing /scratch/negishi/afarzam/MSV000086944_results_and_control_searches/second_pass_downstream_nozf/Trypsin_CAD/Trypsin_CAD_2pass_results/hESC/interact-09apr2014_HESC_SCX16to25_RP15_sub.pep.xml"
time="18:05:03" level=info msg="Parsing /scratch/negishi/afarzam/MSV000086944_results_and_control_searches/second_pass_downstream_nozf/Trypsin_CAD/Trypsin_CAD_2pass_results/hESC/interact-09apr2014_HESC_SCX12to14_RP16_sub.pep.xml"
time="18:05:03" level=info msg="Parsing /scratch/negishi/afarzam/MSV000086944_results_and_control_searches/second_pass_downstream_nozf/Trypsin_CAD/Trypsin_CAD_2pass_results/hESC/interact-09apr2014_HESC_SCX14to16_RP13_sub.pep.xml"
time="18:05:03" level=info msg="Parsing /scratch/negishi/afarzam/MSV000086944_results_and_control_searches/second_pass_downstream_nozf/Trypsin_CAD/Trypsin_CAD_2pass_results/hESC/interact-09apr2014_HESC_SCX14to16_RP14_sub.pep.xml"
time="18:05:03" level=info msg="Parsing /scratch/negishi/afarzam/MSV000086944_results_and_control_searches/second_pass_downstream_nozf/Trypsin_CAD/Trypsin_CAD_2pass_results/hESC/interact-09apr2014_HESC_SCX16to25_RP17_sub.pep.xml"
time="18:05:03" level=info msg="Parsing /scratch/negishi/afarzam/MSV000086944_results_and_control_searches/second_pass_downstream_nozf/Trypsin_CAD/Trypsin_CAD_2pass_results/hESC/interact-09apr2014_HESC_SCX14to16_RP15_sub.pep.xml"
time="18:05:03" level=info msg="Parsing /scratch/negishi/afarzam/MSV000086944_results_and_control_searches/second_pass_downstream_nozf/Trypsin_CAD/Trypsin_CAD_2pass_results/hESC/interact-09apr2014_HESC_SCX14to16_RP11_sub.pep.xml"
time="18:05:03" level=info msg="Parsing /scratch/negishi/afarzam/MSV000086944_results_and_control_searches/second_pass_downstream_nozf/Trypsin_CAD/Trypsin_CAD_2pass_results/hESC/interact-09apr2014_HESC_SCX12to14_RP17_sub.pep.xml"
time="18:05:03" level=info msg="Parsing /scratch/negishi/afarzam/MSV000086944_results_and_control_searches/second_pass_downstream_nozf/Trypsin_CAD/Trypsin_CAD_2pass_results/hESC/interact-09apr2014_HESC_SCX14to16_RP13_IT_25ms_5sec_sub.pep.xml"
time="18:05:03" level=info msg="Parsing /scratch/negishi/afarzam/MSV000086944_results_and_control_searches/second_pass_downstream_nozf/Trypsin_CAD/Trypsin_CAD_2pass_results/hESC/interact-09apr2014_HESC_SCX12to14_RP11_sub.pep.xml"
time="18:05:03" level=info msg="Parsing /scratch/negishi/afarzam/MSV000086944_results_and_control_searches/second_pass_downstream_nozf/Trypsin_CAD/Trypsin_CAD_2pass_results/hESC/interact-09apr2014_HESC_SCX16to25_RP18_sub.pep.xml"
time="18:05:03" level=info msg="Parsing /scratch/negishi/afarzam/MSV000086944_results_and_control_searches/second_pass_downstream_nozf/Trypsin_CAD/Trypsin_CAD_2pass_results/hESC/interact-09apr2014_HESC_SCX14to16_RP6_sub.pep.xml"
time="18:05:03" level=info msg="Parsing /scratch/negishi/afarzam/MSV000086944_results_and_control_searches/second_pass_downstream_nozf/Trypsin_CAD/Trypsin_CAD_2pass_results/hESC/interact-09apr2014_HESC_SCX12to14_RP18_sub.pep.xml"
time="18:05:03" level=info msg="Parsing /scratch/negishi/afarzam/MSV000086944_results_and_control_searches/second_pass_downstream_nozf/Trypsin_CAD/Trypsin_CAD_2pass_results/hESC/interact-09apr2014_HESC_SCX12to14_RP4_sub.pep.xml"
time="18:05:03" level=info msg="Parsing /scratch/negishi/afarzam/MSV000086944_results_and_control_searches/second_pass_downstream_nozf/Trypsin_CAD/Trypsin_CAD_2pass_results/hESC/interact-09apr2014_HESC_SCX14to16_RP7_sub.pep.xml"
time="18:05:03" level=info msg="Parsing /scratch/negishi/afarzam/MSV000086944_results_and_control_searches/second_pass_downstream_nozf/Trypsin_CAD/Trypsin_CAD_2pass_results/hESC/interact-09apr2014_HESC_SCX14to16_RP10_sub.pep.xml"
time="18:05:03" level=info msg="Parsing /scratch/negishi/afarzam/MSV000086944_results_and_control_searches/second_pass_downstream_nozf/Trypsin_CAD/Trypsin_CAD_2pass_results/hESC/interact-09apr2014_HESC_SCX14to16_RP8_sub.pep.xml"
time="18:05:03" level=info msg="Parsing /scratch/negishi/afarzam/MSV000086944_results_and_control_searches/second_pass_downstream_nozf/Trypsin_CAD/Trypsin_CAD_2pass_results/hESC/interact-09apr2014_HESC_SCX16to25_RP19_sub.pep.xml"
time="18:05:03" level=warning msg="No PSM was found in data set. /scratch/negishi/afarzam/MSV000086944_results_and_control_searches/second_pass_downstream_nozf/Trypsin_CAD/Trypsin_CAD_2pass_results/hESC/interact-09apr2014_HESC_SCX14to16_RP13_IT_25ms_5sec_sub.pep.xml"
time="18:05:03" level=info msg="Parsing /scratch/negishi/afarzam/MSV000086944_results_and_control_searches/second_pass_downstream_nozf/Trypsin_CAD/Trypsin_CAD_2pass_results/hESC/interact-09apr2014_HESC_SCX16to25_RP1_sub.pep.xml"
time="18:05:03" level=info msg="Parsing /scratch/negishi/afarzam/MSV000086944_results_and_control_searches/second_pass_downstream_nozf/Trypsin_CAD/Trypsin_CAD_2pass_results/hESC/interact-09apr2014_HESC_SCX14to16_RP12_sub.pep.xml"
time="18:05:03" level=info msg="Parsing /scratch/negishi/afarzam/MSV000086944_results_and_control_searches/second_pass_downstream_nozf/Trypsin_CAD/Trypsin_CAD_2pass_results/hESC/interact-09apr2014_HESC_SCX12to14_RP9_sub.pep.xml"
time="18:05:03" level=info msg="Parsing /scratch/negishi/afarzam/MSV000086944_results_and_control_searches/second_pass_downstream_nozf/Trypsin_CAD/Trypsin_CAD_2pass_results/hESC/interact-09apr2014_HESC_SCX16to25_RP11_sub.pep.xml"
time="18:05:03" level=info msg="Parsing /scratch/negishi/afarzam/MSV000086944_results_and_control_searches/second_pass_downstream_nozf/Trypsin_CAD/Trypsin_CAD_2pass_results/hESC/interact-09apr2014_HESC_SCX12to14_RP10_sub.pep.xml"
time="18:05:03" level=info msg="Parsing /scratch/negishi/afarzam/MSV000086944_results_and_control_searches/second_pass_downstream_nozf/Trypsin_CAD/Trypsin_CAD_2pass_results/hESC/interact-09apr2014_HESC_SCX8to12_RP9_sub.pep.xml"
time="18:05:03" level=info msg="Parsing /scratch/negishi/afarzam/MSV000086944_results_and_control_searches/second_pass_downstream_nozf/Trypsin_CAD/Trypsin_CAD_2pass_results/hESC/interact-09apr2014_HESC_SCX16to25_RP20_sub.pep.xml"
time="18:05:03" level=info msg="Parsing /scratch/negishi/afarzam/MSV000086944_results_and_control_searches/second_pass_downstream_nozf/Trypsin_CAD/Trypsin_CAD_2pass_results/hESC/interact-09apr2014_HESC_SCX16to25_RP2_sub.pep.xml"
time="18:05:03" level=info msg="Parsing /scratch/negishi/afarzam/MSV000086944_results_and_control_searches/second_pass_downstream_nozf/Trypsin_CAD/Trypsin_CAD_2pass_results/hESC/interact-09apr2014_HESC_SCX16to25_RP13_sub.pep.xml"
time="18:05:03" level=info msg="Parsing /scratch/negishi/afarzam/MSV000086944_results_and_control_searches/second_pass_downstream_nozf/Trypsin_CAD/Trypsin_CAD_2pass_results/hESC/interact-09apr2014_HESC_SCX14to16_RP9_sub.pep.xml"
time="18:05:03" level=info msg="Parsing /scratch/negishi/afarzam/MSV000086944_results_and_control_searches/second_pass_downstream_nozf/Trypsin_CAD/Trypsin_CAD_2pass_results/hESC/interact-09apr2014_HESC_SCX12to14_RP12_sub.pep.xml"
time="18:05:03" level=info msg="Parsing /scratch/negishi/afarzam/MSV000086944_results_and_control_searches/second_pass_downstream_nozf/Trypsin_CAD/Trypsin_CAD_2pass_results/hESC/interact-09apr2014_HESC_SCX12to14_RP2_sub.pep.xml"
time="18:05:03" level=info msg="Parsing /scratch/negishi/afarzam/MSV000086944_results_and_control_searches/second_pass_downstream_nozf/Trypsin_CAD/Trypsin_CAD_2pass_results/hESC/interact-09apr2014_HESC_SCX12to14_RP1_sub.pep.xml"
time="18:05:03" level=info msg="Parsing /scratch/negishi/afarzam/MSV000086944_results_and_control_searches/second_pass_downstream_nozf/Trypsin_CAD/Trypsin_CAD_2pass_results/hESC/interact-09apr2014_HESC_SCX8to12_RP12_sub.pep.xml"
time="18:05:03" level=info msg="Parsing /scratch/negishi/afarzam/MSV000086944_results_and_control_searches/second_pass_downstream_nozf/Trypsin_CAD/Trypsin_CAD_2pass_results/hESC/interact-09apr2014_HESC_SCX8to12_RP10_sub.pep.xml"
time="18:05:03" level=info msg="Parsing /scratch/negishi/afarzam/MSV000086944_results_and_control_searches/second_pass_downstream_nozf/Trypsin_CAD/Trypsin_CAD_2pass_results/hESC/interact-09apr2014_HESC_SCX8to12_RP11_sub.pep.xml"
time="18:05:03" level=info msg="Parsing /scratch/negishi/afarzam/MSV000086944_results_and_control_searches/second_pass_downstream_nozf/Trypsin_CAD/Trypsin_CAD_2pass_results/hESC/interact-09apr2014_HESC_SCX14to16_RP18_sub.pep.xml"
time="18:05:03" level=info msg="Parsing /scratch/negishi/afarzam/MSV000086944_results_and_control_searches/second_pass_downstream_nozf/Trypsin_CAD/Trypsin_CAD_2pass_results/hESC/interact-09apr2014_HESC_SCX8to12_RP2_sub.pep.xml"
time="18:05:03" level=info msg="Parsing /scratch/negishi/afarzam/MSV000086944_results_and_control_searches/second_pass_downstream_nozf/Trypsin_CAD/Trypsin_CAD_2pass_results/hESC/interact-09apr2014_HESC_SCX8to12_RP17_sub.pep.xml"
time="18:05:03" level=info msg="Parsing /scratch/negishi/afarzam/MSV000086944_results_and_control_searches/second_pass_downstream_nozf/Trypsin_CAD/Trypsin_CAD_2pass_results/hESC/interact-09apr2014_HESC_SCX8to12_RP18_sub.pep.xml"
time="18:05:03" level=info msg="Parsing /scratch/negishi/afarzam/MSV000086944_results_and_control_searches/second_pass_downstream_nozf/Trypsin_CAD/Trypsin_CAD_2pass_results/hESC/interact-09apr2014_HESC_SCX14to16_RP2_sub.pep.xml"
time="18:05:03" level=info msg="Parsing /scratch/negishi/afarzam/MSV000086944_results_and_control_searches/second_pass_downstream_nozf/Trypsin_CAD/Trypsin_CAD_2pass_results/hESC/interact-09apr2014_HESC_SCX14to16_RP1_sub.pep.xml"
time="18:05:03" level=info msg="Parsing /scratch/negishi/afarzam/MSV000086944_results_and_control_searches/second_pass_downstream_nozf/Trypsin_CAD/Trypsin_CAD_2pass_results/hESC/interact-09apr2014_HESC_SCX14to16_RP20_sub.pep.xml"
time="18:05:03" level=info msg="Parsing /scratch/negishi/afarzam/MSV000086944_results_and_control_searches/second_pass_downstream_nozf/Trypsin_CAD/Trypsin_CAD_2pass_results/hESC/interact-09apr2014_HESC_SCX14to16_RP19_sub.pep.xml"
time="18:05:03" level=info msg="Parsing /scratch/negishi/afarzam/MSV000086944_results_and_control_searches/second_pass_downstream_nozf/Trypsin_CAD/Trypsin_CAD_2pass_results/hESC/interact-09apr2014_HESC_SCX16to25_RP6_sub.pep.xml"
time="18:05:03" level=info msg="Parsing /scratch/negishi/afarzam/MSV000086944_results_and_control_searches/second_pass_downstream_nozf/Trypsin_CAD/Trypsin_CAD_2pass_results/hESC/interact-09apr2014_HESC_SCX16to25_RP4_sub.pep.xml"
time="18:05:03" level=info msg="Parsing /scratch/negishi/afarzam/MSV000086944_results_and_control_searches/second_pass_downstream_nozf/Trypsin_CAD/Trypsin_CAD_2pass_results/hESC/interact-09apr2014_HESC_SCX16to25_RP5_sub.pep.xml"
time="18:05:03" level=info msg="Parsing /scratch/negishi/afarzam/MSV000086944_results_and_control_searches/second_pass_downstream_nozf/Trypsin_CAD/Trypsin_CAD_2pass_results/hESC/interact-09apr2014_HESC_SCX8to12_RP19_sub.pep.xml"
time="18:05:03" level=info msg="Parsing /scratch/negishi/afarzam/MSV000086944_results_and_control_searches/second_pass_downstream_nozf/Trypsin_CAD/Trypsin_CAD_2pass_results/hESC/interact-09apr2014_HESC_SCX14to16_RP3_sub.pep.xml"
time="18:05:03" level=info msg="Parsing /scratch/negishi/afarzam/MSV000086944_results_and_control_searches/second_pass_downstream_nozf/Trypsin_CAD/Trypsin_CAD_2pass_results/hESC/interact-09apr2014_HESC_SCX14to16_RP4_sub.pep.xml"
time="18:05:03" level=info msg="Parsing /scratch/negishi/afarzam/MSV000086944_results_and_control_searches/second_pass_downstream_nozf/Trypsin_CAD/Trypsin_CAD_2pass_results/hESC/interact-09apr2014_HESC_SCX8to12_RP1_sub.pep.xml"
time="18:05:03" level=info msg="Parsing /scratch/negishi/afarzam/MSV000086944_results_and_control_searches/second_pass_downstream_nozf/Trypsin_CAD/Trypsin_CAD_2pass_results/hESC/interact-09apr2014_HESC_SCX8to12_RP20_sub.pep.xml"
time="18:05:03" level=info msg="Parsing /scratch/negishi/afarzam/MSV000086944_results_and_control_searches/second_pass_downstream_nozf/Trypsin_CAD/Trypsin_CAD_2pass_results/hESC/interact-09apr2014_HESC_SCX16to25_RP7_sub.pep.xml"
time="18:05:03" level=info msg="Parsing /scratch/negishi/afarzam/MSV000086944_results_and_control_searches/second_pass_downstream_nozf/Trypsin_CAD/Trypsin_CAD_2pass_results/hESC/interact-09apr2014_HESC_SCX8to12_RP5_sub.pep.xml"
time="18:05:03" level=info msg="Parsing /scratch/negishi/afarzam/MSV000086944_results_and_control_searches/second_pass_downstream_nozf/Trypsin_CAD/Trypsin_CAD_2pass_results/hESC/interact-09apr2014_HESC_SCX8to12_RP3_sub.pep.xml"
time="18:05:03" level=info msg="Parsing /scratch/negishi/afarzam/MSV000086944_results_and_control_searches/second_pass_downstream_nozf/Trypsin_CAD/Trypsin_CAD_2pass_results/hESC/interact-09apr2014_HESC_SCX8to12_RP7_sub.pep.xml"
time="18:05:03" level=info msg="Parsing /scratch/negishi/afarzam/MSV000086944_results_and_control_searches/second_pass_downstream_nozf/Trypsin_CAD/Trypsin_CAD_2pass_results/hESC/interact-09apr2014_HESC_SCX16to25_RP12_sub.pep.xml"
time="18:05:03" level=info msg="Parsing /scratch/negishi/afarzam/MSV000086944_results_and_control_searches/second_pass_downstream_nozf/Trypsin_CAD/Trypsin_CAD_2pass_results/hESC/interact-09apr2014_HESC_SCX16to25_RP14_sub.pep.xml"
time="18:05:03" level=info msg="Parsing /scratch/negishi/afarzam/MSV000086944_results_and_control_searches/second_pass_downstream_nozf/Trypsin_CAD/Trypsin_CAD_2pass_results/hESC/interact-09apr2014_HESC_SCX8to12_RP14_sub.pep.xml"
time="18:05:03" level=info msg="Parsing /scratch/negishi/afarzam/MSV000086944_results_and_control_searches/second_pass_downstream_nozf/Trypsin_CAD/Trypsin_CAD_2pass_results/hESC/interact-09apr2014_HESC_SCX8to12_RP6_sub.pep.xml"
time="18:05:03" level=info msg="Parsing /scratch/negishi/afarzam/MSV000086944_results_and_control_searches/second_pass_downstream_nozf/Trypsin_CAD/Trypsin_CAD_2pass_results/hESC/interact-09apr2014_HESC_SCX8to12_RP15_sub.pep.xml"
time="18:05:03" level=info msg="Parsing /scratch/negishi/afarzam/MSV000086944_results_and_control_searches/second_pass_downstream_nozf/Trypsin_CAD/Trypsin_CAD_2pass_results/hESC/interact-09apr2014_HESC_SCX16to25_RP8_sub.pep.xml"
time="18:05:03" level=info msg="Parsing /scratch/negishi/afarzam/MSV000086944_results_and_control_searches/second_pass_downstream_nozf/Trypsin_CAD/Trypsin_CAD_2pass_results/hESC/interact-09apr2014_HESC_SCX8to12_RP13_sub.pep.xml"
time="18:05:03" level=info msg="Parsing /scratch/negishi/afarzam/MSV000086944_results_and_control_searches/second_pass_downstream_nozf/Trypsin_CAD/Trypsin_CAD_2pass_results/hESC/interact-09apr2014_HESC_SCX8to12_RP4_sub.pep.xml"
time="18:05:03" level=info msg="Parsing /scratch/negishi/afarzam/MSV000086944_results_and_control_searches/second_pass_downstream_nozf/Trypsin_CAD/Trypsin_CAD_2pass_results/hESC/interact-09apr2014_HESC_SCX8to12_RP8_sub.pep.xml"
time="18:05:03" level=info msg="Parsing /scratch/negishi/afarzam/MSV000086944_results_and_control_searches/second_pass_downstream_nozf/Trypsin_CAD/Trypsin_CAD_2pass_results/hESC/interact-09apr2014_HESC_SCX12to14_RP20_sub.pep.xml"
time="18:05:03" level=info msg="Parsing /scratch/negishi/afarzam/MSV000086944_results_and_control_searches/second_pass_downstream_nozf/Trypsin_CAD/Trypsin_CAD_2pass_results/hESC/interact-09apr2014_HESC_SCX16to25_RP9_sub.pep.xml"
time="18:05:03" level=info msg="Parsing /scratch/negishi/afarzam/MSV000086944_results_and_control_searches/second_pass_downstream_nozf/Trypsin_CAD/Trypsin_CAD_2pass_results/hESC/interact-09apr2014_HESC_SCX14to16_RP17_sub.pep.xml"
time="18:05:03" level=info msg="Parsing /scratch/negishi/afarzam/MSV000086944_results_and_control_searches/second_pass_downstream_nozf/Trypsin_CAD/Trypsin_CAD_2pass_results/hESC/interact-09apr2014_HESC_SCX12to14_RP7_sub.pep.xml"
time="18:05:03" level=info msg="Parsing /scratch/negishi/afarzam/MSV000086944_results_and_control_searches/second_pass_downstream_nozf/Trypsin_CAD/Trypsin_CAD_2pass_results/hESC/interact-09apr2014_HESC_SCX16to25_RP3_sub.pep.xml"
time="18:05:03" level=info msg="Parsing /scratch/negishi/afarzam/MSV000086944_results_and_control_searches/second_pass_downstream_nozf/Trypsin_CAD/Trypsin_CAD_2pass_results/hESC/interact-09apr2014_HESC_SCX8to12_RP16_sub.pep.xml"
time="18:05:03" level=info msg="Parsing /scratch/negishi/afarzam/MSV000086944_results_and_control_searches/second_pass_downstream_nozf/Trypsin_CAD/Trypsin_CAD_2pass_results/hESC/interact-09apr2014_HESC_SCX16to25_RP10_sub.pep.xml"
time="18:05:03" level=info msg="Parsing /scratch/negishi/afarzam/MSV000086944_results_and_control_searches/second_pass_downstream_nozf/Trypsin_CAD/Trypsin_CAD_2pass_results/hESC/interact-09apr2014_HESC_SCX14to16_RP16_sub.pep.xml"
time="18:05:05" level=info msg="1+ Charge profile" decoy=0 target=0
time="18:05:05" level=info msg="2+ Charge profile" decoy=249 target=1197
time="18:05:05" level=info msg="3+ Charge profile" decoy=309 target=1068
time="18:05:05" level=info msg="4+ Charge profile" decoy=64 target=330
time="18:05:05" level=info msg="5+ Charge profile" decoy=19 target=54
time="18:05:05" level=info msg="6+ Charge profile" decoy=11 target=17
time="18:05:05" level=info msg="Database search results" ions=2646 peptides=2546 psms=3318
time="18:05:05" level=info msg="Converged to 0.58 % FDR with 173 PSMs" decoy=1 threshold=0.961168 total=174
time="18:05:05" level=info msg="Converged to 0.78 % FDR with 129 Peptides" decoy=1 threshold=0.961168 total=130
time="18:05:05" level=info msg="Converged to 0.75 % FDR with 134 Ions" decoy=1 threshold=0.961168 total=135
time="18:05:05" level=info msg="Protein inference results" decoy=2132 target=3093
time="18:05:05" level=info msg="Converged to 0.81 % FDR with 124 Proteins" decoy=1 threshold=0.9874 total=125
time="18:05:05" level=info msg="Applying sequential FDR estimation" ions=100 peptides=95 psms=138
time="18:05:05" level=info msg="Converged to 0.00 % FDR with 137 PSMs" decoy=0 threshold=0.961815 total=137
time="18:05:05" level=info msg="Converged to 0.00 % FDR with 94 Peptides" decoy=0 threshold=0.961815 total=94
time="18:05:05" level=info msg="Converged to 0.00 % FDR with 99 Ions" decoy=0 threshold=0.961815 total=99
time="18:05:05" level=info msg="Post processing identifications"
time="18:05:05" level=info msg="Assigning protein identifications to layers"
time="18:05:05" level=info msg="Processing protein inference"
time="18:05:06" level=info msg="Synchronizing PSMs and proteins"
time="18:05:06" level=info msg="Final report numbers after FDR filtering, and post-processing" ions=99 peptides=94 proteins=71 psms=137
time="18:05:06" level=info msg=Saving
time="18:05:06" level=info msg=Done
