time="23:27:06" level=info msg="Executing Filter  v5.1.2"
time="23:27:06" level=info msg="Fetching protein inference from /scratch/negishi/afarzam/MSV000086944_results_v4/second_pass_downstream/Trypsin_CAD/Trypsin_CAD_2pass_results/GM12878"
time="23:27:06" level=info msg="Processing peptide identification files"
time="23:27:06" level=info msg="Parsing /scratch/negishi/afarzam/MSV000086944_results_v4/second_pass_downstream/Trypsin_CAD/Trypsin_CAD_2pass_results/HUVEC/interact-20151220_alr_CompleteHumanProteome_HUVEC_HCD_trypsin_9_sub.pep.xml"
time="23:27:06" level=info msg="Parsing /scratch/negishi/afarzam/MSV000086944_results_v4/second_pass_downstream/Trypsin_CAD/Trypsin_CAD_2pass_results/HUVEC/interact-20151220_alr_CompleteHumanProteome_HUVEC_HCD_trypsin_11_sub.pep.xml"
time="23:27:06" level=info msg="Parsing /scratch/negishi/afarzam/MSV000086944_results_v4/second_pass_downstream/Trypsin_CAD/Trypsin_CAD_2pass_results/HUVEC/interact-20151220_alr_CompleteHumanProteome_HUVEC_HCD_trypsin_10_25sMaxInject_sub.pep.xml"
time="23:27:06" level=info msg="Parsing /scratch/negishi/afarzam/MSV000086944_results_v4/second_pass_downstream/Trypsin_CAD/Trypsin_CAD_2pass_results/HUVEC/interact-20151220_alr_CompleteHumanProteome_HUVEC_HCD_trypsin_24_sub.pep.xml"
time="23:27:06" level=info msg="Parsing /scratch/negishi/afarzam/MSV000086944_results_v4/second_pass_downstream/Trypsin_CAD/Trypsin_CAD_2pass_results/HUVEC/interact-20151220_alr_CompleteHumanProteome_HUVEC_HCD_trypsin_18_151227193948_sub.pep.xml"
time="23:27:06" level=info msg="Parsing /scratch/negishi/afarzam/MSV000086944_results_v4/second_pass_downstream/Trypsin_CAD/Trypsin_CAD_2pass_results/HUVEC/interact-20151220_alr_CompleteHumanProteome_HUVEC_HCD_trypsin_20_151227224533_sub.pep.xml"
time="23:27:06" level=info msg="Parsing /scratch/negishi/afarzam/MSV000086944_results_v4/second_pass_downstream/Trypsin_CAD/Trypsin_CAD_2pass_results/HUVEC/interact-20151220_alr_CompleteHumanProteome_HUVEC_HCD_trypsin_10_sub.pep.xml"
time="23:27:06" level=info msg="Parsing /scratch/negishi/afarzam/MSV000086944_results_v4/second_pass_downstream/Trypsin_CAD/Trypsin_CAD_2pass_results/HUVEC/interact-20151220_alr_CompleteHumanProteome_HUVEC_HCD_trypsin_21_sub.pep.xml"
time="23:27:06" level=info msg="Parsing /scratch/negishi/afarzam/MSV000086944_results_v4/second_pass_downstream/Trypsin_CAD/Trypsin_CAD_2pass_results/HUVEC/interact-20151220_alr_CompleteHumanProteome_HUVEC_HCD_trypsin_20_sub.pep.xml"
time="23:27:06" level=info msg="Parsing /scratch/negishi/afarzam/MSV000086944_results_v4/second_pass_downstream/Trypsin_CAD/Trypsin_CAD_2pass_results/HUVEC/interact-20151220_alr_CompleteHumanProteome_HUVEC_HCD_trypsin_22_sub.pep.xml"
time="23:27:06" level=info msg="Parsing /scratch/negishi/afarzam/MSV000086944_results_v4/second_pass_downstream/Trypsin_CAD/Trypsin_CAD_2pass_results/HUVEC/interact-20151220_alr_CompleteHumanProteome_HUVEC_HCD_trypsin_33_sub.pep.xml"
time="23:27:06" level=info msg="Parsing /scratch/negishi/afarzam/MSV000086944_results_v4/second_pass_downstream/Trypsin_CAD/Trypsin_CAD_2pass_results/HUVEC/interact-20151220_alr_CompleteHumanProteome_HUVEC_HCD_trypsin_23_sub.pep.xml"
time="23:27:06" level=info msg="Parsing /scratch/negishi/afarzam/MSV000086944_results_v4/second_pass_downstream/Trypsin_CAD/Trypsin_CAD_2pass_results/HUVEC/interact-20151220_alr_CompleteHumanProteome_HUVEC_HCD_trypsin_19_151227211240_sub.pep.xml"
time="23:27:06" level=info msg="Parsing /scratch/negishi/afarzam/MSV000086944_results_v4/second_pass_downstream/Trypsin_CAD/Trypsin_CAD_2pass_results/HUVEC/interact-20151220_alr_CompleteHumanProteome_HUVEC_HCD_trypsin_25_sub.pep.xml"
time="23:27:06" level=info msg="Parsing /scratch/negishi/afarzam/MSV000086944_results_v4/second_pass_downstream/Trypsin_CAD/Trypsin_CAD_2pass_results/HUVEC/interact-20151220_alr_CompleteHumanProteome_HUVEC_HCD_trypsin_15_sub.pep.xml"
time="23:27:06" level=info msg="Parsing /scratch/negishi/afarzam/MSV000086944_results_v4/second_pass_downstream/Trypsin_CAD/Trypsin_CAD_2pass_results/HUVEC/interact-20151220_alr_CompleteHumanProteome_HUVEC_HCD_trypsin_14_sub.pep.xml"
time="23:27:06" level=info msg="Parsing /scratch/negishi/afarzam/MSV000086944_results_v4/second_pass_downstream/Trypsin_CAD/Trypsin_CAD_2pass_results/HUVEC/interact-20151220_alr_CompleteHumanProteome_HUVEC_HCD_trypsin_29_sub.pep.xml"
time="23:27:06" level=info msg="Parsing /scratch/negishi/afarzam/MSV000086944_results_v4/second_pass_downstream/Trypsin_CAD/Trypsin_CAD_2pass_results/HUVEC/interact-20151220_alr_CompleteHumanProteome_HUVEC_HCD_trypsin_17_151227180656_sub.pep.xml"
time="23:27:06" level=info msg="Parsing /scratch/negishi/afarzam/MSV000086944_results_v4/second_pass_downstream/Trypsin_CAD/Trypsin_CAD_2pass_results/HUVEC/interact-20151220_alr_CompleteHumanProteome_HUVEC_HCD_trypsin_13_sub.pep.xml"
time="23:27:06" level=info msg="Parsing /scratch/negishi/afarzam/MSV000086944_results_v4/second_pass_downstream/Trypsin_CAD/Trypsin_CAD_2pass_results/HUVEC/interact-20151220_alr_CompleteHumanProteome_HUVEC_HCD_trypsin_5_sub.pep.xml"
time="23:27:06" level=info msg="Parsing /scratch/negishi/afarzam/MSV000086944_results_v4/second_pass_downstream/Trypsin_CAD/Trypsin_CAD_2pass_results/HUVEC/interact-20151220_alr_CompleteHumanProteome_HUVEC_HCD_trypsin_16_sub.pep.xml"
time="23:27:06" level=info msg="Parsing /scratch/negishi/afarzam/MSV000086944_results_v4/second_pass_downstream/Trypsin_CAD/Trypsin_CAD_2pass_results/HUVEC/interact-20151220_alr_CompleteHumanProteome_HUVEC_HCD_trypsin_6_sub.pep.xml"
time="23:27:06" level=info msg="Parsing /scratch/negishi/afarzam/MSV000086944_results_v4/second_pass_downstream/Trypsin_CAD/Trypsin_CAD_2pass_results/HUVEC/interact-20151220_alr_CompleteHumanProteome_HUVEC_HCD_trypsin_34_sub.pep.xml"
time="23:27:06" level=info msg="Parsing /scratch/negishi/afarzam/MSV000086944_results_v4/second_pass_downstream/Trypsin_CAD/Trypsin_CAD_2pass_results/HUVEC/interact-20151220_alr_CompleteHumanProteome_HUVEC_HCD_trypsin_17_sub.pep.xml"
time="23:27:06" level=info msg="Parsing /scratch/negishi/afarzam/MSV000086944_results_v4/second_pass_downstream/Trypsin_CAD/Trypsin_CAD_2pass_results/HUVEC/interact-20151220_alr_CompleteHumanProteome_HUVEC_HCD_trypsin_30_sub.pep.xml"
time="23:27:06" level=info msg="Parsing /scratch/negishi/afarzam/MSV000086944_results_v4/second_pass_downstream/Trypsin_CAD/Trypsin_CAD_2pass_results/HUVEC/interact-20151220_alr_CompleteHumanProteome_HUVEC_HCD_trypsin_19_sub.pep.xml"
time="23:27:06" level=info msg="Parsing /scratch/negishi/afarzam/MSV000086944_results_v4/second_pass_downstream/Trypsin_CAD/Trypsin_CAD_2pass_results/HUVEC/interact-20151220_alr_CompleteHumanProteome_HUVEC_HCD_trypsin_1_sub.pep.xml"
time="23:27:06" level=info msg="Parsing /scratch/negishi/afarzam/MSV000086944_results_v4/second_pass_downstream/Trypsin_CAD/Trypsin_CAD_2pass_results/HUVEC/interact-20151220_alr_CompleteHumanProteome_HUVEC_HCD_trypsin_35_sub.pep.xml"
time="23:27:06" level=info msg="Parsing /scratch/negishi/afarzam/MSV000086944_results_v4/second_pass_downstream/Trypsin_CAD/Trypsin_CAD_2pass_results/HUVEC/interact-20151220_alr_CompleteHumanProteome_HUVEC_HCD_trypsin_12_sub.pep.xml"
time="23:27:06" level=info msg="Parsing /scratch/negishi/afarzam/MSV000086944_results_v4/second_pass_downstream/Trypsin_CAD/Trypsin_CAD_2pass_results/HUVEC/interact-20151220_alr_CompleteHumanProteome_HUVEC_HCD_trypsin_16_151227163406_sub.pep.xml"
time="23:27:06" level=info msg="Parsing /scratch/negishi/afarzam/MSV000086944_results_v4/second_pass_downstream/Trypsin_CAD/Trypsin_CAD_2pass_results/HUVEC/interact-20151220_alr_CompleteHumanProteome_HUVEC_HCD_trypsin_7_sub.pep.xml"
time="23:27:06" level=info msg="Parsing /scratch/negishi/afarzam/MSV000086944_results_v4/second_pass_downstream/Trypsin_CAD/Trypsin_CAD_2pass_results/HUVEC/interact-20151220_alr_CompleteHumanProteome_HUVEC_HCD_trypsin_5_151222171954_sub.pep.xml"
time="23:27:06" level=info msg="Parsing /scratch/negishi/afarzam/MSV000086944_results_v4/second_pass_downstream/Trypsin_CAD/Trypsin_CAD_2pass_results/HUVEC/interact-20151220_alr_CompleteHumanProteome_HUVEC_HCD_trypsin_3_sub.pep.xml"
time="23:27:06" level=info msg="Parsing /scratch/negishi/afarzam/MSV000086944_results_v4/second_pass_downstream/Trypsin_CAD/Trypsin_CAD_2pass_results/HUVEC/interact-20151220_alr_CompleteHumanProteome_HUVEC_HCD_trypsin_31_sub.pep.xml"
time="23:27:06" level=info msg="Parsing /scratch/negishi/afarzam/MSV000086944_results_v4/second_pass_downstream/Trypsin_CAD/Trypsin_CAD_2pass_results/HUVEC/interact-20151220_alr_CompleteHumanProteome_HUVEC_HCD_trypsin_4_sub.pep.xml"
time="23:27:06" level=info msg="Parsing /scratch/negishi/afarzam/MSV000086944_results_v4/second_pass_downstream/Trypsin_CAD/Trypsin_CAD_2pass_results/HUVEC/interact-20151220_alr_CompleteHumanProteome_HUVEC_HCD_trypsin_2_sub.pep.xml"
time="23:27:06" level=info msg="Parsing /scratch/negishi/afarzam/MSV000086944_results_v4/second_pass_downstream/Trypsin_CAD/Trypsin_CAD_2pass_results/HUVEC/interact-20151220_alr_CompleteHumanProteome_HUVEC_HCD_trypsin_8_sub.pep.xml"
time="23:27:07" level=info msg="Parsing /scratch/negishi/afarzam/MSV000086944_results_v4/second_pass_downstream/Trypsin_CAD/Trypsin_CAD_2pass_results/HUVEC/interact-20151220_alr_CompleteHumanProteome_HUVEC_HCD_trypsin_26_sub.pep.xml"
time="23:27:07" level=info msg="Parsing /scratch/negishi/afarzam/MSV000086944_results_v4/second_pass_downstream/Trypsin_CAD/Trypsin_CAD_2pass_results/HUVEC/interact-20151220_alr_CompleteHumanProteome_HUVEC_HCD_trypsin_27_sub.pep.xml"
time="23:27:07" level=info msg="Parsing /scratch/negishi/afarzam/MSV000086944_results_v4/second_pass_downstream/Trypsin_CAD/Trypsin_CAD_2pass_results/HUVEC/interact-20151220_alr_CompleteHumanProteome_HUVEC_HCD_trypsin_28_sub.pep.xml"
time="23:27:07" level=info msg="Parsing /scratch/negishi/afarzam/MSV000086944_results_v4/second_pass_downstream/Trypsin_CAD/Trypsin_CAD_2pass_results/HUVEC/interact-20151220_alr_CompleteHumanProteome_HUVEC_HCD_trypsin_32_sub.pep.xml"
time="23:27:07" level=info msg="Parsing /scratch/negishi/afarzam/MSV000086944_results_v4/second_pass_downstream/Trypsin_CAD/Trypsin_CAD_2pass_results/HUVEC/interact-20151220_alr_CompleteHumanProteome_HUVEC_HCD_trypsin_15_151227150112_sub.pep.xml"
time="23:27:07" level=info msg="Parsing /scratch/negishi/afarzam/MSV000086944_results_v4/second_pass_downstream/Trypsin_CAD/Trypsin_CAD_2pass_results/HUVEC/interact-20151220_alr_CompleteHumanProteome_HUVEC_HCD_trypsin_18_sub.pep.xml"
time="23:27:10" level=info msg="1+ Charge profile" decoy=0 target=0
time="23:27:10" level=info msg="2+ Charge profile" decoy=646 target=2622
time="23:27:10" level=info msg="3+ Charge profile" decoy=217 target=1093
time="23:27:10" level=info msg="4+ Charge profile" decoy=42 target=144
time="23:27:10" level=info msg="5+ Charge profile" decoy=5 target=12
time="23:27:10" level=info msg="6+ Charge profile" decoy=4 target=7
time="23:27:10" level=info msg="Database search results" ions=3503 peptides=3308 psms=4821
time="23:27:10" level=info msg="Converged to 0.78 % FDR with 128 PSMs" decoy=1 threshold=0.960681 total=129
time="23:27:10" level=info msg="Converged to 0.00 % FDR with 95 Peptides" decoy=0 threshold=0.962212 total=95
time="23:27:10" level=info msg="Converged to 0.97 % FDR with 103 Ions" decoy=1 threshold=0.960681 total=104
time="23:27:10" level=info msg="Protein inference results" decoy=3147 target=4830
time="23:27:10" level=info msg="Converged to 0.74 % FDR with 137 Proteins" decoy=2 threshold=0.9946 total=139
time="23:27:10" level=info msg="Applying sequential FDR estimation" ions=61 peptides=53 psms=81
time="23:27:10" level=info msg="Converged to 0.00 % FDR with 80 PSMs" decoy=0 threshold=0.961279 total=80
time="23:27:10" level=info msg="Converged to 0.00 % FDR with 52 Peptides" decoy=0 threshold=0.963138 total=52
time="23:27:10" level=info msg="Converged to 0.00 % FDR with 60 Ions" decoy=0 threshold=0.962212 total=60
time="23:27:10" level=info msg="Post processing identifications"
time="23:27:11" level=info msg="Assigning protein identifications to layers"
time="23:27:11" level=info msg="Processing protein inference"
time="23:27:11" level=info msg="Synchronizing PSMs and proteins"
time="23:27:11" level=info msg="Final report numbers after FDR filtering, and post-processing" ions=60 peptides=52 proteins=33 psms=80
time="23:27:11" level=info msg=Saving
time="23:27:11" level=info msg=Done
