time="21:01:11" level=info msg="Executing Filter  v5.1.2"
time="21:01:11" level=info msg="Processing peptide identification files"
time="21:01:11" level=info msg="Parsing /scratch/negishi/afarzam/MSV000086944_results_v4/second_pass_downstream/LysN_ETD/LysN_ETD_2pass_results/GM12878_LysN_ETD/interact-20150104_alr_CompleteHumanProteome_GM12878_ETD_Lysn_fr28_sub.pep.xml"
time="21:01:11" level=info msg="Parsing /scratch/negishi/afarzam/MSV000086944_results_v4/second_pass_downstream/LysN_ETD/LysN_ETD_2pass_results/GM12878_LysN_ETD/interact-20150104_alr_CompleteHumanProteome_GM12878_ETD_LysN_fr11_sub.pep.xml"
time="21:01:11" level=info msg="Parsing /scratch/negishi/afarzam/MSV000086944_results_v4/second_pass_downstream/LysN_ETD/LysN_ETD_2pass_results/GM12878_LysN_ETD/interact-20150104_alr_CompleteHumanProteome_GM12878_ETD_LysN_fr26_sub.pep.xml"
time="21:01:11" level=info msg="Parsing /scratch/negishi/afarzam/MSV000086944_results_v4/second_pass_downstream/LysN_ETD/LysN_ETD_2pass_results/GM12878_LysN_ETD/interact-20150104_alr_CompleteHumanProteome_GM12878_ETD_LysN_fr27_sub.pep.xml"
time="21:01:11" level=info msg="Parsing /scratch/negishi/afarzam/MSV000086944_results_v4/second_pass_downstream/LysN_ETD/LysN_ETD_2pass_results/GM12878_LysN_ETD/interact-20150104_alr_CompleteHumanProteome_GM12878_ETD_LysN_fr1_sub.pep.xml"
time="21:01:11" level=info msg="Parsing /scratch/negishi/afarzam/MSV000086944_results_v4/second_pass_downstream/LysN_ETD/LysN_ETD_2pass_results/GM12878_LysN_ETD/interact-20150104_alr_CompleteHumanProteome_GM12878_ETD_LysN_fr10_sub.pep.xml"
time="21:01:11" level=info msg="Parsing /scratch/negishi/afarzam/MSV000086944_results_v4/second_pass_downstream/LysN_ETD/LysN_ETD_2pass_results/GM12878_LysN_ETD/interact-20150104_alr_CompleteHumanProteome_GM12878_ETD_LysN_fr19_sub.pep.xml"
time="21:01:11" level=info msg="Parsing /scratch/negishi/afarzam/MSV000086944_results_v4/second_pass_downstream/LysN_ETD/LysN_ETD_2pass_results/GM12878_LysN_ETD/interact-20150104_alr_CompleteHumanProteome_GM12878_ETD_LysN_fr5_sub.pep.xml"
time="21:01:11" level=info msg="Parsing /scratch/negishi/afarzam/MSV000086944_results_v4/second_pass_downstream/LysN_ETD/LysN_ETD_2pass_results/GM12878_LysN_ETD/interact-20150104_alr_CompleteHumanProteome_GM12878_ETD_LysN_fr35_sub.pep.xml"
time="21:01:11" level=info msg="Parsing /scratch/negishi/afarzam/MSV000086944_results_v4/second_pass_downstream/LysN_ETD/LysN_ETD_2pass_results/GM12878_LysN_ETD/interact-20150104_alr_CompleteHumanProteome_GM12878_ETD_LysN_fr8_sub.pep.xml"
time="21:01:11" level=info msg="Parsing /scratch/negishi/afarzam/MSV000086944_results_v4/second_pass_downstream/LysN_ETD/LysN_ETD_2pass_results/GM12878_LysN_ETD/interact-20150104_alr_CompleteHumanProteome_GM12878_ETD_LysN_fr3_sub.pep.xml"
time="21:01:11" level=info msg="Parsing /scratch/negishi/afarzam/MSV000086944_results_v4/second_pass_downstream/LysN_ETD/LysN_ETD_2pass_results/GM12878_LysN_ETD/interact-20150104_alr_CompleteHumanProteome_GM12878_ETD_LysN_fr22_sub.pep.xml"
time="21:01:11" level=info msg="Parsing /scratch/negishi/afarzam/MSV000086944_results_v4/second_pass_downstream/LysN_ETD/LysN_ETD_2pass_results/GM12878_LysN_ETD/interact-20150104_alr_CompleteHumanProteome_GM12878_ETD_Lysn_fr16_sub.pep.xml"
time="21:01:11" level=info msg="Parsing /scratch/negishi/afarzam/MSV000086944_results_v4/second_pass_downstream/LysN_ETD/LysN_ETD_2pass_results/GM12878_LysN_ETD/interact-20150104_alr_CompleteHumanProteome_GM12878_ETD_LysN_fr20_sub.pep.xml"
time="21:01:11" level=warning msg="No PSM was found in data set. /scratch/negishi/afarzam/MSV000086944_results_v4/second_pass_downstream/LysN_ETD/LysN_ETD_2pass_results/GM12878_LysN_ETD/interact-20150104_alr_CompleteHumanProteome_GM12878_ETD_LysN_fr10_sub.pep.xml"
time="21:01:11" level=info msg="Parsing /scratch/negishi/afarzam/MSV000086944_results_v4/second_pass_downstream/LysN_ETD/LysN_ETD_2pass_results/GM12878_LysN_ETD/interact-20150104_alr_CompleteHumanProteome_GM12878_ETD_LysN_fr14_sub.pep.xml"
time="21:01:11" level=info msg="Parsing /scratch/negishi/afarzam/MSV000086944_results_v4/second_pass_downstream/LysN_ETD/LysN_ETD_2pass_results/GM12878_LysN_ETD/interact-20150104_alr_CompleteHumanProteome_GM12878_ETD_LysN_fr9_sub.pep.xml"
time="21:01:11" level=info msg="Parsing /scratch/negishi/afarzam/MSV000086944_results_v4/second_pass_downstream/LysN_ETD/LysN_ETD_2pass_results/GM12878_LysN_ETD/interact-20150104_alr_CompleteHumanProteome_GM12878_ETD_LysN_fr12_sub.pep.xml"
time="21:01:11" level=info msg="Parsing /scratch/negishi/afarzam/MSV000086944_results_v4/second_pass_downstream/LysN_ETD/LysN_ETD_2pass_results/GM12878_LysN_ETD/interact-20150104_alr_CompleteHumanProteome_GM12878_ETD_LysN_fr21_sub.pep.xml"
time="21:01:11" level=warning msg="No PSM was found in data set. /scratch/negishi/afarzam/MSV000086944_results_v4/second_pass_downstream/LysN_ETD/LysN_ETD_2pass_results/GM12878_LysN_ETD/interact-20150104_alr_CompleteHumanProteome_GM12878_ETD_LysN_fr26_sub.pep.xml"
time="21:01:11" level=info msg="Parsing /scratch/negishi/afarzam/MSV000086944_results_v4/second_pass_downstream/LysN_ETD/LysN_ETD_2pass_results/GM12878_LysN_ETD/interact-20150104_alr_CompleteHumanProteome_GM12878_ETD_LysN_fr23_sub.pep.xml"
time="21:01:11" level=info msg="Parsing /scratch/negishi/afarzam/MSV000086944_results_v4/second_pass_downstream/LysN_ETD/LysN_ETD_2pass_results/GM12878_LysN_ETD/interact-20150104_alr_CompleteHumanProteome_GM12878_ETD_LysN_fr25_sub.pep.xml"
time="21:01:11" level=info msg="Parsing /scratch/negishi/afarzam/MSV000086944_results_v4/second_pass_downstream/LysN_ETD/LysN_ETD_2pass_results/GM12878_LysN_ETD/interact-20150104_alr_CompleteHumanProteome_GM12878_ETD_LysN_fr31_sub.pep.xml"
time="21:01:11" level=info msg="Parsing /scratch/negishi/afarzam/MSV000086944_results_v4/second_pass_downstream/LysN_ETD/LysN_ETD_2pass_results/GM12878_LysN_ETD/interact-20150104_alr_CompleteHumanProteome_GM12878_ETD_LysN_fr7_sub.pep.xml"
time="21:01:11" level=info msg="Parsing /scratch/negishi/afarzam/MSV000086944_results_v4/second_pass_downstream/LysN_ETD/LysN_ETD_2pass_results/GM12878_LysN_ETD/interact-20150104_alr_CompleteHumanProteome_GM12878_ETD_LysN_fr6_sub.pep.xml"
time="21:01:11" level=info msg="Parsing /scratch/negishi/afarzam/MSV000086944_results_v4/second_pass_downstream/LysN_ETD/LysN_ETD_2pass_results/GM12878_LysN_ETD/interact-20150104_alr_CompleteHumanProteome_GM12878_ETD_LysN_fr33_sub.pep.xml"
time="21:01:11" level=info msg="Parsing /scratch/negishi/afarzam/MSV000086944_results_v4/second_pass_downstream/LysN_ETD/LysN_ETD_2pass_results/GM12878_LysN_ETD/interact-20150104_alr_CompleteHumanProteome_GM12878_ETD_LysN_fr13_sub.pep.xml"
time="21:01:11" level=warning msg="No PSM was found in data set. /scratch/negishi/afarzam/MSV000086944_results_v4/second_pass_downstream/LysN_ETD/LysN_ETD_2pass_results/GM12878_LysN_ETD/interact-20150104_alr_CompleteHumanProteome_GM12878_ETD_LysN_fr9_sub.pep.xml"
time="21:01:11" level=info msg="Parsing /scratch/negishi/afarzam/MSV000086944_results_v4/second_pass_downstream/LysN_ETD/LysN_ETD_2pass_results/GM12878_LysN_ETD/interact-20150104_alr_CompleteHumanProteome_GM12878_ETD_LysN_fr32_sub.pep.xml"
time="21:01:11" level=info msg="Parsing /scratch/negishi/afarzam/MSV000086944_results_v4/second_pass_downstream/LysN_ETD/LysN_ETD_2pass_results/GM12878_LysN_ETD/interact-20150104_alr_CompleteHumanProteome_GM12878_ETD_LysN_fr29_151110044226_sub.pep.xml"
time="21:01:11" level=info msg="Parsing /scratch/negishi/afarzam/MSV000086944_results_v4/second_pass_downstream/LysN_ETD/LysN_ETD_2pass_results/GM12878_LysN_ETD/interact-20150104_alr_CompleteHumanProteome_GM12878_ETD_LysN_fr2_sub.pep.xml"
time="21:01:11" level=info msg="Parsing /scratch/negishi/afarzam/MSV000086944_results_v4/second_pass_downstream/LysN_ETD/LysN_ETD_2pass_results/GM12878_LysN_ETD/interact-20150104_alr_CompleteHumanProteome_GM12878_ETD_LysN_fr17_sub.pep.xml"
time="21:01:11" level=info msg="Parsing /scratch/negishi/afarzam/MSV000086944_results_v4/second_pass_downstream/LysN_ETD/LysN_ETD_2pass_results/GM12878_LysN_ETD/interact-20150104_alr_CompleteHumanProteome_GM12878_ETD_LysN_fr4_sub.pep.xml"
time="21:01:11" level=info msg="Parsing /scratch/negishi/afarzam/MSV000086944_results_v4/second_pass_downstream/LysN_ETD/LysN_ETD_2pass_results/GM12878_LysN_ETD/interact-20150104_alr_CompleteHumanProteome_GM12878_ETD_LysN_fr29_sub.pep.xml"
time="21:01:11" level=info msg="Parsing /scratch/negishi/afarzam/MSV000086944_results_v4/second_pass_downstream/LysN_ETD/LysN_ETD_2pass_results/GM12878_LysN_ETD/interact-20150104_alr_CompleteHumanProteome_GM12878_ETD_LysN_fr15_sub.pep.xml"
time="21:01:11" level=info msg="Parsing /scratch/negishi/afarzam/MSV000086944_results_v4/second_pass_downstream/LysN_ETD/LysN_ETD_2pass_results/GM12878_LysN_ETD/interact-20150104_alr_CompleteHumanProteome_GM12878_ETD_LysN_fr30_sub.pep.xml"
time="21:01:11" level=info msg="Parsing /scratch/negishi/afarzam/MSV000086944_results_v4/second_pass_downstream/LysN_ETD/LysN_ETD_2pass_results/GM12878_LysN_ETD/interact-20150104_alr_CompleteHumanProteome_GM12878_ETD_LysN_fr34_sub.pep.xml"
time="21:01:11" level=info msg="Parsing /scratch/negishi/afarzam/MSV000086944_results_v4/second_pass_downstream/LysN_ETD/LysN_ETD_2pass_results/GM12878_LysN_ETD/interact-20150104_alr_CompleteHumanProteome_GM12878_ETD_LysN_fr18_151109114241_sub.pep.xml"
time="21:01:11" level=info msg="Parsing /scratch/negishi/afarzam/MSV000086944_results_v4/second_pass_downstream/LysN_ETD/LysN_ETD_2pass_results/GM12878_LysN_ETD/interact-20150104_alr_CompleteHumanProteome_GM12878_ETD_LysN_fr24_sub.pep.xml"
time="21:01:12" level=info msg="1+ Charge profile" decoy=0 target=0
time="21:01:12" level=info msg="2+ Charge profile" decoy=143 target=449
time="21:01:12" level=info msg="3+ Charge profile" decoy=67 target=155
time="21:01:12" level=info msg="4+ Charge profile" decoy=53 target=156
time="21:01:12" level=info msg="5+ Charge profile" decoy=15 target=54
time="21:01:12" level=info msg="6+ Charge profile" decoy=11 target=22
time="21:01:12" level=info msg="Database search results" ions=952 peptides=922 psms=1125
time="21:01:12" level=info msg="Converged to 0.00 % FDR with 10 PSMs" decoy=0 threshold=0.927932 total=10
time="21:01:12" level=info msg="Converged to 0.00 % FDR with 10 Peptides" decoy=0 threshold=0.927932 total=10
time="21:01:12" level=info msg="Converged to 0.00 % FDR with 10 Ions" decoy=0 threshold=0.927932 total=10
time="21:01:12" level=info msg="Protein inference results" decoy=1106 target=1792
time="21:01:12" level=info msg="Converged to 0.00 % FDR with 37 Proteins" decoy=0 threshold=0.9249 total=37
time="21:01:12" level=info msg="Applying sequential FDR estimation" ions=10 peptides=10 psms=10
time="21:01:12" level=info msg="Converged to 0.00 % FDR with 9 PSMs" decoy=0 threshold=0.931724 total=9
time="21:01:12" level=info msg="Converged to 0.00 % FDR with 9 Peptides" decoy=0 threshold=0.931724 total=9
time="21:01:12" level=info msg="Converged to 0.00 % FDR with 9 Ions" decoy=0 threshold=0.931724 total=9
time="21:01:12" level=info msg="Post processing identifications"
time="21:01:12" level=info msg="Assigning protein identifications to layers"
time="21:01:13" level=info msg="Processing protein inference"
time="21:01:13" level=info msg="Synchronizing PSMs and proteins"
time="21:01:13" level=info msg="Final report numbers after FDR filtering, and post-processing" ions=9 peptides=9 proteins=9 psms=9
time="21:01:13" level=info msg=Saving
time="21:01:13" level=info msg=Done
