time="15:20:28" level=info msg="Executing Filter  v5.1.2"
time="15:20:28" level=info msg="Fetching protein inference from /scratch/negishi/afarzam/MSV000086944_results_and_control_searches/second_pass_downstream_nozf/LysC_CAD/LysC_CAD_2pass_results/GM12878_LysC_HCD"
time="15:20:28" level=info msg="Processing peptide identification files"
time="15:20:28" level=info msg="Parsing /scratch/negishi/afarzam/MSV000086944_results_and_control_searches/second_pass_downstream_nozf/LysC_CAD/LysC_CAD_2pass_results/HUVEC_LysC_HCD/interact-20151128_alr_CompleteHumanProteome_HUVEC_HCD_LysC_fr15_sub.pep.xml"
time="15:20:28" level=info msg="Parsing /scratch/negishi/afarzam/MSV000086944_results_and_control_searches/second_pass_downstream_nozf/LysC_CAD/LysC_CAD_2pass_results/HUVEC_LysC_HCD/interact-20151216_alr_CompleteHumanProteome_HUVEC_LysC_HCD_fr22_sub.pep.xml"
time="15:20:28" level=info msg="Parsing /scratch/negishi/afarzam/MSV000086944_results_and_control_searches/second_pass_downstream_nozf/LysC_CAD/LysC_CAD_2pass_results/HUVEC_LysC_HCD/interact-20151128_alr_CompleteHumanProteome_HUVEC_HCD_LysC_fr18_sub.pep.xml"
time="15:20:28" level=info msg="Parsing /scratch/negishi/afarzam/MSV000086944_results_and_control_searches/second_pass_downstream_nozf/LysC_CAD/LysC_CAD_2pass_results/HUVEC_LysC_HCD/interact-20151128_alr_CompleteHumanProteome_HUVEC_HCD_LysC_fr12_sub.pep.xml"
time="15:20:28" level=info msg="Parsing /scratch/negishi/afarzam/MSV000086944_results_and_control_searches/second_pass_downstream_nozf/LysC_CAD/LysC_CAD_2pass_results/HUVEC_LysC_HCD/interact-20151216_alr_CompleteHumanProteome_HUVEC_LysC_HCD_fr31_sub.pep.xml"
time="15:20:28" level=info msg="Parsing /scratch/negishi/afarzam/MSV000086944_results_and_control_searches/second_pass_downstream_nozf/LysC_CAD/LysC_CAD_2pass_results/HUVEC_LysC_HCD/interact-20151216_alr_CompleteHumanProteome_HUVEC_LysC_HCD_fr27_sub.pep.xml"
time="15:20:28" level=info msg="Parsing /scratch/negishi/afarzam/MSV000086944_results_and_control_searches/second_pass_downstream_nozf/LysC_CAD/LysC_CAD_2pass_results/HUVEC_LysC_HCD/interact-20151128_alr_CompleteHumanProteome_HUVEC_HCD_LysC_fr16_sub.pep.xml"
time="15:20:28" level=info msg="Parsing /scratch/negishi/afarzam/MSV000086944_results_and_control_searches/second_pass_downstream_nozf/LysC_CAD/LysC_CAD_2pass_results/HUVEC_LysC_HCD/interact-20151216_alr_CompleteHumanProteome_HUVEC_LysC_HCD_fr29_sub.pep.xml"
time="15:20:28" level=info msg="Parsing /scratch/negishi/afarzam/MSV000086944_results_and_control_searches/second_pass_downstream_nozf/LysC_CAD/LysC_CAD_2pass_results/HUVEC_LysC_HCD/interact-20151216_alr_CompleteHumanProteome_HUVEC_LysC_HCD_fr2_sub.pep.xml"
time="15:20:28" level=info msg="Parsing /scratch/negishi/afarzam/MSV000086944_results_and_control_searches/second_pass_downstream_nozf/LysC_CAD/LysC_CAD_2pass_results/HUVEC_LysC_HCD/interact-20151216_alr_CompleteHumanProteome_HUVEC_LysC_HCD_fr28_sub.pep.xml"
time="15:20:28" level=info msg="Parsing /scratch/negishi/afarzam/MSV000086944_results_and_control_searches/second_pass_downstream_nozf/LysC_CAD/LysC_CAD_2pass_results/HUVEC_LysC_HCD/interact-20151128_alr_CompleteHumanProteome_HUVEC_HCD_LysC_fr13_sub.pep.xml"
time="15:20:28" level=info msg="Parsing /scratch/negishi/afarzam/MSV000086944_results_and_control_searches/second_pass_downstream_nozf/LysC_CAD/LysC_CAD_2pass_results/HUVEC_LysC_HCD/interact-20151128_alr_CompleteHumanProteome_HUVEC_HCD_LysC_fr14_sub.pep.xml"
time="15:20:28" level=info msg="Parsing /scratch/negishi/afarzam/MSV000086944_results_and_control_searches/second_pass_downstream_nozf/LysC_CAD/LysC_CAD_2pass_results/HUVEC_LysC_HCD/interact-20151216_alr_CompleteHumanProteome_HUVEC_LysC_HCD_fr30_sub.pep.xml"
time="15:20:28" level=info msg="Parsing /scratch/negishi/afarzam/MSV000086944_results_and_control_searches/second_pass_downstream_nozf/LysC_CAD/LysC_CAD_2pass_results/HUVEC_LysC_HCD/interact-20151216_alr_CompleteHumanProteome_HUVEC_LysC_HCD_fr7_sub.pep.xml"
time="15:20:28" level=info msg="Parsing /scratch/negishi/afarzam/MSV000086944_results_and_control_searches/second_pass_downstream_nozf/LysC_CAD/LysC_CAD_2pass_results/HUVEC_LysC_HCD/interact-20151128_alr_CompleteHumanProteome_HUVEC_HCD_LysC_fr11_sub.pep.xml"
time="15:20:28" level=info msg="Parsing /scratch/negishi/afarzam/MSV000086944_results_and_control_searches/second_pass_downstream_nozf/LysC_CAD/LysC_CAD_2pass_results/HUVEC_LysC_HCD/interact-20151216_alr_CompleteHumanProteome_HUVEC_LysC_HCD_fr8_sub.pep.xml"
time="15:20:28" level=info msg="Parsing /scratch/negishi/afarzam/MSV000086944_results_and_control_searches/second_pass_downstream_nozf/LysC_CAD/LysC_CAD_2pass_results/HUVEC_LysC_HCD/interact-20151128_alr_CompleteHumanProteome_HUVEC_HCD_LysC_fr10_sub.pep.xml"
time="15:20:28" level=info msg="Parsing /scratch/negishi/afarzam/MSV000086944_results_and_control_searches/second_pass_downstream_nozf/LysC_CAD/LysC_CAD_2pass_results/HUVEC_LysC_HCD/interact-20151216_alr_CompleteHumanProteome_HUVEC_LysC_HCD_fr34_sub.pep.xml"
time="15:20:28" level=info msg="Parsing /scratch/negishi/afarzam/MSV000086944_results_and_control_searches/second_pass_downstream_nozf/LysC_CAD/LysC_CAD_2pass_results/HUVEC_LysC_HCD/interact-20151216_alr_CompleteHumanProteome_HUVEC_LysC_HCD_fr19_sub.pep.xml"
time="15:20:28" level=info msg="Parsing /scratch/negishi/afarzam/MSV000086944_results_and_control_searches/second_pass_downstream_nozf/LysC_CAD/LysC_CAD_2pass_results/HUVEC_LysC_HCD/interact-20151216_alr_CompleteHumanProteome_HUVEC_LysC_HCD_fr1_sub.pep.xml"
time="15:20:28" level=info msg="Parsing /scratch/negishi/afarzam/MSV000086944_results_and_control_searches/second_pass_downstream_nozf/LysC_CAD/LysC_CAD_2pass_results/HUVEC_LysC_HCD/interact-20151216_alr_CompleteHumanProteome_HUVEC_LysC_HCD_fr25_sub.pep.xml"
time="15:20:28" level=info msg="Parsing /scratch/negishi/afarzam/MSV000086944_results_and_control_searches/second_pass_downstream_nozf/LysC_CAD/LysC_CAD_2pass_results/HUVEC_LysC_HCD/interact-20151216_alr_CompleteHumanProteome_HUVEC_LysC_HCD_fr5_sub.pep.xml"
time="15:20:28" level=info msg="Parsing /scratch/negishi/afarzam/MSV000086944_results_and_control_searches/second_pass_downstream_nozf/LysC_CAD/LysC_CAD_2pass_results/HUVEC_LysC_HCD/interact-20151216_alr_CompleteHumanProteome_HUVEC_LysC_HCD_fr26_sub.pep.xml"
time="15:20:28" level=info msg="Parsing /scratch/negishi/afarzam/MSV000086944_results_and_control_searches/second_pass_downstream_nozf/LysC_CAD/LysC_CAD_2pass_results/HUVEC_LysC_HCD/interact-20151216_alr_CompleteHumanProteome_HUVEC_LysC_HCD_fr3_sub.pep.xml"
time="15:20:28" level=info msg="Parsing /scratch/negishi/afarzam/MSV000086944_results_and_control_searches/second_pass_downstream_nozf/LysC_CAD/LysC_CAD_2pass_results/HUVEC_LysC_HCD/interact-20151216_alr_CompleteHumanProteome_HUVEC_LysC_HCD_fr6_sub.pep.xml"
time="15:20:28" level=warning msg="No PSM was found in data set. /scratch/negishi/afarzam/MSV000086944_results_and_control_searches/second_pass_downstream_nozf/LysC_CAD/LysC_CAD_2pass_results/HUVEC_LysC_HCD/interact-20151216_alr_CompleteHumanProteome_HUVEC_LysC_HCD_fr30_sub.pep.xml"
time="15:20:28" level=info msg="Parsing /scratch/negishi/afarzam/MSV000086944_results_and_control_searches/second_pass_downstream_nozf/LysC_CAD/LysC_CAD_2pass_results/HUVEC_LysC_HCD/interact-20151216_alr_CompleteHumanProteome_HUVEC_LysC_HCD_fr33_sub.pep.xml"
time="15:20:28" level=info msg="Parsing /scratch/negishi/afarzam/MSV000086944_results_and_control_searches/second_pass_downstream_nozf/LysC_CAD/LysC_CAD_2pass_results/HUVEC_LysC_HCD/interact-20151216_alr_CompleteHumanProteome_HUVEC_LysC_HCD_fr23_sub.pep.xml"
time="15:20:28" level=info msg="Parsing /scratch/negishi/afarzam/MSV000086944_results_and_control_searches/second_pass_downstream_nozf/LysC_CAD/LysC_CAD_2pass_results/HUVEC_LysC_HCD/interact-20151216_alr_CompleteHumanProteome_HUVEC_LysC_HCD_fr32_sub.pep.xml"
time="15:20:28" level=info msg="Parsing /scratch/negishi/afarzam/MSV000086944_results_and_control_searches/second_pass_downstream_nozf/LysC_CAD/LysC_CAD_2pass_results/HUVEC_LysC_HCD/interact-20151216_alr_CompleteHumanProteome_HUVEC_LysC_HCD_fr9_sub.pep.xml"
time="15:20:28" level=info msg="Parsing /scratch/negishi/afarzam/MSV000086944_results_and_control_searches/second_pass_downstream_nozf/LysC_CAD/LysC_CAD_2pass_results/HUVEC_LysC_HCD/interact-20151216_alr_CompleteHumanProteome_HUVEC_LysC_HCD_fr35_sub.pep.xml"
time="15:20:28" level=info msg="Parsing /scratch/negishi/afarzam/MSV000086944_results_and_control_searches/second_pass_downstream_nozf/LysC_CAD/LysC_CAD_2pass_results/HUVEC_LysC_HCD/interact-20151128_alr_CompleteHumanProteome_HUVEC_HCD_LysC_fr17_sub.pep.xml"
time="15:20:28" level=info msg="Parsing /scratch/negishi/afarzam/MSV000086944_results_and_control_searches/second_pass_downstream_nozf/LysC_CAD/LysC_CAD_2pass_results/HUVEC_LysC_HCD/interact-20151216_alr_CompleteHumanProteome_HUVEC_LysC_HCD_fr24_sub.pep.xml"
time="15:20:28" level=info msg="Parsing /scratch/negishi/afarzam/MSV000086944_results_and_control_searches/second_pass_downstream_nozf/LysC_CAD/LysC_CAD_2pass_results/HUVEC_LysC_HCD/interact-20151216_alr_CompleteHumanProteome_HUVEC_LysC_HCD_fr21_sub.pep.xml"
time="15:20:28" level=info msg="Parsing /scratch/negishi/afarzam/MSV000086944_results_and_control_searches/second_pass_downstream_nozf/LysC_CAD/LysC_CAD_2pass_results/HUVEC_LysC_HCD/interact-20151216_alr_CompleteHumanProteome_HUVEC_LysC_HCD_fr4_sub.pep.xml"
time="15:20:28" level=info msg="Parsing /scratch/negishi/afarzam/MSV000086944_results_and_control_searches/second_pass_downstream_nozf/LysC_CAD/LysC_CAD_2pass_results/HUVEC_LysC_HCD/interact-20151216_alr_CompleteHumanProteome_HUVEC_LysC_HCD_fr20_sub.pep.xml"
time="15:20:28" level=warning msg="No PSM was found in data set. /scratch/negishi/afarzam/MSV000086944_results_and_control_searches/second_pass_downstream_nozf/LysC_CAD/LysC_CAD_2pass_results/HUVEC_LysC_HCD/interact-20151216_alr_CompleteHumanProteome_HUVEC_LysC_HCD_fr34_sub.pep.xml"
time="15:20:28" level=warning msg="No PSM was found in data set. /scratch/negishi/afarzam/MSV000086944_results_and_control_searches/second_pass_downstream_nozf/LysC_CAD/LysC_CAD_2pass_results/HUVEC_LysC_HCD/interact-20151216_alr_CompleteHumanProteome_HUVEC_LysC_HCD_fr24_sub.pep.xml"
time="15:20:28" level=warning msg="No PSM was found in data set. /scratch/negishi/afarzam/MSV000086944_results_and_control_searches/second_pass_downstream_nozf/LysC_CAD/LysC_CAD_2pass_results/HUVEC_LysC_HCD/interact-20151128_alr_CompleteHumanProteome_HUVEC_HCD_LysC_fr18_sub.pep.xml"
time="15:20:29" level=info msg="1+ Charge profile" decoy=0 target=0
time="15:20:29" level=info msg="2+ Charge profile" decoy=69 target=303
time="15:20:29" level=info msg="3+ Charge profile" decoy=38 target=196
time="15:20:29" level=info msg="4+ Charge profile" decoy=12 target=55
time="15:20:29" level=info msg="5+ Charge profile" decoy=7 target=15
time="15:20:29" level=info msg="6+ Charge profile" decoy=5 target=1
time="15:20:29" level=info msg="Database search results" ions=481 peptides=471 psms=706
time="15:20:29" level=info msg="Converged to 0.00 % FDR with 29 PSMs" decoy=0 threshold=0.942442 total=29
time="15:20:29" level=info msg="Converged to 0.00 % FDR with 18 Peptides" decoy=0 threshold=0.942442 total=18
time="15:20:29" level=info msg="Converged to 0.00 % FDR with 19 Ions" decoy=0 threshold=0.942442 total=19
time="15:20:29" level=info msg="Protein inference results" decoy=684 target=1156
time="15:20:29" level=info msg="Converged to 0.00 % FDR with 46 Proteins" decoy=0 threshold=0.9779 total=46
time="15:20:29" level=info msg="Applying sequential FDR estimation" ions=11 peptides=10 psms=21
time="15:20:29" level=info msg="Converged to 0.00 % FDR with 20 PSMs" decoy=0 threshold=0.946411 total=20
time="15:20:29" level=info msg="Converged to 0.00 % FDR with 9 Peptides" decoy=0 threshold=0.965577 total=9
time="15:20:29" level=info msg="Converged to 0.00 % FDR with 10 Ions" decoy=0 threshold=0.963763 total=10
time="15:20:29" level=info msg="Post processing identifications"
time="15:20:29" level=info msg="Assigning protein identifications to layers"
time="15:20:29" level=info msg="Processing protein inference"
time="15:20:29" level=info msg="Synchronizing PSMs and proteins"
time="15:20:29" level=info msg="Final report numbers after FDR filtering, and post-processing" ions=10 peptides=9 proteins=10 psms=20
time="15:20:29" level=info msg=Saving
time="15:20:29" level=info msg=Done
