time="18:24:51" level=info msg="Executing Filter  v5.1.2"
time="18:24:51" level=info msg="Fetching protein inference from /scratch/negishi/afarzam/MSV000086944_results_and_control_searches/second_pass_downstream_nozf/AspN_ETD/AspN_ETD_2pass_results/GM12878_AspN_ETD"
time="18:24:51" level=info msg="Processing peptide identification files"
time="18:24:51" level=info msg="Parsing /scratch/negishi/afarzam/MSV000086944_results_and_control_searches/second_pass_downstream_nozf/AspN_ETD/AspN_ETD_2pass_results/HepG2_AspN_ETD/interact-20160106_alr_CompleteHumanProteome_HepG2_ETD_AspN_13_sub.pep.xml"
time="18:24:51" level=info msg="Parsing /scratch/negishi/afarzam/MSV000086944_results_and_control_searches/second_pass_downstream_nozf/AspN_ETD/AspN_ETD_2pass_results/HepG2_AspN_ETD/interact-20160106_alr_CompleteHumanProteome_HepG2_ETD_AspN_8_sub.pep.xml"
time="18:24:51" level=info msg="Parsing /scratch/negishi/afarzam/MSV000086944_results_and_control_searches/second_pass_downstream_nozf/AspN_ETD/AspN_ETD_2pass_results/HepG2_AspN_ETD/interact-20160106_alr_CompleteHumanProteome_HepG2_ETD_AspN_14_sub.pep.xml"
time="18:24:51" level=info msg="Parsing /scratch/negishi/afarzam/MSV000086944_results_and_control_searches/second_pass_downstream_nozf/AspN_ETD/AspN_ETD_2pass_results/HepG2_AspN_ETD/interact-20160106_alr_CompleteHumanProteome_HepG2_ETD_AspN_9_sub.pep.xml"
time="18:24:51" level=info msg="Parsing /scratch/negishi/afarzam/MSV000086944_results_and_control_searches/second_pass_downstream_nozf/AspN_ETD/AspN_ETD_2pass_results/HepG2_AspN_ETD/interact-20160106_alr_CompleteHumanProteome_HepG2_ETD_AspN_7_sub.pep.xml"
time="18:24:51" level=info msg="Parsing /scratch/negishi/afarzam/MSV000086944_results_and_control_searches/second_pass_downstream_nozf/AspN_ETD/AspN_ETD_2pass_results/HepG2_AspN_ETD/interact-20160106_alr_CompleteHumanProteome_HepG2_ETD_AspN_11_sub.pep.xml"
time="18:24:51" level=info msg="Parsing /scratch/negishi/afarzam/MSV000086944_results_and_control_searches/second_pass_downstream_nozf/AspN_ETD/AspN_ETD_2pass_results/HepG2_AspN_ETD/interact-20160106_alr_CompleteHumanProteome_HepG2_ETD_AspN_10_sub.pep.xml"
time="18:24:51" level=info msg="Parsing /scratch/negishi/afarzam/MSV000086944_results_and_control_searches/second_pass_downstream_nozf/AspN_ETD/AspN_ETD_2pass_results/HepG2_AspN_ETD/interact-20160106_alr_CompleteHumanProteome_HepG2_ETD_AspN_15_sub.pep.xml"
time="18:24:51" level=info msg="Parsing /scratch/negishi/afarzam/MSV000086944_results_and_control_searches/second_pass_downstream_nozf/AspN_ETD/AspN_ETD_2pass_results/HepG2_AspN_ETD/interact-20160106_alr_CompleteHumanProteome_HepG2_ETD_AspN_12_sub.pep.xml"
time="18:24:51" level=info msg="Parsing /scratch/negishi/afarzam/MSV000086944_results_and_control_searches/second_pass_downstream_nozf/AspN_ETD/AspN_ETD_2pass_results/HepG2_AspN_ETD/interact-20160106_alr_CompleteHumanProteome_HepG2_ETD_AspN_17_sub.pep.xml"
time="18:24:51" level=info msg="Parsing /scratch/negishi/afarzam/MSV000086944_results_and_control_searches/second_pass_downstream_nozf/AspN_ETD/AspN_ETD_2pass_results/HepG2_AspN_ETD/interact-20160106_alr_CompleteHumanProteome_HepG2_ETD_AspN_18_sub.pep.xml"
time="18:24:51" level=info msg="Parsing /scratch/negishi/afarzam/MSV000086944_results_and_control_searches/second_pass_downstream_nozf/AspN_ETD/AspN_ETD_2pass_results/HepG2_AspN_ETD/interact-20160106_alr_CompleteHumanProteome_HepG2_ETD_AspN_19_sub.pep.xml"
time="18:24:51" level=info msg="Parsing /scratch/negishi/afarzam/MSV000086944_results_and_control_searches/second_pass_downstream_nozf/AspN_ETD/AspN_ETD_2pass_results/HepG2_AspN_ETD/interact-20160106_alr_CompleteHumanProteome_HepG2_ETD_AspN_1_sub.pep.xml"
time="18:24:51" level=warning msg="No PSM was found in data set. /scratch/negishi/afarzam/MSV000086944_results_and_control_searches/second_pass_downstream_nozf/AspN_ETD/AspN_ETD_2pass_results/HepG2_AspN_ETD/interact-20160106_alr_CompleteHumanProteome_HepG2_ETD_AspN_12_sub.pep.xml"
time="18:24:51" level=info msg="Parsing /scratch/negishi/afarzam/MSV000086944_results_and_control_searches/second_pass_downstream_nozf/AspN_ETD/AspN_ETD_2pass_results/HepG2_AspN_ETD/interact-20160106_alr_CompleteHumanProteome_HepG2_ETD_AspN_20_sub.pep.xml"
time="18:24:51" level=info msg="Parsing /scratch/negishi/afarzam/MSV000086944_results_and_control_searches/second_pass_downstream_nozf/AspN_ETD/AspN_ETD_2pass_results/HepG2_AspN_ETD/interact-20160106_alr_CompleteHumanProteome_HepG2_ETD_AspN_21_sub.pep.xml"
time="18:24:51" level=info msg="Parsing /scratch/negishi/afarzam/MSV000086944_results_and_control_searches/second_pass_downstream_nozf/AspN_ETD/AspN_ETD_2pass_results/HepG2_AspN_ETD/interact-20160106_alr_CompleteHumanProteome_HepG2_ETD_AspN_22_sub.pep.xml"
time="18:24:51" level=info msg="Parsing /scratch/negishi/afarzam/MSV000086944_results_and_control_searches/second_pass_downstream_nozf/AspN_ETD/AspN_ETD_2pass_results/HepG2_AspN_ETD/interact-20160106_alr_CompleteHumanProteome_HepG2_ETD_AspN_23_sub.pep.xml"
time="18:24:51" level=info msg="Parsing /scratch/negishi/afarzam/MSV000086944_results_and_control_searches/second_pass_downstream_nozf/AspN_ETD/AspN_ETD_2pass_results/HepG2_AspN_ETD/interact-20160106_alr_CompleteHumanProteome_HepG2_ETD_AspN_25_sub.pep.xml"
time="18:24:51" level=info msg="Parsing /scratch/negishi/afarzam/MSV000086944_results_and_control_searches/second_pass_downstream_nozf/AspN_ETD/AspN_ETD_2pass_results/HepG2_AspN_ETD/interact-20160106_alr_CompleteHumanProteome_HepG2_ETD_AspN_24_sub.pep.xml"
time="18:24:51" level=info msg="Parsing /scratch/negishi/afarzam/MSV000086944_results_and_control_searches/second_pass_downstream_nozf/AspN_ETD/AspN_ETD_2pass_results/HepG2_AspN_ETD/interact-20160106_alr_CompleteHumanProteome_HepG2_ETD_AspN_26_sub.pep.xml"
time="18:24:51" level=info msg="Parsing /scratch/negishi/afarzam/MSV000086944_results_and_control_searches/second_pass_downstream_nozf/AspN_ETD/AspN_ETD_2pass_results/HepG2_AspN_ETD/interact-20160106_alr_CompleteHumanProteome_HepG2_ETD_AspN_3_sub.pep.xml"
time="18:24:51" level=info msg="Parsing /scratch/negishi/afarzam/MSV000086944_results_and_control_searches/second_pass_downstream_nozf/AspN_ETD/AspN_ETD_2pass_results/HepG2_AspN_ETD/interact-20160106_alr_CompleteHumanProteome_HepG2_ETD_AspN_27_sub.pep.xml"
time="18:24:51" level=info msg="Parsing /scratch/negishi/afarzam/MSV000086944_results_and_control_searches/second_pass_downstream_nozf/AspN_ETD/AspN_ETD_2pass_results/HepG2_AspN_ETD/interact-20160106_alr_CompleteHumanProteome_HepG2_ETD_AspN_5_sub.pep.xml"
time="18:24:51" level=info msg="Parsing /scratch/negishi/afarzam/MSV000086944_results_and_control_searches/second_pass_downstream_nozf/AspN_ETD/AspN_ETD_2pass_results/HepG2_AspN_ETD/interact-20160106_alr_CompleteHumanProteome_HepG2_ETD_AspN_4_sub.pep.xml"
time="18:24:51" level=info msg="Parsing /scratch/negishi/afarzam/MSV000086944_results_and_control_searches/second_pass_downstream_nozf/AspN_ETD/AspN_ETD_2pass_results/HepG2_AspN_ETD/interact-20160106_alr_CompleteHumanProteome_HepG2_ETD_AspN_2_sub.pep.xml"
time="18:24:51" level=warning msg="No PSM was found in data set. /scratch/negishi/afarzam/MSV000086944_results_and_control_searches/second_pass_downstream_nozf/AspN_ETD/AspN_ETD_2pass_results/HepG2_AspN_ETD/interact-20160106_alr_CompleteHumanProteome_HepG2_ETD_AspN_20_sub.pep.xml"
time="18:24:51" level=info msg="Parsing /scratch/negishi/afarzam/MSV000086944_results_and_control_searches/second_pass_downstream_nozf/AspN_ETD/AspN_ETD_2pass_results/HepG2_AspN_ETD/interact-20160106_alr_CompleteHumanProteome_HepG2_ETD_AspN_6_sub.pep.xml"
time="18:24:51" level=info msg="Parsing /scratch/negishi/afarzam/MSV000086944_results_and_control_searches/second_pass_downstream_nozf/AspN_ETD/AspN_ETD_2pass_results/HepG2_AspN_ETD/interact-20160106_alr_CompleteHumanProteome_HepG2_ETD_AspN_30_sub.pep.xml"
time="18:24:51" level=info msg="Parsing /scratch/negishi/afarzam/MSV000086944_results_and_control_searches/second_pass_downstream_nozf/AspN_ETD/AspN_ETD_2pass_results/HepG2_AspN_ETD/interact-20160106_alr_CompleteHumanProteome_HepG2_ETD_AspN_16_sub.pep.xml"
time="18:24:51" level=info msg="Parsing /scratch/negishi/afarzam/MSV000086944_results_and_control_searches/second_pass_downstream_nozf/AspN_ETD/AspN_ETD_2pass_results/HepG2_AspN_ETD/interact-20160106_alr_CompleteHumanProteome_HepG2_ETD_AspN_29_sub.pep.xml"
time="18:24:51" level=info msg="Parsing /scratch/negishi/afarzam/MSV000086944_results_and_control_searches/second_pass_downstream_nozf/AspN_ETD/AspN_ETD_2pass_results/HepG2_AspN_ETD/interact-20160106_alr_CompleteHumanProteome_HepG2_ETD_AspN_28_sub.pep.xml"
time="18:24:51" level=warning msg="No PSM was found in data set. /scratch/negishi/afarzam/MSV000086944_results_and_control_searches/second_pass_downstream_nozf/AspN_ETD/AspN_ETD_2pass_results/HepG2_AspN_ETD/interact-20160106_alr_CompleteHumanProteome_HepG2_ETD_AspN_6_sub.pep.xml"
time="18:24:51" level=warning msg="No PSM was found in data set. /scratch/negishi/afarzam/MSV000086944_results_and_control_searches/second_pass_downstream_nozf/AspN_ETD/AspN_ETD_2pass_results/HepG2_AspN_ETD/interact-20160106_alr_CompleteHumanProteome_HepG2_ETD_AspN_23_sub.pep.xml"
time="18:24:51" level=warning msg="No PSM was found in data set. /scratch/negishi/afarzam/MSV000086944_results_and_control_searches/second_pass_downstream_nozf/AspN_ETD/AspN_ETD_2pass_results/HepG2_AspN_ETD/interact-20160106_alr_CompleteHumanProteome_HepG2_ETD_AspN_27_sub.pep.xml"
time="18:24:51" level=warning msg="No PSM was found in data set. /scratch/negishi/afarzam/MSV000086944_results_and_control_searches/second_pass_downstream_nozf/AspN_ETD/AspN_ETD_2pass_results/HepG2_AspN_ETD/interact-20160106_alr_CompleteHumanProteome_HepG2_ETD_AspN_30_sub.pep.xml"
time="18:24:51" level=info msg="1+ Charge profile" decoy=0 target=0
time="18:24:51" level=info msg="2+ Charge profile" decoy=92 target=357
time="18:24:51" level=info msg="3+ Charge profile" decoy=50 target=91
time="18:24:51" level=info msg="4+ Charge profile" decoy=43 target=78
time="18:24:51" level=info msg="5+ Charge profile" decoy=20 target=25
time="18:24:51" level=info msg="6+ Charge profile" decoy=5 target=9
time="18:24:51" level=info msg="Database search results" ions=581 peptides=566 psms=770
time="18:24:51" level=info msg="Converged to 0.00 % FDR with 15 PSMs" decoy=0 threshold=0.847194 total=15
time="18:24:51" level=info msg="Converged to 0.00 % FDR with 11 Peptides" decoy=0 threshold=0.847194 total=11
time="18:24:51" level=info msg="Converged to 0.00 % FDR with 12 Ions" decoy=0 threshold=0.847194 total=12
time="18:24:51" level=info msg="Protein inference results" decoy=564 target=817
time="18:24:51" level=info msg="Converged to 0.00 % FDR with 7 Proteins" decoy=0 threshold=0.9479 total=7
time="18:24:51" level=info msg="Applying sequential FDR estimation" ions=4 peptides=3 psms=6
time="18:24:51" level=info msg="Converged to 0.00 % FDR with 5 PSMs" decoy=0 threshold=0.887356 total=5
time="18:24:51" level=info msg="Converged to 0.00 % FDR with 2 Peptides" decoy=0 threshold=0.944249 total=2
time="18:24:51" level=info msg="Converged to 0.00 % FDR with 3 Ions" decoy=0 threshold=0.937306 total=3
time="18:24:51" level=info msg="Post processing identifications"
time="18:24:51" level=info msg="Assigning protein identifications to layers"
time="18:24:52" level=info msg="Processing protein inference"
time="18:24:52" level=info msg="Synchronizing PSMs and proteins"
time="18:24:52" level=info msg="Final report numbers after FDR filtering, and post-processing" ions=3 peptides=2 proteins=2 psms=5
time="18:24:52" level=info msg=Saving
time="18:24:52" level=info msg=Done
