time="04:13:30" level=info msg="Executing Filter  v5.1.2"
time="04:13:30" level=info msg="Fetching protein inference from /scratch/negishi/afarzam/MSV000086944_results_v4/second_pass_upstream/Chymo_ETD/Chymo_ETD_2pass_results/GM12878_Chymo_ETD"
time="04:13:30" level=info msg="Processing peptide identification files"
time="04:13:30" level=info msg="Parsing /scratch/negishi/afarzam/MSV000086944_results_v4/second_pass_upstream/Chymo_ETD/Chymo_ETD_2pass_results/HeLa_Chymo_ETD/interact-20150102_alr_CompleteHumanProteome_HeLaS3_ETD_chymo_fr9_sub.pep.xml"
time="04:13:30" level=info msg="Parsing /scratch/negishi/afarzam/MSV000086944_results_v4/second_pass_upstream/Chymo_ETD/Chymo_ETD_2pass_results/HeLa_Chymo_ETD/interact-20150102_alr_CompleteHumanProteome_HeLaS3_ETD_chymo_fr14_sub.pep.xml"
time="04:13:30" level=info msg="Parsing /scratch/negishi/afarzam/MSV000086944_results_v4/second_pass_upstream/Chymo_ETD/Chymo_ETD_2pass_results/HeLa_Chymo_ETD/interact-20150102_alr_CompleteHumanProteome_HeLaS3_ETD_chymo_fr11_sub.pep.xml"
time="04:13:30" level=info msg="Parsing /scratch/negishi/afarzam/MSV000086944_results_v4/second_pass_upstream/Chymo_ETD/Chymo_ETD_2pass_results/HeLa_Chymo_ETD/interact-20150102_alr_CompleteHumanProteome_HeLaS3_ETD_chymo_fr12_sub.pep.xml"
time="04:13:30" level=info msg="Parsing /scratch/negishi/afarzam/MSV000086944_results_v4/second_pass_upstream/Chymo_ETD/Chymo_ETD_2pass_results/HeLa_Chymo_ETD/interact-20150102_alr_CompleteHumanProteome_HeLaS3_ETD_chymo_fr10_sub.pep.xml"
time="04:13:30" level=info msg="Parsing /scratch/negishi/afarzam/MSV000086944_results_v4/second_pass_upstream/Chymo_ETD/Chymo_ETD_2pass_results/HeLa_Chymo_ETD/interact-20150102_alr_CompleteHumanProteome_HeLaS3_ETD_chymo_fr29_sub.pep.xml"
time="04:13:30" level=info msg="Parsing /scratch/negishi/afarzam/MSV000086944_results_v4/second_pass_upstream/Chymo_ETD/Chymo_ETD_2pass_results/HeLa_Chymo_ETD/interact-20150102_alr_CompleteHumanProteome_HeLaS3_ETD_chymo_fr28_sub.pep.xml"
time="04:13:30" level=info msg="Parsing /scratch/negishi/afarzam/MSV000086944_results_v4/second_pass_upstream/Chymo_ETD/Chymo_ETD_2pass_results/HeLa_Chymo_ETD/interact-20150102_alr_CompleteHumanProteome_HeLaS3_ETD_chymo_fr13_sub.pep.xml"
time="04:13:30" level=info msg="Parsing /scratch/negishi/afarzam/MSV000086944_results_v4/second_pass_upstream/Chymo_ETD/Chymo_ETD_2pass_results/HeLa_Chymo_ETD/interact-20150102_alr_CompleteHumanProteome_HeLaS3_ETD_chymo_fr2_sub.pep.xml"
time="04:13:30" level=info msg="Parsing /scratch/negishi/afarzam/MSV000086944_results_v4/second_pass_upstream/Chymo_ETD/Chymo_ETD_2pass_results/HeLa_Chymo_ETD/interact-20150102_alr_CompleteHumanProteome_HeLaS3_ETD_chymo_fr3_sub.pep.xml"
time="04:13:30" level=info msg="Parsing /scratch/negishi/afarzam/MSV000086944_results_v4/second_pass_upstream/Chymo_ETD/Chymo_ETD_2pass_results/HeLa_Chymo_ETD/interact-20150102_alr_CompleteHumanProteome_HeLaS3_ETD_chymo_fr15_sub.pep.xml"
time="04:13:30" level=info msg="Parsing /scratch/negishi/afarzam/MSV000086944_results_v4/second_pass_upstream/Chymo_ETD/Chymo_ETD_2pass_results/HeLa_Chymo_ETD/interact-20150102_alr_CompleteHumanProteome_HeLaS3_ETD_chymo_fr21_sub.pep.xml"
time="04:13:30" level=info msg="Parsing /scratch/negishi/afarzam/MSV000086944_results_v4/second_pass_upstream/Chymo_ETD/Chymo_ETD_2pass_results/HeLa_Chymo_ETD/interact-20150102_alr_CompleteHumanProteome_HeLaS3_ETD_chymo_fr17_sub.pep.xml"
time="04:13:30" level=info msg="Parsing /scratch/negishi/afarzam/MSV000086944_results_v4/second_pass_upstream/Chymo_ETD/Chymo_ETD_2pass_results/HeLa_Chymo_ETD/interact-20150102_alr_CompleteHumanProteome_HeLaS3_ETD_chymo_fr20_sub.pep.xml"
time="04:13:30" level=info msg="Parsing /scratch/negishi/afarzam/MSV000086944_results_v4/second_pass_upstream/Chymo_ETD/Chymo_ETD_2pass_results/HeLa_Chymo_ETD/interact-20150102_alr_CompleteHumanProteome_HeLaS3_ETD_chymo_fr5_sub.pep.xml"
time="04:13:30" level=info msg="Parsing /scratch/negishi/afarzam/MSV000086944_results_v4/second_pass_upstream/Chymo_ETD/Chymo_ETD_2pass_results/HeLa_Chymo_ETD/interact-20150102_alr_CompleteHumanProteome_HeLaS3_ETD_chymo_fr22_sub.pep.xml"
time="04:13:30" level=info msg="Parsing /scratch/negishi/afarzam/MSV000086944_results_v4/second_pass_upstream/Chymo_ETD/Chymo_ETD_2pass_results/HeLa_Chymo_ETD/interact-20150102_alr_CompleteHumanProteome_HeLaS3_ETD_chymo_fr4_sub.pep.xml"
time="04:13:30" level=info msg="Parsing /scratch/negishi/afarzam/MSV000086944_results_v4/second_pass_upstream/Chymo_ETD/Chymo_ETD_2pass_results/HeLa_Chymo_ETD/interact-20150102_alr_CompleteHumanProteome_HeLaS3_ETD_chymo_fr30_sub.pep.xml"
time="04:13:30" level=info msg="Parsing /scratch/negishi/afarzam/MSV000086944_results_v4/second_pass_upstream/Chymo_ETD/Chymo_ETD_2pass_results/HeLa_Chymo_ETD/interact-20150102_alr_CompleteHumanProteome_HeLaS3_ETD_chymo_fr24_sub.pep.xml"
time="04:13:30" level=info msg="Parsing /scratch/negishi/afarzam/MSV000086944_results_v4/second_pass_upstream/Chymo_ETD/Chymo_ETD_2pass_results/HeLa_Chymo_ETD/interact-20150102_alr_CompleteHumanProteome_HeLaS3_ETD_chymo_fr26_sub.pep.xml"
time="04:13:30" level=info msg="Parsing /scratch/negishi/afarzam/MSV000086944_results_v4/second_pass_upstream/Chymo_ETD/Chymo_ETD_2pass_results/HeLa_Chymo_ETD/interact-20150102_alr_CompleteHumanProteome_HeLaS3_ETD_chymo_fr7_sub.pep.xml"
time="04:13:30" level=info msg="Parsing /scratch/negishi/afarzam/MSV000086944_results_v4/second_pass_upstream/Chymo_ETD/Chymo_ETD_2pass_results/HeLa_Chymo_ETD/interact-20150102_alr_CompleteHumanProteome_HeLaS3_ETD_chymo_fr1_sub.pep.xml"
time="04:13:30" level=info msg="Parsing /scratch/negishi/afarzam/MSV000086944_results_v4/second_pass_upstream/Chymo_ETD/Chymo_ETD_2pass_results/HeLa_Chymo_ETD/interact-20150102_alr_CompleteHumanProteome_HeLaS3_ETD_chymo_fr8_sub.pep.xml"
time="04:13:30" level=info msg="Parsing /scratch/negishi/afarzam/MSV000086944_results_v4/second_pass_upstream/Chymo_ETD/Chymo_ETD_2pass_results/HeLa_Chymo_ETD/interact-20150102_alr_CompleteHumanProteome_HeLaS3_ETD_chymo_fr31_sub.pep.xml"
time="04:13:30" level=info msg="Parsing /scratch/negishi/afarzam/MSV000086944_results_v4/second_pass_upstream/Chymo_ETD/Chymo_ETD_2pass_results/HeLa_Chymo_ETD/interact-20150102_alr_CompleteHumanProteome_HeLaS3_ETD_chymo_fr16_sub.pep.xml"
time="04:13:30" level=info msg="Parsing /scratch/negishi/afarzam/MSV000086944_results_v4/second_pass_upstream/Chymo_ETD/Chymo_ETD_2pass_results/HeLa_Chymo_ETD/interact-20150102_alr_CompleteHumanProteome_HeLaS3_ETD_chymo_fr25_sub.pep.xml"
time="04:13:30" level=info msg="Parsing /scratch/negishi/afarzam/MSV000086944_results_v4/second_pass_upstream/Chymo_ETD/Chymo_ETD_2pass_results/HeLa_Chymo_ETD/interact-20150102_alr_CompleteHumanProteome_HeLaS3_ETD_chymo_fr34_sub.pep.xml"
time="04:13:30" level=info msg="Parsing /scratch/negishi/afarzam/MSV000086944_results_v4/second_pass_upstream/Chymo_ETD/Chymo_ETD_2pass_results/HeLa_Chymo_ETD/interact-20150102_alr_CompleteHumanProteome_HeLaS3_ETD_chymo_fr19_sub.pep.xml"
time="04:13:30" level=info msg="Parsing /scratch/negishi/afarzam/MSV000086944_results_v4/second_pass_upstream/Chymo_ETD/Chymo_ETD_2pass_results/HeLa_Chymo_ETD/interact-20150102_alr_CompleteHumanProteome_HeLaS3_ETD_chymo_fr18_sub.pep.xml"
time="04:13:30" level=info msg="Parsing /scratch/negishi/afarzam/MSV000086944_results_v4/second_pass_upstream/Chymo_ETD/Chymo_ETD_2pass_results/HeLa_Chymo_ETD/interact-20150102_alr_CompleteHumanProteome_HeLaS3_ETD_chymo_fr35_sub.pep.xml"
time="04:13:30" level=info msg="Parsing /scratch/negishi/afarzam/MSV000086944_results_v4/second_pass_upstream/Chymo_ETD/Chymo_ETD_2pass_results/HeLa_Chymo_ETD/interact-20150102_alr_CompleteHumanProteome_HeLaS3_ETD_chymo_fr23_sub.pep.xml"
time="04:13:30" level=info msg="Parsing /scratch/negishi/afarzam/MSV000086944_results_v4/second_pass_upstream/Chymo_ETD/Chymo_ETD_2pass_results/HeLa_Chymo_ETD/interact-20150102_alr_CompleteHumanProteome_HeLaS3_ETD_chymo_fr27_sub.pep.xml"
time="04:13:30" level=info msg="Parsing /scratch/negishi/afarzam/MSV000086944_results_v4/second_pass_upstream/Chymo_ETD/Chymo_ETD_2pass_results/HeLa_Chymo_ETD/interact-20150102_alr_CompleteHumanProteome_HeLaS3_ETD_chymo_fr32_sub.pep.xml"
time="04:13:30" level=info msg="Parsing /scratch/negishi/afarzam/MSV000086944_results_v4/second_pass_upstream/Chymo_ETD/Chymo_ETD_2pass_results/HeLa_Chymo_ETD/interact-20150102_alr_CompleteHumanProteome_HeLaS3_ETD_chymo_fr33_sub.pep.xml"
time="04:13:30" level=info msg="Parsing /scratch/negishi/afarzam/MSV000086944_results_v4/second_pass_upstream/Chymo_ETD/Chymo_ETD_2pass_results/HeLa_Chymo_ETD/interact-20150102_alr_CompleteHumanProteome_HeLaS3_ETD_chymo_fr6_sub.pep.xml"
time="04:13:33" level=info msg="1+ Charge profile" decoy=0 target=0
time="04:13:33" level=info msg="2+ Charge profile" decoy=333 target=1120
time="04:13:33" level=info msg="3+ Charge profile" decoy=202 target=488
time="04:13:33" level=info msg="4+ Charge profile" decoy=78 target=195
time="04:13:33" level=info msg="5+ Charge profile" decoy=46 target=75
time="04:13:33" level=info msg="6+ Charge profile" decoy=31 target=28
time="04:13:33" level=info msg="Database search results" ions=2377 peptides=2328 psms=2596
time="04:13:33" level=info msg="Converged to 0.00 % FDR with 8 PSMs" decoy=0 threshold=0.942423 total=8
time="04:13:33" level=info msg="Converged to 0.00 % FDR with 8 Peptides" decoy=0 threshold=0.942423 total=8
time="04:13:33" level=info msg="Converged to 0.00 % FDR with 8 Ions" decoy=0 threshold=0.942423 total=8
time="04:13:33" level=info msg="Protein inference results" decoy=2857 target=4729
time="04:13:33" level=info msg="Converged to 0.00 % FDR with 29 Proteins" decoy=0 threshold=0.9577 total=29
time="04:13:33" level=info msg="Applying sequential FDR estimation" ions=5 peptides=5 psms=5
time="04:13:33" level=info msg="Converged to 0.00 % FDR with 4 PSMs" decoy=0 threshold=0.966669 total=4
time="04:13:33" level=info msg="Converged to 0.00 % FDR with 4 Peptides" decoy=0 threshold=0.966669 total=4
time="04:13:33" level=info msg="Converged to 0.00 % FDR with 4 Ions" decoy=0 threshold=0.966669 total=4
time="04:13:33" level=info msg="Post processing identifications"
time="04:13:33" level=info msg="Assigning protein identifications to layers"
time="04:13:34" level=info msg="Processing protein inference"
time="04:13:34" level=info msg="Synchronizing PSMs and proteins"
time="04:13:34" level=info msg="Final report numbers after FDR filtering, and post-processing" ions=4 peptides=4 proteins=4 psms=4
time="04:13:34" level=info msg=Saving
time="04:13:34" level=info msg=Done
