time="17:46:00" level=info msg="Executing Filter  v5.1.2"
time="17:46:00" level=info msg="Fetching protein inference from /scratch/negishi/afarzam/MSV000086944_results_and_control_searches/second_pass_downstream_nozf/AspN_CAD/AspN_CAD_2pass_results/GM12878_AspN_HCD"
time="17:46:00" level=info msg="Processing peptide identification files"
time="17:46:00" level=info msg="Parsing /scratch/negishi/afarzam/MSV000086944_results_and_control_searches/second_pass_downstream_nozf/AspN_CAD/AspN_CAD_2pass_results/hESC_AspN_HCD/interact-AspN_hES_9_sub.pep.xml"
time="17:46:00" level=info msg="Parsing /scratch/negishi/afarzam/MSV000086944_results_and_control_searches/second_pass_downstream_nozf/AspN_CAD/AspN_CAD_2pass_results/hESC_AspN_HCD/interact-AspN_hES_1_sub.pep.xml"
time="17:46:00" level=info msg="Parsing /scratch/negishi/afarzam/MSV000086944_results_and_control_searches/second_pass_downstream_nozf/AspN_CAD/AspN_CAD_2pass_results/hESC_AspN_HCD/interact-AspN_hES_16_sub.pep.xml"
time="17:46:00" level=info msg="Parsing /scratch/negishi/afarzam/MSV000086944_results_and_control_searches/second_pass_downstream_nozf/AspN_CAD/AspN_CAD_2pass_results/hESC_AspN_HCD/interact-AspN_hES_2_140617095613_sub.pep.xml"
time="17:46:00" level=info msg="Parsing /scratch/negishi/afarzam/MSV000086944_results_and_control_searches/second_pass_downstream_nozf/AspN_CAD/AspN_CAD_2pass_results/hESC_AspN_HCD/interact-AspN_hES_18_sub.pep.xml"
time="17:46:00" level=info msg="Parsing /scratch/negishi/afarzam/MSV000086944_results_and_control_searches/second_pass_downstream_nozf/AspN_CAD/AspN_CAD_2pass_results/hESC_AspN_HCD/interact-AspN_hES_17_sub.pep.xml"
time="17:46:00" level=info msg="Parsing /scratch/negishi/afarzam/MSV000086944_results_and_control_searches/second_pass_downstream_nozf/AspN_CAD/AspN_CAD_2pass_results/hESC_AspN_HCD/interact-AspN_hES_12_sub.pep.xml"
time="17:46:00" level=info msg="Parsing /scratch/negishi/afarzam/MSV000086944_results_and_control_searches/second_pass_downstream_nozf/AspN_CAD/AspN_CAD_2pass_results/hESC_AspN_HCD/interact-AspN_hES_19_sub.pep.xml"
time="17:46:00" level=info msg="Parsing /scratch/negishi/afarzam/MSV000086944_results_and_control_searches/second_pass_downstream_nozf/AspN_CAD/AspN_CAD_2pass_results/hESC_AspN_HCD/interact-AspN_hES_10_sub.pep.xml"
time="17:46:00" level=warning msg="No PSM was found in data set. /scratch/negishi/afarzam/MSV000086944_results_and_control_searches/second_pass_downstream_nozf/AspN_CAD/AspN_CAD_2pass_results/hESC_AspN_HCD/interact-AspN_hES_9_sub.pep.xml"
time="17:46:00" level=info msg="Parsing /scratch/negishi/afarzam/MSV000086944_results_and_control_searches/second_pass_downstream_nozf/AspN_CAD/AspN_CAD_2pass_results/hESC_AspN_HCD/interact-AspN_hES_3_sub.pep.xml"
time="17:46:00" level=warning msg="No PSM was found in data set. /scratch/negishi/afarzam/MSV000086944_results_and_control_searches/second_pass_downstream_nozf/AspN_CAD/AspN_CAD_2pass_results/hESC_AspN_HCD/interact-AspN_hES_1_sub.pep.xml"
time="17:46:00" level=info msg="Parsing /scratch/negishi/afarzam/MSV000086944_results_and_control_searches/second_pass_downstream_nozf/AspN_CAD/AspN_CAD_2pass_results/hESC_AspN_HCD/interact-AspN_hES_22_sub.pep.xml"
time="17:46:00" level=info msg="Parsing /scratch/negishi/afarzam/MSV000086944_results_and_control_searches/second_pass_downstream_nozf/AspN_CAD/AspN_CAD_2pass_results/hESC_AspN_HCD/interact-AspN_hES_11_sub.pep.xml"
time="17:46:00" level=info msg="Parsing /scratch/negishi/afarzam/MSV000086944_results_and_control_searches/second_pass_downstream_nozf/AspN_CAD/AspN_CAD_2pass_results/hESC_AspN_HCD/interact-AspN_hES_20_sub.pep.xml"
time="17:46:00" level=info msg="Parsing /scratch/negishi/afarzam/MSV000086944_results_and_control_searches/second_pass_downstream_nozf/AspN_CAD/AspN_CAD_2pass_results/hESC_AspN_HCD/interact-AspN_hES_14_sub.pep.xml"
time="17:46:00" level=info msg="Parsing /scratch/negishi/afarzam/MSV000086944_results_and_control_searches/second_pass_downstream_nozf/AspN_CAD/AspN_CAD_2pass_results/hESC_AspN_HCD/interact-AspN_hES_23_sub.pep.xml"
time="17:46:00" level=info msg="Parsing /scratch/negishi/afarzam/MSV000086944_results_and_control_searches/second_pass_downstream_nozf/AspN_CAD/AspN_CAD_2pass_results/hESC_AspN_HCD/interact-AspN_hES_13_sub.pep.xml"
time="17:46:00" level=warning msg="No PSM was found in data set. /scratch/negishi/afarzam/MSV000086944_results_and_control_searches/second_pass_downstream_nozf/AspN_CAD/AspN_CAD_2pass_results/hESC_AspN_HCD/interact-AspN_hES_17_sub.pep.xml"
time="17:46:00" level=info msg="Parsing /scratch/negishi/afarzam/MSV000086944_results_and_control_searches/second_pass_downstream_nozf/AspN_CAD/AspN_CAD_2pass_results/hESC_AspN_HCD/interact-AspN_hES_15_sub.pep.xml"
time="17:46:00" level=warning msg="No PSM was found in data set. /scratch/negishi/afarzam/MSV000086944_results_and_control_searches/second_pass_downstream_nozf/AspN_CAD/AspN_CAD_2pass_results/hESC_AspN_HCD/interact-AspN_hES_10_sub.pep.xml"
time="17:46:00" level=info msg="Parsing /scratch/negishi/afarzam/MSV000086944_results_and_control_searches/second_pass_downstream_nozf/AspN_CAD/AspN_CAD_2pass_results/hESC_AspN_HCD/interact-AspN_hES_6_sub.pep.xml"
time="17:46:00" level=info msg="Parsing /scratch/negishi/afarzam/MSV000086944_results_and_control_searches/second_pass_downstream_nozf/AspN_CAD/AspN_CAD_2pass_results/hESC_AspN_HCD/interact-AspN_hES_7_sub.pep.xml"
time="17:46:00" level=info msg="Parsing /scratch/negishi/afarzam/MSV000086944_results_and_control_searches/second_pass_downstream_nozf/AspN_CAD/AspN_CAD_2pass_results/hESC_AspN_HCD/interact-AspN_hES_4_sub.pep.xml"
time="17:46:00" level=info msg="Parsing /scratch/negishi/afarzam/MSV000086944_results_and_control_searches/second_pass_downstream_nozf/AspN_CAD/AspN_CAD_2pass_results/hESC_AspN_HCD/interact-AspN_hES_5_sub.pep.xml"
time="17:46:00" level=info msg="Parsing /scratch/negishi/afarzam/MSV000086944_results_and_control_searches/second_pass_downstream_nozf/AspN_CAD/AspN_CAD_2pass_results/hESC_AspN_HCD/interact-AspN_hES_8_sub.pep.xml"
time="17:46:00" level=info msg="Parsing /scratch/negishi/afarzam/MSV000086944_results_and_control_searches/second_pass_downstream_nozf/AspN_CAD/AspN_CAD_2pass_results/hESC_AspN_HCD/interact-AspN_hES_24_sub.pep.xml"
time="17:46:00" level=warning msg="No PSM was found in data set. /scratch/negishi/afarzam/MSV000086944_results_and_control_searches/second_pass_downstream_nozf/AspN_CAD/AspN_CAD_2pass_results/hESC_AspN_HCD/interact-AspN_hES_11_sub.pep.xml"
time="17:46:00" level=info msg="Parsing /scratch/negishi/afarzam/MSV000086944_results_and_control_searches/second_pass_downstream_nozf/AspN_CAD/AspN_CAD_2pass_results/hESC_AspN_HCD/interact-AspN_hES_21_sub.pep.xml"
time="17:46:00" level=warning msg="No PSM was found in data set. /scratch/negishi/afarzam/MSV000086944_results_and_control_searches/second_pass_downstream_nozf/AspN_CAD/AspN_CAD_2pass_results/hESC_AspN_HCD/interact-AspN_hES_15_sub.pep.xml"
time="17:46:00" level=warning msg="No PSM was found in data set. /scratch/negishi/afarzam/MSV000086944_results_and_control_searches/second_pass_downstream_nozf/AspN_CAD/AspN_CAD_2pass_results/hESC_AspN_HCD/interact-AspN_hES_8_sub.pep.xml"
time="17:46:00" level=warning msg="No PSM was found in data set. /scratch/negishi/afarzam/MSV000086944_results_and_control_searches/second_pass_downstream_nozf/AspN_CAD/AspN_CAD_2pass_results/hESC_AspN_HCD/interact-AspN_hES_24_sub.pep.xml"
time="17:46:00" level=warning msg="No PSM was found in data set. /scratch/negishi/afarzam/MSV000086944_results_and_control_searches/second_pass_downstream_nozf/AspN_CAD/AspN_CAD_2pass_results/hESC_AspN_HCD/interact-AspN_hES_7_sub.pep.xml"
time="17:46:00" level=info msg="1+ Charge profile" decoy=0 target=0
time="17:46:00" level=info msg="2+ Charge profile" decoy=9 target=28
time="17:46:00" level=info msg="3+ Charge profile" decoy=5 target=26
time="17:46:00" level=info msg="4+ Charge profile" decoy=3 target=13
time="17:46:00" level=info msg="5+ Charge profile" decoy=1 target=10
time="17:46:00" level=info msg="6+ Charge profile" decoy=1 target=7
time="17:46:00" level=info msg="Database search results" ions=90 peptides=87 psms=103
time="17:46:00" level=info msg="Converged to 0.00 % FDR with 14 PSMs" decoy=0 threshold=0.849994 total=14
time="17:46:00" level=info msg="Converged to 0.00 % FDR with 10 Peptides" decoy=0 threshold=0.881364 total=10
time="17:46:00" level=info msg="Converged to 0.00 % FDR with 11 Ions" decoy=0 threshold=0.881364 total=11
time="17:46:00" level=info msg="Protein inference results" decoy=178 target=405
time="17:46:00" level=info msg="Converged to 0.00 % FDR with 25 Proteins" decoy=0 threshold=0.9183 total=25
time="17:46:00" level=info msg="Applying sequential FDR estimation" ions=6 peptides=5 psms=9
time="17:46:00" level=info msg="Converged to 0.00 % FDR with 8 PSMs" decoy=0 threshold=0.863398 total=8
time="17:46:00" level=info msg="Converged to 0.00 % FDR with 4 Peptides" decoy=0 threshold=0.946348 total=4
time="17:46:00" level=info msg="Converged to 0.00 % FDR with 5 Ions" decoy=0 threshold=0.932206 total=5
time="17:46:00" level=info msg="Post processing identifications"
time="17:46:00" level=info msg="Assigning protein identifications to layers"
time="17:46:00" level=info msg="Processing protein inference"
time="17:46:01" level=info msg="Synchronizing PSMs and proteins"
time="17:46:01" level=info msg="Final report numbers after FDR filtering, and post-processing" ions=5 peptides=4 proteins=5 psms=8
time="17:46:01" level=info msg=Saving
time="17:46:01" level=info msg=Done
