time="06:41:44" level=info msg="Executing Filter  v5.1.2"
time="06:41:44" level=info msg="Fetching protein inference from /scratch/negishi/afarzam/MSV000086944_results_v4/second_pass_upstream/GluC_CAD/GluC_CAD_2pass_results/GM12878_GluC_CAD"
time="06:41:44" level=info msg="Processing peptide identification files"
time="06:41:44" level=info msg="Parsing /scratch/negishi/afarzam/MSV000086944_results_v4/second_pass_upstream/GluC_CAD/GluC_CAD_2pass_results/K562_GluC_HCD/interact-20160205_alr_CompleteHumanProteome_K562_GluC_HCD_fr9_sub.pep.xml"
time="06:41:44" level=info msg="Parsing /scratch/negishi/afarzam/MSV000086944_results_v4/second_pass_upstream/GluC_CAD/GluC_CAD_2pass_results/K562_GluC_HCD/interact-20160205_alr_CompleteHumanProteome_K562_GluC_HCD_fr10_sub.pep.xml"
time="06:41:44" level=info msg="Parsing /scratch/negishi/afarzam/MSV000086944_results_v4/second_pass_upstream/GluC_CAD/GluC_CAD_2pass_results/K562_GluC_HCD/interact-20160205_alr_CompleteHumanProteome_K562_GluC_HCD_fr20_sub.pep.xml"
time="06:41:44" level=info msg="Parsing /scratch/negishi/afarzam/MSV000086944_results_v4/second_pass_upstream/GluC_CAD/GluC_CAD_2pass_results/K562_GluC_HCD/interact-20160205_alr_CompleteHumanProteome_K562_GluC_HCD_fr13_sub.pep.xml"
time="06:41:44" level=info msg="Parsing /scratch/negishi/afarzam/MSV000086944_results_v4/second_pass_upstream/GluC_CAD/GluC_CAD_2pass_results/K562_GluC_HCD/interact-20160205_alr_CompleteHumanProteome_K562_GluC_HCD_fr14_sub.pep.xml"
time="06:41:44" level=info msg="Parsing /scratch/negishi/afarzam/MSV000086944_results_v4/second_pass_upstream/GluC_CAD/GluC_CAD_2pass_results/K562_GluC_HCD/interact-20160205_alr_CompleteHumanProteome_K562_GluC_HCD_fr18_sub.pep.xml"
time="06:41:44" level=info msg="Parsing /scratch/negishi/afarzam/MSV000086944_results_v4/second_pass_upstream/GluC_CAD/GluC_CAD_2pass_results/K562_GluC_HCD/interact-20160205_alr_CompleteHumanProteome_K562_GluC_HCD_fr12_sub.pep.xml"
time="06:41:44" level=info msg="Parsing /scratch/negishi/afarzam/MSV000086944_results_v4/second_pass_upstream/GluC_CAD/GluC_CAD_2pass_results/K562_GluC_HCD/interact-20160205_alr_CompleteHumanProteome_K562_GluC_HCD_fr11_sub.pep.xml"
time="06:41:44" level=info msg="Parsing /scratch/negishi/afarzam/MSV000086944_results_v4/second_pass_upstream/GluC_CAD/GluC_CAD_2pass_results/K562_GluC_HCD/interact-20160205_alr_CompleteHumanProteome_K562_GluC_HCD_fr1_sub.pep.xml"
time="06:41:44" level=info msg="Parsing /scratch/negishi/afarzam/MSV000086944_results_v4/second_pass_upstream/GluC_CAD/GluC_CAD_2pass_results/K562_GluC_HCD/interact-20160205_alr_CompleteHumanProteome_K562_GluC_HCD_fr19_sub.pep.xml"
time="06:41:44" level=info msg="Parsing /scratch/negishi/afarzam/MSV000086944_results_v4/second_pass_upstream/GluC_CAD/GluC_CAD_2pass_results/K562_GluC_HCD/interact-20160205_alr_CompleteHumanProteome_K562_GluC_HCD_fr16_sub.pep.xml"
time="06:41:44" level=info msg="Parsing /scratch/negishi/afarzam/MSV000086944_results_v4/second_pass_upstream/GluC_CAD/GluC_CAD_2pass_results/K562_GluC_HCD/interact-20160205_alr_CompleteHumanProteome_K562_GluC_HCD_fr29_sub.pep.xml"
time="06:41:44" level=info msg="Parsing /scratch/negishi/afarzam/MSV000086944_results_v4/second_pass_upstream/GluC_CAD/GluC_CAD_2pass_results/K562_GluC_HCD/interact-20160205_alr_CompleteHumanProteome_K562_GluC_HCD_fr25_sub.pep.xml"
time="06:41:44" level=info msg="Parsing /scratch/negishi/afarzam/MSV000086944_results_v4/second_pass_upstream/GluC_CAD/GluC_CAD_2pass_results/K562_GluC_HCD/interact-20160205_alr_CompleteHumanProteome_K562_GluC_HCD_fr24_sub.pep.xml"
time="06:41:44" level=info msg="Parsing /scratch/negishi/afarzam/MSV000086944_results_v4/second_pass_upstream/GluC_CAD/GluC_CAD_2pass_results/K562_GluC_HCD/interact-20160205_alr_CompleteHumanProteome_K562_GluC_HCD_fr21_sub.pep.xml"
time="06:41:44" level=info msg="Parsing /scratch/negishi/afarzam/MSV000086944_results_v4/second_pass_upstream/GluC_CAD/GluC_CAD_2pass_results/K562_GluC_HCD/interact-20160205_alr_CompleteHumanProteome_K562_GluC_HCD_fr26_sub.pep.xml"
time="06:41:44" level=info msg="Parsing /scratch/negishi/afarzam/MSV000086944_results_v4/second_pass_upstream/GluC_CAD/GluC_CAD_2pass_results/K562_GluC_HCD/interact-20160205_alr_CompleteHumanProteome_K562_GluC_HCD_fr28_sub.pep.xml"
time="06:41:44" level=info msg="Parsing /scratch/negishi/afarzam/MSV000086944_results_v4/second_pass_upstream/GluC_CAD/GluC_CAD_2pass_results/K562_GluC_HCD/interact-20160205_alr_CompleteHumanProteome_K562_GluC_HCD_fr30_sub.pep.xml"
time="06:41:44" level=info msg="Parsing /scratch/negishi/afarzam/MSV000086944_results_v4/second_pass_upstream/GluC_CAD/GluC_CAD_2pass_results/K562_GluC_HCD/interact-20160205_alr_CompleteHumanProteome_K562_GluC_HCD_fr2_sub.pep.xml"
time="06:41:44" level=info msg="Parsing /scratch/negishi/afarzam/MSV000086944_results_v4/second_pass_upstream/GluC_CAD/GluC_CAD_2pass_results/K562_GluC_HCD/interact-20160205_alr_CompleteHumanProteome_K562_GluC_HCD_fr15_sub.pep.xml"
time="06:41:44" level=info msg="Parsing /scratch/negishi/afarzam/MSV000086944_results_v4/second_pass_upstream/GluC_CAD/GluC_CAD_2pass_results/K562_GluC_HCD/interact-20160205_alr_CompleteHumanProteome_K562_GluC_HCD_fr17_sub.pep.xml"
time="06:41:44" level=info msg="Parsing /scratch/negishi/afarzam/MSV000086944_results_v4/second_pass_upstream/GluC_CAD/GluC_CAD_2pass_results/K562_GluC_HCD/interact-20160205_alr_CompleteHumanProteome_K562_GluC_HCD_fr8_sub.pep.xml"
time="06:41:44" level=info msg="Parsing /scratch/negishi/afarzam/MSV000086944_results_v4/second_pass_upstream/GluC_CAD/GluC_CAD_2pass_results/K562_GluC_HCD/interact-20160205_alr_CompleteHumanProteome_K562_GluC_HCD_fr22_sub.pep.xml"
time="06:41:44" level=info msg="Parsing /scratch/negishi/afarzam/MSV000086944_results_v4/second_pass_upstream/GluC_CAD/GluC_CAD_2pass_results/K562_GluC_HCD/interact-20160205_alr_CompleteHumanProteome_K562_GluC_HCD_fr4_sub.pep.xml"
time="06:41:44" level=info msg="Parsing /scratch/negishi/afarzam/MSV000086944_results_v4/second_pass_upstream/GluC_CAD/GluC_CAD_2pass_results/K562_GluC_HCD/interact-20160205_alr_CompleteHumanProteome_K562_GluC_HCD_fr6_sub.pep.xml"
time="06:41:44" level=info msg="Parsing /scratch/negishi/afarzam/MSV000086944_results_v4/second_pass_upstream/GluC_CAD/GluC_CAD_2pass_results/K562_GluC_HCD/interact-20160205_alr_CompleteHumanProteome_K562_GluC_HCD_fr5_sub.pep.xml"
time="06:41:44" level=info msg="Parsing /scratch/negishi/afarzam/MSV000086944_results_v4/second_pass_upstream/GluC_CAD/GluC_CAD_2pass_results/K562_GluC_HCD/interact-20160205_alr_CompleteHumanProteome_K562_GluC_HCD_fr3_sub.pep.xml"
time="06:41:44" level=info msg="Parsing /scratch/negishi/afarzam/MSV000086944_results_v4/second_pass_upstream/GluC_CAD/GluC_CAD_2pass_results/K562_GluC_HCD/interact-20160205_alr_CompleteHumanProteome_K562_GluC_HCD_fr7_sub.pep.xml"
time="06:41:44" level=info msg="Parsing /scratch/negishi/afarzam/MSV000086944_results_v4/second_pass_upstream/GluC_CAD/GluC_CAD_2pass_results/K562_GluC_HCD/interact-20160205_alr_CompleteHumanProteome_K562_GluC_HCD_fr23_sub.pep.xml"
time="06:41:44" level=info msg="Parsing /scratch/negishi/afarzam/MSV000086944_results_v4/second_pass_upstream/GluC_CAD/GluC_CAD_2pass_results/K562_GluC_HCD/interact-20160205_alr_CompleteHumanProteome_K562_GluC_HCD_fr27_sub.pep.xml"
time="06:41:46" level=info msg="1+ Charge profile" decoy=0 target=0
time="06:41:46" level=info msg="2+ Charge profile" decoy=147 target=605
time="06:41:46" level=info msg="3+ Charge profile" decoy=74 target=362
time="06:41:46" level=info msg="4+ Charge profile" decoy=29 target=102
time="06:41:46" level=info msg="5+ Charge profile" decoy=12 target=45
time="06:41:46" level=info msg="6+ Charge profile" decoy=7 target=11
time="06:41:46" level=info msg="Database search results" ions=984 peptides=939 psms=1422
time="06:41:46" level=info msg="Converged to 0.00 % FDR with 62 PSMs" decoy=0 threshold=0.937528 total=62
time="06:41:46" level=info msg="Converged to 0.00 % FDR with 20 Peptides" decoy=0 threshold=0.93849 total=20
time="06:41:46" level=info msg="Converged to 0.00 % FDR with 21 Ions" decoy=0 threshold=0.93849 total=21
time="06:41:46" level=info msg="Protein inference results" decoy=2784 target=3402
time="06:41:46" level=info msg="Converged to 0.00 % FDR with 43 Proteins" decoy=0 threshold=0.9826 total=43
time="06:41:46" level=info msg="Applying sequential FDR estimation" ions=9 peptides=8 psms=48
time="06:41:46" level=info msg="Converged to 0.00 % FDR with 47 PSMs" decoy=0 threshold=0.93849 total=47
time="06:41:46" level=info msg="Converged to 0.00 % FDR with 7 Peptides" decoy=0 threshold=0.954274 total=7
time="06:41:46" level=info msg="Converged to 0.00 % FDR with 8 Ions" decoy=0 threshold=0.954274 total=8
time="06:41:46" level=info msg="Post processing identifications"
time="06:41:47" level=info msg="Assigning protein identifications to layers"
time="06:41:47" level=info msg="Processing protein inference"
time="06:41:47" level=info msg="Synchronizing PSMs and proteins"
time="06:41:47" level=info msg="Final report numbers after FDR filtering, and post-processing" ions=8 peptides=7 proteins=8 psms=47
time="06:41:47" level=info msg=Saving
time="06:41:47" level=info msg=Done
