time="01:51:38" level=info msg="Executing Filter  v5.1.2"
time="01:51:38" level=info msg="Fetching protein inference from /scratch/negishi/afarzam/MSV000086944_results_v4/second_pass_upstream/AspN_ETD/AspN_ETD_2pass_results/GM12878_AspN_ETD"
time="01:51:39" level=info msg="Processing peptide identification files"
time="01:51:39" level=info msg="Parsing /scratch/negishi/afarzam/MSV000086944_results_v4/second_pass_upstream/AspN_ETD/AspN_ETD_2pass_results/hESC_AspN_ETD/interact-ETD_hES_AspN_9_140724160635_sub.pep.xml"
time="01:51:39" level=info msg="Parsing /scratch/negishi/afarzam/MSV000086944_results_v4/second_pass_upstream/AspN_ETD/AspN_ETD_2pass_results/hESC_AspN_ETD/interact-ETD_hES_AspN8_140724121332_sub.pep.xml"
time="01:51:39" level=info msg="Parsing /scratch/negishi/afarzam/MSV000086944_results_v4/second_pass_upstream/AspN_ETD/AspN_ETD_2pass_results/hESC_AspN_ETD/interact-ETD_hES_AspN_10_sub.pep.xml"
time="01:51:39" level=info msg="Parsing /scratch/negishi/afarzam/MSV000086944_results_v4/second_pass_upstream/AspN_ETD/AspN_ETD_2pass_results/hESC_AspN_ETD/interact-ETD_hES_AspN5_140724062403_sub.pep.xml"
time="01:51:39" level=info msg="Parsing /scratch/negishi/afarzam/MSV000086944_results_v4/second_pass_upstream/AspN_ETD/AspN_ETD_2pass_results/hESC_AspN_ETD/interact-ETD_hES_AspN4_140724042730_sub.pep.xml"
time="01:51:39" level=info msg="Parsing /scratch/negishi/afarzam/MSV000086944_results_v4/second_pass_upstream/AspN_ETD/AspN_ETD_2pass_results/hESC_AspN_ETD/interact-ETD_hES_AspN_17_sub.pep.xml"
time="01:51:39" level=info msg="Parsing /scratch/negishi/afarzam/MSV000086944_results_v4/second_pass_upstream/AspN_ETD/AspN_ETD_2pass_results/hESC_AspN_ETD/interact-ETD_hES_AspN1_140723223806_sub.pep.xml"
time="01:51:39" level=info msg="Parsing /scratch/negishi/afarzam/MSV000086944_results_v4/second_pass_upstream/AspN_ETD/AspN_ETD_2pass_results/hESC_AspN_ETD/interact-ETD_hES_AspN3_140724023057_sub.pep.xml"
time="01:51:39" level=info msg="Parsing /scratch/negishi/afarzam/MSV000086944_results_v4/second_pass_upstream/AspN_ETD/AspN_ETD_2pass_results/hESC_AspN_ETD/interact-ETD_hES_AspN_21_sub.pep.xml"
time="01:51:39" level=info msg="Parsing /scratch/negishi/afarzam/MSV000086944_results_v4/second_pass_upstream/AspN_ETD/AspN_ETD_2pass_results/hESC_AspN_ETD/interact-ETD_hES_AspN_13_sub.pep.xml"
time="01:51:39" level=info msg="Parsing /scratch/negishi/afarzam/MSV000086944_results_v4/second_pass_upstream/AspN_ETD/AspN_ETD_2pass_results/hESC_AspN_ETD/interact-ETD_hES_AspN_15_sub.pep.xml"
time="01:51:39" level=info msg="Parsing /scratch/negishi/afarzam/MSV000086944_results_v4/second_pass_upstream/AspN_ETD/AspN_ETD_2pass_results/hESC_AspN_ETD/interact-ETD_hES_AspN6_140724082028_sub.pep.xml"
time="01:51:39" level=info msg="Parsing /scratch/negishi/afarzam/MSV000086944_results_v4/second_pass_upstream/AspN_ETD/AspN_ETD_2pass_results/hESC_AspN_ETD/interact-ETD_hES_AspN_16_sub.pep.xml"
time="01:51:39" level=info msg="Parsing /scratch/negishi/afarzam/MSV000086944_results_v4/second_pass_upstream/AspN_ETD/AspN_ETD_2pass_results/hESC_AspN_ETD/interact-ETD_hES_AspN_11_sub.pep.xml"
time="01:51:39" level=info msg="Parsing /scratch/negishi/afarzam/MSV000086944_results_v4/second_pass_upstream/AspN_ETD/AspN_ETD_2pass_results/hESC_AspN_ETD/interact-ETD_hES_AspN7_140724101659_sub.pep.xml"
time="01:51:39" level=info msg="Parsing /scratch/negishi/afarzam/MSV000086944_results_v4/second_pass_upstream/AspN_ETD/AspN_ETD_2pass_results/hESC_AspN_ETD/interact-ETD_hES_AspN_23_sub.pep.xml"
time="01:51:39" level=info msg="Parsing /scratch/negishi/afarzam/MSV000086944_results_v4/second_pass_upstream/AspN_ETD/AspN_ETD_2pass_results/hESC_AspN_ETD/interact-ETD_hES_AspN_22_sub.pep.xml"
time="01:51:39" level=info msg="Parsing /scratch/negishi/afarzam/MSV000086944_results_v4/second_pass_upstream/AspN_ETD/AspN_ETD_2pass_results/hESC_AspN_ETD/interact-ETD_hES_AspN_24_sub.pep.xml"
time="01:51:39" level=info msg="Parsing /scratch/negishi/afarzam/MSV000086944_results_v4/second_pass_upstream/AspN_ETD/AspN_ETD_2pass_results/hESC_AspN_ETD/interact-ETD_hES_AspN_18_sub.pep.xml"
time="01:51:39" level=info msg="Parsing /scratch/negishi/afarzam/MSV000086944_results_v4/second_pass_upstream/AspN_ETD/AspN_ETD_2pass_results/hESC_AspN_ETD/interact-ETD_hES_AspN_19_sub.pep.xml"
time="01:51:39" level=info msg="Parsing /scratch/negishi/afarzam/MSV000086944_results_v4/second_pass_upstream/AspN_ETD/AspN_ETD_2pass_results/hESC_AspN_ETD/interact-ETD_hES_AspN_14_sub.pep.xml"
time="01:51:39" level=info msg="Parsing /scratch/negishi/afarzam/MSV000086944_results_v4/second_pass_upstream/AspN_ETD/AspN_ETD_2pass_results/hESC_AspN_ETD/interact-ETD_hES_AspN2_140724003432_sub.pep.xml"
time="01:51:39" level=info msg="Parsing /scratch/negishi/afarzam/MSV000086944_results_v4/second_pass_upstream/AspN_ETD/AspN_ETD_2pass_results/hESC_AspN_ETD/interact-ETD_hES_AspN_20_sub.pep.xml"
time="01:51:39" level=info msg="Parsing /scratch/negishi/afarzam/MSV000086944_results_v4/second_pass_upstream/AspN_ETD/AspN_ETD_2pass_results/hESC_AspN_ETD/interact-ETD_hES_AspN_12_sub.pep.xml"
time="01:51:40" level=info msg="1+ Charge profile" decoy=0 target=0
time="01:51:40" level=info msg="2+ Charge profile" decoy=146 target=546
time="01:51:40" level=info msg="3+ Charge profile" decoy=116 target=270
time="01:51:40" level=info msg="4+ Charge profile" decoy=64 target=138
time="01:51:40" level=info msg="5+ Charge profile" decoy=40 target=75
time="01:51:40" level=info msg="6+ Charge profile" decoy=28 target=74
time="01:51:40" level=info msg="Database search results" ions=1350 peptides=1327 psms=1497
time="01:51:40" level=info msg="Converged to 0.00 % FDR with 12 PSMs" decoy=0 threshold=0.915962 total=12
time="01:51:40" level=info msg="Converged to 0.00 % FDR with 11 Peptides" decoy=0 threshold=0.915962 total=11
time="01:51:40" level=info msg="Converged to 0.00 % FDR with 11 Ions" decoy=0 threshold=0.915962 total=11
time="01:51:40" level=info msg="Protein inference results" decoy=1506 target=2403
time="01:51:40" level=info msg="Converged to 0.00 % FDR with 34 Proteins" decoy=0 threshold=0.9397 total=34
time="01:51:40" level=info msg="Applying sequential FDR estimation" ions=6 peptides=6 psms=6
time="01:51:40" level=info msg="Converged to 0.00 % FDR with 5 PSMs" decoy=0 threshold=0.950272 total=5
time="01:51:40" level=info msg="Converged to 0.00 % FDR with 5 Peptides" decoy=0 threshold=0.950272 total=5
time="01:51:40" level=info msg="Converged to 0.00 % FDR with 5 Ions" decoy=0 threshold=0.950272 total=5
time="01:51:40" level=info msg="Post processing identifications"
time="01:51:40" level=info msg="Assigning protein identifications to layers"
time="01:51:41" level=info msg="Processing protein inference"
time="01:51:41" level=info msg="Synchronizing PSMs and proteins"
time="01:51:41" level=info msg="Final report numbers after FDR filtering, and post-processing" ions=5 peptides=5 proteins=5 psms=5
time="01:51:41" level=info msg=Saving
time="01:51:41" level=info msg=Done
