time="16:31:21" level=info msg="Executing Filter  v5.1.2"
time="16:31:21" level=info msg="Processing peptide identification files"
time="16:31:21" level=info msg="Parsing /scratch/negishi/afarzam/MSV000086944_results_and_control_searches/second_pass_downstream_nozf/LysN_CAD/LysN_CAD_2pass_results/GM12878_LysN_HCD/interact-20141202_alr_CompleteHumanProteome_GM12878_LysN_HCD_fr35_sub.pep.xml"
time="16:31:21" level=info msg="Parsing /scratch/negishi/afarzam/MSV000086944_results_and_control_searches/second_pass_downstream_nozf/LysN_CAD/LysN_CAD_2pass_results/GM12878_LysN_HCD/interact-20141125_alr_CompleteHumanProteome_GM12878_LysN_HCD_fr10_sub.pep.xml"
time="16:31:21" level=info msg="Parsing /scratch/negishi/afarzam/MSV000086944_results_and_control_searches/second_pass_downstream_nozf/LysN_CAD/LysN_CAD_2pass_results/GM12878_LysN_HCD/interact-20141125_alr_CompleteHumanProteome_GM12878_LysN_HCD_fr13_sub.pep.xml"
time="16:31:21" level=info msg="Parsing /scratch/negishi/afarzam/MSV000086944_results_and_control_searches/second_pass_downstream_nozf/LysN_CAD/LysN_CAD_2pass_results/GM12878_LysN_HCD/interact-20141125_alr_CompleteHumanProteome_GM12878_LysN_HCD_fr12_sub.pep.xml"
time="16:31:21" level=info msg="Parsing /scratch/negishi/afarzam/MSV000086944_results_and_control_searches/second_pass_downstream_nozf/LysN_CAD/LysN_CAD_2pass_results/GM12878_LysN_HCD/interact-20141125_alr_CompleteHumanProteome_GM12878_LysN_HCD_fr14_sub.pep.xml"
time="16:31:21" level=info msg="Parsing /scratch/negishi/afarzam/MSV000086944_results_and_control_searches/second_pass_downstream_nozf/LysN_CAD/LysN_CAD_2pass_results/GM12878_LysN_HCD/interact-20141125_alr_CompleteHumanProteome_GM12878_LysN_HCD_fr9_sub.pep.xml"
time="16:31:21" level=info msg="Parsing /scratch/negishi/afarzam/MSV000086944_results_and_control_searches/second_pass_downstream_nozf/LysN_CAD/LysN_CAD_2pass_results/GM12878_LysN_HCD/interact-20141202_alr_CompleteHumanProteome_GM12878_LysN_HCD_fr27_sub.pep.xml"
time="16:31:21" level=info msg="Parsing /scratch/negishi/afarzam/MSV000086944_results_and_control_searches/second_pass_downstream_nozf/LysN_CAD/LysN_CAD_2pass_results/GM12878_LysN_HCD/interact-20141125_alr_CompleteHumanProteome_GM12878_LysN_HCD_fr11_sub.pep.xml"
time="16:31:21" level=info msg="Parsing /scratch/negishi/afarzam/MSV000086944_results_and_control_searches/second_pass_downstream_nozf/LysN_CAD/LysN_CAD_2pass_results/GM12878_LysN_HCD/interact-20141125_alr_CompleteHumanProteome_GM12878_LysN_HCD_fr15_sub.pep.xml"
time="16:31:21" level=info msg="Parsing /scratch/negishi/afarzam/MSV000086944_results_and_control_searches/second_pass_downstream_nozf/LysN_CAD/LysN_CAD_2pass_results/GM12878_LysN_HCD/interact-20141202_alr_CompleteHumanProteome_GM12878_LysN_HCD_fr24_sub.pep.xml"
time="16:31:21" level=info msg="Parsing /scratch/negishi/afarzam/MSV000086944_results_and_control_searches/second_pass_downstream_nozf/LysN_CAD/LysN_CAD_2pass_results/GM12878_LysN_HCD/interact-20141202_alr_CompleteHumanProteome_GM12878_LysN_HCD_fr23_sub.pep.xml"
time="16:31:21" level=info msg="Parsing /scratch/negishi/afarzam/MSV000086944_results_and_control_searches/second_pass_downstream_nozf/LysN_CAD/LysN_CAD_2pass_results/GM12878_LysN_HCD/interact-20141202_alr_CompleteHumanProteome_GM12878_LysN_HCD_fr21_sub.pep.xml"
time="16:31:21" level=info msg="Parsing /scratch/negishi/afarzam/MSV000086944_results_and_control_searches/second_pass_downstream_nozf/LysN_CAD/LysN_CAD_2pass_results/GM12878_LysN_HCD/interact-20141202_alr_CompleteHumanProteome_GM12878_LysN_HCD_fr22_sub.pep.xml"
time="16:31:21" level=info msg="Parsing /scratch/negishi/afarzam/MSV000086944_results_and_control_searches/second_pass_downstream_nozf/LysN_CAD/LysN_CAD_2pass_results/GM12878_LysN_HCD/interact-20141202_alr_CompleteHumanProteome_GM12878_LysN_HCD_fr25_sub.pep.xml"
time="16:31:21" level=info msg="Parsing /scratch/negishi/afarzam/MSV000086944_results_and_control_searches/second_pass_downstream_nozf/LysN_CAD/LysN_CAD_2pass_results/GM12878_LysN_HCD/interact-20141202_alr_CompleteHumanProteome_GM12878_LysN_HCD_fr26_sub.pep.xml"
time="16:31:21" level=info msg="Parsing /scratch/negishi/afarzam/MSV000086944_results_and_control_searches/second_pass_downstream_nozf/LysN_CAD/LysN_CAD_2pass_results/GM12878_LysN_HCD/interact-20141125_alr_CompleteHumanProteome_GM12878_LysN_HCD_fr20_sub.pep.xml"
time="16:31:21" level=info msg="Parsing /scratch/negishi/afarzam/MSV000086944_results_and_control_searches/second_pass_downstream_nozf/LysN_CAD/LysN_CAD_2pass_results/GM12878_LysN_HCD/interact-20141125_alr_CompleteHumanProteome_GM12878_LysN_HCD_fr18_sub.pep.xml"
time="16:31:21" level=info msg="Parsing /scratch/negishi/afarzam/MSV000086944_results_and_control_searches/second_pass_downstream_nozf/LysN_CAD/LysN_CAD_2pass_results/GM12878_LysN_HCD/interact-20141125_alr_CompleteHumanProteome_GM12878_LysN_HCD_fr1_sub.pep.xml"
time="16:31:21" level=info msg="Parsing /scratch/negishi/afarzam/MSV000086944_results_and_control_searches/second_pass_downstream_nozf/LysN_CAD/LysN_CAD_2pass_results/GM12878_LysN_HCD/interact-20141202_alr_CompleteHumanProteome_GM12878_LysN_HCD_fr31_sub.pep.xml"
time="16:31:21" level=info msg="Parsing /scratch/negishi/afarzam/MSV000086944_results_and_control_searches/second_pass_downstream_nozf/LysN_CAD/LysN_CAD_2pass_results/GM12878_LysN_HCD/interact-20141202_alr_CompleteHumanProteome_GM12878_LysN_HCD_fr30_sub.pep.xml"
time="16:31:21" level=info msg="Parsing /scratch/negishi/afarzam/MSV000086944_results_and_control_searches/second_pass_downstream_nozf/LysN_CAD/LysN_CAD_2pass_results/GM12878_LysN_HCD/interact-20141125_alr_CompleteHumanProteome_GM12878_LysN_HCD_fr19_sub.pep.xml"
time="16:31:21" level=info msg="Parsing /scratch/negishi/afarzam/MSV000086944_results_and_control_searches/second_pass_downstream_nozf/LysN_CAD/LysN_CAD_2pass_results/GM12878_LysN_HCD/interact-20141125_alr_CompleteHumanProteome_GM12878_LysN_HCD_fr4_sub.pep.xml"
time="16:31:21" level=info msg="Parsing /scratch/negishi/afarzam/MSV000086944_results_and_control_searches/second_pass_downstream_nozf/LysN_CAD/LysN_CAD_2pass_results/GM12878_LysN_HCD/interact-20141125_alr_CompleteHumanProteome_GM12878_LysN_HCD_fr16_sub.pep.xml"
time="16:31:21" level=info msg="Parsing /scratch/negishi/afarzam/MSV000086944_results_and_control_searches/second_pass_downstream_nozf/LysN_CAD/LysN_CAD_2pass_results/GM12878_LysN_HCD/interact-20141202_alr_CompleteHumanProteome_GM12878_LysN_HCD_fr28_sub.pep.xml"
time="16:31:21" level=info msg="Parsing /scratch/negishi/afarzam/MSV000086944_results_and_control_searches/second_pass_downstream_nozf/LysN_CAD/LysN_CAD_2pass_results/GM12878_LysN_HCD/interact-20141125_alr_CompleteHumanProteome_GM12878_LysN_HCD_fr8_sub.pep.xml"
time="16:31:21" level=info msg="Parsing /scratch/negishi/afarzam/MSV000086944_results_and_control_searches/second_pass_downstream_nozf/LysN_CAD/LysN_CAD_2pass_results/GM12878_LysN_HCD/interact-20141125_alr_CompleteHumanProteome_GM12878_LysN_HCD_fr2_sub.pep.xml"
time="16:31:21" level=warning msg="No PSM was found in data set. /scratch/negishi/afarzam/MSV000086944_results_and_control_searches/second_pass_downstream_nozf/LysN_CAD/LysN_CAD_2pass_results/GM12878_LysN_HCD/interact-20141202_alr_CompleteHumanProteome_GM12878_LysN_HCD_fr31_sub.pep.xml"
time="16:31:21" level=info msg="Parsing /scratch/negishi/afarzam/MSV000086944_results_and_control_searches/second_pass_downstream_nozf/LysN_CAD/LysN_CAD_2pass_results/GM12878_LysN_HCD/interact-20141125_alr_CompleteHumanProteome_GM12878_LysN_HCD_fr3_sub.pep.xml"
time="16:31:21" level=info msg="Parsing /scratch/negishi/afarzam/MSV000086944_results_and_control_searches/second_pass_downstream_nozf/LysN_CAD/LysN_CAD_2pass_results/GM12878_LysN_HCD/interact-20141125_alr_CompleteHumanProteome_GM12878_LysN_HCD_fr6_sub.pep.xml"
time="16:31:21" level=info msg="Parsing /scratch/negishi/afarzam/MSV000086944_results_and_control_searches/second_pass_downstream_nozf/LysN_CAD/LysN_CAD_2pass_results/GM12878_LysN_HCD/interact-20141125_alr_CompleteHumanProteome_GM12878_LysN_HCD_fr5_sub.pep.xml"
time="16:31:21" level=info msg="Parsing /scratch/negishi/afarzam/MSV000086944_results_and_control_searches/second_pass_downstream_nozf/LysN_CAD/LysN_CAD_2pass_results/GM12878_LysN_HCD/interact-20141202_alr_CompleteHumanProteome_GM12878_LysN_HCD_fr32_sub.pep.xml"
time="16:31:21" level=info msg="Parsing /scratch/negishi/afarzam/MSV000086944_results_and_control_searches/second_pass_downstream_nozf/LysN_CAD/LysN_CAD_2pass_results/GM12878_LysN_HCD/interact-20141202_alr_CompleteHumanProteome_GM12878_LysN_HCD_fr29_sub.pep.xml"
time="16:31:21" level=info msg="Parsing /scratch/negishi/afarzam/MSV000086944_results_and_control_searches/second_pass_downstream_nozf/LysN_CAD/LysN_CAD_2pass_results/GM12878_LysN_HCD/interact-20141202_alr_CompleteHumanProteome_GM12878_LysN_HCD_fr34_sub.pep.xml"
time="16:31:21" level=info msg="Parsing /scratch/negishi/afarzam/MSV000086944_results_and_control_searches/second_pass_downstream_nozf/LysN_CAD/LysN_CAD_2pass_results/GM12878_LysN_HCD/interact-20141125_alr_CompleteHumanProteome_GM12878_LysN_HCD_fr17_sub.pep.xml"
time="16:31:21" level=info msg="Parsing /scratch/negishi/afarzam/MSV000086944_results_and_control_searches/second_pass_downstream_nozf/LysN_CAD/LysN_CAD_2pass_results/GM12878_LysN_HCD/interact-20141202_alr_CompleteHumanProteome_GM12878_LysN_HCD_fr33_sub.pep.xml"
time="16:31:21" level=info msg="Parsing /scratch/negishi/afarzam/MSV000086944_results_and_control_searches/second_pass_downstream_nozf/LysN_CAD/LysN_CAD_2pass_results/GM12878_LysN_HCD/interact-20141125_alr_CompleteHumanProteome_GM12878_LysN_HCD_fr7_sub.pep.xml"
time="16:31:21" level=info msg="1+ Charge profile" decoy=0 target=0
time="16:31:21" level=info msg="2+ Charge profile" decoy=44 target=164
time="16:31:21" level=info msg="3+ Charge profile" decoy=40 target=161
time="16:31:21" level=info msg="4+ Charge profile" decoy=22 target=76
time="16:31:21" level=info msg="5+ Charge profile" decoy=20 target=35
time="16:31:21" level=info msg="6+ Charge profile" decoy=5 target=19
time="16:31:21" level=info msg="Database search results" ions=499 peptides=490 psms=586
time="16:31:21" level=info msg="Converged to 0.00 % FDR with 11 PSMs" decoy=0 threshold=0.96758 total=11
time="16:31:21" level=info msg="Converged to 0.00 % FDR with 11 Peptides" decoy=0 threshold=0.96758 total=11
time="16:31:21" level=info msg="Converged to 0.00 % FDR with 11 Ions" decoy=0 threshold=0.96758 total=11
time="16:31:21" level=info msg="Protein inference results" decoy=542 target=1015
time="16:31:21" level=info msg="Converged to 0.00 % FDR with 24 Proteins" decoy=0 threshold=0.9694 total=24
time="16:31:21" level=info msg="Applying sequential FDR estimation" ions=8 peptides=8 psms=8
time="16:31:21" level=info msg="Converged to 0.00 % FDR with 7 PSMs" decoy=0 threshold=0.970379 total=7
time="16:31:21" level=info msg="Converged to 0.00 % FDR with 7 Peptides" decoy=0 threshold=0.970379 total=7
time="16:31:21" level=info msg="Converged to 0.00 % FDR with 7 Ions" decoy=0 threshold=0.970379 total=7
time="16:31:21" level=info msg="Post processing identifications"
time="16:31:21" level=info msg="Assigning protein identifications to layers"
time="16:31:22" level=info msg="Processing protein inference"
time="16:31:22" level=info msg="Synchronizing PSMs and proteins"
time="16:31:22" level=info msg="Final report numbers after FDR filtering, and post-processing" ions=7 peptides=7 proteins=7 psms=7
time="16:31:22" level=info msg=Saving
time="16:31:22" level=info msg=Done
