time="18:01:52" level=info msg="Executing Filter  v5.1.2"
time="18:01:52" level=info msg="Processing peptide identification files"
time="18:01:52" level=info msg="Parsing /scratch/negishi/afarzam/MSV000086944_results_v4/second_pass_downstream/GluC_CAD/GluC_CAD_2pass_results/GM12878_GluC_CAD/interact-GM12878_GluC_5_CAD_sub.pep.xml"
time="18:01:52" level=info msg="Parsing /scratch/negishi/afarzam/MSV000086944_results_v4/second_pass_downstream/GluC_CAD/GluC_CAD_2pass_results/GM12878_GluC_CAD/interact-GM12878_GluC_2_CAD_sub.pep.xml"
time="18:01:52" level=info msg="Parsing /scratch/negishi/afarzam/MSV000086944_results_v4/second_pass_downstream/GluC_CAD/GluC_CAD_2pass_results/GM12878_GluC_CAD/interact-GM12878_GluC_3_CAD_sub.pep.xml"
time="18:01:52" level=info msg="Parsing /scratch/negishi/afarzam/MSV000086944_results_v4/second_pass_downstream/GluC_CAD/GluC_CAD_2pass_results/GM12878_GluC_CAD/interact-GM12878_GluC_4_CAD_sub.pep.xml"
time="18:01:53" level=info msg="1+ Charge profile" decoy=0 target=0
time="18:01:53" level=info msg="2+ Charge profile" decoy=12 target=14
time="18:01:53" level=info msg="3+ Charge profile" decoy=6 target=11
time="18:01:53" level=info msg="4+ Charge profile" decoy=0 target=10
time="18:01:53" level=info msg="5+ Charge profile" decoy=0 target=2
time="18:01:53" level=info msg="6+ Charge profile" decoy=1 target=1
time="18:01:53" level=info msg="Database search results" ions=56 peptides=56 psms=57
time="18:01:53" level=info msg="Converged to 0.00 % FDR with 0 PSMs" decoy=0 threshold=10 total=0
time="18:01:53" level=info msg="Converged to 0.00 % FDR with 0 Peptides" decoy=0 threshold=10 total=0
time="18:01:53" level=info msg="Converged to 0.00 % FDR with 0 Ions" decoy=0 threshold=10 total=0
time="18:01:53" level=info msg="Protein inference results" decoy=1685 target=2096
time="18:01:53" level=info msg="Converged to 0.00 % FDR with 28 Proteins" decoy=0 threshold=0.968 total=28
time="18:01:53" level=info msg="Applying sequential FDR estimation" ions=0 peptides=0 psms=0
time="18:01:53" level=info msg="Converged to 0.00 % FDR with 0 PSMs" decoy=0 threshold=10 total=0
time="18:01:53" level=info msg="Converged to 0.00 % FDR with 0 Peptides" decoy=0 threshold=10 total=0
time="18:01:53" level=info msg="Converged to 0.00 % FDR with 0 Ions" decoy=0 threshold=10 total=0
time="18:01:53" level=info msg="Post processing identifications"
time="18:01:54" level=info msg="Assigning protein identifications to layers"
time="18:01:54" level=info msg="Processing protein inference"
time="18:01:54" level=info msg="Synchronizing PSMs and proteins"
time="18:01:54" level=info msg="Final report numbers after FDR filtering, and post-processing" ions=0 peptides=0 proteins=0 psms=0
time="18:01:54" level=info msg=Saving
time="18:01:54" level=info msg=Done
