time="14:13:24" level=info msg="Executing Filter  v5.1.2"
time="14:13:24" level=info msg="Fetching protein inference from /scratch/negishi/afarzam/MSV000086944_results_v4/second_pass_downstream/AspN_ETD/AspN_ETD_2pass_results/GM12878_AspN_ETD"
time="14:13:25" level=info msg="Processing peptide identification files"
time="14:13:25" level=info msg="Parsing /scratch/negishi/afarzam/MSV000086944_results_v4/second_pass_downstream/AspN_ETD/AspN_ETD_2pass_results/HUVEC_AspN_ETD/interact-20151228_alr_CompleteHumanProteome_HUVEC_ETD_AspN_9_sub.pep.xml"
time="14:13:25" level=info msg="Parsing /scratch/negishi/afarzam/MSV000086944_results_v4/second_pass_downstream/AspN_ETD/AspN_ETD_2pass_results/HUVEC_AspN_ETD/interact-20151228_alr_CompleteHumanProteome_HUVEC_ETD_AspN_11_sub.pep.xml"
time="14:13:25" level=info msg="Parsing /scratch/negishi/afarzam/MSV000086944_results_v4/second_pass_downstream/AspN_ETD/AspN_ETD_2pass_results/HUVEC_AspN_ETD/interact-20151228_alr_CompleteHumanProteome_HUVEC_ETD_AspN_27_sub.pep.xml"
time="14:13:25" level=info msg="Parsing /scratch/negishi/afarzam/MSV000086944_results_v4/second_pass_downstream/AspN_ETD/AspN_ETD_2pass_results/HUVEC_AspN_ETD/interact-20151228_alr_CompleteHumanProteome_HUVEC_ETD_AspN_10_sub.pep.xml"
time="14:13:25" level=info msg="Parsing /scratch/negishi/afarzam/MSV000086944_results_v4/second_pass_downstream/AspN_ETD/AspN_ETD_2pass_results/HUVEC_AspN_ETD/interact-20151228_alr_CompleteHumanProteome_HUVEC_ETD_AspN_26_sub.pep.xml"
time="14:13:25" level=info msg="Parsing /scratch/negishi/afarzam/MSV000086944_results_v4/second_pass_downstream/AspN_ETD/AspN_ETD_2pass_results/HUVEC_AspN_ETD/interact-20151228_alr_CompleteHumanProteome_HUVEC_ETD_AspN_19_sub.pep.xml"
time="14:13:25" level=info msg="Parsing /scratch/negishi/afarzam/MSV000086944_results_v4/second_pass_downstream/AspN_ETD/AspN_ETD_2pass_results/HUVEC_AspN_ETD/interact-20151228_alr_CompleteHumanProteome_HUVEC_ETD_AspN_1_sub.pep.xml"
time="14:13:25" level=info msg="Parsing /scratch/negishi/afarzam/MSV000086944_results_v4/second_pass_downstream/AspN_ETD/AspN_ETD_2pass_results/HUVEC_AspN_ETD/interact-20151228_alr_CompleteHumanProteome_HUVEC_ETD_AspN_12_sub.pep.xml"
time="14:13:25" level=info msg="Parsing /scratch/negishi/afarzam/MSV000086944_results_v4/second_pass_downstream/AspN_ETD/AspN_ETD_2pass_results/HUVEC_AspN_ETD/interact-20151228_alr_CompleteHumanProteome_HUVEC_ETD_AspN_34_sub.pep.xml"
time="14:13:25" level=info msg="Parsing /scratch/negishi/afarzam/MSV000086944_results_v4/second_pass_downstream/AspN_ETD/AspN_ETD_2pass_results/HUVEC_AspN_ETD/interact-20151228_alr_CompleteHumanProteome_HUVEC_ETD_AspN_30_sub.pep.xml"
time="14:13:25" level=info msg="Parsing /scratch/negishi/afarzam/MSV000086944_results_v4/second_pass_downstream/AspN_ETD/AspN_ETD_2pass_results/HUVEC_AspN_ETD/interact-20151228_alr_CompleteHumanProteome_HUVEC_ETD_AspN_16_sub.pep.xml"
time="14:13:25" level=info msg="Parsing /scratch/negishi/afarzam/MSV000086944_results_v4/second_pass_downstream/AspN_ETD/AspN_ETD_2pass_results/HUVEC_AspN_ETD/interact-20151228_alr_CompleteHumanProteome_HUVEC_ETD_AspN_31_sub.pep.xml"
time="14:13:25" level=info msg="Parsing /scratch/negishi/afarzam/MSV000086944_results_v4/second_pass_downstream/AspN_ETD/AspN_ETD_2pass_results/HUVEC_AspN_ETD/interact-20151228_alr_CompleteHumanProteome_HUVEC_ETD_AspN_15_sub.pep.xml"
time="14:13:25" level=info msg="Parsing /scratch/negishi/afarzam/MSV000086944_results_v4/second_pass_downstream/AspN_ETD/AspN_ETD_2pass_results/HUVEC_AspN_ETD/interact-20151228_alr_CompleteHumanProteome_HUVEC_ETD_AspN_2_sub.pep.xml"
time="14:13:25" level=warning msg="No PSM was found in data set. /scratch/negishi/afarzam/MSV000086944_results_v4/second_pass_downstream/AspN_ETD/AspN_ETD_2pass_results/HUVEC_AspN_ETD/interact-20151228_alr_CompleteHumanProteome_HUVEC_ETD_AspN_11_sub.pep.xml"
time="14:13:25" level=info msg="Parsing /scratch/negishi/afarzam/MSV000086944_results_v4/second_pass_downstream/AspN_ETD/AspN_ETD_2pass_results/HUVEC_AspN_ETD/interact-20151228_alr_CompleteHumanProteome_HUVEC_ETD_AspN_22_sub.pep.xml"
time="14:13:25" level=info msg="Parsing /scratch/negishi/afarzam/MSV000086944_results_v4/second_pass_downstream/AspN_ETD/AspN_ETD_2pass_results/HUVEC_AspN_ETD/interact-20151228_alr_CompleteHumanProteome_HUVEC_ETD_AspN_32_sub.pep.xml"
time="14:13:25" level=info msg="Parsing /scratch/negishi/afarzam/MSV000086944_results_v4/second_pass_downstream/AspN_ETD/AspN_ETD_2pass_results/HUVEC_AspN_ETD/interact-20151228_alr_CompleteHumanProteome_HUVEC_ETD_AspN_13_sub.pep.xml"
time="14:13:25" level=info msg="Parsing /scratch/negishi/afarzam/MSV000086944_results_v4/second_pass_downstream/AspN_ETD/AspN_ETD_2pass_results/HUVEC_AspN_ETD/interact-20151228_alr_CompleteHumanProteome_HUVEC_ETD_AspN_20_sub.pep.xml"
time="14:13:25" level=info msg="Parsing /scratch/negishi/afarzam/MSV000086944_results_v4/second_pass_downstream/AspN_ETD/AspN_ETD_2pass_results/HUVEC_AspN_ETD/interact-20151228_alr_CompleteHumanProteome_HUVEC_ETD_AspN_29_sub.pep.xml"
time="14:13:25" level=info msg="Parsing /scratch/negishi/afarzam/MSV000086944_results_v4/second_pass_downstream/AspN_ETD/AspN_ETD_2pass_results/HUVEC_AspN_ETD/interact-20151228_alr_CompleteHumanProteome_HUVEC_ETD_AspN_35_sub.pep.xml"
time="14:13:25" level=info msg="Parsing /scratch/negishi/afarzam/MSV000086944_results_v4/second_pass_downstream/AspN_ETD/AspN_ETD_2pass_results/HUVEC_AspN_ETD/interact-20151228_alr_CompleteHumanProteome_HUVEC_ETD_AspN_18_sub.pep.xml"
time="14:13:25" level=info msg="Parsing /scratch/negishi/afarzam/MSV000086944_results_v4/second_pass_downstream/AspN_ETD/AspN_ETD_2pass_results/HUVEC_AspN_ETD/interact-20151228_alr_CompleteHumanProteome_HUVEC_ETD_AspN_24_sub.pep.xml"
time="14:13:25" level=info msg="Parsing /scratch/negishi/afarzam/MSV000086944_results_v4/second_pass_downstream/AspN_ETD/AspN_ETD_2pass_results/HUVEC_AspN_ETD/interact-20151228_alr_CompleteHumanProteome_HUVEC_ETD_AspN_3_sub.pep.xml"
time="14:13:25" level=info msg="Parsing /scratch/negishi/afarzam/MSV000086944_results_v4/second_pass_downstream/AspN_ETD/AspN_ETD_2pass_results/HUVEC_AspN_ETD/interact-20151228_alr_CompleteHumanProteome_HUVEC_ETD_AspN_23_sub.pep.xml"
time="14:13:25" level=info msg="Parsing /scratch/negishi/afarzam/MSV000086944_results_v4/second_pass_downstream/AspN_ETD/AspN_ETD_2pass_results/HUVEC_AspN_ETD/interact-20151228_alr_CompleteHumanProteome_HUVEC_ETD_AspN_8_sub.pep.xml"
time="14:13:25" level=warning msg="No PSM was found in data set. /scratch/negishi/afarzam/MSV000086944_results_v4/second_pass_downstream/AspN_ETD/AspN_ETD_2pass_results/HUVEC_AspN_ETD/interact-20151228_alr_CompleteHumanProteome_HUVEC_ETD_AspN_31_sub.pep.xml"
time="14:13:25" level=info msg="Parsing /scratch/negishi/afarzam/MSV000086944_results_v4/second_pass_downstream/AspN_ETD/AspN_ETD_2pass_results/HUVEC_AspN_ETD/interact-20151228_alr_CompleteHumanProteome_HUVEC_ETD_AspN_6_sub.pep.xml"
time="14:13:25" level=info msg="Parsing /scratch/negishi/afarzam/MSV000086944_results_v4/second_pass_downstream/AspN_ETD/AspN_ETD_2pass_results/HUVEC_AspN_ETD/interact-20151228_alr_CompleteHumanProteome_HUVEC_ETD_AspN_17_sub.pep.xml"
time="14:13:25" level=warning msg="No PSM was found in data set. /scratch/negishi/afarzam/MSV000086944_results_v4/second_pass_downstream/AspN_ETD/AspN_ETD_2pass_results/HUVEC_AspN_ETD/interact-20151228_alr_CompleteHumanProteome_HUVEC_ETD_AspN_34_sub.pep.xml"
time="14:13:25" level=info msg="Parsing /scratch/negishi/afarzam/MSV000086944_results_v4/second_pass_downstream/AspN_ETD/AspN_ETD_2pass_results/HUVEC_AspN_ETD/interact-20151228_alr_CompleteHumanProteome_HUVEC_ETD_AspN_21_sub.pep.xml"
time="14:13:25" level=info msg="Parsing /scratch/negishi/afarzam/MSV000086944_results_v4/second_pass_downstream/AspN_ETD/AspN_ETD_2pass_results/HUVEC_AspN_ETD/interact-20151228_alr_CompleteHumanProteome_HUVEC_ETD_AspN_7_sub.pep.xml"
time="14:13:25" level=warning msg="No PSM was found in data set. /scratch/negishi/afarzam/MSV000086944_results_v4/second_pass_downstream/AspN_ETD/AspN_ETD_2pass_results/HUVEC_AspN_ETD/interact-20151228_alr_CompleteHumanProteome_HUVEC_ETD_AspN_20_sub.pep.xml"
time="14:13:25" level=info msg="Parsing /scratch/negishi/afarzam/MSV000086944_results_v4/second_pass_downstream/AspN_ETD/AspN_ETD_2pass_results/HUVEC_AspN_ETD/interact-20151228_alr_CompleteHumanProteome_HUVEC_ETD_AspN_33_sub.pep.xml"
time="14:13:25" level=info msg="Parsing /scratch/negishi/afarzam/MSV000086944_results_v4/second_pass_downstream/AspN_ETD/AspN_ETD_2pass_results/HUVEC_AspN_ETD/interact-20151228_alr_CompleteHumanProteome_HUVEC_ETD_AspN_14_sub.pep.xml"
time="14:13:25" level=warning msg="No PSM was found in data set. /scratch/negishi/afarzam/MSV000086944_results_v4/second_pass_downstream/AspN_ETD/AspN_ETD_2pass_results/HUVEC_AspN_ETD/interact-20151228_alr_CompleteHumanProteome_HUVEC_ETD_AspN_32_sub.pep.xml"
time="14:13:25" level=info msg="Parsing /scratch/negishi/afarzam/MSV000086944_results_v4/second_pass_downstream/AspN_ETD/AspN_ETD_2pass_results/HUVEC_AspN_ETD/interact-20151228_alr_CompleteHumanProteome_HUVEC_ETD_AspN_28_sub.pep.xml"
time="14:13:25" level=info msg="Parsing /scratch/negishi/afarzam/MSV000086944_results_v4/second_pass_downstream/AspN_ETD/AspN_ETD_2pass_results/HUVEC_AspN_ETD/interact-20151228_alr_CompleteHumanProteome_HUVEC_ETD_AspN_25_sub.pep.xml"
time="14:13:25" level=info msg="Parsing /scratch/negishi/afarzam/MSV000086944_results_v4/second_pass_downstream/AspN_ETD/AspN_ETD_2pass_results/HUVEC_AspN_ETD/interact-20151228_alr_CompleteHumanProteome_HUVEC_ETD_AspN_4_sub.pep.xml"
time="14:13:25" level=info msg="Parsing /scratch/negishi/afarzam/MSV000086944_results_v4/second_pass_downstream/AspN_ETD/AspN_ETD_2pass_results/HUVEC_AspN_ETD/interact-20151228_alr_CompleteHumanProteome_HUVEC_ETD_AspN_5_sub.pep.xml"
time="14:13:25" level=warning msg="No PSM was found in data set. /scratch/negishi/afarzam/MSV000086944_results_v4/second_pass_downstream/AspN_ETD/AspN_ETD_2pass_results/HUVEC_AspN_ETD/interact-20151228_alr_CompleteHumanProteome_HUVEC_ETD_AspN_23_sub.pep.xml"
time="14:13:26" level=info msg="1+ Charge profile" decoy=0 target=0
time="14:13:26" level=info msg="2+ Charge profile" decoy=18 target=114
time="14:13:26" level=info msg="3+ Charge profile" decoy=22 target=79
time="14:13:26" level=info msg="4+ Charge profile" decoy=23 target=53
time="14:13:26" level=info msg="5+ Charge profile" decoy=12 target=51
time="14:13:26" level=info msg="6+ Charge profile" decoy=5 target=21
time="14:13:26" level=info msg="Database search results" ions=340 peptides=325 psms=398
time="14:13:26" level=info msg="Converged to 0.00 % FDR with 4 PSMs" decoy=0 threshold=0.913778 total=4
time="14:13:26" level=info msg="Converged to 0.00 % FDR with 4 Peptides" decoy=0 threshold=0.913778 total=4
time="14:13:26" level=info msg="Converged to 0.00 % FDR with 4 Ions" decoy=0 threshold=0.913778 total=4
time="14:13:26" level=info msg="Protein inference results" decoy=937 target=1543
time="14:13:26" level=info msg="Converged to 0.00 % FDR with 18 Proteins" decoy=0 threshold=0.9172 total=18
time="14:13:26" level=info msg="Applying sequential FDR estimation" ions=3 peptides=3 psms=3
time="14:13:26" level=info msg="Converged to 0.00 % FDR with 2 PSMs" decoy=0 threshold=0.9365 total=2
time="14:13:26" level=info msg="Converged to 0.00 % FDR with 2 Peptides" decoy=0 threshold=0.9365 total=2
time="14:13:26" level=info msg="Converged to 0.00 % FDR with 2 Ions" decoy=0 threshold=0.9365 total=2
time="14:13:26" level=info msg="Post processing identifications"
time="14:13:26" level=info msg="Assigning protein identifications to layers"
time="14:13:26" level=info msg="Processing protein inference"
time="14:13:27" level=info msg="Synchronizing PSMs and proteins"
time="14:13:27" level=info msg="Final report numbers after FDR filtering, and post-processing" ions=2 peptides=2 proteins=2 psms=2
time="14:13:27" level=info msg=Saving
time="14:13:27" level=info msg=Done
