time="18:24:47" level=info msg="Executing Filter  v5.1.2"
time="18:24:47" level=info msg="Fetching protein inference from /scratch/negishi/afarzam/MSV000086944_results_and_control_searches/second_pass_downstream_nozf/AspN_ETD/AspN_ETD_2pass_results/GM12878_AspN_ETD"
time="18:24:49" level=info msg="Processing peptide identification files"
time="18:24:49" level=info msg="Parsing /scratch/negishi/afarzam/MSV000086944_results_and_control_searches/second_pass_downstream_nozf/AspN_ETD/AspN_ETD_2pass_results/HeLa_AspN_ETD/interact-20151028_alr_CompleteHumanProteome_HeLaS3_ETD_AspN_fr10_sub.pep.xml"
time="18:24:49" level=info msg="Parsing /scratch/negishi/afarzam/MSV000086944_results_and_control_searches/second_pass_downstream_nozf/AspN_ETD/AspN_ETD_2pass_results/HeLa_AspN_ETD/interact-20151028_alr_CompleteHumanProteome_HeLaS3_ETD_AspN_fr15_sub.pep.xml"
time="18:24:49" level=info msg="Parsing /scratch/negishi/afarzam/MSV000086944_results_and_control_searches/second_pass_downstream_nozf/AspN_ETD/AspN_ETD_2pass_results/HeLa_AspN_ETD/interact-20151028_alr_CompleteHumanProteome_HeLaS3_ETD_AspN_fr16_sub.pep.xml"
time="18:24:49" level=info msg="Parsing /scratch/negishi/afarzam/MSV000086944_results_and_control_searches/second_pass_downstream_nozf/AspN_ETD/AspN_ETD_2pass_results/HeLa_AspN_ETD/interact-20151028_alr_CompleteHumanProteome_HeLaS3_ETD_AspN_fr9_sub.pep.xml"
time="18:24:49" level=info msg="Parsing /scratch/negishi/afarzam/MSV000086944_results_and_control_searches/second_pass_downstream_nozf/AspN_ETD/AspN_ETD_2pass_results/HeLa_AspN_ETD/interact-20151028_alr_CompleteHumanProteome_HeLaS3_ETD_AspN_fr11_sub.pep.xml"
time="18:24:49" level=info msg="Parsing /scratch/negishi/afarzam/MSV000086944_results_and_control_searches/second_pass_downstream_nozf/AspN_ETD/AspN_ETD_2pass_results/HeLa_AspN_ETD/interact-20151028_alr_CompleteHumanProteome_HeLaS3_ETD_AspN_fr29_sub.pep.xml"
time="18:24:49" level=info msg="Parsing /scratch/negishi/afarzam/MSV000086944_results_and_control_searches/second_pass_downstream_nozf/AspN_ETD/AspN_ETD_2pass_results/HeLa_AspN_ETD/interact-20151028_alr_CompleteHumanProteome_HeLaS3_ETD_AspN_fr23_sub.pep.xml"
time="18:24:49" level=info msg="Parsing /scratch/negishi/afarzam/MSV000086944_results_and_control_searches/second_pass_downstream_nozf/AspN_ETD/AspN_ETD_2pass_results/HeLa_AspN_ETD/interact-20151028_alr_CompleteHumanProteome_HeLaS3_ETD_AspN_fr24_sub.pep.xml"
time="18:24:49" level=info msg="Parsing /scratch/negishi/afarzam/MSV000086944_results_and_control_searches/second_pass_downstream_nozf/AspN_ETD/AspN_ETD_2pass_results/HeLa_AspN_ETD/interact-20151028_alr_CompleteHumanProteome_HeLaS3_ETD_AspN_fr22_sub.pep.xml"
time="18:24:49" level=info msg="Parsing /scratch/negishi/afarzam/MSV000086944_results_and_control_searches/second_pass_downstream_nozf/AspN_ETD/AspN_ETD_2pass_results/HeLa_AspN_ETD/interact-20151028_alr_CompleteHumanProteome_HeLaS3_ETD_AspN_fr26_sub.pep.xml"
time="18:24:49" level=info msg="Parsing /scratch/negishi/afarzam/MSV000086944_results_and_control_searches/second_pass_downstream_nozf/AspN_ETD/AspN_ETD_2pass_results/HeLa_AspN_ETD/interact-20151028_alr_CompleteHumanProteome_HeLaS3_ETD_AspN_fr17_sub.pep.xml"
time="18:24:49" level=info msg="Parsing /scratch/negishi/afarzam/MSV000086944_results_and_control_searches/second_pass_downstream_nozf/AspN_ETD/AspN_ETD_2pass_results/HeLa_AspN_ETD/interact-20151028_alr_CompleteHumanProteome_HeLaS3_ETD_AspN_fr2_sub.pep.xml"
time="18:24:49" level=info msg="Parsing /scratch/negishi/afarzam/MSV000086944_results_and_control_searches/second_pass_downstream_nozf/AspN_ETD/AspN_ETD_2pass_results/HeLa_AspN_ETD/interact-20151028_alr_CompleteHumanProteome_HeLaS3_ETD_AspN_fr25_sub.pep.xml"
time="18:24:49" level=info msg="Parsing /scratch/negishi/afarzam/MSV000086944_results_and_control_searches/second_pass_downstream_nozf/AspN_ETD/AspN_ETD_2pass_results/HeLa_AspN_ETD/interact-20151028_alr_CompleteHumanProteome_HeLaS3_ETD_AspN_fr27_sub.pep.xml"
time="18:24:49" level=info msg="Parsing /scratch/negishi/afarzam/MSV000086944_results_and_control_searches/second_pass_downstream_nozf/AspN_ETD/AspN_ETD_2pass_results/HeLa_AspN_ETD/interact-20151028_alr_CompleteHumanProteome_HeLaS3_ETD_AspN_fr30_sub.pep.xml"
time="18:24:49" level=warning msg="No PSM was found in data set. /scratch/negishi/afarzam/MSV000086944_results_and_control_searches/second_pass_downstream_nozf/AspN_ETD/AspN_ETD_2pass_results/HeLa_AspN_ETD/interact-20151028_alr_CompleteHumanProteome_HeLaS3_ETD_AspN_fr29_sub.pep.xml"
time="18:24:49" level=info msg="Parsing /scratch/negishi/afarzam/MSV000086944_results_and_control_searches/second_pass_downstream_nozf/AspN_ETD/AspN_ETD_2pass_results/HeLa_AspN_ETD/interact-20151028_alr_CompleteHumanProteome_HeLaS3_ETD_AspN_fr18_sub.pep.xml"
time="18:24:49" level=info msg="Parsing /scratch/negishi/afarzam/MSV000086944_results_and_control_searches/second_pass_downstream_nozf/AspN_ETD/AspN_ETD_2pass_results/HeLa_AspN_ETD/interact-20151028_alr_CompleteHumanProteome_HeLaS3_ETD_AspN_fr31_sub.pep.xml"
time="18:24:49" level=info msg="Parsing /scratch/negishi/afarzam/MSV000086944_results_and_control_searches/second_pass_downstream_nozf/AspN_ETD/AspN_ETD_2pass_results/HeLa_AspN_ETD/interact-20151028_alr_CompleteHumanProteome_HeLaS3_ETD_AspN_fr12_151030080157_sub.pep.xml"
time="18:24:49" level=info msg="Parsing /scratch/negishi/afarzam/MSV000086944_results_and_control_searches/second_pass_downstream_nozf/AspN_ETD/AspN_ETD_2pass_results/HeLa_AspN_ETD/interact-20151028_alr_CompleteHumanProteome_HeLaS3_ETD_AspN_fr5_151029175509_sub.pep.xml"
time="18:24:49" level=info msg="Parsing /scratch/negishi/afarzam/MSV000086944_results_and_control_searches/second_pass_downstream_nozf/AspN_ETD/AspN_ETD_2pass_results/HeLa_AspN_ETD/interact-20151028_alr_CompleteHumanProteome_HeLaS3_ETD_AspN_fr28_sub.pep.xml"
time="18:24:49" level=info msg="Parsing /scratch/negishi/afarzam/MSV000086944_results_and_control_searches/second_pass_downstream_nozf/AspN_ETD/AspN_ETD_2pass_results/HeLa_AspN_ETD/interact-20151028_alr_CompleteHumanProteome_HeLaS3_ETD_AspN_fr13_sub.pep.xml"
time="18:24:49" level=info msg="Parsing /scratch/negishi/afarzam/MSV000086944_results_and_control_searches/second_pass_downstream_nozf/AspN_ETD/AspN_ETD_2pass_results/HeLa_AspN_ETD/interact-20151028_alr_CompleteHumanProteome_HeLaS3_ETD_AspN_fr1_sub.pep.xml"
time="18:24:49" level=info msg="Parsing /scratch/negishi/afarzam/MSV000086944_results_and_control_searches/second_pass_downstream_nozf/AspN_ETD/AspN_ETD_2pass_results/HeLa_AspN_ETD/interact-20151028_alr_CompleteHumanProteome_HeLaS3_ETD_AspN_fr19_sub.pep.xml"
time="18:24:49" level=info msg="Parsing /scratch/negishi/afarzam/MSV000086944_results_and_control_searches/second_pass_downstream_nozf/AspN_ETD/AspN_ETD_2pass_results/HeLa_AspN_ETD/interact-20151028_alr_CompleteHumanProteome_HeLaS3_ETD_AspN_fr20_sub.pep.xml"
time="18:24:49" level=info msg="Parsing /scratch/negishi/afarzam/MSV000086944_results_and_control_searches/second_pass_downstream_nozf/AspN_ETD/AspN_ETD_2pass_results/HeLa_AspN_ETD/interact-20151028_alr_CompleteHumanProteome_HeLaS3_ETD_AspN_fr34_sub.pep.xml"
time="18:24:49" level=info msg="Parsing /scratch/negishi/afarzam/MSV000086944_results_and_control_searches/second_pass_downstream_nozf/AspN_ETD/AspN_ETD_2pass_results/HeLa_AspN_ETD/interact-20151028_alr_CompleteHumanProteome_HeLaS3_ETD_AspN_fr32_sub.pep.xml"
time="18:24:49" level=info msg="Parsing /scratch/negishi/afarzam/MSV000086944_results_and_control_searches/second_pass_downstream_nozf/AspN_ETD/AspN_ETD_2pass_results/HeLa_AspN_ETD/interact-20151028_alr_CompleteHumanProteome_HeLaS3_ETD_AspN_fr33_sub.pep.xml"
time="18:24:49" level=info msg="Parsing /scratch/negishi/afarzam/MSV000086944_results_and_control_searches/second_pass_downstream_nozf/AspN_ETD/AspN_ETD_2pass_results/HeLa_AspN_ETD/interact-20151028_alr_CompleteHumanProteome_HeLaS3_ETD_AspN_fr7_sub.pep.xml"
time="18:24:49" level=info msg="Parsing /scratch/negishi/afarzam/MSV000086944_results_and_control_searches/second_pass_downstream_nozf/AspN_ETD/AspN_ETD_2pass_results/HeLa_AspN_ETD/interact-20151028_alr_CompleteHumanProteome_HeLaS3_ETD_AspN_fr35_sub.pep.xml"
time="18:24:49" level=info msg="Parsing /scratch/negishi/afarzam/MSV000086944_results_and_control_searches/second_pass_downstream_nozf/AspN_ETD/AspN_ETD_2pass_results/HeLa_AspN_ETD/interact-20151028_alr_CompleteHumanProteome_HeLaS3_ETD_AspN_fr3_sub.pep.xml"
time="18:24:49" level=info msg="Parsing /scratch/negishi/afarzam/MSV000086944_results_and_control_searches/second_pass_downstream_nozf/AspN_ETD/AspN_ETD_2pass_results/HeLa_AspN_ETD/interact-20151028_alr_CompleteHumanProteome_HeLaS3_ETD_AspN_fr6_sub.pep.xml"
time="18:24:49" level=info msg="Parsing /scratch/negishi/afarzam/MSV000086944_results_and_control_searches/second_pass_downstream_nozf/AspN_ETD/AspN_ETD_2pass_results/HeLa_AspN_ETD/interact-20151028_alr_CompleteHumanProteome_HeLaS3_ETD_AspN_fr8_sub.pep.xml"
time="18:24:49" level=info msg="Parsing /scratch/negishi/afarzam/MSV000086944_results_and_control_searches/second_pass_downstream_nozf/AspN_ETD/AspN_ETD_2pass_results/HeLa_AspN_ETD/interact-20151028_alr_CompleteHumanProteome_HeLaS3_ETD_AspN_fr4_151029162224_sub.pep.xml"
time="18:24:49" level=info msg="Parsing /scratch/negishi/afarzam/MSV000086944_results_and_control_searches/second_pass_downstream_nozf/AspN_ETD/AspN_ETD_2pass_results/HeLa_AspN_ETD/interact-20151028_alr_CompleteHumanProteome_HeLaS3_ETD_AspN_fr4_sub.pep.xml"
time="18:24:49" level=warning msg="No PSM was found in data set. /scratch/negishi/afarzam/MSV000086944_results_and_control_searches/second_pass_downstream_nozf/AspN_ETD/AspN_ETD_2pass_results/HeLa_AspN_ETD/interact-20151028_alr_CompleteHumanProteome_HeLaS3_ETD_AspN_fr19_sub.pep.xml"
time="18:24:49" level=info msg="Parsing /scratch/negishi/afarzam/MSV000086944_results_and_control_searches/second_pass_downstream_nozf/AspN_ETD/AspN_ETD_2pass_results/HeLa_AspN_ETD/interact-20151028_alr_CompleteHumanProteome_HeLaS3_ETD_AspN_fr21_sub.pep.xml"
time="18:24:49" level=info msg="Parsing /scratch/negishi/afarzam/MSV000086944_results_and_control_searches/second_pass_downstream_nozf/AspN_ETD/AspN_ETD_2pass_results/HeLa_AspN_ETD/interact-20151028_alr_CompleteHumanProteome_HeLaS3_ETD_AspN_fr14_sub.pep.xml"
time="18:24:49" level=warning msg="No PSM was found in data set. /scratch/negishi/afarzam/MSV000086944_results_and_control_searches/second_pass_downstream_nozf/AspN_ETD/AspN_ETD_2pass_results/HeLa_AspN_ETD/interact-20151028_alr_CompleteHumanProteome_HeLaS3_ETD_AspN_fr33_sub.pep.xml"
time="18:24:49" level=warning msg="No PSM was found in data set. /scratch/negishi/afarzam/MSV000086944_results_and_control_searches/second_pass_downstream_nozf/AspN_ETD/AspN_ETD_2pass_results/HeLa_AspN_ETD/interact-20151028_alr_CompleteHumanProteome_HeLaS3_ETD_AspN_fr1_sub.pep.xml"
time="18:24:49" level=warning msg="No PSM was found in data set. /scratch/negishi/afarzam/MSV000086944_results_and_control_searches/second_pass_downstream_nozf/AspN_ETD/AspN_ETD_2pass_results/HeLa_AspN_ETD/interact-20151028_alr_CompleteHumanProteome_HeLaS3_ETD_AspN_fr3_sub.pep.xml"
time="18:24:49" level=warning msg="No PSM was found in data set. /scratch/negishi/afarzam/MSV000086944_results_and_control_searches/second_pass_downstream_nozf/AspN_ETD/AspN_ETD_2pass_results/HeLa_AspN_ETD/interact-20151028_alr_CompleteHumanProteome_HeLaS3_ETD_AspN_fr25_sub.pep.xml"
time="18:24:49" level=warning msg="No PSM was found in data set. /scratch/negishi/afarzam/MSV000086944_results_and_control_searches/second_pass_downstream_nozf/AspN_ETD/AspN_ETD_2pass_results/HeLa_AspN_ETD/interact-20151028_alr_CompleteHumanProteome_HeLaS3_ETD_AspN_fr6_sub.pep.xml"
time="18:24:49" level=warning msg="No PSM was found in data set. /scratch/negishi/afarzam/MSV000086944_results_and_control_searches/second_pass_downstream_nozf/AspN_ETD/AspN_ETD_2pass_results/HeLa_AspN_ETD/interact-20151028_alr_CompleteHumanProteome_HeLaS3_ETD_AspN_fr4_sub.pep.xml"
time="18:24:50" level=info msg="1+ Charge profile" decoy=0 target=0
time="18:24:50" level=info msg="2+ Charge profile" decoy=30 target=118
time="18:24:50" level=info msg="3+ Charge profile" decoy=15 target=50
time="18:24:50" level=info msg="4+ Charge profile" decoy=16 target=63
time="18:24:50" level=info msg="5+ Charge profile" decoy=18 target=21
time="18:24:50" level=info msg="6+ Charge profile" decoy=6 target=22
time="18:24:50" level=info msg="Database search results" ions=314 peptides=302 psms=359
time="18:24:50" level=info msg="Converged to 0.00 % FDR with 10 PSMs" decoy=0 threshold=0.841451 total=10
time="18:24:50" level=info msg="Converged to 0.00 % FDR with 9 Peptides" decoy=0 threshold=0.841451 total=9
time="18:24:50" level=info msg="Converged to 0.00 % FDR with 10 Ions" decoy=0 threshold=0.841451 total=10
time="18:24:50" level=info msg="Protein inference results" decoy=564 target=817
time="18:24:50" level=info msg="Converged to 0.00 % FDR with 7 Proteins" decoy=0 threshold=0.9479 total=7
time="18:24:50" level=info msg="Applying sequential FDR estimation" ions=2 peptides=1 psms=2
time="18:24:50" level=info msg="Converged to 0.00 % FDR with 1 PSMs" decoy=0 threshold=0.952258 total=1
time="18:24:50" level=info msg="Converged to 0.00 % FDR with 0 Peptides" decoy=0 threshold=10 total=0
time="18:24:50" level=info msg="Converged to 0.00 % FDR with 1 Ions" decoy=0 threshold=0.952258 total=1
time="18:24:50" level=info msg="Post processing identifications"
time="18:24:50" level=info msg="Assigning protein identifications to layers"
time="18:24:50" level=info msg="Processing protein inference"
time="18:24:50" level=info msg="Synchronizing PSMs and proteins"
time="18:24:50" level=info msg="Final report numbers after FDR filtering, and post-processing" ions=1 peptides=0 proteins=1 psms=1
time="18:24:50" level=info msg=Saving
time="18:24:50" level=info msg=Done
