time="09:18:07" level=info msg="Executing Filter  v5.1.2"
time="09:18:07" level=info msg="Fetching protein inference from /scratch/negishi/afarzam/MSV000086944_results_v4/second_pass_upstream/GluC_ETD/GluC_ETD_2pass_results/GM12878_GluC_ETD"
time="09:18:07" level=info msg="Processing peptide identification files"
time="09:18:07" level=info msg="Parsing /scratch/negishi/afarzam/MSV000086944_results_v4/second_pass_upstream/GluC_ETD/GluC_ETD_2pass_results/HepG2_GluC_ETD/interact-20151124_alr_CompleteHumanProteome_HepG2_ETD_GluC_fr9_sub.pep.xml"
time="09:18:07" level=info msg="Parsing /scratch/negishi/afarzam/MSV000086944_results_v4/second_pass_upstream/GluC_ETD/GluC_ETD_2pass_results/HepG2_GluC_ETD/interact-20151124_alr_CompleteHumanProteome_HepG2_ETD_GluC_fr12_sub.pep.xml"
time="09:18:07" level=info msg="Parsing /scratch/negishi/afarzam/MSV000086944_results_v4/second_pass_upstream/GluC_ETD/GluC_ETD_2pass_results/HepG2_GluC_ETD/interact-20151124_alr_CompleteHumanProteome_HepG2_ETD_GluC_fr27_sub.pep.xml"
time="09:18:07" level=info msg="Parsing /scratch/negishi/afarzam/MSV000086944_results_v4/second_pass_upstream/GluC_ETD/GluC_ETD_2pass_results/HepG2_GluC_ETD/interact-20151124_alr_CompleteHumanProteome_HepG2_ETD_GluC_fr10_sub.pep.xml"
time="09:18:07" level=info msg="Parsing /scratch/negishi/afarzam/MSV000086944_results_v4/second_pass_upstream/GluC_ETD/GluC_ETD_2pass_results/HepG2_GluC_ETD/interact-20151124_alr_CompleteHumanProteome_HepG2_ETD_GluC_fr34_sub.pep.xml"
time="09:18:07" level=info msg="Parsing /scratch/negishi/afarzam/MSV000086944_results_v4/second_pass_upstream/GluC_ETD/GluC_ETD_2pass_results/HepG2_GluC_ETD/interact-20151124_alr_CompleteHumanProteome_HepG2_ETD_GluC_fr26_sub.pep.xml"
time="09:18:07" level=info msg="Parsing /scratch/negishi/afarzam/MSV000086944_results_v4/second_pass_upstream/GluC_ETD/GluC_ETD_2pass_results/HepG2_GluC_ETD/interact-20151124_alr_CompleteHumanProteome_HepG2_ETD_GluC_fr19_sub.pep.xml"
time="09:18:07" level=info msg="Parsing /scratch/negishi/afarzam/MSV000086944_results_v4/second_pass_upstream/GluC_ETD/GluC_ETD_2pass_results/HepG2_GluC_ETD/interact-20151124_alr_CompleteHumanProteome_HepG2_ETD_GluC_fr11_sub.pep.xml"
time="09:18:07" level=info msg="Parsing /scratch/negishi/afarzam/MSV000086944_results_v4/second_pass_upstream/GluC_ETD/GluC_ETD_2pass_results/HepG2_GluC_ETD/interact-20151124_alr_CompleteHumanProteome_HepG2_ETD_GluC_fr28_sub.pep.xml"
time="09:18:07" level=info msg="Parsing /scratch/negishi/afarzam/MSV000086944_results_v4/second_pass_upstream/GluC_ETD/GluC_ETD_2pass_results/HepG2_GluC_ETD/interact-20151124_alr_CompleteHumanProteome_HepG2_ETD_GluC_fr1_sub.pep.xml"
time="09:18:07" level=info msg="Parsing /scratch/negishi/afarzam/MSV000086944_results_v4/second_pass_upstream/GluC_ETD/GluC_ETD_2pass_results/HepG2_GluC_ETD/interact-20151124_alr_CompleteHumanProteome_HepG2_ETD_GluC_fr5_sub.pep.xml"
time="09:18:07" level=info msg="Parsing /scratch/negishi/afarzam/MSV000086944_results_v4/second_pass_upstream/GluC_ETD/GluC_ETD_2pass_results/HepG2_GluC_ETD/interact-20151124_alr_CompleteHumanProteome_HepG2_ETD_GluC_fr16_sub.pep.xml"
time="09:18:07" level=info msg="Parsing /scratch/negishi/afarzam/MSV000086944_results_v4/second_pass_upstream/GluC_ETD/GluC_ETD_2pass_results/HepG2_GluC_ETD/interact-20151124_alr_CompleteHumanProteome_HepG2_ETD_GluC_fr14_sub.pep.xml"
time="09:18:07" level=info msg="Parsing /scratch/negishi/afarzam/MSV000086944_results_v4/second_pass_upstream/GluC_ETD/GluC_ETD_2pass_results/HepG2_GluC_ETD/interact-20151124_alr_CompleteHumanProteome_HepG2_ETD_GluC_fr13_sub.pep.xml"
time="09:18:07" level=info msg="Parsing /scratch/negishi/afarzam/MSV000086944_results_v4/second_pass_upstream/GluC_ETD/GluC_ETD_2pass_results/HepG2_GluC_ETD/interact-20151124_alr_CompleteHumanProteome_HepG2_ETD_GluC_fr35_sub.pep.xml"
time="09:18:07" level=info msg="Parsing /scratch/negishi/afarzam/MSV000086944_results_v4/second_pass_upstream/GluC_ETD/GluC_ETD_2pass_results/HepG2_GluC_ETD/interact-20151124_alr_CompleteHumanProteome_HepG2_ETD_GluC_fr17_sub.pep.xml"
time="09:18:07" level=info msg="Parsing /scratch/negishi/afarzam/MSV000086944_results_v4/second_pass_upstream/GluC_ETD/GluC_ETD_2pass_results/HepG2_GluC_ETD/interact-20151124_alr_CompleteHumanProteome_HepG2_ETD_GluC_fr29_sub.pep.xml"
time="09:18:07" level=info msg="Parsing /scratch/negishi/afarzam/MSV000086944_results_v4/second_pass_upstream/GluC_ETD/GluC_ETD_2pass_results/HepG2_GluC_ETD/interact-20151124_alr_CompleteHumanProteome_HepG2_ETD_GluC_fr31_sub.pep.xml"
time="09:18:07" level=info msg="Parsing /scratch/negishi/afarzam/MSV000086944_results_v4/second_pass_upstream/GluC_ETD/GluC_ETD_2pass_results/HepG2_GluC_ETD/interact-20151124_alr_CompleteHumanProteome_HepG2_ETD_GluC_fr8_sub.pep.xml"
time="09:18:07" level=info msg="Parsing /scratch/negishi/afarzam/MSV000086944_results_v4/second_pass_upstream/GluC_ETD/GluC_ETD_2pass_results/HepG2_GluC_ETD/interact-20151124_alr_CompleteHumanProteome_HepG2_ETD_GluC_fr7_sub.pep.xml"
time="09:18:07" level=info msg="Parsing /scratch/negishi/afarzam/MSV000086944_results_v4/second_pass_upstream/GluC_ETD/GluC_ETD_2pass_results/HepG2_GluC_ETD/interact-20151124_alr_CompleteHumanProteome_HepG2_ETD_GluC_fr15_sub.pep.xml"
time="09:18:07" level=info msg="Parsing /scratch/negishi/afarzam/MSV000086944_results_v4/second_pass_upstream/GluC_ETD/GluC_ETD_2pass_results/HepG2_GluC_ETD/interact-20151124_alr_CompleteHumanProteome_HepG2_ETD_GluC_fr6_sub.pep.xml"
time="09:18:07" level=info msg="Parsing /scratch/negishi/afarzam/MSV000086944_results_v4/second_pass_upstream/GluC_ETD/GluC_ETD_2pass_results/HepG2_GluC_ETD/interact-20151124_alr_CompleteHumanProteome_HepG2_ETD_GluC_fr18_sub.pep.xml"
time="09:18:07" level=info msg="Parsing /scratch/negishi/afarzam/MSV000086944_results_v4/second_pass_upstream/GluC_ETD/GluC_ETD_2pass_results/HepG2_GluC_ETD/interact-20151124_alr_CompleteHumanProteome_HepG2_ETD_GluC_fr2_sub.pep.xml"
time="09:18:07" level=info msg="Parsing /scratch/negishi/afarzam/MSV000086944_results_v4/second_pass_upstream/GluC_ETD/GluC_ETD_2pass_results/HepG2_GluC_ETD/interact-20151124_alr_CompleteHumanProteome_HepG2_ETD_GluC_fr3_sub.pep.xml"
time="09:18:07" level=info msg="Parsing /scratch/negishi/afarzam/MSV000086944_results_v4/second_pass_upstream/GluC_ETD/GluC_ETD_2pass_results/HepG2_GluC_ETD/interact-20151124_alr_CompleteHumanProteome_HepG2_ETD_GluC_fr23_sub.pep.xml"
time="09:18:07" level=info msg="Parsing /scratch/negishi/afarzam/MSV000086944_results_v4/second_pass_upstream/GluC_ETD/GluC_ETD_2pass_results/HepG2_GluC_ETD/interact-20151124_alr_CompleteHumanProteome_HepG2_ETD_GluC_fr22_sub.pep.xml"
time="09:18:07" level=info msg="Parsing /scratch/negishi/afarzam/MSV000086944_results_v4/second_pass_upstream/GluC_ETD/GluC_ETD_2pass_results/HepG2_GluC_ETD/interact-20151124_alr_CompleteHumanProteome_HepG2_ETD_GluC_fr33_sub.pep.xml"
time="09:18:07" level=info msg="Parsing /scratch/negishi/afarzam/MSV000086944_results_v4/second_pass_upstream/GluC_ETD/GluC_ETD_2pass_results/HepG2_GluC_ETD/interact-20151124_alr_CompleteHumanProteome_HepG2_ETD_GluC_fr21_sub.pep.xml"
time="09:18:07" level=info msg="Parsing /scratch/negishi/afarzam/MSV000086944_results_v4/second_pass_upstream/GluC_ETD/GluC_ETD_2pass_results/HepG2_GluC_ETD/interact-20151124_alr_CompleteHumanProteome_HepG2_ETD_GluC_fr20_sub.pep.xml"
time="09:18:07" level=info msg="Parsing /scratch/negishi/afarzam/MSV000086944_results_v4/second_pass_upstream/GluC_ETD/GluC_ETD_2pass_results/HepG2_GluC_ETD/interact-20151124_alr_CompleteHumanProteome_HepG2_ETD_GluC_fr24_sub.pep.xml"
time="09:18:07" level=info msg="Parsing /scratch/negishi/afarzam/MSV000086944_results_v4/second_pass_upstream/GluC_ETD/GluC_ETD_2pass_results/HepG2_GluC_ETD/interact-20151124_alr_CompleteHumanProteome_HepG2_ETD_GluC_fr4_sub.pep.xml"
time="09:18:07" level=info msg="Parsing /scratch/negishi/afarzam/MSV000086944_results_v4/second_pass_upstream/GluC_ETD/GluC_ETD_2pass_results/HepG2_GluC_ETD/interact-20151124_alr_CompleteHumanProteome_HepG2_ETD_GluC_fr25_sub.pep.xml"
time="09:18:07" level=info msg="Parsing /scratch/negishi/afarzam/MSV000086944_results_v4/second_pass_upstream/GluC_ETD/GluC_ETD_2pass_results/HepG2_GluC_ETD/interact-20151124_alr_CompleteHumanProteome_HepG2_ETD_GluC_fr32_sub.pep.xml"
time="09:18:09" level=info msg="1+ Charge profile" decoy=0 target=0
time="09:18:09" level=info msg="2+ Charge profile" decoy=452 target=1619
time="09:18:09" level=info msg="3+ Charge profile" decoy=401 target=954
time="09:18:09" level=info msg="4+ Charge profile" decoy=251 target=532
time="09:18:09" level=info msg="5+ Charge profile" decoy=100 target=234
time="09:18:09" level=info msg="6+ Charge profile" decoy=25 target=50
time="09:18:09" level=info msg="Database search results" ions=3617 peptides=3458 psms=4618
time="09:18:09" level=info msg="Converged to 0.00 % FDR with 38 PSMs" decoy=0 threshold=0.931004 total=38
time="09:18:09" level=info msg="Converged to 0.00 % FDR with 26 Peptides" decoy=0 threshold=0.931004 total=26
time="09:18:09" level=info msg="Converged to 0.00 % FDR with 29 Ions" decoy=0 threshold=0.931004 total=29
time="09:18:09" level=info msg="Protein inference results" decoy=2706 target=3650
time="09:18:10" level=info msg="Converged to 0.00 % FDR with 6 Proteins" decoy=0 threshold=0.9964 total=6
time="09:18:10" level=info msg="Applying sequential FDR estimation" ions=4 peptides=2 psms=5
time="09:18:10" level=info msg="Converged to 0.00 % FDR with 4 PSMs" decoy=0 threshold=0.97605 total=4
time="09:18:10" level=info msg="Converged to 0.00 % FDR with 1 Peptides" decoy=0 threshold=0.997583 total=1
time="09:18:10" level=info msg="Converged to 0.00 % FDR with 3 Ions" decoy=0 threshold=0.97605 total=3
time="09:18:10" level=info msg="Post processing identifications"
time="09:18:10" level=info msg="Assigning protein identifications to layers"
time="09:18:10" level=info msg="Processing protein inference"
time="09:18:10" level=info msg="Synchronizing PSMs and proteins"
time="09:18:10" level=info msg="Final report numbers after FDR filtering, and post-processing" ions=3 peptides=1 proteins=2 psms=4
time="09:18:10" level=info msg=Saving
time="09:18:10" level=info msg=Done
