time="14:48:56" level=info msg="Executing Filter  v5.1.2"
time="14:48:56" level=info msg="Fetching protein inference from /scratch/negishi/afarzam/MSV000086944_results_v4/second_pass_downstream/AspN_CAD/AspN_CAD_2pass_results/GM12878_AspN_HCD"
time="14:48:56" level=info msg="Processing peptide identification files"
time="14:48:56" level=info msg="Parsing /scratch/negishi/afarzam/MSV000086944_results_v4/second_pass_downstream/AspN_CAD/AspN_CAD_2pass_results/HeLa_AspN_HCD/interact-HeLaS3_AspN_17_sub.pep.xml"
time="14:48:56" level=info msg="Parsing /scratch/negishi/afarzam/MSV000086944_results_v4/second_pass_downstream/AspN_CAD/AspN_CAD_2pass_results/HeLa_AspN_HCD/interact-HeLaS3_AspN_9_sub.pep.xml"
time="14:48:56" level=info msg="Parsing /scratch/negishi/afarzam/MSV000086944_results_v4/second_pass_downstream/AspN_CAD/AspN_CAD_2pass_results/HeLa_AspN_HCD/interact-HeLaS3_AspN_13_sub.pep.xml"
time="14:48:56" level=info msg="Parsing /scratch/negishi/afarzam/MSV000086944_results_v4/second_pass_downstream/AspN_CAD/AspN_CAD_2pass_results/HeLa_AspN_HCD/interact-HeLaS3_AspN_11_sub.pep.xml"
time="14:48:56" level=info msg="Parsing /scratch/negishi/afarzam/MSV000086944_results_v4/second_pass_downstream/AspN_CAD/AspN_CAD_2pass_results/HeLa_AspN_HCD/interact-HeLaS3_AspN_29_sub.pep.xml"
time="14:48:56" level=info msg="Parsing /scratch/negishi/afarzam/MSV000086944_results_v4/second_pass_downstream/AspN_CAD/AspN_CAD_2pass_results/HeLa_AspN_HCD/interact-HeLaS3_AspN_16_sub.pep.xml"
time="14:48:56" level=info msg="Parsing /scratch/negishi/afarzam/MSV000086944_results_v4/second_pass_downstream/AspN_CAD/AspN_CAD_2pass_results/HeLa_AspN_HCD/interact-HeLaS3_AspN_2_140826064350_sub.pep.xml"
time="14:48:56" level=info msg="Parsing /scratch/negishi/afarzam/MSV000086944_results_v4/second_pass_downstream/AspN_CAD/AspN_CAD_2pass_results/HeLa_AspN_HCD/interact-HeLaS3_AspN_15_sub.pep.xml"
time="14:48:56" level=info msg="Parsing /scratch/negishi/afarzam/MSV000086944_results_v4/second_pass_downstream/AspN_CAD/AspN_CAD_2pass_results/HeLa_AspN_HCD/interact-HeLaS3_AspN_12_sub.pep.xml"
time="14:48:56" level=info msg="Parsing /scratch/negishi/afarzam/MSV000086944_results_v4/second_pass_downstream/AspN_CAD/AspN_CAD_2pass_results/HeLa_AspN_HCD/interact-HeLaS3_AspN_30_sub.pep.xml"
time="14:48:56" level=info msg="Parsing /scratch/negishi/afarzam/MSV000086944_results_v4/second_pass_downstream/AspN_CAD/AspN_CAD_2pass_results/HeLa_AspN_HCD/interact-HeLaS3_AspN_22_sub.pep.xml"
time="14:48:56" level=warning msg="No PSM was found in data set. /scratch/negishi/afarzam/MSV000086944_results_v4/second_pass_downstream/AspN_CAD/AspN_CAD_2pass_results/HeLa_AspN_HCD/interact-HeLaS3_AspN_17_sub.pep.xml"
time="14:48:56" level=info msg="Parsing /scratch/negishi/afarzam/MSV000086944_results_v4/second_pass_downstream/AspN_CAD/AspN_CAD_2pass_results/HeLa_AspN_HCD/interact-HeLaS3_AspN_14_sub.pep.xml"
time="14:48:56" level=warning msg="No PSM was found in data set. /scratch/negishi/afarzam/MSV000086944_results_v4/second_pass_downstream/AspN_CAD/AspN_CAD_2pass_results/HeLa_AspN_HCD/interact-HeLaS3_AspN_16_sub.pep.xml"
time="14:48:56" level=info msg="Parsing /scratch/negishi/afarzam/MSV000086944_results_v4/second_pass_downstream/AspN_CAD/AspN_CAD_2pass_results/HeLa_AspN_HCD/interact-HeLaS3_AspN_3_sub.pep.xml"
time="14:48:56" level=warning msg="No PSM was found in data set. /scratch/negishi/afarzam/MSV000086944_results_v4/second_pass_downstream/AspN_CAD/AspN_CAD_2pass_results/HeLa_AspN_HCD/interact-HeLaS3_AspN_15_sub.pep.xml"
time="14:48:56" level=info msg="Parsing /scratch/negishi/afarzam/MSV000086944_results_v4/second_pass_downstream/AspN_CAD/AspN_CAD_2pass_results/HeLa_AspN_HCD/interact-HeLaS3_AspN_25_sub.pep.xml"
time="14:48:56" level=info msg="Parsing /scratch/negishi/afarzam/MSV000086944_results_v4/second_pass_downstream/AspN_CAD/AspN_CAD_2pass_results/HeLa_AspN_HCD/interact-HeLaS3_AspN_4_sub.pep.xml"
time="14:48:56" level=info msg="Parsing /scratch/negishi/afarzam/MSV000086944_results_v4/second_pass_downstream/AspN_CAD/AspN_CAD_2pass_results/HeLa_AspN_HCD/interact-HeLaS3_AspN_10_sub.pep.xml"
time="14:48:56" level=info msg="Parsing /scratch/negishi/afarzam/MSV000086944_results_v4/second_pass_downstream/AspN_CAD/AspN_CAD_2pass_results/HeLa_AspN_HCD/interact-HeLaS3_AspN_23_sub.pep.xml"
time="14:48:56" level=info msg="Parsing /scratch/negishi/afarzam/MSV000086944_results_v4/second_pass_downstream/AspN_CAD/AspN_CAD_2pass_results/HeLa_AspN_HCD/interact-HeLaS3_AspN_24_sub.pep.xml"
time="14:48:56" level=info msg="Parsing /scratch/negishi/afarzam/MSV000086944_results_v4/second_pass_downstream/AspN_CAD/AspN_CAD_2pass_results/HeLa_AspN_HCD/interact-HeLaS3_AspN_27_sub.pep.xml"
time="14:48:56" level=info msg="Parsing /scratch/negishi/afarzam/MSV000086944_results_v4/second_pass_downstream/AspN_CAD/AspN_CAD_2pass_results/HeLa_AspN_HCD/interact-HeLaS3_AspN_31_sub.pep.xml"
time="14:48:56" level=info msg="Parsing /scratch/negishi/afarzam/MSV000086944_results_v4/second_pass_downstream/AspN_CAD/AspN_CAD_2pass_results/HeLa_AspN_HCD/interact-HeLaS3_AspN_34_sub.pep.xml"
time="14:48:56" level=info msg="Parsing /scratch/negishi/afarzam/MSV000086944_results_v4/second_pass_downstream/AspN_CAD/AspN_CAD_2pass_results/HeLa_AspN_HCD/interact-HeLaS3_AspN_5_sub.pep.xml"
time="14:48:56" level=info msg="Parsing /scratch/negishi/afarzam/MSV000086944_results_v4/second_pass_downstream/AspN_CAD/AspN_CAD_2pass_results/HeLa_AspN_HCD/interact-HeLaS3_AspN_33_sub.pep.xml"
time="14:48:56" level=info msg="Parsing /scratch/negishi/afarzam/MSV000086944_results_v4/second_pass_downstream/AspN_CAD/AspN_CAD_2pass_results/HeLa_AspN_HCD/interact-HeLaS3_AspN_18_sub.pep.xml"
time="14:48:57" level=info msg="Parsing /scratch/negishi/afarzam/MSV000086944_results_v4/second_pass_downstream/AspN_CAD/AspN_CAD_2pass_results/HeLa_AspN_HCD/interact-HeLaS3_AspN_6_sub.pep.xml"
time="14:48:56" level=info msg="Parsing /scratch/negishi/afarzam/MSV000086944_results_v4/second_pass_downstream/AspN_CAD/AspN_CAD_2pass_results/HeLa_AspN_HCD/interact-HeLaS3_AspN_7_sub.pep.xml"
time="14:48:56" level=info msg="Parsing /scratch/negishi/afarzam/MSV000086944_results_v4/second_pass_downstream/AspN_CAD/AspN_CAD_2pass_results/HeLa_AspN_HCD/interact-HeLaS3_AspN_20_sub.pep.xml"
time="14:48:56" level=info msg="Parsing /scratch/negishi/afarzam/MSV000086944_results_v4/second_pass_downstream/AspN_CAD/AspN_CAD_2pass_results/HeLa_AspN_HCD/interact-HeLaS3_AspN_1_sub.pep.xml"
time="14:48:56" level=info msg="Parsing /scratch/negishi/afarzam/MSV000086944_results_v4/second_pass_downstream/AspN_CAD/AspN_CAD_2pass_results/HeLa_AspN_HCD/interact-HeLaS3_AspN_21_sub.pep.xml"
time="14:48:56" level=info msg="Parsing /scratch/negishi/afarzam/MSV000086944_results_v4/second_pass_downstream/AspN_CAD/AspN_CAD_2pass_results/HeLa_AspN_HCD/interact-HeLaS3_AspN_28_sub.pep.xml"
time="14:48:56" level=info msg="Parsing /scratch/negishi/afarzam/MSV000086944_results_v4/second_pass_downstream/AspN_CAD/AspN_CAD_2pass_results/HeLa_AspN_HCD/interact-HeLaS3_AspN_19_sub.pep.xml"
time="14:48:57" level=warning msg="No PSM was found in data set. /scratch/negishi/afarzam/MSV000086944_results_v4/second_pass_downstream/AspN_CAD/AspN_CAD_2pass_results/HeLa_AspN_HCD/interact-HeLaS3_AspN_33_sub.pep.xml"
time="14:48:57" level=warning msg="No PSM was found in data set. /scratch/negishi/afarzam/MSV000086944_results_v4/second_pass_downstream/AspN_CAD/AspN_CAD_2pass_results/HeLa_AspN_HCD/interact-HeLaS3_AspN_7_sub.pep.xml"
time="14:48:57" level=warning msg="No PSM was found in data set. /scratch/negishi/afarzam/MSV000086944_results_v4/second_pass_downstream/AspN_CAD/AspN_CAD_2pass_results/HeLa_AspN_HCD/interact-HeLaS3_AspN_6_sub.pep.xml"
time="14:48:57" level=info msg="Parsing /scratch/negishi/afarzam/MSV000086944_results_v4/second_pass_downstream/AspN_CAD/AspN_CAD_2pass_results/HeLa_AspN_HCD/interact-HeLaS3_AspN_26_sub.pep.xml"
time="14:48:57" level=info msg="Parsing /scratch/negishi/afarzam/MSV000086944_results_v4/second_pass_downstream/AspN_CAD/AspN_CAD_2pass_results/HeLa_AspN_HCD/interact-HeLaS3_AspN_32_sub.pep.xml"
time="14:48:57" level=warning msg="No PSM was found in data set. /scratch/negishi/afarzam/MSV000086944_results_v4/second_pass_downstream/AspN_CAD/AspN_CAD_2pass_results/HeLa_AspN_HCD/interact-HeLaS3_AspN_10_sub.pep.xml"
time="14:48:56" level=info msg="Parsing /scratch/negishi/afarzam/MSV000086944_results_v4/second_pass_downstream/AspN_CAD/AspN_CAD_2pass_results/HeLa_AspN_HCD/interact-HeLaS3_AspN_8_sub.pep.xml"
time="14:48:57" level=info msg="Parsing /scratch/negishi/afarzam/MSV000086944_results_v4/second_pass_downstream/AspN_CAD/AspN_CAD_2pass_results/HeLa_AspN_HCD/interact-HeLaS3_AspN_35_sub.pep.xml"
time="14:48:57" level=warning msg="No PSM was found in data set. /scratch/negishi/afarzam/MSV000086944_results_v4/second_pass_downstream/AspN_CAD/AspN_CAD_2pass_results/HeLa_AspN_HCD/interact-HeLaS3_AspN_19_sub.pep.xml"
time="14:48:57" level=info msg="1+ Charge profile" decoy=0 target=0
time="14:48:57" level=info msg="2+ Charge profile" decoy=26 target=113
time="14:48:57" level=info msg="3+ Charge profile" decoy=24 target=91
time="14:48:57" level=info msg="4+ Charge profile" decoy=7 target=40
time="14:48:57" level=info msg="5+ Charge profile" decoy=9 target=34
time="14:48:57" level=info msg="6+ Charge profile" decoy=8 target=40
time="14:48:57" level=info msg="Database search results" ions=322 peptides=307 psms=407
time="14:48:57" level=info msg="Converged to 0.00 % FDR with 9 PSMs" decoy=0 threshold=0.993114 total=9
time="14:48:57" level=info msg="Converged to 0.00 % FDR with 6 Peptides" decoy=0 threshold=0.993114 total=6
time="14:48:57" level=info msg="Converged to 0.00 % FDR with 7 Ions" decoy=0 threshold=0.993114 total=7
time="14:48:57" level=info msg="Protein inference results" decoy=316 target=663
time="14:48:57" level=info msg="Converged to 0.00 % FDR with 8 Proteins" decoy=0 threshold=0.9921 total=8
time="14:48:57" level=info msg="Applying sequential FDR estimation" ions=7 peptides=6 psms=9
time="14:48:57" level=info msg="Converged to 0.00 % FDR with 8 PSMs" decoy=0 threshold=0.993836 total=8
time="14:48:57" level=info msg="Converged to 0.00 % FDR with 5 Peptides" decoy=0 threshold=0.995662 total=5
time="14:48:57" level=info msg="Converged to 0.00 % FDR with 6 Ions" decoy=0 threshold=0.993836 total=6
time="14:48:57" level=info msg="Post processing identifications"
time="14:48:57" level=info msg="Assigning protein identifications to layers"
time="14:48:57" level=info msg="Processing protein inference"
time="14:48:58" level=info msg="Synchronizing PSMs and proteins"
time="14:48:58" level=info msg="Final report numbers after FDR filtering, and post-processing" ions=6 peptides=5 proteins=3 psms=8
time="14:48:58" level=info msg=Saving
time="14:48:58" level=info msg=Done
