time="18:02:11" level=info msg="Executing Filter  v5.1.2"
time="18:02:11" level=info msg="Fetching protein inference from /scratch/negishi/afarzam/MSV000086944_results_v4/second_pass_downstream/GluC_CAD/GluC_CAD_2pass_results/GM12878_GluC_CAD"
time="18:02:12" level=info msg="Processing peptide identification files"
time="18:02:12" level=info msg="Parsing /scratch/negishi/afarzam/MSV000086944_results_v4/second_pass_downstream/GluC_CAD/GluC_CAD_2pass_results/hESC_GluC_HCD/interact-GluC_hES_9_sub.pep.xml"
time="18:02:12" level=info msg="Parsing /scratch/negishi/afarzam/MSV000086944_results_v4/second_pass_downstream/GluC_CAD/GluC_CAD_2pass_results/hESC_GluC_HCD/interact-GluC_hES_17_sub.pep.xml"
time="18:02:12" level=info msg="Parsing /scratch/negishi/afarzam/MSV000086944_results_v4/second_pass_downstream/GluC_CAD/GluC_CAD_2pass_results/hESC_GluC_HCD/interact-GluC_hES_13_sub.pep.xml"
time="18:02:12" level=info msg="Parsing /scratch/negishi/afarzam/MSV000086944_results_v4/second_pass_downstream/GluC_CAD/GluC_CAD_2pass_results/hESC_GluC_HCD/interact-GluC_hES_11_sub.pep.xml"
time="18:02:12" level=info msg="Parsing /scratch/negishi/afarzam/MSV000086944_results_v4/second_pass_downstream/GluC_CAD/GluC_CAD_2pass_results/hESC_GluC_HCD/interact-GluC_hES_28_sub.pep.xml"
time="18:02:12" level=info msg="Parsing /scratch/negishi/afarzam/MSV000086944_results_v4/second_pass_downstream/GluC_CAD/GluC_CAD_2pass_results/hESC_GluC_HCD/interact-GluC_hES_10_sub.pep.xml"
time="18:02:12" level=info msg="Parsing /scratch/negishi/afarzam/MSV000086944_results_v4/second_pass_downstream/GluC_CAD/GluC_CAD_2pass_results/hESC_GluC_HCD/interact-GluC_hES_27_sub.pep.xml"
time="18:02:12" level=info msg="Parsing /scratch/negishi/afarzam/MSV000086944_results_v4/second_pass_downstream/GluC_CAD/GluC_CAD_2pass_results/hESC_GluC_HCD/interact-GluC_hES_15_sub.pep.xml"
time="18:02:12" level=info msg="Parsing /scratch/negishi/afarzam/MSV000086944_results_v4/second_pass_downstream/GluC_CAD/GluC_CAD_2pass_results/hESC_GluC_HCD/interact-GluC_hES_12_140702223236_sub.pep.xml"
time="18:02:12" level=info msg="Parsing /scratch/negishi/afarzam/MSV000086944_results_v4/second_pass_downstream/GluC_CAD/GluC_CAD_2pass_results/hESC_GluC_HCD/interact-GluC_hES_21_sub.pep.xml"
time="18:02:12" level=info msg="Parsing /scratch/negishi/afarzam/MSV000086944_results_v4/second_pass_downstream/GluC_CAD/GluC_CAD_2pass_results/hESC_GluC_HCD/interact-GluC_hES_16_sub.pep.xml"
time="18:02:12" level=info msg="Parsing /scratch/negishi/afarzam/MSV000086944_results_v4/second_pass_downstream/GluC_CAD/GluC_CAD_2pass_results/hESC_GluC_HCD/interact-GluC_hES_14_sub.pep.xml"
time="18:02:12" level=info msg="Parsing /scratch/negishi/afarzam/MSV000086944_results_v4/second_pass_downstream/GluC_CAD/GluC_CAD_2pass_results/hESC_GluC_HCD/interact-GluC_hES_24_sub.pep.xml"
time="18:02:12" level=info msg="Parsing /scratch/negishi/afarzam/MSV000086944_results_v4/second_pass_downstream/GluC_CAD/GluC_CAD_2pass_results/hESC_GluC_HCD/interact-GluC_hES_22_sub.pep.xml"
time="18:02:12" level=info msg="Parsing /scratch/negishi/afarzam/MSV000086944_results_v4/second_pass_downstream/GluC_CAD/GluC_CAD_2pass_results/hESC_GluC_HCD/interact-GluC_hES_23_sub.pep.xml"
time="18:02:12" level=info msg="Parsing /scratch/negishi/afarzam/MSV000086944_results_v4/second_pass_downstream/GluC_CAD/GluC_CAD_2pass_results/hESC_GluC_HCD/interact-GluC_hES_25_sub.pep.xml"
time="18:02:12" level=info msg="Parsing /scratch/negishi/afarzam/MSV000086944_results_v4/second_pass_downstream/GluC_CAD/GluC_CAD_2pass_results/hESC_GluC_HCD/interact-GluC_hES_4_sub.pep.xml"
time="18:02:12" level=info msg="Parsing /scratch/negishi/afarzam/MSV000086944_results_v4/second_pass_downstream/GluC_CAD/GluC_CAD_2pass_results/hESC_GluC_HCD/interact-GluC_hES_5_sub.pep.xml"
time="18:02:12" level=info msg="Parsing /scratch/negishi/afarzam/MSV000086944_results_v4/second_pass_downstream/GluC_CAD/GluC_CAD_2pass_results/hESC_GluC_HCD/interact-GluC_hES_1_sub.pep.xml"
time="18:02:12" level=info msg="Parsing /scratch/negishi/afarzam/MSV000086944_results_v4/second_pass_downstream/GluC_CAD/GluC_CAD_2pass_results/hESC_GluC_HCD/interact-GluC_hES_7_sub.pep.xml"
time="18:02:12" level=info msg="Parsing /scratch/negishi/afarzam/MSV000086944_results_v4/second_pass_downstream/GluC_CAD/GluC_CAD_2pass_results/hESC_GluC_HCD/interact-GluC_hES_26_sub.pep.xml"
time="18:02:12" level=info msg="Parsing /scratch/negishi/afarzam/MSV000086944_results_v4/second_pass_downstream/GluC_CAD/GluC_CAD_2pass_results/hESC_GluC_HCD/interact-GluC_hES_18_sub.pep.xml"
time="18:02:12" level=info msg="Parsing /scratch/negishi/afarzam/MSV000086944_results_v4/second_pass_downstream/GluC_CAD/GluC_CAD_2pass_results/hESC_GluC_HCD/interact-GluC_hES_20_sub.pep.xml"
time="18:02:12" level=info msg="Parsing /scratch/negishi/afarzam/MSV000086944_results_v4/second_pass_downstream/GluC_CAD/GluC_CAD_2pass_results/hESC_GluC_HCD/interact-GluC_hES_8_sub.pep.xml"
time="18:02:12" level=info msg="Parsing /scratch/negishi/afarzam/MSV000086944_results_v4/second_pass_downstream/GluC_CAD/GluC_CAD_2pass_results/hESC_GluC_HCD/interact-GluC_hES_30_sub.pep.xml"
time="18:02:12" level=warning msg="No PSM was found in data set. /scratch/negishi/afarzam/MSV000086944_results_v4/second_pass_downstream/GluC_CAD/GluC_CAD_2pass_results/hESC_GluC_HCD/interact-GluC_hES_21_sub.pep.xml"
time="18:02:12" level=info msg="Parsing /scratch/negishi/afarzam/MSV000086944_results_v4/second_pass_downstream/GluC_CAD/GluC_CAD_2pass_results/hESC_GluC_HCD/interact-GluC_hES_19_sub.pep.xml"
time="18:02:12" level=info msg="Parsing /scratch/negishi/afarzam/MSV000086944_results_v4/second_pass_downstream/GluC_CAD/GluC_CAD_2pass_results/hESC_GluC_HCD/interact-GluC_hES_29_sub.pep.xml"
time="18:02:12" level=info msg="Parsing /scratch/negishi/afarzam/MSV000086944_results_v4/second_pass_downstream/GluC_CAD/GluC_CAD_2pass_results/hESC_GluC_HCD/interact-GluC_hES_3_sub.pep.xml"
time="18:02:12" level=info msg="Parsing /scratch/negishi/afarzam/MSV000086944_results_v4/second_pass_downstream/GluC_CAD/GluC_CAD_2pass_results/hESC_GluC_HCD/interact-GluC_hES_2_140701145527_sub.pep.xml"
time="18:02:12" level=info msg="Parsing /scratch/negishi/afarzam/MSV000086944_results_v4/second_pass_downstream/GluC_CAD/GluC_CAD_2pass_results/hESC_GluC_HCD/interact-GluC_hES_6_sub.pep.xml"
time="18:02:13" level=info msg="1+ Charge profile" decoy=0 target=0
time="18:02:13" level=info msg="2+ Charge profile" decoy=67 target=242
time="18:02:13" level=info msg="3+ Charge profile" decoy=70 target=208
time="18:02:13" level=info msg="4+ Charge profile" decoy=13 target=50
time="18:02:13" level=info msg="5+ Charge profile" decoy=7 target=23
time="18:02:13" level=info msg="6+ Charge profile" decoy=6 target=6
time="18:02:13" level=info msg="Database search results" ions=582 peptides=568 psms=692
time="18:02:13" level=info msg="Converged to 0.00 % FDR with 4 PSMs" decoy=0 threshold=0.97432 total=4
time="18:02:13" level=info msg="Converged to 0.00 % FDR with 3 Peptides" decoy=0 threshold=0.97432 total=3
time="18:02:13" level=info msg="Converged to 0.00 % FDR with 3 Ions" decoy=0 threshold=0.97432 total=3
time="18:02:13" level=info msg="Protein inference results" decoy=1685 target=2096
time="18:02:13" level=info msg="Converged to 0.00 % FDR with 28 Proteins" decoy=0 threshold=0.968 total=28
time="18:02:13" level=info msg="Applying sequential FDR estimation" ions=3 peptides=3 psms=4
time="18:02:13" level=info msg="Converged to 0.00 % FDR with 3 PSMs" decoy=0 threshold=0.976824 total=3
time="18:02:13" level=info msg="Converged to 0.00 % FDR with 2 Peptides" decoy=0 threshold=0.979154 total=2
time="18:02:13" level=info msg="Converged to 0.00 % FDR with 2 Ions" decoy=0 threshold=0.979154 total=2
time="18:02:13" level=info msg="Post processing identifications"
time="18:02:13" level=info msg="Assigning protein identifications to layers"
time="18:02:14" level=info msg="Processing protein inference"
time="18:02:14" level=info msg="Synchronizing PSMs and proteins"
time="18:02:14" level=info msg="Final report numbers after FDR filtering, and post-processing" ions=2 peptides=2 proteins=2 psms=3
time="18:02:14" level=info msg=Saving
time="18:02:14" level=info msg=Done
