time="09:55:51" level=info msg="Executing Filter  v5.1.2"
time="09:55:51" level=info msg="Fetching protein inference from /scratch/negishi/afarzam/MSV000086944_results_v4/second_pass_upstream/LysC_ETD/LysC_ETD_2pass_results/GM12878_LysC_ETD"
time="09:55:51" level=info msg="Processing peptide identification files"
time="09:55:51" level=info msg="Parsing /scratch/negishi/afarzam/MSV000086944_results_v4/second_pass_upstream/LysC_ETD/LysC_ETD_2pass_results/hESC_LysC_ETD/interact-ETD_hES_LysC9_sub.pep.xml"
time="09:55:51" level=info msg="Parsing /scratch/negishi/afarzam/MSV000086944_results_v4/second_pass_upstream/LysC_ETD/LysC_ETD_2pass_results/hESC_LysC_ETD/interact-ETD_hES_LysC23_sub.pep.xml"
time="09:55:51" level=info msg="Parsing /scratch/negishi/afarzam/MSV000086944_results_v4/second_pass_upstream/LysC_ETD/LysC_ETD_2pass_results/hESC_LysC_ETD/interact-ETD_hES_LysC14_sub.pep.xml"
time="09:55:51" level=info msg="Parsing /scratch/negishi/afarzam/MSV000086944_results_v4/second_pass_upstream/LysC_ETD/LysC_ETD_2pass_results/hESC_LysC_ETD/interact-ETD_hES_LysC19_sub.pep.xml"
time="09:55:51" level=info msg="Parsing /scratch/negishi/afarzam/MSV000086944_results_v4/second_pass_upstream/LysC_ETD/LysC_ETD_2pass_results/hESC_LysC_ETD/interact-ETD_hES_LysC12_sub.pep.xml"
time="09:55:51" level=info msg="Parsing /scratch/negishi/afarzam/MSV000086944_results_v4/second_pass_upstream/LysC_ETD/LysC_ETD_2pass_results/hESC_LysC_ETD/interact-ETD_hES_LysC24_sub.pep.xml"
time="09:55:51" level=info msg="Parsing /scratch/negishi/afarzam/MSV000086944_results_v4/second_pass_upstream/LysC_ETD/LysC_ETD_2pass_results/hESC_LysC_ETD/interact-ETD_hES_LysC3_sub.pep.xml"
time="09:55:51" level=info msg="Parsing /scratch/negishi/afarzam/MSV000086944_results_v4/second_pass_upstream/LysC_ETD/LysC_ETD_2pass_results/hESC_LysC_ETD/interact-ETD_hES_LysC16_sub.pep.xml"
time="09:55:51" level=info msg="Parsing /scratch/negishi/afarzam/MSV000086944_results_v4/second_pass_upstream/LysC_ETD/LysC_ETD_2pass_results/hESC_LysC_ETD/interact-ETD_hES_LysC5_sub.pep.xml"
time="09:55:51" level=info msg="Parsing /scratch/negishi/afarzam/MSV000086944_results_v4/second_pass_upstream/LysC_ETD/LysC_ETD_2pass_results/hESC_LysC_ETD/interact-ETD_hES_LysC20_sub.pep.xml"
time="09:55:51" level=info msg="Parsing /scratch/negishi/afarzam/MSV000086944_results_v4/second_pass_upstream/LysC_ETD/LysC_ETD_2pass_results/hESC_LysC_ETD/interact-ETD_hES_LysC7_sub.pep.xml"
time="09:55:51" level=info msg="Parsing /scratch/negishi/afarzam/MSV000086944_results_v4/second_pass_upstream/LysC_ETD/LysC_ETD_2pass_results/hESC_LysC_ETD/interact-ETD_hES_LysC11_sub.pep.xml"
time="09:55:51" level=info msg="Parsing /scratch/negishi/afarzam/MSV000086944_results_v4/second_pass_upstream/LysC_ETD/LysC_ETD_2pass_results/hESC_LysC_ETD/interact-ETD_hES_LysC1_sub.pep.xml"
time="09:55:51" level=info msg="Parsing /scratch/negishi/afarzam/MSV000086944_results_v4/second_pass_upstream/LysC_ETD/LysC_ETD_2pass_results/hESC_LysC_ETD/interact-ETD_hES_LysC8_sub.pep.xml"
time="09:55:51" level=info msg="Parsing /scratch/negishi/afarzam/MSV000086944_results_v4/second_pass_upstream/LysC_ETD/LysC_ETD_2pass_results/hESC_LysC_ETD/interact-ETD_hES_LysC22_sub.pep.xml"
time="09:55:51" level=info msg="Parsing /scratch/negishi/afarzam/MSV000086944_results_v4/second_pass_upstream/LysC_ETD/LysC_ETD_2pass_results/hESC_LysC_ETD/interact-ETD_hES_LysC15_sub.pep.xml"
time="09:55:51" level=warning msg="No PSM was found in data set. /scratch/negishi/afarzam/MSV000086944_results_v4/second_pass_upstream/LysC_ETD/LysC_ETD_2pass_results/hESC_LysC_ETD/interact-ETD_hES_LysC24_sub.pep.xml"
time="09:55:51" level=info msg="Parsing /scratch/negishi/afarzam/MSV000086944_results_v4/second_pass_upstream/LysC_ETD/LysC_ETD_2pass_results/hESC_LysC_ETD/interact-ETD_hES_LysC17_sub.pep.xml"
time="09:55:51" level=info msg="Parsing /scratch/negishi/afarzam/MSV000086944_results_v4/second_pass_upstream/LysC_ETD/LysC_ETD_2pass_results/hESC_LysC_ETD/interact-ETD_hES_LysC6_sub.pep.xml"
time="09:55:51" level=info msg="Parsing /scratch/negishi/afarzam/MSV000086944_results_v4/second_pass_upstream/LysC_ETD/LysC_ETD_2pass_results/hESC_LysC_ETD/interact-ETD_hES_LysC10_sub.pep.xml"
time="09:55:51" level=info msg="Parsing /scratch/negishi/afarzam/MSV000086944_results_v4/second_pass_upstream/LysC_ETD/LysC_ETD_2pass_results/hESC_LysC_ETD/interact-ETD_hES_LysC13_sub.pep.xml"
time="09:55:51" level=info msg="Parsing /scratch/negishi/afarzam/MSV000086944_results_v4/second_pass_upstream/LysC_ETD/LysC_ETD_2pass_results/hESC_LysC_ETD/interact-ETD_hES_LysC4_sub.pep.xml"
time="09:55:51" level=info msg="Parsing /scratch/negishi/afarzam/MSV000086944_results_v4/second_pass_upstream/LysC_ETD/LysC_ETD_2pass_results/hESC_LysC_ETD/interact-ETD_hES_LysC25_sub.pep.xml"
time="09:55:51" level=info msg="Parsing /scratch/negishi/afarzam/MSV000086944_results_v4/second_pass_upstream/LysC_ETD/LysC_ETD_2pass_results/hESC_LysC_ETD/interact-ETD_hES_LysC21_sub.pep.xml"
time="09:55:51" level=info msg="Parsing /scratch/negishi/afarzam/MSV000086944_results_v4/second_pass_upstream/LysC_ETD/LysC_ETD_2pass_results/hESC_LysC_ETD/interact-ETD_hES_LysC2_sub.pep.xml"
time="09:55:51" level=info msg="Parsing /scratch/negishi/afarzam/MSV000086944_results_v4/second_pass_upstream/LysC_ETD/LysC_ETD_2pass_results/hESC_LysC_ETD/interact-ETD_hES_LysC18_sub.pep.xml"
time="09:55:51" level=warning msg="No PSM was found in data set. /scratch/negishi/afarzam/MSV000086944_results_v4/second_pass_upstream/LysC_ETD/LysC_ETD_2pass_results/hESC_LysC_ETD/interact-ETD_hES_LysC4_sub.pep.xml"
time="09:55:51" level=warning msg="No PSM was found in data set. /scratch/negishi/afarzam/MSV000086944_results_v4/second_pass_upstream/LysC_ETD/LysC_ETD_2pass_results/hESC_LysC_ETD/interact-ETD_hES_LysC21_sub.pep.xml"
time="09:55:53" level=info msg="1+ Charge profile" decoy=0 target=0
time="09:55:53" level=info msg="2+ Charge profile" decoy=25 target=119
time="09:55:53" level=info msg="3+ Charge profile" decoy=27 target=108
time="09:55:53" level=info msg="4+ Charge profile" decoy=27 target=53
time="09:55:53" level=info msg="5+ Charge profile" decoy=19 target=26
time="09:55:53" level=info msg="6+ Charge profile" decoy=4 target=14
time="09:55:53" level=info msg="Database search results" ions=360 peptides=359 psms=422
time="09:55:53" level=info msg="Converged to 0.00 % FDR with 14 PSMs" decoy=0 threshold=0.93513 total=14
time="09:55:53" level=info msg="Converged to 0.00 % FDR with 13 Peptides" decoy=0 threshold=0.93513 total=13
time="09:55:53" level=info msg="Converged to 0.00 % FDR with 13 Ions" decoy=0 threshold=0.93513 total=13
time="09:55:53" level=info msg="Protein inference results" decoy=1857 target=2626
time="09:55:53" level=info msg="Converged to 0.00 % FDR with 38 Proteins" decoy=0 threshold=0.9707 total=38
time="09:55:53" level=info msg="Applying sequential FDR estimation" ions=8 peptides=8 psms=9
time="09:55:53" level=info msg="Converged to 0.00 % FDR with 8 PSMs" decoy=0 threshold=0.988344 total=8
time="09:55:53" level=info msg="Converged to 0.00 % FDR with 7 Peptides" decoy=0 threshold=0.988344 total=7
time="09:55:53" level=info msg="Converged to 0.00 % FDR with 7 Ions" decoy=0 threshold=0.988344 total=7
time="09:55:53" level=info msg="Post processing identifications"
time="09:55:53" level=info msg="Assigning protein identifications to layers"
time="09:55:53" level=info msg="Processing protein inference"
time="09:55:54" level=info msg="Synchronizing PSMs and proteins"
time="09:55:54" level=info msg="Final report numbers after FDR filtering, and post-processing" ions=7 peptides=7 proteins=7 psms=8
time="09:55:54" level=info msg=Saving
time="09:55:54" level=info msg=Done
