time="10:48:19" level=info msg="Executing Filter  v5.1.2"
time="10:48:19" level=info msg="Fetching protein inference from /scratch/negishi/afarzam/MSV000086944_results_v4/second_pass_upstream/LysN_ETD/LysN_ETD_2pass_results/GM12878_LysN_ETD"
time="10:48:20" level=info msg="Processing peptide identification files"
time="10:48:20" level=info msg="Parsing /scratch/negishi/afarzam/MSV000086944_results_v4/second_pass_upstream/LysN_ETD/LysN_ETD_2pass_results/K562_LysN_ETD/interact-20160202_alr_CompleteHumanProteome_K562_LysN_ETD_fr19_sub.pep.xml"
time="10:48:20" level=info msg="Parsing /scratch/negishi/afarzam/MSV000086944_results_v4/second_pass_upstream/LysN_ETD/LysN_ETD_2pass_results/K562_LysN_ETD/interact-20160202_alr_CompleteHumanProteome_K562_LysN_ETD_fr9_sub.pep.xml"
time="10:48:20" level=info msg="Parsing /scratch/negishi/afarzam/MSV000086944_results_v4/second_pass_upstream/LysN_ETD/LysN_ETD_2pass_results/K562_LysN_ETD/interact-20160202_alr_CompleteHumanProteome_K562_LysN_ETD_fr11_sub.pep.xml"
time="10:48:20" level=info msg="Parsing /scratch/negishi/afarzam/MSV000086944_results_v4/second_pass_upstream/LysN_ETD/LysN_ETD_2pass_results/K562_LysN_ETD/interact-20160202_alr_CompleteHumanProteome_K562_LysN_ETD_fr29_sub.pep.xml"
time="10:48:20" level=info msg="Parsing /scratch/negishi/afarzam/MSV000086944_results_v4/second_pass_upstream/LysN_ETD/LysN_ETD_2pass_results/K562_LysN_ETD/interact-20160202_alr_CompleteHumanProteome_K562_LysN_ETD_fr3_sub.pep.xml"
time="10:48:20" level=info msg="Parsing /scratch/negishi/afarzam/MSV000086944_results_v4/second_pass_upstream/LysN_ETD/LysN_ETD_2pass_results/K562_LysN_ETD/interact-20160202_alr_CompleteHumanProteome_K562_LysN_ETD_fr14_sub.pep.xml"
time="10:48:20" level=info msg="Parsing /scratch/negishi/afarzam/MSV000086944_results_v4/second_pass_upstream/LysN_ETD/LysN_ETD_2pass_results/K562_LysN_ETD/interact-20160202_alr_CompleteHumanProteome_K562_LysN_ETD_fr17_sub.pep.xml"
time="10:48:20" level=info msg="Parsing /scratch/negishi/afarzam/MSV000086944_results_v4/second_pass_upstream/LysN_ETD/LysN_ETD_2pass_results/K562_LysN_ETD/interact-20160202_alr_CompleteHumanProteome_K562_LysN_ETD_fr12_sub.pep.xml"
time="10:48:20" level=info msg="Parsing /scratch/negishi/afarzam/MSV000086944_results_v4/second_pass_upstream/LysN_ETD/LysN_ETD_2pass_results/K562_LysN_ETD/interact-20160202_alr_CompleteHumanProteome_K562_LysN_ETD_fr1_sub.pep.xml"
time="10:48:20" level=info msg="Parsing /scratch/negishi/afarzam/MSV000086944_results_v4/second_pass_upstream/LysN_ETD/LysN_ETD_2pass_results/K562_LysN_ETD/interact-20160202_alr_CompleteHumanProteome_K562_LysN_ETD_fr2_sub.pep.xml"
time="10:48:20" level=info msg="Parsing /scratch/negishi/afarzam/MSV000086944_results_v4/second_pass_upstream/LysN_ETD/LysN_ETD_2pass_results/K562_LysN_ETD/interact-20160202_alr_CompleteHumanProteome_K562_LysN_ETD_fr16_sub.pep.xml"
time="10:48:20" level=info msg="Parsing /scratch/negishi/afarzam/MSV000086944_results_v4/second_pass_upstream/LysN_ETD/LysN_ETD_2pass_results/K562_LysN_ETD/interact-20160202_alr_CompleteHumanProteome_K562_LysN_ETD_fr15_sub.pep.xml"
time="10:48:20" level=info msg="Parsing /scratch/negishi/afarzam/MSV000086944_results_v4/second_pass_upstream/LysN_ETD/LysN_ETD_2pass_results/K562_LysN_ETD/interact-20160202_alr_CompleteHumanProteome_K562_LysN_ETD_fr13_sub.pep.xml"
time="10:48:20" level=info msg="Parsing /scratch/negishi/afarzam/MSV000086944_results_v4/second_pass_upstream/LysN_ETD/LysN_ETD_2pass_results/K562_LysN_ETD/interact-20160202_alr_CompleteHumanProteome_K562_LysN_ETD_fr18_sub.pep.xml"
time="10:48:20" level=info msg="Parsing /scratch/negishi/afarzam/MSV000086944_results_v4/second_pass_upstream/LysN_ETD/LysN_ETD_2pass_results/K562_LysN_ETD/interact-20160202_alr_CompleteHumanProteome_K562_LysN_ETD_fr30_sub.pep.xml"
time="10:48:20" level=info msg="Parsing /scratch/negishi/afarzam/MSV000086944_results_v4/second_pass_upstream/LysN_ETD/LysN_ETD_2pass_results/K562_LysN_ETD/interact-20160202_alr_CompleteHumanProteome_K562_LysN_ETD_fr5_sub.pep.xml"
time="10:48:20" level=warning msg="No PSM was found in data set. /scratch/negishi/afarzam/MSV000086944_results_v4/second_pass_upstream/LysN_ETD/LysN_ETD_2pass_results/K562_LysN_ETD/interact-20160202_alr_CompleteHumanProteome_K562_LysN_ETD_fr2_sub.pep.xml"
time="10:48:20" level=info msg="Parsing /scratch/negishi/afarzam/MSV000086944_results_v4/second_pass_upstream/LysN_ETD/LysN_ETD_2pass_results/K562_LysN_ETD/interact-20160202_alr_CompleteHumanProteome_K562_LysN_ETD_fr6_sub.pep.xml"
time="10:48:20" level=info msg="Parsing /scratch/negishi/afarzam/MSV000086944_results_v4/second_pass_upstream/LysN_ETD/LysN_ETD_2pass_results/K562_LysN_ETD/interact-20160202_alr_CompleteHumanProteome_K562_LysN_ETD_fr8_sub.pep.xml"
time="10:48:20" level=info msg="Parsing /scratch/negishi/afarzam/MSV000086944_results_v4/second_pass_upstream/LysN_ETD/LysN_ETD_2pass_results/K562_LysN_ETD/interact-20160202_alr_CompleteHumanProteome_K562_LysN_ETD_fr4_sub.pep.xml"
time="10:48:20" level=info msg="Parsing /scratch/negishi/afarzam/MSV000086944_results_v4/second_pass_upstream/LysN_ETD/LysN_ETD_2pass_results/K562_LysN_ETD/interact-20160202_alr_CompleteHumanProteome_K562_LysN_ETD_fr22_sub.pep.xml"
time="10:48:20" level=info msg="Parsing /scratch/negishi/afarzam/MSV000086944_results_v4/second_pass_upstream/LysN_ETD/LysN_ETD_2pass_results/K562_LysN_ETD/interact-20160202_alr_CompleteHumanProteome_K562_LysN_ETD_fr24_sub.pep.xml"
time="10:48:20" level=info msg="Parsing /scratch/negishi/afarzam/MSV000086944_results_v4/second_pass_upstream/LysN_ETD/LysN_ETD_2pass_results/K562_LysN_ETD/interact-20160202_alr_CompleteHumanProteome_K562_LysN_ETD_fr20_sub.pep.xml"
time="10:48:20" level=info msg="Parsing /scratch/negishi/afarzam/MSV000086944_results_v4/second_pass_upstream/LysN_ETD/LysN_ETD_2pass_results/K562_LysN_ETD/interact-20160202_alr_CompleteHumanProteome_K562_LysN_ETD_fr21_sub.pep.xml"
time="10:48:20" level=info msg="Parsing /scratch/negishi/afarzam/MSV000086944_results_v4/second_pass_upstream/LysN_ETD/LysN_ETD_2pass_results/K562_LysN_ETD/interact-20160202_alr_CompleteHumanProteome_K562_LysN_ETD_fr23_sub.pep.xml"
time="10:48:20" level=info msg="Parsing /scratch/negishi/afarzam/MSV000086944_results_v4/second_pass_upstream/LysN_ETD/LysN_ETD_2pass_results/K562_LysN_ETD/interact-20160202_alr_CompleteHumanProteome_K562_LysN_ETD_fr31_sub.pep.xml"
time="10:48:20" level=info msg="Parsing /scratch/negishi/afarzam/MSV000086944_results_v4/second_pass_upstream/LysN_ETD/LysN_ETD_2pass_results/K562_LysN_ETD/interact-20160202_alr_CompleteHumanProteome_K562_LysN_ETD_fr26_sub.pep.xml"
time="10:48:20" level=info msg="Parsing /scratch/negishi/afarzam/MSV000086944_results_v4/second_pass_upstream/LysN_ETD/LysN_ETD_2pass_results/K562_LysN_ETD/interact-20160202_alr_CompleteHumanProteome_K562_LysN_ETD_fr27_sub.pep.xml"
time="10:48:20" level=info msg="Parsing /scratch/negishi/afarzam/MSV000086944_results_v4/second_pass_upstream/LysN_ETD/LysN_ETD_2pass_results/K562_LysN_ETD/interact-20160202_alr_CompleteHumanProteome_K562_LysN_ETD_fr10_sub.pep.xml"
time="10:48:20" level=info msg="Parsing /scratch/negishi/afarzam/MSV000086944_results_v4/second_pass_upstream/LysN_ETD/LysN_ETD_2pass_results/K562_LysN_ETD/interact-20160202_alr_CompleteHumanProteome_K562_LysN_ETD_fr25_sub.pep.xml"
time="10:48:20" level=info msg="Parsing /scratch/negishi/afarzam/MSV000086944_results_v4/second_pass_upstream/LysN_ETD/LysN_ETD_2pass_results/K562_LysN_ETD/interact-20160202_alr_CompleteHumanProteome_K562_LysN_ETD_fr32_sub.pep.xml"
time="10:48:20" level=warning msg="No PSM was found in data set. /scratch/negishi/afarzam/MSV000086944_results_v4/second_pass_upstream/LysN_ETD/LysN_ETD_2pass_results/K562_LysN_ETD/interact-20160202_alr_CompleteHumanProteome_K562_LysN_ETD_fr30_sub.pep.xml"
time="10:48:20" level=info msg="Parsing /scratch/negishi/afarzam/MSV000086944_results_v4/second_pass_upstream/LysN_ETD/LysN_ETD_2pass_results/K562_LysN_ETD/interact-20160202_alr_CompleteHumanProteome_K562_LysN_ETD_fr28_sub.pep.xml"
time="10:48:20" level=info msg="Parsing /scratch/negishi/afarzam/MSV000086944_results_v4/second_pass_upstream/LysN_ETD/LysN_ETD_2pass_results/K562_LysN_ETD/interact-20160202_alr_CompleteHumanProteome_K562_LysN_ETD_fr7_sub.pep.xml"
time="10:48:20" level=warning msg="No PSM was found in data set. /scratch/negishi/afarzam/MSV000086944_results_v4/second_pass_upstream/LysN_ETD/LysN_ETD_2pass_results/K562_LysN_ETD/interact-20160202_alr_CompleteHumanProteome_K562_LysN_ETD_fr28_sub.pep.xml"
time="10:48:21" level=info msg="1+ Charge profile" decoy=0 target=0
time="10:48:21" level=info msg="2+ Charge profile" decoy=112 target=400
time="10:48:21" level=info msg="3+ Charge profile" decoy=98 target=313
time="10:48:21" level=info msg="4+ Charge profile" decoy=84 target=218
time="10:48:21" level=info msg="5+ Charge profile" decoy=36 target=68
time="10:48:21" level=info msg="6+ Charge profile" decoy=13 target=17
time="10:48:21" level=info msg="Database search results" ions=1133 peptides=1094 psms=1359
time="10:48:21" level=info msg="Converged to 0.00 % FDR with 41 PSMs" decoy=0 threshold=0.892894 total=41
time="10:48:21" level=info msg="Converged to 0.00 % FDR with 33 Peptides" decoy=0 threshold=0.892894 total=33
time="10:48:21" level=info msg="Converged to 0.00 % FDR with 37 Ions" decoy=0 threshold=0.892894 total=37
time="10:48:21" level=info msg="Protein inference results" decoy=1811 target=2662
time="10:48:21" level=info msg="Converged to 0.00 % FDR with 16 Proteins" decoy=0 threshold=0.9927 total=16
time="10:48:21" level=info msg="Applying sequential FDR estimation" ions=8 peptides=4 psms=11
time="10:48:21" level=info msg="Converged to 0.00 % FDR with 10 PSMs" decoy=0 threshold=0.939608 total=10
time="10:48:21" level=info msg="Converged to 0.00 % FDR with 3 Peptides" decoy=0 threshold=0.984544 total=3
time="10:48:21" level=info msg="Converged to 0.00 % FDR with 7 Ions" decoy=0 threshold=0.943412 total=7
time="10:48:21" level=info msg="Post processing identifications"
time="10:48:21" level=info msg="Assigning protein identifications to layers"
time="10:48:22" level=info msg="Processing protein inference"
time="10:48:22" level=info msg="Synchronizing PSMs and proteins"
time="10:48:22" level=info msg="Final report numbers after FDR filtering, and post-processing" ions=7 peptides=3 proteins=4 psms=10
time="10:48:22" level=info msg=Saving
time="10:48:22" level=info msg=Done
