time="09:55:45" level=info msg="Executing Filter  v5.1.2"
time="09:55:45" level=info msg="Fetching protein inference from /scratch/negishi/afarzam/MSV000086944_results_v4/second_pass_upstream/LysC_ETD/LysC_ETD_2pass_results/GM12878_LysC_ETD"
time="09:55:45" level=info msg="Processing peptide identification files"
time="09:55:45" level=info msg="Parsing /scratch/negishi/afarzam/MSV000086944_results_v4/second_pass_upstream/LysC_ETD/LysC_ETD_2pass_results/HepG2_LysC_ETD/interact-20151215_alr_CompleteHumaProteome_HepG2_ETD_LysC_fr14_sub.pep.xml"
time="09:55:45" level=info msg="Parsing /scratch/negishi/afarzam/MSV000086944_results_v4/second_pass_upstream/LysC_ETD/LysC_ETD_2pass_results/HepG2_LysC_ETD/interact-20151215_alr_CompleteHumaProteome_HepG2_ETD_LysC_fr10_sub.pep.xml"
time="09:55:45" level=info msg="Parsing /scratch/negishi/afarzam/MSV000086944_results_v4/second_pass_upstream/LysC_ETD/LysC_ETD_2pass_results/HepG2_LysC_ETD/interact-20151215_alr_CompleteHumaProteome_HepG2_ETD_LysC_fr9_sub.pep.xml"
time="09:55:45" level=info msg="Parsing /scratch/negishi/afarzam/MSV000086944_results_v4/second_pass_upstream/LysC_ETD/LysC_ETD_2pass_results/HepG2_LysC_ETD/interact-20151215_alr_CompleteHumaProteome_HepG2_ETD_LysC_fr19_sub.pep.xml"
time="09:55:45" level=info msg="Parsing /scratch/negishi/afarzam/MSV000086944_results_v4/second_pass_upstream/LysC_ETD/LysC_ETD_2pass_results/HepG2_LysC_ETD/interact-20151215_alr_CompleteHumaProteome_HepG2_ETD_LysC_fr11_sub.pep.xml"
time="09:55:45" level=info msg="Parsing /scratch/negishi/afarzam/MSV000086944_results_v4/second_pass_upstream/LysC_ETD/LysC_ETD_2pass_results/HepG2_LysC_ETD/interact-20151215_alr_CompleteHumaProteome_HepG2_ETD_LysC_fr16_sub.pep.xml"
time="09:55:45" level=info msg="Parsing /scratch/negishi/afarzam/MSV000086944_results_v4/second_pass_upstream/LysC_ETD/LysC_ETD_2pass_results/HepG2_LysC_ETD/interact-20151215_alr_CompleteHumaProteome_HepG2_ETD_LysC_fr1_sub.pep.xml"
time="09:55:45" level=info msg="Parsing /scratch/negishi/afarzam/MSV000086944_results_v4/second_pass_upstream/LysC_ETD/LysC_ETD_2pass_results/HepG2_LysC_ETD/interact-20151215_alr_CompleteHumaProteome_HepG2_ETD_LysC_fr20_sub.pep.xml"
time="09:55:45" level=info msg="Parsing /scratch/negishi/afarzam/MSV000086944_results_v4/second_pass_upstream/LysC_ETD/LysC_ETD_2pass_results/HepG2_LysC_ETD/interact-20151215_alr_CompleteHumaProteome_HepG2_ETD_LysC_fr17_sub.pep.xml"
time="09:55:45" level=info msg="Parsing /scratch/negishi/afarzam/MSV000086944_results_v4/second_pass_upstream/LysC_ETD/LysC_ETD_2pass_results/HepG2_LysC_ETD/interact-20151215_alr_CompleteHumaProteome_HepG2_ETD_LysC_fr15_sub.pep.xml"
time="09:55:45" level=info msg="Parsing /scratch/negishi/afarzam/MSV000086944_results_v4/second_pass_upstream/LysC_ETD/LysC_ETD_2pass_results/HepG2_LysC_ETD/interact-20151215_alr_CompleteHumaProteome_HepG2_ETD_LysC_fr12_sub.pep.xml"
time="09:55:45" level=info msg="Parsing /scratch/negishi/afarzam/MSV000086944_results_v4/second_pass_upstream/LysC_ETD/LysC_ETD_2pass_results/HepG2_LysC_ETD/interact-20151215_alr_CompleteHumaProteome_HepG2_ETD_LysC_fr30_sub.pep.xml"
time="09:55:45" level=info msg="Parsing /scratch/negishi/afarzam/MSV000086944_results_v4/second_pass_upstream/LysC_ETD/LysC_ETD_2pass_results/HepG2_LysC_ETD/interact-20151215_alr_CompleteHumaProteome_HepG2_ETD_LysC_fr22_sub.pep.xml"
time="09:55:45" level=info msg="Parsing /scratch/negishi/afarzam/MSV000086944_results_v4/second_pass_upstream/LysC_ETD/LysC_ETD_2pass_results/HepG2_LysC_ETD/interact-20151215_alr_CompleteHumaProteome_HepG2_ETD_LysC_fr18_sub.pep.xml"
time="09:55:45" level=info msg="Parsing /scratch/negishi/afarzam/MSV000086944_results_v4/second_pass_upstream/LysC_ETD/LysC_ETD_2pass_results/HepG2_LysC_ETD/interact-20151215_alr_CompleteHumaProteome_HepG2_ETD_LysC_fr24_sub.pep.xml"
time="09:55:45" level=info msg="Parsing /scratch/negishi/afarzam/MSV000086944_results_v4/second_pass_upstream/LysC_ETD/LysC_ETD_2pass_results/HepG2_LysC_ETD/interact-20151215_alr_CompleteHumaProteome_HepG2_ETD_LysC_fr25_sub.pep.xml"
time="09:55:45" level=info msg="Parsing /scratch/negishi/afarzam/MSV000086944_results_v4/second_pass_upstream/LysC_ETD/LysC_ETD_2pass_results/HepG2_LysC_ETD/interact-20151215_alr_CompleteHumaProteome_HepG2_ETD_LysC_fr2_sub.pep.xml"
time="09:55:45" level=info msg="Parsing /scratch/negishi/afarzam/MSV000086944_results_v4/second_pass_upstream/LysC_ETD/LysC_ETD_2pass_results/HepG2_LysC_ETD/interact-20151215_alr_CompleteHumaProteome_HepG2_ETD_LysC_fr26_sub.pep.xml"
time="09:55:45" level=info msg="Parsing /scratch/negishi/afarzam/MSV000086944_results_v4/second_pass_upstream/LysC_ETD/LysC_ETD_2pass_results/HepG2_LysC_ETD/interact-20151215_alr_CompleteHumaProteome_HepG2_ETD_LysC_fr29_sub.pep.xml"
time="09:55:45" level=info msg="Parsing /scratch/negishi/afarzam/MSV000086944_results_v4/second_pass_upstream/LysC_ETD/LysC_ETD_2pass_results/HepG2_LysC_ETD/interact-20151215_alr_CompleteHumaProteome_HepG2_ETD_LysC_fr8_sub.pep.xml"
time="09:55:45" level=info msg="Parsing /scratch/negishi/afarzam/MSV000086944_results_v4/second_pass_upstream/LysC_ETD/LysC_ETD_2pass_results/HepG2_LysC_ETD/interact-20151215_alr_CompleteHumaProteome_HepG2_ETD_LysC_fr33_sub.pep.xml"
time="09:55:45" level=info msg="Parsing /scratch/negishi/afarzam/MSV000086944_results_v4/second_pass_upstream/LysC_ETD/LysC_ETD_2pass_results/HepG2_LysC_ETD/interact-20151215_alr_CompleteHumaProteome_HepG2_ETD_LysC_fr21_sub.pep.xml"
time="09:55:45" level=info msg="Parsing /scratch/negishi/afarzam/MSV000086944_results_v4/second_pass_upstream/LysC_ETD/LysC_ETD_2pass_results/HepG2_LysC_ETD/interact-20151215_alr_CompleteHumaProteome_HepG2_ETD_LysC_fr32_sub.pep.xml"
time="09:55:45" level=info msg="Parsing /scratch/negishi/afarzam/MSV000086944_results_v4/second_pass_upstream/LysC_ETD/LysC_ETD_2pass_results/HepG2_LysC_ETD/interact-20151215_alr_CompleteHumaProteome_HepG2_ETD_LysC_fr28_sub.pep.xml"
time="09:55:45" level=info msg="Parsing /scratch/negishi/afarzam/MSV000086944_results_v4/second_pass_upstream/LysC_ETD/LysC_ETD_2pass_results/HepG2_LysC_ETD/interact-20151215_alr_CompleteHumaProteome_HepG2_ETD_LysC_fr7_sub.pep.xml"
time="09:55:45" level=info msg="Parsing /scratch/negishi/afarzam/MSV000086944_results_v4/second_pass_upstream/LysC_ETD/LysC_ETD_2pass_results/HepG2_LysC_ETD/interact-20151215_alr_CompleteHumaProteome_HepG2_ETD_LysC_fr13_sub.pep.xml"
time="09:55:45" level=info msg="Parsing /scratch/negishi/afarzam/MSV000086944_results_v4/second_pass_upstream/LysC_ETD/LysC_ETD_2pass_results/HepG2_LysC_ETD/interact-20151215_alr_CompleteHumaProteome_HepG2_ETD_LysC_fr34_sub.pep.xml"
time="09:55:45" level=info msg="Parsing /scratch/negishi/afarzam/MSV000086944_results_v4/second_pass_upstream/LysC_ETD/LysC_ETD_2pass_results/HepG2_LysC_ETD/interact-20151215_alr_CompleteHumaProteome_HepG2_ETD_LysC_fr31_sub.pep.xml"
time="09:55:45" level=info msg="Parsing /scratch/negishi/afarzam/MSV000086944_results_v4/second_pass_upstream/LysC_ETD/LysC_ETD_2pass_results/HepG2_LysC_ETD/interact-20151215_alr_CompleteHumaProteome_HepG2_ETD_LysC_fr27_sub.pep.xml"
time="09:55:45" level=warning msg="No PSM was found in data set. /scratch/negishi/afarzam/MSV000086944_results_v4/second_pass_upstream/LysC_ETD/LysC_ETD_2pass_results/HepG2_LysC_ETD/interact-20151215_alr_CompleteHumaProteome_HepG2_ETD_LysC_fr7_sub.pep.xml"
time="09:55:45" level=info msg="Parsing /scratch/negishi/afarzam/MSV000086944_results_v4/second_pass_upstream/LysC_ETD/LysC_ETD_2pass_results/HepG2_LysC_ETD/interact-20151215_alr_CompleteHumaProteome_HepG2_ETD_LysC_fr35_151220093534_sub.pep.xml"
time="09:55:45" level=info msg="Parsing /scratch/negishi/afarzam/MSV000086944_results_v4/second_pass_upstream/LysC_ETD/LysC_ETD_2pass_results/HepG2_LysC_ETD/interact-20151215_alr_CompleteHumaProteome_HepG2_ETD_LysC_fr4_sub.pep.xml"
time="09:55:45" level=info msg="Parsing /scratch/negishi/afarzam/MSV000086944_results_v4/second_pass_upstream/LysC_ETD/LysC_ETD_2pass_results/HepG2_LysC_ETD/interact-20151215_alr_CompleteHumaProteome_HepG2_ETD_LysC_fr5_sub.pep.xml"
time="09:55:45" level=info msg="Parsing /scratch/negishi/afarzam/MSV000086944_results_v4/second_pass_upstream/LysC_ETD/LysC_ETD_2pass_results/HepG2_LysC_ETD/interact-20151215_alr_CompleteHumaProteome_HepG2_ETD_LysC_fr6_sub.pep.xml"
time="09:55:45" level=info msg="Parsing /scratch/negishi/afarzam/MSV000086944_results_v4/second_pass_upstream/LysC_ETD/LysC_ETD_2pass_results/HepG2_LysC_ETD/interact-20151215_alr_CompleteHumaProteome_HepG2_ETD_LysC_fr3_sub.pep.xml"
time="09:55:47" level=info msg="1+ Charge profile" decoy=0 target=0
time="09:55:47" level=info msg="2+ Charge profile" decoy=187 target=664
time="09:55:47" level=info msg="3+ Charge profile" decoy=248 target=822
time="09:55:47" level=info msg="4+ Charge profile" decoy=205 target=508
time="09:55:47" level=info msg="5+ Charge profile" decoy=106 target=217
time="09:55:47" level=info msg="6+ Charge profile" decoy=43 target=75
time="09:55:47" level=info msg="Database search results" ions=2349 peptides=2194 psms=3075
time="09:55:47" level=info msg="Converged to 0.00 % FDR with 26 PSMs" decoy=0 threshold=0.958546 total=26
time="09:55:47" level=info msg="Converged to 0.00 % FDR with 18 Peptides" decoy=0 threshold=0.958546 total=18
time="09:55:47" level=info msg="Converged to 0.00 % FDR with 20 Ions" decoy=0 threshold=0.958546 total=20
time="09:55:47" level=info msg="Protein inference results" decoy=1857 target=2626
time="09:55:47" level=info msg="Converged to 0.00 % FDR with 38 Proteins" decoy=0 threshold=0.9707 total=38
time="09:55:47" level=info msg="Applying sequential FDR estimation" ions=12 peptides=10 psms=17
time="09:55:47" level=info msg="Converged to 0.00 % FDR with 16 PSMs" decoy=0 threshold=0.961809 total=16
time="09:55:47" level=info msg="Converged to 0.00 % FDR with 9 Peptides" decoy=0 threshold=0.962601 total=9
time="09:55:47" level=info msg="Converged to 0.00 % FDR with 11 Ions" decoy=0 threshold=0.962601 total=11
time="09:55:47" level=info msg="Post processing identifications"
time="09:55:47" level=info msg="Assigning protein identifications to layers"
time="09:55:47" level=info msg="Processing protein inference"
time="09:55:48" level=info msg="Synchronizing PSMs and proteins"
time="09:55:48" level=info msg="Final report numbers after FDR filtering, and post-processing" ions=11 peptides=9 proteins=9 psms=16
time="09:55:48" level=info msg=Saving
time="09:55:48" level=info msg=Done
