time="06:42:03" level=info msg="Executing Filter  v5.1.2"
time="06:42:03" level=info msg="Fetching protein inference from /scratch/negishi/afarzam/MSV000086944_results_v4/second_pass_upstream/Chymo_CAD/Chymo_CAD_2pass_results/GM12878_Chymo_CAD"
time="06:42:04" level=info msg="Processing peptide identification files"
time="06:42:04" level=info msg="Parsing /scratch/negishi/afarzam/MSV000086944_results_v4/second_pass_upstream/Chymo_CAD/Chymo_CAD_2pass_results/HeLa_Chymo_CAD/interact-20151017_alr_CompleteHumanProteome_HeLaS3_chymotrypsin_CAD_fr19_sub.pep.xml"
time="06:42:04" level=info msg="Parsing /scratch/negishi/afarzam/MSV000086944_results_v4/second_pass_upstream/Chymo_CAD/Chymo_CAD_2pass_results/HeLa_Chymo_CAD/interact-20151017_alr_CompleteHumanProteome_HeLaS3_chymotrypsin_CAD_fr22_sub.pep.xml"
time="06:42:04" level=info msg="Parsing /scratch/negishi/afarzam/MSV000086944_results_v4/second_pass_upstream/Chymo_CAD/Chymo_CAD_2pass_results/HeLa_Chymo_CAD/interact-20151017_alr_CompleteHumanProteome_HeLaS3_chymotrypsin_CAD_fr18_sub.pep.xml"
time="06:42:04" level=info msg="Parsing /scratch/negishi/afarzam/MSV000086944_results_v4/second_pass_upstream/Chymo_CAD/Chymo_CAD_2pass_results/HeLa_Chymo_CAD/interact-20151017_alr_CompleteHumanProteome_HeLaS3_chymotrypsin_CAD_fr27_sub.pep.xml"
time="06:42:04" level=info msg="Parsing /scratch/negishi/afarzam/MSV000086944_results_v4/second_pass_upstream/Chymo_CAD/Chymo_CAD_2pass_results/HeLa_Chymo_CAD/interact-20151017_alr_CompleteHumanProteome_HeLaS3_chymotrypsin_CAD_fr17_sub.pep.xml"
time="06:42:04" level=info msg="Parsing /scratch/negishi/afarzam/MSV000086944_results_v4/second_pass_upstream/Chymo_CAD/Chymo_CAD_2pass_results/HeLa_Chymo_CAD/interact-20151017_alr_CompleteHumanProteome_HeLaS3_chymotrypsin_CAD_fr10_sub.pep.xml"
time="06:42:04" level=info msg="Parsing /scratch/negishi/afarzam/MSV000086944_results_v4/second_pass_upstream/Chymo_CAD/Chymo_CAD_2pass_results/HeLa_Chymo_CAD/interact-20151017_alr_CompleteHumanProteome_HeLaS3_chymotrypsin_CAD_fr9_sub.pep.xml"
time="06:42:04" level=info msg="Parsing /scratch/negishi/afarzam/MSV000086944_results_v4/second_pass_upstream/Chymo_CAD/Chymo_CAD_2pass_results/HeLa_Chymo_CAD/interact-20151017_alr_CompleteHumanProteome_HeLaS3_chymotrypsin_CAD_fr12_sub.pep.xml"
time="06:42:04" level=info msg="Parsing /scratch/negishi/afarzam/MSV000086944_results_v4/second_pass_upstream/Chymo_CAD/Chymo_CAD_2pass_results/HeLa_Chymo_CAD/interact-20151017_alr_CompleteHumanProteome_HeLaS3_chymotrypsin_CAD_fr23_sub.pep.xml"
time="06:42:04" level=info msg="Parsing /scratch/negishi/afarzam/MSV000086944_results_v4/second_pass_upstream/Chymo_CAD/Chymo_CAD_2pass_results/HeLa_Chymo_CAD/interact-20151017_alr_CompleteHumanProteome_HeLaS3_chymotrypsin_CAD_fr32_sub.pep.xml"
time="06:42:04" level=info msg="Parsing /scratch/negishi/afarzam/MSV000086944_results_v4/second_pass_upstream/Chymo_CAD/Chymo_CAD_2pass_results/HeLa_Chymo_CAD/interact-20151017_alr_CompleteHumanProteome_HeLaS3_chymotrypsin_CAD_fr33_sub.pep.xml"
time="06:42:04" level=info msg="Parsing /scratch/negishi/afarzam/MSV000086944_results_v4/second_pass_upstream/Chymo_CAD/Chymo_CAD_2pass_results/HeLa_Chymo_CAD/interact-20151017_alr_CompleteHumanProteome_HeLaS3_chymotrypsin_CAD_fr21_sub.pep.xml"
time="06:42:04" level=info msg="Parsing /scratch/negishi/afarzam/MSV000086944_results_v4/second_pass_upstream/Chymo_CAD/Chymo_CAD_2pass_results/HeLa_Chymo_CAD/interact-20151017_alr_CompleteHumanProteome_HeLaS3_chymotrypsin_CAD_fr20_sub.pep.xml"
time="06:42:04" level=info msg="Parsing /scratch/negishi/afarzam/MSV000086944_results_v4/second_pass_upstream/Chymo_CAD/Chymo_CAD_2pass_results/HeLa_Chymo_CAD/interact-20151017_alr_CompleteHumanProteome_HeLaS3_chymotrypsin_CAD_fr24_sub.pep.xml"
time="06:42:04" level=info msg="Parsing /scratch/negishi/afarzam/MSV000086944_results_v4/second_pass_upstream/Chymo_CAD/Chymo_CAD_2pass_results/HeLa_Chymo_CAD/interact-20151017_alr_CompleteHumanProteome_HeLaS3_chymotrypsin_CAD_fr34_sub.pep.xml"
time="06:42:04" level=info msg="Parsing /scratch/negishi/afarzam/MSV000086944_results_v4/second_pass_upstream/Chymo_CAD/Chymo_CAD_2pass_results/HeLa_Chymo_CAD/interact-20151017_alr_CompleteHumanProteome_HeLaS3_chymotrypsin_CAD_fr16_sub.pep.xml"
time="06:42:04" level=info msg="Parsing /scratch/negishi/afarzam/MSV000086944_results_v4/second_pass_upstream/Chymo_CAD/Chymo_CAD_2pass_results/HeLa_Chymo_CAD/interact-20151017_alr_CompleteHumanProteome_HeLaS3_chymotrypsin_CAD_fr6_sub.pep.xml"
time="06:42:04" level=info msg="Parsing /scratch/negishi/afarzam/MSV000086944_results_v4/second_pass_upstream/Chymo_CAD/Chymo_CAD_2pass_results/HeLa_Chymo_CAD/interact-20151017_alr_CompleteHumanProteome_HeLaS3_chymotrypsin_CAD_fr25_sub.pep.xml"
time="06:42:04" level=info msg="Parsing /scratch/negishi/afarzam/MSV000086944_results_v4/second_pass_upstream/Chymo_CAD/Chymo_CAD_2pass_results/HeLa_Chymo_CAD/interact-20151017_alr_CompleteHumanProteome_HeLaS3_chymotrypsin_CAD_fr3_sub.pep.xml"
time="06:42:04" level=info msg="Parsing /scratch/negishi/afarzam/MSV000086944_results_v4/second_pass_upstream/Chymo_CAD/Chymo_CAD_2pass_results/HeLa_Chymo_CAD/interact-20151017_alr_CompleteHumanProteome_HeLaS3_chymotrypsin_CAD_fr7_sub.pep.xml"
time="06:42:04" level=info msg="Parsing /scratch/negishi/afarzam/MSV000086944_results_v4/second_pass_upstream/Chymo_CAD/Chymo_CAD_2pass_results/HeLa_Chymo_CAD/interact-20151017_alr_CompleteHumanProteome_HeLaS3_chymotrypsin_CAD_fr13_sub.pep.xml"
time="06:42:04" level=info msg="Parsing /scratch/negishi/afarzam/MSV000086944_results_v4/second_pass_upstream/Chymo_CAD/Chymo_CAD_2pass_results/HeLa_Chymo_CAD/interact-20151017_alr_CompleteHumanProteome_HeLaS3_chymotrypsin_CAD_fr15_sub.pep.xml"
time="06:42:04" level=warning msg="No PSM was found in data set. /scratch/negishi/afarzam/MSV000086944_results_v4/second_pass_upstream/Chymo_CAD/Chymo_CAD_2pass_results/HeLa_Chymo_CAD/interact-20151017_alr_CompleteHumanProteome_HeLaS3_chymotrypsin_CAD_fr9_sub.pep.xml"
time="06:42:04" level=info msg="Parsing /scratch/negishi/afarzam/MSV000086944_results_v4/second_pass_upstream/Chymo_CAD/Chymo_CAD_2pass_results/HeLa_Chymo_CAD/interact-20151017_alr_CompleteHumanProteome_HeLaS3_chymotrypsin_CAD_fr2_sub.pep.xml"
time="06:42:04" level=warning msg="No PSM was found in data set. /scratch/negishi/afarzam/MSV000086944_results_v4/second_pass_upstream/Chymo_CAD/Chymo_CAD_2pass_results/HeLa_Chymo_CAD/interact-20151017_alr_CompleteHumanProteome_HeLaS3_chymotrypsin_CAD_fr10_sub.pep.xml"
time="06:42:04" level=warning msg="No PSM was found in data set. /scratch/negishi/afarzam/MSV000086944_results_v4/second_pass_upstream/Chymo_CAD/Chymo_CAD_2pass_results/HeLa_Chymo_CAD/interact-20151017_alr_CompleteHumanProteome_HeLaS3_chymotrypsin_CAD_fr27_sub.pep.xml"
time="06:42:04" level=info msg="Parsing /scratch/negishi/afarzam/MSV000086944_results_v4/second_pass_upstream/Chymo_CAD/Chymo_CAD_2pass_results/HeLa_Chymo_CAD/interact-20151017_alr_CompleteHumanProteome_HeLaS3_chymotrypsin_CAD_fr28_sub.pep.xml"
time="06:42:04" level=warning msg="No PSM was found in data set. /scratch/negishi/afarzam/MSV000086944_results_v4/second_pass_upstream/Chymo_CAD/Chymo_CAD_2pass_results/HeLa_Chymo_CAD/interact-20151017_alr_CompleteHumanProteome_HeLaS3_chymotrypsin_CAD_fr33_sub.pep.xml"
time="06:42:04" level=info msg="Parsing /scratch/negishi/afarzam/MSV000086944_results_v4/second_pass_upstream/Chymo_CAD/Chymo_CAD_2pass_results/HeLa_Chymo_CAD/interact-20151017_alr_CompleteHumanProteome_HeLaS3_chymotrypsin_CAD_fr31_sub.pep.xml"
time="06:42:04" level=info msg="Parsing /scratch/negishi/afarzam/MSV000086944_results_v4/second_pass_upstream/Chymo_CAD/Chymo_CAD_2pass_results/HeLa_Chymo_CAD/interact-20151017_alr_CompleteHumanProteome_HeLaS3_chymotrypsin_CAD_fr30_sub.pep.xml"
time="06:42:04" level=info msg="Parsing /scratch/negishi/afarzam/MSV000086944_results_v4/second_pass_upstream/Chymo_CAD/Chymo_CAD_2pass_results/HeLa_Chymo_CAD/interact-20151017_alr_CompleteHumanProteome_HeLaS3_chymotrypsin_CAD_fr26_sub.pep.xml"
time="06:42:04" level=warning msg="No PSM was found in data set. /scratch/negishi/afarzam/MSV000086944_results_v4/second_pass_upstream/Chymo_CAD/Chymo_CAD_2pass_results/HeLa_Chymo_CAD/interact-20151017_alr_CompleteHumanProteome_HeLaS3_chymotrypsin_CAD_fr24_sub.pep.xml"
time="06:42:04" level=info msg="Parsing /scratch/negishi/afarzam/MSV000086944_results_v4/second_pass_upstream/Chymo_CAD/Chymo_CAD_2pass_results/HeLa_Chymo_CAD/interact-20151017_alr_CompleteHumanProteome_HeLaS3_chymotrypsin_CAD_fr4_sub.pep.xml"
time="06:42:04" level=info msg="Parsing /scratch/negishi/afarzam/MSV000086944_results_v4/second_pass_upstream/Chymo_CAD/Chymo_CAD_2pass_results/HeLa_Chymo_CAD/interact-20151017_alr_CompleteHumanProteome_HeLaS3_chymotrypsin_CAD_fr1_sub.pep.xml"
time="06:42:04" level=info msg="Parsing /scratch/negishi/afarzam/MSV000086944_results_v4/second_pass_upstream/Chymo_CAD/Chymo_CAD_2pass_results/HeLa_Chymo_CAD/interact-20151017_alr_CompleteHumanProteome_HeLaS3_chymotrypsin_CAD_fr5_sub.pep.xml"
time="06:42:04" level=info msg="Parsing /scratch/negishi/afarzam/MSV000086944_results_v4/second_pass_upstream/Chymo_CAD/Chymo_CAD_2pass_results/HeLa_Chymo_CAD/interact-20151017_alr_CompleteHumanProteome_HeLaS3_chymotrypsin_CAD_fr35_sub.pep.xml"
time="06:42:04" level=warning msg="No PSM was found in data set. /scratch/negishi/afarzam/MSV000086944_results_v4/second_pass_upstream/Chymo_CAD/Chymo_CAD_2pass_results/HeLa_Chymo_CAD/interact-20151017_alr_CompleteHumanProteome_HeLaS3_chymotrypsin_CAD_fr3_sub.pep.xml"
time="06:42:04" level=warning msg="No PSM was found in data set. /scratch/negishi/afarzam/MSV000086944_results_v4/second_pass_upstream/Chymo_CAD/Chymo_CAD_2pass_results/HeLa_Chymo_CAD/interact-20151017_alr_CompleteHumanProteome_HeLaS3_chymotrypsin_CAD_fr6_sub.pep.xml"
time="06:42:04" level=info msg="Parsing /scratch/negishi/afarzam/MSV000086944_results_v4/second_pass_upstream/Chymo_CAD/Chymo_CAD_2pass_results/HeLa_Chymo_CAD/interact-20151017_alr_CompleteHumanProteome_HeLaS3_chymotrypsin_CAD_fr29_sub.pep.xml"
time="06:42:04" level=warning msg="No PSM was found in data set. /scratch/negishi/afarzam/MSV000086944_results_v4/second_pass_upstream/Chymo_CAD/Chymo_CAD_2pass_results/HeLa_Chymo_CAD/interact-20151017_alr_CompleteHumanProteome_HeLaS3_chymotrypsin_CAD_fr15_sub.pep.xml"
time="06:42:04" level=info msg="Parsing /scratch/negishi/afarzam/MSV000086944_results_v4/second_pass_upstream/Chymo_CAD/Chymo_CAD_2pass_results/HeLa_Chymo_CAD/interact-20151017_alr_CompleteHumanProteome_HeLaS3_chymotrypsin_CAD_fr14_sub.pep.xml"
time="06:42:04" level=warning msg="No PSM was found in data set. /scratch/negishi/afarzam/MSV000086944_results_v4/second_pass_upstream/Chymo_CAD/Chymo_CAD_2pass_results/HeLa_Chymo_CAD/interact-20151017_alr_CompleteHumanProteome_HeLaS3_chymotrypsin_CAD_fr7_sub.pep.xml"
time="06:42:04" level=info msg="Parsing /scratch/negishi/afarzam/MSV000086944_results_v4/second_pass_upstream/Chymo_CAD/Chymo_CAD_2pass_results/HeLa_Chymo_CAD/interact-20151017_alr_CompleteHumanProteome_HeLaS3_chymotrypsin_CAD_f11_sub.pep.xml"
time="06:42:04" level=info msg="Parsing /scratch/negishi/afarzam/MSV000086944_results_v4/second_pass_upstream/Chymo_CAD/Chymo_CAD_2pass_results/HeLa_Chymo_CAD/interact-20151017_alr_CompleteHumanProteome_HeLaS3_chymotrypsin_CAD_fr8_sub.pep.xml"
time="06:42:04" level=warning msg="No PSM was found in data set. /scratch/negishi/afarzam/MSV000086944_results_v4/second_pass_upstream/Chymo_CAD/Chymo_CAD_2pass_results/HeLa_Chymo_CAD/interact-20151017_alr_CompleteHumanProteome_HeLaS3_chymotrypsin_CAD_fr26_sub.pep.xml"
time="06:42:04" level=warning msg="No PSM was found in data set. /scratch/negishi/afarzam/MSV000086944_results_v4/second_pass_upstream/Chymo_CAD/Chymo_CAD_2pass_results/HeLa_Chymo_CAD/interact-20151017_alr_CompleteHumanProteome_HeLaS3_chymotrypsin_CAD_fr25_sub.pep.xml"
time="06:42:04" level=warning msg="No PSM was found in data set. /scratch/negishi/afarzam/MSV000086944_results_v4/second_pass_upstream/Chymo_CAD/Chymo_CAD_2pass_results/HeLa_Chymo_CAD/interact-20151017_alr_CompleteHumanProteome_HeLaS3_chymotrypsin_CAD_fr30_sub.pep.xml"
time="06:42:04" level=warning msg="No PSM was found in data set. /scratch/negishi/afarzam/MSV000086944_results_v4/second_pass_upstream/Chymo_CAD/Chymo_CAD_2pass_results/HeLa_Chymo_CAD/interact-20151017_alr_CompleteHumanProteome_HeLaS3_chymotrypsin_CAD_fr1_sub.pep.xml"
time="06:42:04" level=warning msg="No PSM was found in data set. /scratch/negishi/afarzam/MSV000086944_results_v4/second_pass_upstream/Chymo_CAD/Chymo_CAD_2pass_results/HeLa_Chymo_CAD/interact-20151017_alr_CompleteHumanProteome_HeLaS3_chymotrypsin_CAD_fr5_sub.pep.xml"
time="06:42:04" level=warning msg="No PSM was found in data set. /scratch/negishi/afarzam/MSV000086944_results_v4/second_pass_upstream/Chymo_CAD/Chymo_CAD_2pass_results/HeLa_Chymo_CAD/interact-20151017_alr_CompleteHumanProteome_HeLaS3_chymotrypsin_CAD_fr4_sub.pep.xml"
time="06:42:04" level=warning msg="No PSM was found in data set. /scratch/negishi/afarzam/MSV000086944_results_v4/second_pass_upstream/Chymo_CAD/Chymo_CAD_2pass_results/HeLa_Chymo_CAD/interact-20151017_alr_CompleteHumanProteome_HeLaS3_chymotrypsin_CAD_fr35_sub.pep.xml"
time="06:42:08" level=info msg="1+ Charge profile" decoy=0 target=0
time="06:42:08" level=info msg="2+ Charge profile" decoy=33 target=153
time="06:42:08" level=info msg="3+ Charge profile" decoy=25 target=51
time="06:42:08" level=info msg="4+ Charge profile" decoy=8 target=20
time="06:42:08" level=info msg="5+ Charge profile" decoy=5 target=6
time="06:42:08" level=info msg="6+ Charge profile" decoy=6 target=8
time="06:42:08" level=info msg="Database search results" ions=259 peptides=247 psms=316
time="06:42:08" level=info msg="Converged to 0.00 % FDR with 6 PSMs" decoy=0 threshold=0.97403 total=6
time="06:42:08" level=info msg="Converged to 0.00 % FDR with 5 Peptides" decoy=0 threshold=0.97403 total=5
time="06:42:08" level=info msg="Converged to 0.00 % FDR with 5 Ions" decoy=0 threshold=0.97403 total=5
time="06:42:08" level=info msg="Protein inference results" decoy=4548 target=6668
time="06:42:09" level=info msg="Converged to 0.88 % FDR with 114 Proteins" decoy=1 threshold=0.9911 total=115
time="06:42:09" level=info msg="Applying sequential FDR estimation" ions=4 peptides=4 psms=5
time="06:42:09" level=info msg="Converged to 0.00 % FDR with 4 PSMs" decoy=0 threshold=0.983622 total=4
time="06:42:09" level=info msg="Converged to 0.00 % FDR with 3 Peptides" decoy=0 threshold=0.994288 total=3
time="06:42:09" level=info msg="Converged to 0.00 % FDR with 3 Ions" decoy=0 threshold=0.994288 total=3
time="06:42:09" level=info msg="Post processing identifications"
time="06:42:09" level=info msg="Assigning protein identifications to layers"
time="06:42:09" level=info msg="Processing protein inference"
time="06:42:10" level=info msg="Synchronizing PSMs and proteins"
time="06:42:10" level=info msg="Final report numbers after FDR filtering, and post-processing" ions=3 peptides=3 proteins=3 psms=4
time="06:42:10" level=info msg=Saving
time="06:42:10" level=info msg=Done
