time="18:24:52" level=info msg="Executing Filter  v5.1.2"
time="18:24:52" level=info msg="Fetching protein inference from /scratch/negishi/afarzam/MSV000086944_results_and_control_searches/second_pass_downstream_nozf/AspN_ETD/AspN_ETD_2pass_results/GM12878_AspN_ETD"
time="18:24:52" level=info msg="Processing peptide identification files"
time="18:24:52" level=info msg="Parsing /scratch/negishi/afarzam/MSV000086944_results_and_control_searches/second_pass_downstream_nozf/AspN_ETD/AspN_ETD_2pass_results/K562_AspN_ETD/interact-20160209_alr_CompleteHumanProteome_K562_AspN_ETD_fr9_sub.pep.xml"
time="18:24:52" level=info msg="Parsing /scratch/negishi/afarzam/MSV000086944_results_and_control_searches/second_pass_downstream_nozf/AspN_ETD/AspN_ETD_2pass_results/K562_AspN_ETD/interact-20160209_alr_CompleteHumanProteome_K562_AspN_ETD_fr25_sub.pep.xml"
time="18:24:52" level=info msg="Parsing /scratch/negishi/afarzam/MSV000086944_results_and_control_searches/second_pass_downstream_nozf/AspN_ETD/AspN_ETD_2pass_results/K562_AspN_ETD/interact-20160209_alr_CompleteHumanProteome_K562_AspN_ETD_fr11_sub.pep.xml"
time="18:24:52" level=info msg="Parsing /scratch/negishi/afarzam/MSV000086944_results_and_control_searches/second_pass_downstream_nozf/AspN_ETD/AspN_ETD_2pass_results/K562_AspN_ETD/interact-20160209_alr_CompleteHumanProteome_K562_AspN_ETD_fr24_sub.pep.xml"
time="18:24:52" level=info msg="Parsing /scratch/negishi/afarzam/MSV000086944_results_and_control_searches/second_pass_downstream_nozf/AspN_ETD/AspN_ETD_2pass_results/K562_AspN_ETD/interact-20160209_alr_CompleteHumanProteome_K562_AspN_ETD_fr6_sub.pep.xml"
time="18:24:52" level=info msg="Parsing /scratch/negishi/afarzam/MSV000086944_results_and_control_searches/second_pass_downstream_nozf/AspN_ETD/AspN_ETD_2pass_results/K562_AspN_ETD/interact-20160209_alr_CompleteHumanProteome_K562_AspN_ETD_fr23_160213095400_sub.pep.xml"
time="18:24:52" level=info msg="Parsing /scratch/negishi/afarzam/MSV000086944_results_and_control_searches/second_pass_downstream_nozf/AspN_ETD/AspN_ETD_2pass_results/K562_AspN_ETD/interact-20160209_alr_CompleteHumanProteome_K562_AspN_ETD_fr13_sub.pep.xml"
time="18:24:52" level=info msg="Parsing /scratch/negishi/afarzam/MSV000086944_results_and_control_searches/second_pass_downstream_nozf/AspN_ETD/AspN_ETD_2pass_results/K562_AspN_ETD/interact-20160209_alr_CompleteHumanProteome_K562_AspN_ETD_fr15_sub.pep.xml"
time="18:24:52" level=info msg="Parsing /scratch/negishi/afarzam/MSV000086944_results_and_control_searches/second_pass_downstream_nozf/AspN_ETD/AspN_ETD_2pass_results/K562_AspN_ETD/interact-20160209_alr_CompleteHumanProteome_K562_AspN_ETD_fr20_sub.pep.xml"
time="18:24:52" level=info msg="Parsing /scratch/negishi/afarzam/MSV000086944_results_and_control_searches/second_pass_downstream_nozf/AspN_ETD/AspN_ETD_2pass_results/K562_AspN_ETD/interact-20160209_alr_CompleteHumanProteome_K562_AspN_ETD_fr17_sub.pep.xml"
time="18:24:52" level=info msg="Parsing /scratch/negishi/afarzam/MSV000086944_results_and_control_searches/second_pass_downstream_nozf/AspN_ETD/AspN_ETD_2pass_results/K562_AspN_ETD/interact-20160209_alr_CompleteHumanProteome_K562_AspN_ETD_fr18_sub.pep.xml"
time="18:24:52" level=warning msg="No PSM was found in data set. /scratch/negishi/afarzam/MSV000086944_results_and_control_searches/second_pass_downstream_nozf/AspN_ETD/AspN_ETD_2pass_results/K562_AspN_ETD/interact-20160209_alr_CompleteHumanProteome_K562_AspN_ETD_fr25_sub.pep.xml"
time="18:24:52" level=warning msg="No PSM was found in data set. /scratch/negishi/afarzam/MSV000086944_results_and_control_searches/second_pass_downstream_nozf/AspN_ETD/AspN_ETD_2pass_results/K562_AspN_ETD/interact-20160209_alr_CompleteHumanProteome_K562_AspN_ETD_fr9_sub.pep.xml"
time="18:24:52" level=info msg="Parsing /scratch/negishi/afarzam/MSV000086944_results_and_control_searches/second_pass_downstream_nozf/AspN_ETD/AspN_ETD_2pass_results/K562_AspN_ETD/interact-20160209_alr_CompleteHumanProteome_K562_AspN_ETD_fr1_sub.pep.xml"
time="18:24:52" level=info msg="Parsing /scratch/negishi/afarzam/MSV000086944_results_and_control_searches/second_pass_downstream_nozf/AspN_ETD/AspN_ETD_2pass_results/K562_AspN_ETD/interact-20160209_alr_CompleteHumanProteome_K562_AspN_ETD_fr21_sub.pep.xml"
time="18:24:52" level=info msg="Parsing /scratch/negishi/afarzam/MSV000086944_results_and_control_searches/second_pass_downstream_nozf/AspN_ETD/AspN_ETD_2pass_results/K562_AspN_ETD/interact-20160209_alr_CompleteHumanProteome_K562_AspN_ETD_fr19_sub.pep.xml"
time="18:24:52" level=info msg="Parsing /scratch/negishi/afarzam/MSV000086944_results_and_control_searches/second_pass_downstream_nozf/AspN_ETD/AspN_ETD_2pass_results/K562_AspN_ETD/interact-20160209_alr_CompleteHumanProteome_K562_AspN_ETD_fr27_sub.pep.xml"
time="18:24:52" level=info msg="Parsing /scratch/negishi/afarzam/MSV000086944_results_and_control_searches/second_pass_downstream_nozf/AspN_ETD/AspN_ETD_2pass_results/K562_AspN_ETD/interact-20160209_alr_CompleteHumanProteome_K562_AspN_ETD_fr28_sub.pep.xml"
time="18:24:52" level=info msg="Parsing /scratch/negishi/afarzam/MSV000086944_results_and_control_searches/second_pass_downstream_nozf/AspN_ETD/AspN_ETD_2pass_results/K562_AspN_ETD/interact-20160209_alr_CompleteHumanProteome_K562_AspN_ETD_fr29_sub.pep.xml"
time="18:24:52" level=info msg="Parsing /scratch/negishi/afarzam/MSV000086944_results_and_control_searches/second_pass_downstream_nozf/AspN_ETD/AspN_ETD_2pass_results/K562_AspN_ETD/interact-20160209_alr_CompleteHumanProteome_K562_AspN_ETD_fr12_sub.pep.xml"
time="18:24:52" level=info msg="Parsing /scratch/negishi/afarzam/MSV000086944_results_and_control_searches/second_pass_downstream_nozf/AspN_ETD/AspN_ETD_2pass_results/K562_AspN_ETD/interact-20160209_alr_CompleteHumanProteome_K562_AspN_ETD_fr16_sub.pep.xml"
time="18:24:52" level=warning msg="No PSM was found in data set. /scratch/negishi/afarzam/MSV000086944_results_and_control_searches/second_pass_downstream_nozf/AspN_ETD/AspN_ETD_2pass_results/K562_AspN_ETD/interact-20160209_alr_CompleteHumanProteome_K562_AspN_ETD_fr17_sub.pep.xml"
time="18:24:52" level=info msg="Parsing /scratch/negishi/afarzam/MSV000086944_results_and_control_searches/second_pass_downstream_nozf/AspN_ETD/AspN_ETD_2pass_results/K562_AspN_ETD/interact-20160209_alr_CompleteHumanProteome_K562_AspN_ETD_fr2_sub.pep.xml"
time="18:24:52" level=info msg="Parsing /scratch/negishi/afarzam/MSV000086944_results_and_control_searches/second_pass_downstream_nozf/AspN_ETD/AspN_ETD_2pass_results/K562_AspN_ETD/interact-20160209_alr_CompleteHumanProteome_K562_AspN_ETD_fr10_sub.pep.xml"
time="18:24:52" level=info msg="Parsing /scratch/negishi/afarzam/MSV000086944_results_and_control_searches/second_pass_downstream_nozf/AspN_ETD/AspN_ETD_2pass_results/K562_AspN_ETD/interact-20160209_alr_CompleteHumanProteome_K562_AspN_ETD_fr22_sub.pep.xml"
time="18:24:52" level=info msg="Parsing /scratch/negishi/afarzam/MSV000086944_results_and_control_searches/second_pass_downstream_nozf/AspN_ETD/AspN_ETD_2pass_results/K562_AspN_ETD/interact-20160209_alr_CompleteHumanProteome_K562_AspN_ETD_fr3_sub.pep.xml"
time="18:24:52" level=info msg="Parsing /scratch/negishi/afarzam/MSV000086944_results_and_control_searches/second_pass_downstream_nozf/AspN_ETD/AspN_ETD_2pass_results/K562_AspN_ETD/interact-20160209_alr_CompleteHumanProteome_K562_AspN_ETD_fr14_sub.pep.xml"
time="18:24:52" level=info msg="Parsing /scratch/negishi/afarzam/MSV000086944_results_and_control_searches/second_pass_downstream_nozf/AspN_ETD/AspN_ETD_2pass_results/K562_AspN_ETD/interact-20160209_alr_CompleteHumanProteome_K562_AspN_ETD_fr8_sub.pep.xml"
time="18:24:52" level=info msg="Parsing /scratch/negishi/afarzam/MSV000086944_results_and_control_searches/second_pass_downstream_nozf/AspN_ETD/AspN_ETD_2pass_results/K562_AspN_ETD/interact-20160209_alr_CompleteHumanProteome_K562_AspN_ETD_fr4_sub.pep.xml"
time="18:24:52" level=warning msg="No PSM was found in data set. /scratch/negishi/afarzam/MSV000086944_results_and_control_searches/second_pass_downstream_nozf/AspN_ETD/AspN_ETD_2pass_results/K562_AspN_ETD/interact-20160209_alr_CompleteHumanProteome_K562_AspN_ETD_fr18_sub.pep.xml"
time="18:24:52" level=info msg="Parsing /scratch/negishi/afarzam/MSV000086944_results_and_control_searches/second_pass_downstream_nozf/AspN_ETD/AspN_ETD_2pass_results/K562_AspN_ETD/interact-20160209_alr_CompleteHumanProteome_K562_AspN_ETD_fr7_sub.pep.xml"
time="18:24:52" level=warning msg="No PSM was found in data set. /scratch/negishi/afarzam/MSV000086944_results_and_control_searches/second_pass_downstream_nozf/AspN_ETD/AspN_ETD_2pass_results/K562_AspN_ETD/interact-20160209_alr_CompleteHumanProteome_K562_AspN_ETD_fr29_sub.pep.xml"
time="18:24:52" level=info msg="Parsing /scratch/negishi/afarzam/MSV000086944_results_and_control_searches/second_pass_downstream_nozf/AspN_ETD/AspN_ETD_2pass_results/K562_AspN_ETD/interact-20160209_alr_CompleteHumanProteome_K562_AspN_ETD_fr30_sub.pep.xml"
time="18:24:52" level=info msg="Parsing /scratch/negishi/afarzam/MSV000086944_results_and_control_searches/second_pass_downstream_nozf/AspN_ETD/AspN_ETD_2pass_results/K562_AspN_ETD/interact-20160209_alr_CompleteHumanProteome_K562_AspN_ETD_fr5_sub.pep.xml"
time="18:24:52" level=warning msg="No PSM was found in data set. /scratch/negishi/afarzam/MSV000086944_results_and_control_searches/second_pass_downstream_nozf/AspN_ETD/AspN_ETD_2pass_results/K562_AspN_ETD/interact-20160209_alr_CompleteHumanProteome_K562_AspN_ETD_fr3_sub.pep.xml"
time="18:24:52" level=warning msg="No PSM was found in data set. /scratch/negishi/afarzam/MSV000086944_results_and_control_searches/second_pass_downstream_nozf/AspN_ETD/AspN_ETD_2pass_results/K562_AspN_ETD/interact-20160209_alr_CompleteHumanProteome_K562_AspN_ETD_fr27_sub.pep.xml"
time="18:24:52" level=warning msg="No PSM was found in data set. /scratch/negishi/afarzam/MSV000086944_results_and_control_searches/second_pass_downstream_nozf/AspN_ETD/AspN_ETD_2pass_results/K562_AspN_ETD/interact-20160209_alr_CompleteHumanProteome_K562_AspN_ETD_fr28_sub.pep.xml"
time="18:24:52" level=warning msg="No PSM was found in data set. /scratch/negishi/afarzam/MSV000086944_results_and_control_searches/second_pass_downstream_nozf/AspN_ETD/AspN_ETD_2pass_results/K562_AspN_ETD/interact-20160209_alr_CompleteHumanProteome_K562_AspN_ETD_fr5_sub.pep.xml"
time="18:24:52" level=warning msg="No PSM was found in data set. /scratch/negishi/afarzam/MSV000086944_results_and_control_searches/second_pass_downstream_nozf/AspN_ETD/AspN_ETD_2pass_results/K562_AspN_ETD/interact-20160209_alr_CompleteHumanProteome_K562_AspN_ETD_fr7_sub.pep.xml"
time="18:24:53" level=info msg="1+ Charge profile" decoy=0 target=0
time="18:24:53" level=info msg="2+ Charge profile" decoy=15 target=32
time="18:24:53" level=info msg="3+ Charge profile" decoy=5 target=22
time="18:24:53" level=info msg="4+ Charge profile" decoy=5 target=10
time="18:24:53" level=info msg="5+ Charge profile" decoy=3 target=10
time="18:24:53" level=info msg="6+ Charge profile" decoy=2 target=2
time="18:24:53" level=info msg="Database search results" ions=101 peptides=98 psms=106
time="18:24:53" level=info msg="Converged to 0.00 % FDR with 7 PSMs" decoy=0 threshold=0.816113 total=7
time="18:24:53" level=info msg="Converged to 0.00 % FDR with 5 Peptides" decoy=0 threshold=0.816113 total=5
time="18:24:53" level=info msg="Converged to 0.00 % FDR with 5 Ions" decoy=0 threshold=0.816113 total=5
time="18:24:53" level=info msg="Protein inference results" decoy=564 target=817
time="18:24:53" level=info msg="Converged to 0.00 % FDR with 7 Proteins" decoy=0 threshold=0.9479 total=7
time="18:24:53" level=info msg="Applying sequential FDR estimation" ions=1 peptides=1 psms=2
time="18:24:53" level=info msg="Converged to 0.00 % FDR with 1 PSMs" decoy=0 threshold=0.991569 total=1
time="18:24:53" level=info msg="Converged to 0.00 % FDR with 0 Peptides" decoy=0 threshold=10 total=0
time="18:24:53" level=info msg="Converged to 0.00 % FDR with 0 Ions" decoy=0 threshold=10 total=0
time="18:24:53" level=info msg="Post processing identifications"
time="18:24:53" level=info msg="Assigning protein identifications to layers"
time="18:24:53" level=info msg="Processing protein inference"
time="18:24:53" level=info msg="Synchronizing PSMs and proteins"
time="18:24:53" level=info msg="Final report numbers after FDR filtering, and post-processing" ions=0 peptides=0 proteins=1 psms=1
time="18:24:53" level=info msg=Saving
time="18:24:53" level=info msg=Done
