time="11:27:53" level=info msg="Executing Filter  v5.1.2"
time="11:27:53" level=info msg="Fetching protein inference from /scratch/negishi/afarzam/MSV000086944_results_v4/second_pass_upstream/LysN_CAD/LysN_CAD_2pass_results/GM12878_LysN_HCD"
time="11:27:54" level=info msg="Processing peptide identification files"
time="11:27:54" level=info msg="Parsing /scratch/negishi/afarzam/MSV000086944_results_v4/second_pass_upstream/LysN_CAD/LysN_CAD_2pass_results/K562_LysN_HCD/interact-20160126_alr_CompleteHumanProteome_K562_LysN_HCD_fr9_sub.pep.xml"
time="11:27:54" level=info msg="Parsing /scratch/negishi/afarzam/MSV000086944_results_v4/second_pass_upstream/LysN_CAD/LysN_CAD_2pass_results/K562_LysN_HCD/interact-20160126_alr_CompleteHumanProteome_K562_LysN_HCD_fr10_sub.pep.xml"
time="11:27:54" level=info msg="Parsing /scratch/negishi/afarzam/MSV000086944_results_v4/second_pass_upstream/LysN_CAD/LysN_CAD_2pass_results/K562_LysN_HCD/interact-20160126_alr_CompleteHumanProteome_K562_LysN_HCD_fr12_sub.pep.xml"
time="11:27:54" level=info msg="Parsing /scratch/negishi/afarzam/MSV000086944_results_v4/second_pass_upstream/LysN_CAD/LysN_CAD_2pass_results/K562_LysN_HCD/interact-20160126_alr_CompleteHumanProteome_K562_LysN_HCD_fr11_sub.pep.xml"
time="11:27:54" level=info msg="Parsing /scratch/negishi/afarzam/MSV000086944_results_v4/second_pass_upstream/LysN_CAD/LysN_CAD_2pass_results/K562_LysN_HCD/interact-20160126_alr_CompleteHumanProteome_K562_LysN_HCD_fr25_sub.pep.xml"
time="11:27:54" level=info msg="Parsing /scratch/negishi/afarzam/MSV000086944_results_v4/second_pass_upstream/LysN_CAD/LysN_CAD_2pass_results/K562_LysN_HCD/interact-20160126_alr_CompleteHumanProteome_K562_LysN_HCD_fr28_sub.pep.xml"
time="11:27:54" level=info msg="Parsing /scratch/negishi/afarzam/MSV000086944_results_v4/second_pass_upstream/LysN_CAD/LysN_CAD_2pass_results/K562_LysN_HCD/interact-20160126_alr_CompleteHumanProteome_K562_LysN_HCD_fr26_sub.pep.xml"
time="11:27:54" level=info msg="Parsing /scratch/negishi/afarzam/MSV000086944_results_v4/second_pass_upstream/LysN_CAD/LysN_CAD_2pass_results/K562_LysN_HCD/interact-20160126_alr_CompleteHumanProteome_K562_LysN_HCD_fr19_sub.pep.xml"
time="11:27:54" level=info msg="Parsing /scratch/negishi/afarzam/MSV000086944_results_v4/second_pass_upstream/LysN_CAD/LysN_CAD_2pass_results/K562_LysN_HCD/interact-20160126_alr_CompleteHumanProteome_K562_LysN_HCD_fr20_sub.pep.xml"
time="11:27:54" level=info msg="Parsing /scratch/negishi/afarzam/MSV000086944_results_v4/second_pass_upstream/LysN_CAD/LysN_CAD_2pass_results/K562_LysN_HCD/interact-20160126_alr_CompleteHumanProteome_K562_LysN_HCD_fr15_sub.pep.xml"
time="11:27:54" level=info msg="Parsing /scratch/negishi/afarzam/MSV000086944_results_v4/second_pass_upstream/LysN_CAD/LysN_CAD_2pass_results/K562_LysN_HCD/interact-20160126_alr_CompleteHumanProteome_K562_LysN_HCD_fr27_sub.pep.xml"
time="11:27:54" level=info msg="Parsing /scratch/negishi/afarzam/MSV000086944_results_v4/second_pass_upstream/LysN_CAD/LysN_CAD_2pass_results/K562_LysN_HCD/interact-20160126_alr_CompleteHumanProteome_K562_LysN_HCD_fr13_sub.pep.xml"
time="11:27:54" level=info msg="Parsing /scratch/negishi/afarzam/MSV000086944_results_v4/second_pass_upstream/LysN_CAD/LysN_CAD_2pass_results/K562_LysN_HCD/interact-20160126_alr_CompleteHumanProteome_K562_LysN_HCD_fr3_160202174513_sub.pep.xml"
time="11:27:54" level=info msg="Parsing /scratch/negishi/afarzam/MSV000086944_results_v4/second_pass_upstream/LysN_CAD/LysN_CAD_2pass_results/K562_LysN_HCD/interact-20160126_alr_CompleteHumanProteome_K562_LysN_HCD_fr29_sub.pep.xml"
time="11:27:54" level=info msg="Parsing /scratch/negishi/afarzam/MSV000086944_results_v4/second_pass_upstream/LysN_CAD/LysN_CAD_2pass_results/K562_LysN_HCD/interact-20160126_alr_CompleteHumanProteome_K562_LysN_HCD_fr22_sub.pep.xml"
time="11:27:54" level=info msg="Parsing /scratch/negishi/afarzam/MSV000086944_results_v4/second_pass_upstream/LysN_CAD/LysN_CAD_2pass_results/K562_LysN_HCD/interact-20160126_alr_CompleteHumanProteome_K562_LysN_HCD_fr1_sub.pep.xml"
time="11:27:54" level=info msg="Parsing /scratch/negishi/afarzam/MSV000086944_results_v4/second_pass_upstream/LysN_CAD/LysN_CAD_2pass_results/K562_LysN_HCD/interact-20160126_alr_CompleteHumanProteome_K562_LysN_HCD_fr2_sub.pep.xml"
time="11:27:54" level=info msg="Parsing /scratch/negishi/afarzam/MSV000086944_results_v4/second_pass_upstream/LysN_CAD/LysN_CAD_2pass_results/K562_LysN_HCD/interact-20160126_alr_CompleteHumanProteome_K562_LysN_HCD_fr32_sub.pep.xml"
time="11:27:54" level=info msg="Parsing /scratch/negishi/afarzam/MSV000086944_results_v4/second_pass_upstream/LysN_CAD/LysN_CAD_2pass_results/K562_LysN_HCD/interact-20160126_alr_CompleteHumanProteome_K562_LysN_HCD_fr21_sub.pep.xml"
time="11:27:54" level=info msg="Parsing /scratch/negishi/afarzam/MSV000086944_results_v4/second_pass_upstream/LysN_CAD/LysN_CAD_2pass_results/K562_LysN_HCD/interact-20160126_alr_CompleteHumanProteome_K562_LysN_HCD_fr5_sub.pep.xml"
time="11:27:54" level=info msg="Parsing /scratch/negishi/afarzam/MSV000086944_results_v4/second_pass_upstream/LysN_CAD/LysN_CAD_2pass_results/K562_LysN_HCD/interact-20160126_alr_CompleteHumanProteome_K562_LysN_HCD_fr18_sub.pep.xml"
time="11:27:54" level=info msg="Parsing /scratch/negishi/afarzam/MSV000086944_results_v4/second_pass_upstream/LysN_CAD/LysN_CAD_2pass_results/K562_LysN_HCD/interact-20160126_alr_CompleteHumanProteome_K562_LysN_HCD_fr31_sub.pep.xml"
time="11:27:54" level=info msg="Parsing /scratch/negishi/afarzam/MSV000086944_results_v4/second_pass_upstream/LysN_CAD/LysN_CAD_2pass_results/K562_LysN_HCD/interact-20160126_alr_CompleteHumanProteome_K562_LysN_HCD_fr17_sub.pep.xml"
time="11:27:54" level=info msg="Parsing /scratch/negishi/afarzam/MSV000086944_results_v4/second_pass_upstream/LysN_CAD/LysN_CAD_2pass_results/K562_LysN_HCD/interact-20160126_alr_CompleteHumanProteome_K562_LysN_HCD_fr14_sub.pep.xml"
time="11:27:54" level=info msg="Parsing /scratch/negishi/afarzam/MSV000086944_results_v4/second_pass_upstream/LysN_CAD/LysN_CAD_2pass_results/K562_LysN_HCD/interact-20160126_alr_CompleteHumanProteome_K562_LysN_HCD_fr8_sub.pep.xml"
time="11:27:54" level=info msg="Parsing /scratch/negishi/afarzam/MSV000086944_results_v4/second_pass_upstream/LysN_CAD/LysN_CAD_2pass_results/K562_LysN_HCD/interact-20160126_alr_CompleteHumanProteome_K562_LysN_HCD_fr16_sub.pep.xml"
time="11:27:54" level=info msg="Parsing /scratch/negishi/afarzam/MSV000086944_results_v4/second_pass_upstream/LysN_CAD/LysN_CAD_2pass_results/K562_LysN_HCD/interact-20160126_alr_CompleteHumanProteome_K562_LysN_HCD_fr6_sub.pep.xml"
time="11:27:54" level=info msg="Parsing /scratch/negishi/afarzam/MSV000086944_results_v4/second_pass_upstream/LysN_CAD/LysN_CAD_2pass_results/K562_LysN_HCD/interact-20160126_alr_CompleteHumanProteome_K562_LysN_HCD_fr24_sub.pep.xml"
time="11:27:54" level=info msg="Parsing /scratch/negishi/afarzam/MSV000086944_results_v4/second_pass_upstream/LysN_CAD/LysN_CAD_2pass_results/K562_LysN_HCD/interact-20160126_alr_CompleteHumanProteome_K562_LysN_HCD_fr4_sub.pep.xml"
time="11:27:54" level=info msg="Parsing /scratch/negishi/afarzam/MSV000086944_results_v4/second_pass_upstream/LysN_CAD/LysN_CAD_2pass_results/K562_LysN_HCD/interact-20160126_alr_CompleteHumanProteome_K562_LysN_HCD_fr30_sub.pep.xml"
time="11:27:54" level=info msg="Parsing /scratch/negishi/afarzam/MSV000086944_results_v4/second_pass_upstream/LysN_CAD/LysN_CAD_2pass_results/K562_LysN_HCD/interact-20160126_alr_CompleteHumanProteome_K562_LysN_HCD_fr23_sub.pep.xml"
time="11:27:54" level=info msg="Parsing /scratch/negishi/afarzam/MSV000086944_results_v4/second_pass_upstream/LysN_CAD/LysN_CAD_2pass_results/K562_LysN_HCD/interact-20160126_alr_CompleteHumanProteome_K562_LysN_HCD_fr7_sub.pep.xml"
time="11:27:54" level=warning msg="No PSM was found in data set. /scratch/negishi/afarzam/MSV000086944_results_v4/second_pass_upstream/LysN_CAD/LysN_CAD_2pass_results/K562_LysN_HCD/interact-20160126_alr_CompleteHumanProteome_K562_LysN_HCD_fr6_sub.pep.xml"
time="11:27:54" level=warning msg="No PSM was found in data set. /scratch/negishi/afarzam/MSV000086944_results_v4/second_pass_upstream/LysN_CAD/LysN_CAD_2pass_results/K562_LysN_HCD/interact-20160126_alr_CompleteHumanProteome_K562_LysN_HCD_fr8_sub.pep.xml"
time="11:27:55" level=info msg="1+ Charge profile" decoy=0 target=0
time="11:27:55" level=info msg="2+ Charge profile" decoy=54 target=270
time="11:27:55" level=info msg="3+ Charge profile" decoy=50 target=256
time="11:27:55" level=info msg="4+ Charge profile" decoy=26 target=174
time="11:27:55" level=info msg="5+ Charge profile" decoy=15 target=41
time="11:27:55" level=info msg="6+ Charge profile" decoy=1 target=9
time="11:27:55" level=info msg="Database search results" ions=786 peptides=730 psms=909
time="11:27:55" level=info msg="Converged to 0.00 % FDR with 15 PSMs" decoy=0 threshold=0.960111 total=15
time="11:27:55" level=info msg="Converged to 0.00 % FDR with 6 Peptides" decoy=0 threshold=0.960111 total=6
time="11:27:55" level=info msg="Converged to 0.00 % FDR with 10 Ions" decoy=0 threshold=0.960111 total=10
time="11:27:55" level=info msg="Protein inference results" decoy=1705 target=2657
time="11:27:55" level=info msg="Converged to 0.00 % FDR with 47 Proteins" decoy=0 threshold=0.9872 total=47
time="11:27:55" level=info msg="Applying sequential FDR estimation" ions=8 peptides=4 psms=13
time="11:27:55" level=info msg="Converged to 0.00 % FDR with 12 PSMs" decoy=0 threshold=0.961062 total=12
time="11:27:55" level=info msg="Converged to 0.00 % FDR with 3 Peptides" decoy=0 threshold=0.997703 total=3
time="11:27:55" level=info msg="Converged to 0.00 % FDR with 7 Ions" decoy=0 threshold=0.969102 total=7
time="11:27:55" level=info msg="Post processing identifications"
time="11:27:55" level=info msg="Assigning protein identifications to layers"
time="11:27:56" level=info msg="Processing protein inference"
time="11:27:56" level=info msg="Synchronizing PSMs and proteins"
time="11:27:56" level=info msg="Final report numbers after FDR filtering, and post-processing" ions=7 peptides=3 proteins=3 psms=12
time="11:27:56" level=info msg=Saving
time="11:27:56" level=info msg=Done
