time="15:52:58" level=info msg="Executing Filter  v5.1.2"
time="15:52:58" level=info msg="Fetching protein inference from /scratch/negishi/afarzam/MSV000086944_results_and_control_searches/second_pass_downstream_nozf/LysN_ETD/LysN_ETD_2pass_results/GM12878_LysN_ETD"
time="15:52:59" level=info msg="Processing peptide identification files"
time="15:52:59" level=info msg="Parsing /scratch/negishi/afarzam/MSV000086944_results_and_control_searches/second_pass_downstream_nozf/LysN_ETD/LysN_ETD_2pass_results/K562_LysN_ETD/interact-20160202_alr_CompleteHumanProteome_K562_LysN_ETD_fr9_sub.pep.xml"
time="15:52:59" level=info msg="Parsing /scratch/negishi/afarzam/MSV000086944_results_and_control_searches/second_pass_downstream_nozf/LysN_ETD/LysN_ETD_2pass_results/K562_LysN_ETD/interact-20160202_alr_CompleteHumanProteome_K562_LysN_ETD_fr10_sub.pep.xml"
time="15:52:59" level=info msg="Parsing /scratch/negishi/afarzam/MSV000086944_results_and_control_searches/second_pass_downstream_nozf/LysN_ETD/LysN_ETD_2pass_results/K562_LysN_ETD/interact-20160202_alr_CompleteHumanProteome_K562_LysN_ETD_fr25_sub.pep.xml"
time="15:52:59" level=info msg="Parsing /scratch/negishi/afarzam/MSV000086944_results_and_control_searches/second_pass_downstream_nozf/LysN_ETD/LysN_ETD_2pass_results/K562_LysN_ETD/interact-20160202_alr_CompleteHumanProteome_K562_LysN_ETD_fr24_sub.pep.xml"
time="15:52:59" level=info msg="Parsing /scratch/negishi/afarzam/MSV000086944_results_and_control_searches/second_pass_downstream_nozf/LysN_ETD/LysN_ETD_2pass_results/K562_LysN_ETD/interact-20160202_alr_CompleteHumanProteome_K562_LysN_ETD_fr31_sub.pep.xml"
time="15:52:59" level=info msg="Parsing /scratch/negishi/afarzam/MSV000086944_results_and_control_searches/second_pass_downstream_nozf/LysN_ETD/LysN_ETD_2pass_results/K562_LysN_ETD/interact-20160202_alr_CompleteHumanProteome_K562_LysN_ETD_fr6_sub.pep.xml"
time="15:52:59" level=info msg="Parsing /scratch/negishi/afarzam/MSV000086944_results_and_control_searches/second_pass_downstream_nozf/LysN_ETD/LysN_ETD_2pass_results/K562_LysN_ETD/interact-20160202_alr_CompleteHumanProteome_K562_LysN_ETD_fr4_sub.pep.xml"
time="15:52:59" level=info msg="Parsing /scratch/negishi/afarzam/MSV000086944_results_and_control_searches/second_pass_downstream_nozf/LysN_ETD/LysN_ETD_2pass_results/K562_LysN_ETD/interact-20160202_alr_CompleteHumanProteome_K562_LysN_ETD_fr11_sub.pep.xml"
time="15:52:59" level=info msg="Parsing /scratch/negishi/afarzam/MSV000086944_results_and_control_searches/second_pass_downstream_nozf/LysN_ETD/LysN_ETD_2pass_results/K562_LysN_ETD/interact-20160202_alr_CompleteHumanProteome_K562_LysN_ETD_fr26_sub.pep.xml"
time="15:52:59" level=info msg="Parsing /scratch/negishi/afarzam/MSV000086944_results_and_control_searches/second_pass_downstream_nozf/LysN_ETD/LysN_ETD_2pass_results/K562_LysN_ETD/interact-20160202_alr_CompleteHumanProteome_K562_LysN_ETD_fr12_sub.pep.xml"
time="15:52:59" level=info msg="Parsing /scratch/negishi/afarzam/MSV000086944_results_and_control_searches/second_pass_downstream_nozf/LysN_ETD/LysN_ETD_2pass_results/K562_LysN_ETD/interact-20160202_alr_CompleteHumanProteome_K562_LysN_ETD_fr32_sub.pep.xml"
time="15:52:59" level=info msg="Parsing /scratch/negishi/afarzam/MSV000086944_results_and_control_searches/second_pass_downstream_nozf/LysN_ETD/LysN_ETD_2pass_results/K562_LysN_ETD/interact-20160202_alr_CompleteHumanProteome_K562_LysN_ETD_fr15_sub.pep.xml"
time="15:52:59" level=info msg="Parsing /scratch/negishi/afarzam/MSV000086944_results_and_control_searches/second_pass_downstream_nozf/LysN_ETD/LysN_ETD_2pass_results/K562_LysN_ETD/interact-20160202_alr_CompleteHumanProteome_K562_LysN_ETD_fr7_sub.pep.xml"
time="15:52:59" level=info msg="Parsing /scratch/negishi/afarzam/MSV000086944_results_and_control_searches/second_pass_downstream_nozf/LysN_ETD/LysN_ETD_2pass_results/K562_LysN_ETD/interact-20160202_alr_CompleteHumanProteome_K562_LysN_ETD_fr8_sub.pep.xml"
time="15:52:59" level=info msg="Parsing /scratch/negishi/afarzam/MSV000086944_results_and_control_searches/second_pass_downstream_nozf/LysN_ETD/LysN_ETD_2pass_results/K562_LysN_ETD/interact-20160202_alr_CompleteHumanProteome_K562_LysN_ETD_fr5_sub.pep.xml"
time="15:52:59" level=info msg="Parsing /scratch/negishi/afarzam/MSV000086944_results_and_control_searches/second_pass_downstream_nozf/LysN_ETD/LysN_ETD_2pass_results/K562_LysN_ETD/interact-20160202_alr_CompleteHumanProteome_K562_LysN_ETD_fr18_sub.pep.xml"
time="15:52:59" level=info msg="Parsing /scratch/negishi/afarzam/MSV000086944_results_and_control_searches/second_pass_downstream_nozf/LysN_ETD/LysN_ETD_2pass_results/K562_LysN_ETD/interact-20160202_alr_CompleteHumanProteome_K562_LysN_ETD_fr14_sub.pep.xml"
time="15:52:59" level=info msg="Parsing /scratch/negishi/afarzam/MSV000086944_results_and_control_searches/second_pass_downstream_nozf/LysN_ETD/LysN_ETD_2pass_results/K562_LysN_ETD/interact-20160202_alr_CompleteHumanProteome_K562_LysN_ETD_fr13_sub.pep.xml"
time="15:52:59" level=info msg="Parsing /scratch/negishi/afarzam/MSV000086944_results_and_control_searches/second_pass_downstream_nozf/LysN_ETD/LysN_ETD_2pass_results/K562_LysN_ETD/interact-20160202_alr_CompleteHumanProteome_K562_LysN_ETD_fr3_sub.pep.xml"
time="15:52:59" level=warning msg="No PSM was found in data set. /scratch/negishi/afarzam/MSV000086944_results_and_control_searches/second_pass_downstream_nozf/LysN_ETD/LysN_ETD_2pass_results/K562_LysN_ETD/interact-20160202_alr_CompleteHumanProteome_K562_LysN_ETD_fr10_sub.pep.xml"
time="15:52:59" level=info msg="Parsing /scratch/negishi/afarzam/MSV000086944_results_and_control_searches/second_pass_downstream_nozf/LysN_ETD/LysN_ETD_2pass_results/K562_LysN_ETD/interact-20160202_alr_CompleteHumanProteome_K562_LysN_ETD_fr29_sub.pep.xml"
time="15:52:59" level=info msg="Parsing /scratch/negishi/afarzam/MSV000086944_results_and_control_searches/second_pass_downstream_nozf/LysN_ETD/LysN_ETD_2pass_results/K562_LysN_ETD/interact-20160202_alr_CompleteHumanProteome_K562_LysN_ETD_fr27_sub.pep.xml"
time="15:52:59" level=info msg="Parsing /scratch/negishi/afarzam/MSV000086944_results_and_control_searches/second_pass_downstream_nozf/LysN_ETD/LysN_ETD_2pass_results/K562_LysN_ETD/interact-20160202_alr_CompleteHumanProteome_K562_LysN_ETD_fr28_sub.pep.xml"
time="15:52:59" level=info msg="Parsing /scratch/negishi/afarzam/MSV000086944_results_and_control_searches/second_pass_downstream_nozf/LysN_ETD/LysN_ETD_2pass_results/K562_LysN_ETD/interact-20160202_alr_CompleteHumanProteome_K562_LysN_ETD_fr22_sub.pep.xml"
time="15:52:59" level=info msg="Parsing /scratch/negishi/afarzam/MSV000086944_results_and_control_searches/second_pass_downstream_nozf/LysN_ETD/LysN_ETD_2pass_results/K562_LysN_ETD/interact-20160202_alr_CompleteHumanProteome_K562_LysN_ETD_fr20_sub.pep.xml"
time="15:52:59" level=info msg="Parsing /scratch/negishi/afarzam/MSV000086944_results_and_control_searches/second_pass_downstream_nozf/LysN_ETD/LysN_ETD_2pass_results/K562_LysN_ETD/interact-20160202_alr_CompleteHumanProteome_K562_LysN_ETD_fr2_sub.pep.xml"
time="15:52:59" level=info msg="Parsing /scratch/negishi/afarzam/MSV000086944_results_and_control_searches/second_pass_downstream_nozf/LysN_ETD/LysN_ETD_2pass_results/K562_LysN_ETD/interact-20160202_alr_CompleteHumanProteome_K562_LysN_ETD_fr30_sub.pep.xml"
time="15:52:59" level=info msg="Parsing /scratch/negishi/afarzam/MSV000086944_results_and_control_searches/second_pass_downstream_nozf/LysN_ETD/LysN_ETD_2pass_results/K562_LysN_ETD/interact-20160202_alr_CompleteHumanProteome_K562_LysN_ETD_fr21_sub.pep.xml"
time="15:52:59" level=info msg="Parsing /scratch/negishi/afarzam/MSV000086944_results_and_control_searches/second_pass_downstream_nozf/LysN_ETD/LysN_ETD_2pass_results/K562_LysN_ETD/interact-20160202_alr_CompleteHumanProteome_K562_LysN_ETD_fr16_sub.pep.xml"
time="15:52:59" level=info msg="Parsing /scratch/negishi/afarzam/MSV000086944_results_and_control_searches/second_pass_downstream_nozf/LysN_ETD/LysN_ETD_2pass_results/K562_LysN_ETD/interact-20160202_alr_CompleteHumanProteome_K562_LysN_ETD_fr1_sub.pep.xml"
time="15:52:59" level=warning msg="No PSM was found in data set. /scratch/negishi/afarzam/MSV000086944_results_and_control_searches/second_pass_downstream_nozf/LysN_ETD/LysN_ETD_2pass_results/K562_LysN_ETD/interact-20160202_alr_CompleteHumanProteome_K562_LysN_ETD_fr5_sub.pep.xml"
time="15:52:59" level=info msg="Parsing /scratch/negishi/afarzam/MSV000086944_results_and_control_searches/second_pass_downstream_nozf/LysN_ETD/LysN_ETD_2pass_results/K562_LysN_ETD/interact-20160202_alr_CompleteHumanProteome_K562_LysN_ETD_fr17_sub.pep.xml"
time="15:52:59" level=info msg="Parsing /scratch/negishi/afarzam/MSV000086944_results_and_control_searches/second_pass_downstream_nozf/LysN_ETD/LysN_ETD_2pass_results/K562_LysN_ETD/interact-20160202_alr_CompleteHumanProteome_K562_LysN_ETD_fr19_sub.pep.xml"
time="15:52:59" level=warning msg="No PSM was found in data set. /scratch/negishi/afarzam/MSV000086944_results_and_control_searches/second_pass_downstream_nozf/LysN_ETD/LysN_ETD_2pass_results/K562_LysN_ETD/interact-20160202_alr_CompleteHumanProteome_K562_LysN_ETD_fr8_sub.pep.xml"
time="15:52:59" level=warning msg="No PSM was found in data set. /scratch/negishi/afarzam/MSV000086944_results_and_control_searches/second_pass_downstream_nozf/LysN_ETD/LysN_ETD_2pass_results/K562_LysN_ETD/interact-20160202_alr_CompleteHumanProteome_K562_LysN_ETD_fr31_sub.pep.xml"
time="15:52:59" level=info msg="Parsing /scratch/negishi/afarzam/MSV000086944_results_and_control_searches/second_pass_downstream_nozf/LysN_ETD/LysN_ETD_2pass_results/K562_LysN_ETD/interact-20160202_alr_CompleteHumanProteome_K562_LysN_ETD_fr23_sub.pep.xml"
time="15:52:59" level=warning msg="No PSM was found in data set. /scratch/negishi/afarzam/MSV000086944_results_and_control_searches/second_pass_downstream_nozf/LysN_ETD/LysN_ETD_2pass_results/K562_LysN_ETD/interact-20160202_alr_CompleteHumanProteome_K562_LysN_ETD_fr22_sub.pep.xml"
time="15:52:59" level=warning msg="No PSM was found in data set. /scratch/negishi/afarzam/MSV000086944_results_and_control_searches/second_pass_downstream_nozf/LysN_ETD/LysN_ETD_2pass_results/K562_LysN_ETD/interact-20160202_alr_CompleteHumanProteome_K562_LysN_ETD_fr2_sub.pep.xml"
time="15:52:59" level=warning msg="No PSM was found in data set. /scratch/negishi/afarzam/MSV000086944_results_and_control_searches/second_pass_downstream_nozf/LysN_ETD/LysN_ETD_2pass_results/K562_LysN_ETD/interact-20160202_alr_CompleteHumanProteome_K562_LysN_ETD_fr21_sub.pep.xml"
time="15:52:59" level=warning msg="No PSM was found in data set. /scratch/negishi/afarzam/MSV000086944_results_and_control_searches/second_pass_downstream_nozf/LysN_ETD/LysN_ETD_2pass_results/K562_LysN_ETD/interact-20160202_alr_CompleteHumanProteome_K562_LysN_ETD_fr30_sub.pep.xml"
time="15:52:59" level=info msg="1+ Charge profile" decoy=0 target=0
time="15:52:59" level=info msg="2+ Charge profile" decoy=52 target=199
time="15:52:59" level=info msg="3+ Charge profile" decoy=54 target=87
time="15:52:59" level=info msg="4+ Charge profile" decoy=21 target=72
time="15:52:59" level=info msg="5+ Charge profile" decoy=18 target=16
time="15:52:59" level=info msg="6+ Charge profile" decoy=1 target=0
time="15:52:59" level=info msg="Database search results" ions=401 peptides=393 psms=520
time="15:52:59" level=info msg="Converged to 0.00 % FDR with 22 PSMs" decoy=0 threshold=0.835662 total=22
time="15:52:59" level=info msg="Converged to 0.00 % FDR with 19 Peptides" decoy=0 threshold=0.835662 total=19
time="15:52:59" level=info msg="Converged to 0.00 % FDR with 19 Ions" decoy=0 threshold=0.835662 total=19
time="15:52:59" level=info msg="Protein inference results" decoy=755 target=1086
time="15:52:59" level=info msg="Converged to 0.00 % FDR with 15 Proteins" decoy=0 threshold=0.952 total=15
time="15:52:59" level=info msg="Applying sequential FDR estimation" ions=7 peptides=7 psms=8
time="15:52:59" level=info msg="Converged to 0.00 % FDR with 7 PSMs" decoy=0 threshold=0.917176 total=7
time="15:52:59" level=info msg="Converged to 0.00 % FDR with 6 Peptides" decoy=0 threshold=0.917176 total=6
time="15:52:59" level=info msg="Converged to 0.00 % FDR with 6 Ions" decoy=0 threshold=0.917176 total=6
time="15:52:59" level=info msg="Post processing identifications"
time="15:52:59" level=info msg="Assigning protein identifications to layers"
time="15:53:00" level=info msg="Processing protein inference"
time="15:53:00" level=info msg="Synchronizing PSMs and proteins"
time="15:53:00" level=info msg="Final report numbers after FDR filtering, and post-processing" ions=6 peptides=6 proteins=6 psms=7
time="15:53:00" level=info msg=Saving
time="15:53:00" level=info msg=Done
