time="13:57:07" level=info msg="Executing Filter  v5.1.2"
time="13:57:07" level=info msg="Fetching protein inference from /scratch/negishi/afarzam/MSV000086944_results_v4/second_pass_upstream/Trypsin_CAD/Trypsin_CAD_2pass_results/GM12878"
time="13:57:07" level=info msg="Processing peptide identification files"
time="13:57:07" level=info msg="Parsing /scratch/negishi/afarzam/MSV000086944_results_v4/second_pass_upstream/Trypsin_CAD/Trypsin_CAD_2pass_results/hESC/interact-09apr2014_HESC_SCX8to12_RP9_sub.pep.xml"
time="13:57:07" level=info msg="Parsing /scratch/negishi/afarzam/MSV000086944_results_v4/second_pass_upstream/Trypsin_CAD/Trypsin_CAD_2pass_results/hESC/interact-09apr2014_HESC_SCX12to14_RP10_sub.pep.xml"
time="13:57:07" level=info msg="Parsing /scratch/negishi/afarzam/MSV000086944_results_v4/second_pass_upstream/Trypsin_CAD/Trypsin_CAD_2pass_results/hESC/interact-09apr2014_HESC_SCX12to14_RP18_sub.pep.xml"
time="13:57:07" level=info msg="Parsing /scratch/negishi/afarzam/MSV000086944_results_v4/second_pass_upstream/Trypsin_CAD/Trypsin_CAD_2pass_results/hESC/interact-09apr2014_HESC_SCX12to14_RP14_sub.pep.xml"
time="13:57:07" level=info msg="Parsing /scratch/negishi/afarzam/MSV000086944_results_v4/second_pass_upstream/Trypsin_CAD/Trypsin_CAD_2pass_results/hESC/interact-09apr2014_HESC_SCX12to14_RP16_sub.pep.xml"
time="13:57:07" level=info msg="Parsing /scratch/negishi/afarzam/MSV000086944_results_v4/second_pass_upstream/Trypsin_CAD/Trypsin_CAD_2pass_results/hESC/interact-09apr2014_HESC_SCX12to14_RP17_sub.pep.xml"
time="13:57:07" level=info msg="Parsing /scratch/negishi/afarzam/MSV000086944_results_v4/second_pass_upstream/Trypsin_CAD/Trypsin_CAD_2pass_results/hESC/interact-09apr2014_HESC_SCX12to14_RP15_sub.pep.xml"
time="13:57:07" level=info msg="Parsing /scratch/negishi/afarzam/MSV000086944_results_v4/second_pass_upstream/Trypsin_CAD/Trypsin_CAD_2pass_results/hESC/interact-09apr2014_HESC_SCX12to14_RP12_sub.pep.xml"
time="13:57:07" level=info msg="Parsing /scratch/negishi/afarzam/MSV000086944_results_v4/second_pass_upstream/Trypsin_CAD/Trypsin_CAD_2pass_results/hESC/interact-09apr2014_HESC_SCX16to25_RP13_sub.pep.xml"
time="13:57:07" level=info msg="Parsing /scratch/negishi/afarzam/MSV000086944_results_v4/second_pass_upstream/Trypsin_CAD/Trypsin_CAD_2pass_results/hESC/interact-09apr2014_HESC_SCX12to14_RP11_sub.pep.xml"
time="13:57:07" level=info msg="Parsing /scratch/negishi/afarzam/MSV000086944_results_v4/second_pass_upstream/Trypsin_CAD/Trypsin_CAD_2pass_results/hESC/interact-09apr2014_HESC_SCX12to14_RP13_sub.pep.xml"
time="13:57:07" level=info msg="Parsing /scratch/negishi/afarzam/MSV000086944_results_v4/second_pass_upstream/Trypsin_CAD/Trypsin_CAD_2pass_results/hESC/interact-09apr2014_HESC_SCX8to12_RP11_sub.pep.xml"
time="13:57:07" level=info msg="Parsing /scratch/negishi/afarzam/MSV000086944_results_v4/second_pass_upstream/Trypsin_CAD/Trypsin_CAD_2pass_results/hESC/interact-09apr2014_HESC_SCX16to25_RP2_sub.pep.xml"
time="13:57:07" level=info msg="Parsing /scratch/negishi/afarzam/MSV000086944_results_v4/second_pass_upstream/Trypsin_CAD/Trypsin_CAD_2pass_results/hESC/interact-09apr2014_HESC_SCX16to25_RP17_sub.pep.xml"
time="13:57:07" level=info msg="Parsing /scratch/negishi/afarzam/MSV000086944_results_v4/second_pass_upstream/Trypsin_CAD/Trypsin_CAD_2pass_results/hESC/interact-09apr2014_HESC_SCX16to25_RP15_sub.pep.xml"
time="13:57:07" level=info msg="Parsing /scratch/negishi/afarzam/MSV000086944_results_v4/second_pass_upstream/Trypsin_CAD/Trypsin_CAD_2pass_results/hESC/interact-09apr2014_HESC_SCX8to12_RP12_sub.pep.xml"
time="13:57:07" level=info msg="Parsing /scratch/negishi/afarzam/MSV000086944_results_v4/second_pass_upstream/Trypsin_CAD/Trypsin_CAD_2pass_results/hESC/interact-09apr2014_HESC_SCX16to25_RP16_sub.pep.xml"
time="13:57:07" level=info msg="Parsing /scratch/negishi/afarzam/MSV000086944_results_v4/second_pass_upstream/Trypsin_CAD/Trypsin_CAD_2pass_results/hESC/interact-09apr2014_HESC_SCX8to12_RP13_sub.pep.xml"
time="13:57:07" level=info msg="Parsing /scratch/negishi/afarzam/MSV000086944_results_v4/second_pass_upstream/Trypsin_CAD/Trypsin_CAD_2pass_results/hESC/interact-09apr2014_HESC_SCX16to25_RP19_sub.pep.xml"
time="13:57:07" level=info msg="Parsing /scratch/negishi/afarzam/MSV000086944_results_v4/second_pass_upstream/Trypsin_CAD/Trypsin_CAD_2pass_results/hESC/interact-09apr2014_HESC_SCX16to25_RP3_sub.pep.xml"
time="13:57:07" level=info msg="Parsing /scratch/negishi/afarzam/MSV000086944_results_v4/second_pass_upstream/Trypsin_CAD/Trypsin_CAD_2pass_results/hESC/interact-09apr2014_HESC_SCX16to25_RP6_sub.pep.xml"
time="13:57:07" level=info msg="Parsing /scratch/negishi/afarzam/MSV000086944_results_v4/second_pass_upstream/Trypsin_CAD/Trypsin_CAD_2pass_results/hESC/interact-09apr2014_HESC_SCX8to12_RP16_sub.pep.xml"
time="13:57:07" level=info msg="Parsing /scratch/negishi/afarzam/MSV000086944_results_v4/second_pass_upstream/Trypsin_CAD/Trypsin_CAD_2pass_results/hESC/interact-09apr2014_HESC_SCX8to12_RP17_sub.pep.xml"
time="13:57:07" level=info msg="Parsing /scratch/negishi/afarzam/MSV000086944_results_v4/second_pass_upstream/Trypsin_CAD/Trypsin_CAD_2pass_results/hESC/interact-09apr2014_HESC_SCX8to12_RP14_sub.pep.xml"
time="13:57:07" level=info msg="Parsing /scratch/negishi/afarzam/MSV000086944_results_v4/second_pass_upstream/Trypsin_CAD/Trypsin_CAD_2pass_results/hESC/interact-09apr2014_HESC_SCX16to25_RP14_sub.pep.xml"
time="13:57:07" level=info msg="Parsing /scratch/negishi/afarzam/MSV000086944_results_v4/second_pass_upstream/Trypsin_CAD/Trypsin_CAD_2pass_results/hESC/interact-09apr2014_HESC_SCX8to12_RP1_sub.pep.xml"
time="13:57:07" level=info msg="Parsing /scratch/negishi/afarzam/MSV000086944_results_v4/second_pass_upstream/Trypsin_CAD/Trypsin_CAD_2pass_results/hESC/interact-09apr2014_HESC_SCX16to25_RP5_sub.pep.xml"
time="13:57:07" level=info msg="Parsing /scratch/negishi/afarzam/MSV000086944_results_v4/second_pass_upstream/Trypsin_CAD/Trypsin_CAD_2pass_results/hESC/interact-09apr2014_HESC_SCX8to12_RP18_sub.pep.xml"
time="13:57:07" level=info msg="Parsing /scratch/negishi/afarzam/MSV000086944_results_v4/second_pass_upstream/Trypsin_CAD/Trypsin_CAD_2pass_results/hESC/interact-09apr2014_HESC_SCX8to12_RP19_sub.pep.xml"
time="13:57:07" level=info msg="Parsing /scratch/negishi/afarzam/MSV000086944_results_v4/second_pass_upstream/Trypsin_CAD/Trypsin_CAD_2pass_results/hESC/interact-09apr2014_HESC_SCX16to25_RP1_sub.pep.xml"
time="13:57:07" level=info msg="Parsing /scratch/negishi/afarzam/MSV000086944_results_v4/second_pass_upstream/Trypsin_CAD/Trypsin_CAD_2pass_results/hESC/interact-09apr2014_HESC_SCX8to12_RP15_sub.pep.xml"
time="13:57:07" level=info msg="Parsing /scratch/negishi/afarzam/MSV000086944_results_v4/second_pass_upstream/Trypsin_CAD/Trypsin_CAD_2pass_results/hESC/interact-09apr2014_HESC_SCX16to25_RP4_sub.pep.xml"
time="13:57:07" level=info msg="Parsing /scratch/negishi/afarzam/MSV000086944_results_v4/second_pass_upstream/Trypsin_CAD/Trypsin_CAD_2pass_results/hESC/interact-09apr2014_HESC_SCX8to12_RP20_sub.pep.xml"
time="13:57:07" level=info msg="Parsing /scratch/negishi/afarzam/MSV000086944_results_v4/second_pass_upstream/Trypsin_CAD/Trypsin_CAD_2pass_results/hESC/interact-09apr2014_HESC_SCX8to12_RP2_sub.pep.xml"
time="13:57:07" level=info msg="Parsing /scratch/negishi/afarzam/MSV000086944_results_v4/second_pass_upstream/Trypsin_CAD/Trypsin_CAD_2pass_results/hESC/interact-09apr2014_HESC_SCX8to12_RP3_sub.pep.xml"
time="13:57:07" level=info msg="Parsing /scratch/negishi/afarzam/MSV000086944_results_v4/second_pass_upstream/Trypsin_CAD/Trypsin_CAD_2pass_results/hESC/interact-09apr2014_HESC_SCX8to12_RP4_sub.pep.xml"
time="13:57:07" level=info msg="Parsing /scratch/negishi/afarzam/MSV000086944_results_v4/second_pass_upstream/Trypsin_CAD/Trypsin_CAD_2pass_results/hESC/interact-09apr2014_HESC_SCX16to25_RP18_sub.pep.xml"
time="13:57:07" level=info msg="Parsing /scratch/negishi/afarzam/MSV000086944_results_v4/second_pass_upstream/Trypsin_CAD/Trypsin_CAD_2pass_results/hESC/interact-09apr2014_HESC_SCX16to25_RP8_sub.pep.xml"
time="13:57:07" level=info msg="Parsing /scratch/negishi/afarzam/MSV000086944_results_v4/second_pass_upstream/Trypsin_CAD/Trypsin_CAD_2pass_results/hESC/interact-09apr2014_HESC_SCX14to16_RP4_sub.pep.xml"
time="13:57:07" level=info msg="Parsing /scratch/negishi/afarzam/MSV000086944_results_v4/second_pass_upstream/Trypsin_CAD/Trypsin_CAD_2pass_results/hESC/interact-09apr2014_HESC_SCX14to16_RP8_sub.pep.xml"
time="13:57:07" level=info msg="Parsing /scratch/negishi/afarzam/MSV000086944_results_v4/second_pass_upstream/Trypsin_CAD/Trypsin_CAD_2pass_results/hESC/interact-09apr2014_HESC_SCX14to16_RP5_sub.pep.xml"
time="13:57:07" level=info msg="Parsing /scratch/negishi/afarzam/MSV000086944_results_v4/second_pass_upstream/Trypsin_CAD/Trypsin_CAD_2pass_results/hESC/interact-09apr2014_HESC_SCX14to16_RP6_sub.pep.xml"
time="13:57:07" level=info msg="Parsing /scratch/negishi/afarzam/MSV000086944_results_v4/second_pass_upstream/Trypsin_CAD/Trypsin_CAD_2pass_results/hESC/interact-09apr2014_HESC_SCX14to16_RP7_sub.pep.xml"
time="13:57:07" level=info msg="Parsing /scratch/negishi/afarzam/MSV000086944_results_v4/second_pass_upstream/Trypsin_CAD/Trypsin_CAD_2pass_results/hESC/interact-09apr2014_HESC_SCX8to12_RP5_sub.pep.xml"
time="13:57:07" level=info msg="Parsing /scratch/negishi/afarzam/MSV000086944_results_v4/second_pass_upstream/Trypsin_CAD/Trypsin_CAD_2pass_results/hESC/interact-09apr2014_HESC_SCX8to12_RP8_sub.pep.xml"
time="13:57:07" level=info msg="Parsing /scratch/negishi/afarzam/MSV000086944_results_v4/second_pass_upstream/Trypsin_CAD/Trypsin_CAD_2pass_results/hESC/interact-09apr2014_HESC_SCX14to16_RP16_sub.pep.xml"
time="13:57:07" level=info msg="Parsing /scratch/negishi/afarzam/MSV000086944_results_v4/second_pass_upstream/Trypsin_CAD/Trypsin_CAD_2pass_results/hESC/interact-09apr2014_HESC_SCX12to14_RP2_sub.pep.xml"
time="13:57:07" level=info msg="Parsing /scratch/negishi/afarzam/MSV000086944_results_v4/second_pass_upstream/Trypsin_CAD/Trypsin_CAD_2pass_results/hESC/interact-09apr2014_HESC_SCX12to14_RP19_sub.pep.xml"
time="13:57:07" level=info msg="Parsing /scratch/negishi/afarzam/MSV000086944_results_v4/second_pass_upstream/Trypsin_CAD/Trypsin_CAD_2pass_results/hESC/interact-09apr2014_HESC_SCX14to16_RP17_sub.pep.xml"
time="13:57:07" level=info msg="Parsing /scratch/negishi/afarzam/MSV000086944_results_v4/second_pass_upstream/Trypsin_CAD/Trypsin_CAD_2pass_results/hESC/interact-09apr2014_HESC_SCX16to25_RP20_sub.pep.xml"
time="13:57:07" level=info msg="Parsing /scratch/negishi/afarzam/MSV000086944_results_v4/second_pass_upstream/Trypsin_CAD/Trypsin_CAD_2pass_results/hESC/interact-09apr2014_HESC_SCX16to25_RP9_sub.pep.xml"
time="13:57:07" level=info msg="Parsing /scratch/negishi/afarzam/MSV000086944_results_v4/second_pass_upstream/Trypsin_CAD/Trypsin_CAD_2pass_results/hESC/interact-09apr2014_HESC_SCX14to16_RP18_sub.pep.xml"
time="13:57:07" level=info msg="Parsing /scratch/negishi/afarzam/MSV000086944_results_v4/second_pass_upstream/Trypsin_CAD/Trypsin_CAD_2pass_results/hESC/interact-09apr2014_HESC_SCX14to16_RP11_sub.pep.xml"
time="13:57:07" level=info msg="Parsing /scratch/negishi/afarzam/MSV000086944_results_v4/second_pass_upstream/Trypsin_CAD/Trypsin_CAD_2pass_results/hESC/interact-09apr2014_HESC_SCX12to14_RP8_sub.pep.xml"
time="13:57:07" level=info msg="Parsing /scratch/negishi/afarzam/MSV000086944_results_v4/second_pass_upstream/Trypsin_CAD/Trypsin_CAD_2pass_results/hESC/interact-09apr2014_HESC_SCX12to14_RP9_sub.pep.xml"
time="13:57:07" level=info msg="Parsing /scratch/negishi/afarzam/MSV000086944_results_v4/second_pass_upstream/Trypsin_CAD/Trypsin_CAD_2pass_results/hESC/interact-09apr2014_HESC_SCX14to16_RP10_sub.pep.xml"
time="13:57:07" level=info msg="Parsing /scratch/negishi/afarzam/MSV000086944_results_v4/second_pass_upstream/Trypsin_CAD/Trypsin_CAD_2pass_results/hESC/interact-09apr2014_HESC_SCX14to16_RP19_sub.pep.xml"
time="13:57:07" level=info msg="Parsing /scratch/negishi/afarzam/MSV000086944_results_v4/second_pass_upstream/Trypsin_CAD/Trypsin_CAD_2pass_results/hESC/interact-09apr2014_HESC_SCX14to16_RP1_sub.pep.xml"
time="13:57:07" level=info msg="Parsing /scratch/negishi/afarzam/MSV000086944_results_v4/second_pass_upstream/Trypsin_CAD/Trypsin_CAD_2pass_results/hESC/interact-09apr2014_HESC_SCX16to25_RP10_sub.pep.xml"
time="13:57:07" level=info msg="Parsing /scratch/negishi/afarzam/MSV000086944_results_v4/second_pass_upstream/Trypsin_CAD/Trypsin_CAD_2pass_results/hESC/interact-09apr2014_HESC_SCX12to14_RP1_sub.pep.xml"
time="13:57:07" level=info msg="Parsing /scratch/negishi/afarzam/MSV000086944_results_v4/second_pass_upstream/Trypsin_CAD/Trypsin_CAD_2pass_results/hESC/interact-09apr2014_HESC_SCX14to16_RP9_sub.pep.xml"
time="13:57:07" level=info msg="Parsing /scratch/negishi/afarzam/MSV000086944_results_v4/second_pass_upstream/Trypsin_CAD/Trypsin_CAD_2pass_results/hESC/interact-09apr2014_HESC_SCX12to14_RP4_sub.pep.xml"
time="13:57:07" level=info msg="Parsing /scratch/negishi/afarzam/MSV000086944_results_v4/second_pass_upstream/Trypsin_CAD/Trypsin_CAD_2pass_results/hESC/interact-09apr2014_HESC_SCX8to12_RP6_sub.pep.xml"
time="13:57:07" level=info msg="Parsing /scratch/negishi/afarzam/MSV000086944_results_v4/second_pass_upstream/Trypsin_CAD/Trypsin_CAD_2pass_results/hESC/interact-09apr2014_HESC_SCX14to16_RP15_sub.pep.xml"
time="13:57:07" level=info msg="Parsing /scratch/negishi/afarzam/MSV000086944_results_v4/second_pass_upstream/Trypsin_CAD/Trypsin_CAD_2pass_results/hESC/interact-09apr2014_HESC_SCX14to16_RP20_sub.pep.xml"
time="13:57:07" level=info msg="Parsing /scratch/negishi/afarzam/MSV000086944_results_v4/second_pass_upstream/Trypsin_CAD/Trypsin_CAD_2pass_results/hESC/interact-09apr2014_HESC_SCX14to16_RP12_sub.pep.xml"
time="13:57:07" level=info msg="Parsing /scratch/negishi/afarzam/MSV000086944_results_v4/second_pass_upstream/Trypsin_CAD/Trypsin_CAD_2pass_results/hESC/interact-09apr2014_HESC_SCX14to16_RP3_sub.pep.xml"
time="13:57:07" level=info msg="Parsing /scratch/negishi/afarzam/MSV000086944_results_v4/second_pass_upstream/Trypsin_CAD/Trypsin_CAD_2pass_results/hESC/interact-09apr2014_HESC_SCX14to16_RP2_sub.pep.xml"
time="13:57:07" level=info msg="Parsing /scratch/negishi/afarzam/MSV000086944_results_v4/second_pass_upstream/Trypsin_CAD/Trypsin_CAD_2pass_results/hESC/interact-09apr2014_HESC_SCX12to14_RP20_sub.pep.xml"
time="13:57:07" level=info msg="Parsing /scratch/negishi/afarzam/MSV000086944_results_v4/second_pass_upstream/Trypsin_CAD/Trypsin_CAD_2pass_results/hESC/interact-09apr2014_HESC_SCX12to14_RP7_sub.pep.xml"
time="13:57:07" level=info msg="Parsing /scratch/negishi/afarzam/MSV000086944_results_v4/second_pass_upstream/Trypsin_CAD/Trypsin_CAD_2pass_results/hESC/interact-09apr2014_HESC_SCX8to12_RP10_sub.pep.xml"
time="13:57:07" level=info msg="Parsing /scratch/negishi/afarzam/MSV000086944_results_v4/second_pass_upstream/Trypsin_CAD/Trypsin_CAD_2pass_results/hESC/interact-09apr2014_HESC_SCX12to14_RP6_sub.pep.xml"
time="13:57:07" level=info msg="Parsing /scratch/negishi/afarzam/MSV000086944_results_v4/second_pass_upstream/Trypsin_CAD/Trypsin_CAD_2pass_results/hESC/interact-09apr2014_HESC_SCX14to16_RP13_sub.pep.xml"
time="13:57:07" level=info msg="Parsing /scratch/negishi/afarzam/MSV000086944_results_v4/second_pass_upstream/Trypsin_CAD/Trypsin_CAD_2pass_results/hESC/interact-09apr2014_HESC_SCX14to16_RP14_sub.pep.xml"
time="13:57:07" level=info msg="Parsing /scratch/negishi/afarzam/MSV000086944_results_v4/second_pass_upstream/Trypsin_CAD/Trypsin_CAD_2pass_results/hESC/interact-09apr2014_HESC_SCX12to14_RP5_sub.pep.xml"
time="13:57:07" level=info msg="Parsing /scratch/negishi/afarzam/MSV000086944_results_v4/second_pass_upstream/Trypsin_CAD/Trypsin_CAD_2pass_results/hESC/interact-09apr2014_HESC_SCX14to16_RP13_IT_25ms_5sec_sub.pep.xml"
time="13:57:07" level=info msg="Parsing /scratch/negishi/afarzam/MSV000086944_results_v4/second_pass_upstream/Trypsin_CAD/Trypsin_CAD_2pass_results/hESC/interact-09apr2014_HESC_SCX8to12_RP7_sub.pep.xml"
time="13:57:07" level=info msg="Parsing /scratch/negishi/afarzam/MSV000086944_results_v4/second_pass_upstream/Trypsin_CAD/Trypsin_CAD_2pass_results/hESC/interact-09apr2014_HESC_SCX12to14_RP3_sub.pep.xml"
time="13:57:07" level=info msg="Parsing /scratch/negishi/afarzam/MSV000086944_results_v4/second_pass_upstream/Trypsin_CAD/Trypsin_CAD_2pass_results/hESC/interact-09apr2014_HESC_SCX16to25_RP7_sub.pep.xml"
time="13:57:07" level=warning msg="No PSM was found in data set. /scratch/negishi/afarzam/MSV000086944_results_v4/second_pass_upstream/Trypsin_CAD/Trypsin_CAD_2pass_results/hESC/interact-09apr2014_HESC_SCX14to16_RP13_IT_25ms_5sec_sub.pep.xml"
time="13:57:07" level=info msg="Parsing /scratch/negishi/afarzam/MSV000086944_results_v4/second_pass_upstream/Trypsin_CAD/Trypsin_CAD_2pass_results/hESC/interact-09apr2014_HESC_SCX16to25_RP11_sub.pep.xml"
time="13:57:07" level=info msg="Parsing /scratch/negishi/afarzam/MSV000086944_results_v4/second_pass_upstream/Trypsin_CAD/Trypsin_CAD_2pass_results/hESC/interact-09apr2014_HESC_SCX16to25_RP12_sub.pep.xml"
time="13:57:12" level=info msg="1+ Charge profile" decoy=0 target=0
time="13:57:12" level=info msg="2+ Charge profile" decoy=638 target=2635
time="13:57:12" level=info msg="3+ Charge profile" decoy=588 target=2247
time="13:57:12" level=info msg="4+ Charge profile" decoy=151 target=578
time="13:57:12" level=info msg="5+ Charge profile" decoy=38 target=90
time="13:57:12" level=info msg="6+ Charge profile" decoy=26 target=24
time="13:57:12" level=info msg="Database search results" ions=5446 peptides=5236 psms=7015
time="13:57:12" level=info msg="Converged to 0.97 % FDR with 515 PSMs" decoy=5 threshold=0.962612 total=520
time="13:57:12" level=info msg="Converged to 0.86 % FDR with 350 Peptides" decoy=3 threshold=0.96357 total=353
time="13:57:12" level=info msg="Converged to 0.78 % FDR with 384 Ions" decoy=3 threshold=0.96357 total=387
time="13:57:12" level=info msg="Protein inference results" decoy=4130 target=5996
time="13:57:12" level=info msg="Converged to 0.97 % FDR with 310 Proteins" decoy=3 threshold=0.987 total=313
time="13:57:12" level=info msg="Applying sequential FDR estimation" ions=310 peptides=276 psms=437
time="13:57:12" level=info msg="Converged to 0.00 % FDR with 436 PSMs" decoy=0 threshold=0.963265 total=436
time="13:57:12" level=info msg="Converged to 0.00 % FDR with 275 Peptides" decoy=0 threshold=0.96357 total=275
time="13:57:12" level=info msg="Converged to 0.00 % FDR with 309 Ions" decoy=0 threshold=0.96357 total=309
time="13:57:12" level=info msg="Post processing identifications"
time="13:57:12" level=info msg="Assigning protein identifications to layers"
time="13:57:12" level=info msg="Processing protein inference"
time="13:57:13" level=info msg="Synchronizing PSMs and proteins"
time="13:57:13" level=info msg="Final report numbers after FDR filtering, and post-processing" ions=309 peptides=275 proteins=183 psms=436
time="13:57:13" level=info msg=Saving
time="13:57:13" level=info msg=Done
