time="06:41:40" level=info msg="Executing Filter  v5.1.2"
time="06:41:40" level=info msg="Fetching protein inference from /scratch/negishi/afarzam/MSV000086944_results_v4/second_pass_upstream/GluC_CAD/GluC_CAD_2pass_results/GM12878_GluC_CAD"
time="06:41:40" level=info msg="Processing peptide identification files"
time="06:41:40" level=info msg="Parsing /scratch/negishi/afarzam/MSV000086944_results_v4/second_pass_upstream/GluC_CAD/GluC_CAD_2pass_results/HepG2_GluC_HCD/interact-20151115_alr_CompleteHumanProteome_HepG2_GluC_HCD_fr12_sub.pep.xml"
time="06:41:40" level=info msg="Parsing /scratch/negishi/afarzam/MSV000086944_results_v4/second_pass_upstream/GluC_CAD/GluC_CAD_2pass_results/HepG2_GluC_HCD/interact-20151124_alr_CompleteHumanProteome_HepG2_HCD_GluC_fr9_sub.pep.xml"
time="06:41:40" level=info msg="Parsing /scratch/negishi/afarzam/MSV000086944_results_v4/second_pass_upstream/GluC_CAD/GluC_CAD_2pass_results/HepG2_GluC_HCD/interact-20151115_alr_CompleteHumanProteome_HepG2_GluC_HCD_fr14_sub.pep.xml"
time="06:41:40" level=info msg="Parsing /scratch/negishi/afarzam/MSV000086944_results_v4/second_pass_upstream/GluC_CAD/GluC_CAD_2pass_results/HepG2_GluC_HCD/interact-20151115_alr_CompleteHumanProteome_HepG2_GluC_HCD_fr10_sub.pep.xml"
time="06:41:40" level=info msg="Parsing /scratch/negishi/afarzam/MSV000086944_results_v4/second_pass_upstream/GluC_CAD/GluC_CAD_2pass_results/HepG2_GluC_HCD/interact-20151115_alr_CompleteHumanProteome_HepG2_GluC_HCD_fr13_sub.pep.xml"
time="06:41:40" level=info msg="Parsing /scratch/negishi/afarzam/MSV000086944_results_v4/second_pass_upstream/GluC_CAD/GluC_CAD_2pass_results/HepG2_GluC_HCD/interact-20151124_alr_CompleteHumanProteome_HepG2_HCD_GluC_fr21_sub.pep.xml"
time="06:41:40" level=info msg="Parsing /scratch/negishi/afarzam/MSV000086944_results_v4/second_pass_upstream/GluC_CAD/GluC_CAD_2pass_results/HepG2_GluC_HCD/interact-20151115_alr_CompleteHumanProteome_HepG2_GluC_HCD_fr11_sub.pep.xml"
time="06:41:40" level=info msg="Parsing /scratch/negishi/afarzam/MSV000086944_results_v4/second_pass_upstream/GluC_CAD/GluC_CAD_2pass_results/HepG2_GluC_HCD/interact-20151124_alr_CompleteHumanProteome_HepG2_HCD_GluC_fr22_sub.pep.xml"
time="06:41:40" level=info msg="Parsing /scratch/negishi/afarzam/MSV000086944_results_v4/second_pass_upstream/GluC_CAD/GluC_CAD_2pass_results/HepG2_GluC_HCD/interact-20151124_alr_CompleteHumanProteome_HepG2_HCD_GluC_fr11_sub.pep.xml"
time="06:41:40" level=info msg="Parsing /scratch/negishi/afarzam/MSV000086944_results_v4/second_pass_upstream/GluC_CAD/GluC_CAD_2pass_results/HepG2_GluC_HCD/interact-20151124_alr_CompleteHumanProteome_HepG2_HCD_GluC_fr16_sub.pep.xml"
time="06:41:40" level=info msg="Parsing /scratch/negishi/afarzam/MSV000086944_results_v4/second_pass_upstream/GluC_CAD/GluC_CAD_2pass_results/HepG2_GluC_HCD/interact-20151115_alr_CompleteHumanProteome_HepG2_GluC_HCD_fr5_sub.pep.xml"
time="06:41:40" level=info msg="Parsing /scratch/negishi/afarzam/MSV000086944_results_v4/second_pass_upstream/GluC_CAD/GluC_CAD_2pass_results/HepG2_GluC_HCD/interact-20151115_alr_CompleteHumanProteome_HepG2_GluC_HCD_fr2_sub.pep.xml"
time="06:41:40" level=info msg="Parsing /scratch/negishi/afarzam/MSV000086944_results_v4/second_pass_upstream/GluC_CAD/GluC_CAD_2pass_results/HepG2_GluC_HCD/interact-20151115_alr_CompleteHumanProteome_HepG2_GluC_HCD_fr1_sub.pep.xml"
time="06:41:40" level=info msg="Parsing /scratch/negishi/afarzam/MSV000086944_results_v4/second_pass_upstream/GluC_CAD/GluC_CAD_2pass_results/HepG2_GluC_HCD/interact-20151124_alr_CompleteHumanProteome_HepG2_HCD_GluC_fr23_sub.pep.xml"
time="06:41:40" level=info msg="Parsing /scratch/negishi/afarzam/MSV000086944_results_v4/second_pass_upstream/GluC_CAD/GluC_CAD_2pass_results/HepG2_GluC_HCD/interact-20151124_alr_CompleteHumanProteome_HepG2_HCD_GluC_fr12_sub.pep.xml"
time="06:41:40" level=info msg="Parsing /scratch/negishi/afarzam/MSV000086944_results_v4/second_pass_upstream/GluC_CAD/GluC_CAD_2pass_results/HepG2_GluC_HCD/interact-20151115_alr_CompleteHumanProteome_HepG2_GluC_HCD_fr4_sub.pep.xml"
time="06:41:40" level=info msg="Parsing /scratch/negishi/afarzam/MSV000086944_results_v4/second_pass_upstream/GluC_CAD/GluC_CAD_2pass_results/HepG2_GluC_HCD/interact-20151124_alr_CompleteHumanProteome_HepG2_HCD_GluC_fr1_sub.pep.xml"
time="06:41:40" level=info msg="Parsing /scratch/negishi/afarzam/MSV000086944_results_v4/second_pass_upstream/GluC_CAD/GluC_CAD_2pass_results/HepG2_GluC_HCD/interact-20151115_alr_CompleteHumanProteome_HepG2_GluC_HCD_fr3_sub.pep.xml"
time="06:41:40" level=info msg="Parsing /scratch/negishi/afarzam/MSV000086944_results_v4/second_pass_upstream/GluC_CAD/GluC_CAD_2pass_results/HepG2_GluC_HCD/interact-20151124_alr_CompleteHumanProteome_HepG2_HCD_GluC_fr32_sub.pep.xml"
time="06:41:40" level=info msg="Parsing /scratch/negishi/afarzam/MSV000086944_results_v4/second_pass_upstream/GluC_CAD/GluC_CAD_2pass_results/HepG2_GluC_HCD/interact-20151115_alr_CompleteHumanProteome_HepG2_GluC_HCD_fr6_sub.pep.xml"
time="06:41:40" level=info msg="Parsing /scratch/negishi/afarzam/MSV000086944_results_v4/second_pass_upstream/GluC_CAD/GluC_CAD_2pass_results/HepG2_GluC_HCD/interact-20151115_alr_CompleteHumanProteome_HepG2_GluC_HCD_fr8_sub.pep.xml"
time="06:41:40" level=info msg="Parsing /scratch/negishi/afarzam/MSV000086944_results_v4/second_pass_upstream/GluC_CAD/GluC_CAD_2pass_results/HepG2_GluC_HCD/interact-20151124_alr_CompleteHumanProteome_HepG2_HCD_GluC_fr13_sub.pep.xml"
time="06:41:40" level=info msg="Parsing /scratch/negishi/afarzam/MSV000086944_results_v4/second_pass_upstream/GluC_CAD/GluC_CAD_2pass_results/HepG2_GluC_HCD/interact-20151124_alr_CompleteHumanProteome_HepG2_HCD_GluC_fr17_sub.pep.xml"
time="06:41:40" level=info msg="Parsing /scratch/negishi/afarzam/MSV000086944_results_v4/second_pass_upstream/GluC_CAD/GluC_CAD_2pass_results/HepG2_GluC_HCD/interact-20151124_alr_CompleteHumanProteome_HepG2_HCD_GluC_fr24_sub.pep.xml"
time="06:41:40" level=info msg="Parsing /scratch/negishi/afarzam/MSV000086944_results_v4/second_pass_upstream/GluC_CAD/GluC_CAD_2pass_results/HepG2_GluC_HCD/interact-20151124_alr_CompleteHumanProteome_HepG2_HCD_GluC_fr25_sub.pep.xml"
time="06:41:40" level=info msg="Parsing /scratch/negishi/afarzam/MSV000086944_results_v4/second_pass_upstream/GluC_CAD/GluC_CAD_2pass_results/HepG2_GluC_HCD/interact-20151124_alr_CompleteHumanProteome_HepG2_HCD_GluC_fr14_sub.pep.xml"
time="06:41:40" level=info msg="Parsing /scratch/negishi/afarzam/MSV000086944_results_v4/second_pass_upstream/GluC_CAD/GluC_CAD_2pass_results/HepG2_GluC_HCD/interact-20151124_alr_CompleteHumanProteome_HepG2_HCD_GluC_fr4_sub.pep.xml"
time="06:41:40" level=info msg="Parsing /scratch/negishi/afarzam/MSV000086944_results_v4/second_pass_upstream/GluC_CAD/GluC_CAD_2pass_results/HepG2_GluC_HCD/interact-20151124_alr_CompleteHumanProteome_HepG2_HCD_GluC_fr18_sub.pep.xml"
time="06:41:40" level=info msg="Parsing /scratch/negishi/afarzam/MSV000086944_results_v4/second_pass_upstream/GluC_CAD/GluC_CAD_2pass_results/HepG2_GluC_HCD/interact-20151115_alr_CompleteHumanProteome_HepG2_GluC_HCD_fr7_sub.pep.xml"
time="06:41:40" level=info msg="Parsing /scratch/negishi/afarzam/MSV000086944_results_v4/second_pass_upstream/GluC_CAD/GluC_CAD_2pass_results/HepG2_GluC_HCD/interact-20151124_alr_CompleteHumanProteome_HepG2_HCD_GluC_fr15_sub.pep.xml"
time="06:41:40" level=info msg="Parsing /scratch/negishi/afarzam/MSV000086944_results_v4/second_pass_upstream/GluC_CAD/GluC_CAD_2pass_results/HepG2_GluC_HCD/interact-20151124_alr_CompleteHumanProteome_HepG2_HCD_GluC_fr10_sub.pep.xml"
time="06:41:40" level=warning msg="No PSM was found in data set. /scratch/negishi/afarzam/MSV000086944_results_v4/second_pass_upstream/GluC_CAD/GluC_CAD_2pass_results/HepG2_GluC_HCD/interact-20151115_alr_CompleteHumanProteome_HepG2_GluC_HCD_fr3_sub.pep.xml"
time="06:41:40" level=info msg="Parsing /scratch/negishi/afarzam/MSV000086944_results_v4/second_pass_upstream/GluC_CAD/GluC_CAD_2pass_results/HepG2_GluC_HCD/interact-20151124_alr_CompleteHumanProteome_HepG2_HCD_GluC_fr34_sub.pep.xml"
time="06:41:40" level=info msg="Parsing /scratch/negishi/afarzam/MSV000086944_results_v4/second_pass_upstream/GluC_CAD/GluC_CAD_2pass_results/HepG2_GluC_HCD/interact-20151124_alr_CompleteHumanProteome_HepG2_HCD_GluC_fr20_sub.pep.xml"
time="06:41:40" level=info msg="Parsing /scratch/negishi/afarzam/MSV000086944_results_v4/second_pass_upstream/GluC_CAD/GluC_CAD_2pass_results/HepG2_GluC_HCD/interact-20151115_alr_CompleteHumanProteome_HepG2_GluC_HCD_fr9_sub.pep.xml"
time="06:41:40" level=info msg="Parsing /scratch/negishi/afarzam/MSV000086944_results_v4/second_pass_upstream/GluC_CAD/GluC_CAD_2pass_results/HepG2_GluC_HCD/interact-20151124_alr_CompleteHumanProteome_HepG2_HCD_GluC_fr35_sub.pep.xml"
time="06:41:40" level=info msg="Parsing /scratch/negishi/afarzam/MSV000086944_results_v4/second_pass_upstream/GluC_CAD/GluC_CAD_2pass_results/HepG2_GluC_HCD/interact-20151124_alr_CompleteHumanProteome_HepG2_HCD_GluC_fr26_sub.pep.xml"
time="06:41:40" level=info msg="Parsing /scratch/negishi/afarzam/MSV000086944_results_v4/second_pass_upstream/GluC_CAD/GluC_CAD_2pass_results/HepG2_GluC_HCD/interact-20151124_alr_CompleteHumanProteome_HepG2_HCD_GluC_fr29_sub.pep.xml"
time="06:41:40" level=info msg="Parsing /scratch/negishi/afarzam/MSV000086944_results_v4/second_pass_upstream/GluC_CAD/GluC_CAD_2pass_results/HepG2_GluC_HCD/interact-20151124_alr_CompleteHumanProteome_HepG2_HCD_GluC_fr28_sub.pep.xml"
time="06:41:40" level=info msg="Parsing /scratch/negishi/afarzam/MSV000086944_results_v4/second_pass_upstream/GluC_CAD/GluC_CAD_2pass_results/HepG2_GluC_HCD/interact-20151124_alr_CompleteHumanProteome_HepG2_HCD_GluC_fr27_sub.pep.xml"
time="06:41:40" level=info msg="Parsing /scratch/negishi/afarzam/MSV000086944_results_v4/second_pass_upstream/GluC_CAD/GluC_CAD_2pass_results/HepG2_GluC_HCD/interact-20151124_alr_CompleteHumanProteome_HepG2_HCD_GluC_fr6_sub.pep.xml"
time="06:41:40" level=info msg="Parsing /scratch/negishi/afarzam/MSV000086944_results_v4/second_pass_upstream/GluC_CAD/GluC_CAD_2pass_results/HepG2_GluC_HCD/interact-20151124_alr_CompleteHumanProteome_HepG2_HCD_GluC_fr7_sub.pep.xml"
time="06:41:40" level=info msg="Parsing /scratch/negishi/afarzam/MSV000086944_results_v4/second_pass_upstream/GluC_CAD/GluC_CAD_2pass_results/HepG2_GluC_HCD/interact-20151124_alr_CompleteHumanProteome_HepG2_HCD_GluC_fr5_sub.pep.xml"
time="06:41:40" level=info msg="Parsing /scratch/negishi/afarzam/MSV000086944_results_v4/second_pass_upstream/GluC_CAD/GluC_CAD_2pass_results/HepG2_GluC_HCD/interact-20151124_alr_CompleteHumanProteome_HepG2_HCD_GluC_fr2_sub.pep.xml"
time="06:41:40" level=info msg="Parsing /scratch/negishi/afarzam/MSV000086944_results_v4/second_pass_upstream/GluC_CAD/GluC_CAD_2pass_results/HepG2_GluC_HCD/interact-20151124_alr_CompleteHumanProteome_HepG2_HCD_GluC_fr30_sub.pep.xml"
time="06:41:40" level=info msg="Parsing /scratch/negishi/afarzam/MSV000086944_results_v4/second_pass_upstream/GluC_CAD/GluC_CAD_2pass_results/HepG2_GluC_HCD/interact-20151124_alr_CompleteHumanProteome_HepG2_HCD_GluC_fr8_sub.pep.xml"
time="06:41:40" level=info msg="Parsing /scratch/negishi/afarzam/MSV000086944_results_v4/second_pass_upstream/GluC_CAD/GluC_CAD_2pass_results/HepG2_GluC_HCD/interact-20151124_alr_CompleteHumanProteome_HepG2_HCD_GluC_fr31_sub.pep.xml"
time="06:41:40" level=info msg="Parsing /scratch/negishi/afarzam/MSV000086944_results_v4/second_pass_upstream/GluC_CAD/GluC_CAD_2pass_results/HepG2_GluC_HCD/interact-20151124_alr_CompleteHumanProteome_HepG2_HCD_GluC_fr3_sub.pep.xml"
time="06:41:40" level=info msg="Parsing /scratch/negishi/afarzam/MSV000086944_results_v4/second_pass_upstream/GluC_CAD/GluC_CAD_2pass_results/HepG2_GluC_HCD/interact-20151124_alr_CompleteHumanProteome_HepG2_HCD_GluC_fr33_sub.pep.xml"
time="06:41:40" level=info msg="Parsing /scratch/negishi/afarzam/MSV000086944_results_v4/second_pass_upstream/GluC_CAD/GluC_CAD_2pass_results/HepG2_GluC_HCD/interact-20151124_alr_CompleteHumanProteome_HepG2_HCD_GluC_fr19_sub.pep.xml"
time="06:41:43" level=info msg="1+ Charge profile" decoy=0 target=0
time="06:41:43" level=info msg="2+ Charge profile" decoy=976 target=3413
time="06:41:43" level=info msg="3+ Charge profile" decoy=797 target=2447
time="06:41:43" level=info msg="4+ Charge profile" decoy=357 target=1170
time="06:41:43" level=info msg="5+ Charge profile" decoy=125 target=333
time="06:41:43" level=info msg="6+ Charge profile" decoy=58 target=117
time="06:41:43" level=info msg="Database search results" ions=6095 peptides=5666 psms=9828
time="06:41:43" level=info msg="Converged to 0.98 % FDR with 204 PSMs" decoy=2 threshold=0.958368 total=206
time="06:41:43" level=info msg="Converged to 0.00 % FDR with 24 Peptides" decoy=0 threshold=0.983904 total=24
time="06:41:43" level=info msg="Converged to 0.00 % FDR with 38 Ions" decoy=0 threshold=0.983372 total=38
time="06:41:43" level=info msg="Protein inference results" decoy=2784 target=3402
time="06:41:43" level=info msg="Converged to 0.00 % FDR with 43 Proteins" decoy=0 threshold=0.9826 total=43
time="06:41:43" level=info msg="Applying sequential FDR estimation" ions=59 peptides=41 psms=161
time="06:41:43" level=info msg="Converged to 0.00 % FDR with 160 PSMs" decoy=0 threshold=0.958763 total=160
time="06:41:43" level=info msg="Converged to 0.00 % FDR with 40 Peptides" decoy=0 threshold=0.959949 total=40
time="06:41:43" level=info msg="Converged to 0.00 % FDR with 58 Ions" decoy=0 threshold=0.959949 total=58
time="06:41:43" level=info msg="Post processing identifications"
time="06:41:43" level=info msg="Assigning protein identifications to layers"
time="06:41:43" level=info msg="Processing protein inference"
time="06:41:44" level=info msg="Synchronizing PSMs and proteins"
time="06:41:44" level=info msg="Final report numbers after FDR filtering, and post-processing" ions=58 peptides=40 proteins=26 psms=160
time="06:41:44" level=info msg=Saving
time="06:41:44" level=info msg=Done
