time="06:41:33" level=info msg="Executing Filter  v5.1.2"
time="06:41:33" level=info msg="Fetching protein inference from /scratch/negishi/afarzam/MSV000086944_results_v4/second_pass_upstream/GluC_CAD/GluC_CAD_2pass_results/GM12878_GluC_CAD"
time="06:41:33" level=info msg="Processing peptide identification files"
time="06:41:33" level=info msg="Parsing /scratch/negishi/afarzam/MSV000086944_results_v4/second_pass_upstream/GluC_CAD/GluC_CAD_2pass_results/HUVEC_GluC_HCD/interact-20151220_alr_CompleteHumanProteome_HUVEC_HCD_GluC_9_sub.pep.xml"
time="06:41:33" level=info msg="Parsing /scratch/negishi/afarzam/MSV000086944_results_v4/second_pass_upstream/GluC_CAD/GluC_CAD_2pass_results/HUVEC_GluC_HCD/interact-20151220_alr_CompleteHumanProteome_HUVEC_HCD_GluC_10_sub.pep.xml"
time="06:41:33" level=info msg="Parsing /scratch/negishi/afarzam/MSV000086944_results_v4/second_pass_upstream/GluC_CAD/GluC_CAD_2pass_results/HUVEC_GluC_HCD/interact-20151220_alr_CompleteHumanProteome_HUVEC_HCD_GluC_31_sub.pep.xml"
time="06:41:33" level=info msg="Parsing /scratch/negishi/afarzam/MSV000086944_results_v4/second_pass_upstream/GluC_CAD/GluC_CAD_2pass_results/HUVEC_GluC_HCD/interact-20151220_alr_CompleteHumanProteome_HUVEC_HCD_GluC_23_sub.pep.xml"
time="06:41:33" level=info msg="Parsing /scratch/negishi/afarzam/MSV000086944_results_v4/second_pass_upstream/GluC_CAD/GluC_CAD_2pass_results/HUVEC_GluC_HCD/interact-20151220_alr_CompleteHumanProteome_HUVEC_HCD_GluC_3_sub.pep.xml"
time="06:41:33" level=info msg="Parsing /scratch/negishi/afarzam/MSV000086944_results_v4/second_pass_upstream/GluC_CAD/GluC_CAD_2pass_results/HUVEC_GluC_HCD/interact-20151220_alr_CompleteHumanProteome_HUVEC_HCD_GluC_33_sub.pep.xml"
time="06:41:33" level=info msg="Parsing /scratch/negishi/afarzam/MSV000086944_results_v4/second_pass_upstream/GluC_CAD/GluC_CAD_2pass_results/HUVEC_GluC_HCD/interact-20151220_alr_CompleteHumanProteome_HUVEC_HCD_GluC_11_sub.pep.xml"
time="06:41:33" level=info msg="Parsing /scratch/negishi/afarzam/MSV000086944_results_v4/second_pass_upstream/GluC_CAD/GluC_CAD_2pass_results/HUVEC_GluC_HCD/interact-20151220_alr_CompleteHumanProteome_HUVEC_HCD_GluC_6_sub.pep.xml"
time="06:41:33" level=info msg="Parsing /scratch/negishi/afarzam/MSV000086944_results_v4/second_pass_upstream/GluC_CAD/GluC_CAD_2pass_results/HUVEC_GluC_HCD/interact-20151220_alr_CompleteHumanProteome_HUVEC_HCD_GluC_7_sub.pep.xml"
time="06:41:33" level=info msg="Parsing /scratch/negishi/afarzam/MSV000086944_results_v4/second_pass_upstream/GluC_CAD/GluC_CAD_2pass_results/HUVEC_GluC_HCD/interact-20151220_alr_CompleteHumanProteome_HUVEC_HCD_GluC_4_sub.pep.xml"
time="06:41:33" level=warning msg="No PSM was found in data set. /scratch/negishi/afarzam/MSV000086944_results_v4/second_pass_upstream/GluC_CAD/GluC_CAD_2pass_results/HUVEC_GluC_HCD/interact-20151220_alr_CompleteHumanProteome_HUVEC_HCD_GluC_31_sub.pep.xml"
time="06:41:33" level=info msg="Parsing /scratch/negishi/afarzam/MSV000086944_results_v4/second_pass_upstream/GluC_CAD/GluC_CAD_2pass_results/HUVEC_GluC_HCD/interact-20151220_alr_CompleteHumanProteome_HUVEC_HCD_GluC_28_sub.pep.xml"
time="06:41:33" level=info msg="Parsing /scratch/negishi/afarzam/MSV000086944_results_v4/second_pass_upstream/GluC_CAD/GluC_CAD_2pass_results/HUVEC_GluC_HCD/interact-20151220_alr_CompleteHumanProteome_HUVEC_HCD_GluC_27_sub.pep.xml"
time="06:41:33" level=info msg="Parsing /scratch/negishi/afarzam/MSV000086944_results_v4/second_pass_upstream/GluC_CAD/GluC_CAD_2pass_results/HUVEC_GluC_HCD/interact-20151220_alr_CompleteHumanProteome_HUVEC_HCD_GluC_5_sub.pep.xml"
time="06:41:33" level=info msg="Parsing /scratch/negishi/afarzam/MSV000086944_results_v4/second_pass_upstream/GluC_CAD/GluC_CAD_2pass_results/HUVEC_GluC_HCD/interact-20151220_alr_CompleteHumanProteome_HUVEC_HCD_GluC_24_sub.pep.xml"
time="06:41:33" level=info msg="Parsing /scratch/negishi/afarzam/MSV000086944_results_v4/second_pass_upstream/GluC_CAD/GluC_CAD_2pass_results/HUVEC_GluC_HCD/interact-20151220_alr_CompleteHumanProteome_HUVEC_HCD_GluC_32_sub.pep.xml"
time="06:41:33" level=info msg="Parsing /scratch/negishi/afarzam/MSV000086944_results_v4/second_pass_upstream/GluC_CAD/GluC_CAD_2pass_results/HUVEC_GluC_HCD/interact-20151220_alr_CompleteHumanProteome_HUVEC_HCD_GluC_12_sub.pep.xml"
time="06:41:33" level=info msg="Parsing /scratch/negishi/afarzam/MSV000086944_results_v4/second_pass_upstream/GluC_CAD/GluC_CAD_2pass_results/HUVEC_GluC_HCD/interact-20151220_alr_CompleteHumanProteome_HUVEC_HCD_GluC_14_sub.pep.xml"
time="06:41:33" level=info msg="Parsing /scratch/negishi/afarzam/MSV000086944_results_v4/second_pass_upstream/GluC_CAD/GluC_CAD_2pass_results/HUVEC_GluC_HCD/interact-20151220_alr_CompleteHumanProteome_HUVEC_HCD_GluC_29_sub.pep.xml"
time="06:41:33" level=info msg="Parsing /scratch/negishi/afarzam/MSV000086944_results_v4/second_pass_upstream/GluC_CAD/GluC_CAD_2pass_results/HUVEC_GluC_HCD/interact-20151220_alr_CompleteHumanProteome_HUVEC_HCD_GluC_34_sub.pep.xml"
time="06:41:33" level=info msg="Parsing /scratch/negishi/afarzam/MSV000086944_results_v4/second_pass_upstream/GluC_CAD/GluC_CAD_2pass_results/HUVEC_GluC_HCD/interact-20151220_alr_CompleteHumanProteome_HUVEC_HCD_GluC_15_sub.pep.xml"
time="06:41:33" level=info msg="Parsing /scratch/negishi/afarzam/MSV000086944_results_v4/second_pass_upstream/GluC_CAD/GluC_CAD_2pass_results/HUVEC_GluC_HCD/interact-20151220_alr_CompleteHumanProteome_HUVEC_HCD_GluC_26_sub.pep.xml"
time="06:41:33" level=info msg="Parsing /scratch/negishi/afarzam/MSV000086944_results_v4/second_pass_upstream/GluC_CAD/GluC_CAD_2pass_results/HUVEC_GluC_HCD/interact-20151220_alr_CompleteHumanProteome_HUVEC_HCD_GluC_35_sub.pep.xml"
time="06:41:33" level=info msg="Parsing /scratch/negishi/afarzam/MSV000086944_results_v4/second_pass_upstream/GluC_CAD/GluC_CAD_2pass_results/HUVEC_GluC_HCD/interact-20151220_alr_CompleteHumanProteome_HUVEC_HCD_GluC_30_sub.pep.xml"
time="06:41:33" level=info msg="Parsing /scratch/negishi/afarzam/MSV000086944_results_v4/second_pass_upstream/GluC_CAD/GluC_CAD_2pass_results/HUVEC_GluC_HCD/interact-20151220_alr_CompleteHumanProteome_HUVEC_HCD_GluC_16_sub.pep.xml"
time="06:41:33" level=info msg="Parsing /scratch/negishi/afarzam/MSV000086944_results_v4/second_pass_upstream/GluC_CAD/GluC_CAD_2pass_results/HUVEC_GluC_HCD/interact-20151220_alr_CompleteHumanProteome_HUVEC_HCD_GluC_24_160103061355_sub.pep.xml"
time="06:41:33" level=info msg="Parsing /scratch/negishi/afarzam/MSV000086944_results_v4/second_pass_upstream/GluC_CAD/GluC_CAD_2pass_results/HUVEC_GluC_HCD/interact-20151220_alr_CompleteHumanProteome_HUVEC_HCD_GluC_21_sub.pep.xml"
time="06:41:33" level=info msg="Parsing /scratch/negishi/afarzam/MSV000086944_results_v4/second_pass_upstream/GluC_CAD/GluC_CAD_2pass_results/HUVEC_GluC_HCD/interact-20151220_alr_CompleteHumanProteome_HUVEC_HCD_GluC_2_sub.pep.xml"
time="06:41:33" level=info msg="Parsing /scratch/negishi/afarzam/MSV000086944_results_v4/second_pass_upstream/GluC_CAD/GluC_CAD_2pass_results/HUVEC_GluC_HCD/interact-20151220_alr_CompleteHumanProteome_HUVEC_HCD_GluC_19_sub.pep.xml"
time="06:41:33" level=info msg="Parsing /scratch/negishi/afarzam/MSV000086944_results_v4/second_pass_upstream/GluC_CAD/GluC_CAD_2pass_results/HUVEC_GluC_HCD/interact-20151220_alr_CompleteHumanProteome_HUVEC_HCD_GluC_20_sub.pep.xml"
time="06:41:33" level=info msg="Parsing /scratch/negishi/afarzam/MSV000086944_results_v4/second_pass_upstream/GluC_CAD/GluC_CAD_2pass_results/HUVEC_GluC_HCD/interact-20151220_alr_CompleteHumanProteome_HUVEC_HCD_GluC_25_sub.pep.xml"
time="06:41:33" level=info msg="Parsing /scratch/negishi/afarzam/MSV000086944_results_v4/second_pass_upstream/GluC_CAD/GluC_CAD_2pass_results/HUVEC_GluC_HCD/interact-20151220_alr_CompleteHumanProteome_HUVEC_HCD_GluC_1_sub.pep.xml"
time="06:41:33" level=warning msg="No PSM was found in data set. /scratch/negishi/afarzam/MSV000086944_results_v4/second_pass_upstream/GluC_CAD/GluC_CAD_2pass_results/HUVEC_GluC_HCD/interact-20151220_alr_CompleteHumanProteome_HUVEC_HCD_GluC_24_160103061355_sub.pep.xml"
time="06:41:33" level=info msg="Parsing /scratch/negishi/afarzam/MSV000086944_results_v4/second_pass_upstream/GluC_CAD/GluC_CAD_2pass_results/HUVEC_GluC_HCD/interact-20151220_alr_CompleteHumanProteome_HUVEC_HCD_GluC_22_sub.pep.xml"
time="06:41:33" level=info msg="Parsing /scratch/negishi/afarzam/MSV000086944_results_v4/second_pass_upstream/GluC_CAD/GluC_CAD_2pass_results/HUVEC_GluC_HCD/interact-20151220_alr_CompleteHumanProteome_HUVEC_HCD_GluC_13_sub.pep.xml"
time="06:41:33" level=info msg="Parsing /scratch/negishi/afarzam/MSV000086944_results_v4/second_pass_upstream/GluC_CAD/GluC_CAD_2pass_results/HUVEC_GluC_HCD/interact-20151220_alr_CompleteHumanProteome_HUVEC_HCD_GluC_17_sub.pep.xml"
time="06:41:33" level=info msg="Parsing /scratch/negishi/afarzam/MSV000086944_results_v4/second_pass_upstream/GluC_CAD/GluC_CAD_2pass_results/HUVEC_GluC_HCD/interact-20151220_alr_CompleteHumanProteome_HUVEC_HCD_GluC_18_sub.pep.xml"
time="06:41:33" level=info msg="Parsing /scratch/negishi/afarzam/MSV000086944_results_v4/second_pass_upstream/GluC_CAD/GluC_CAD_2pass_results/HUVEC_GluC_HCD/interact-20151220_alr_CompleteHumanProteome_HUVEC_HCD_GluC_8_sub.pep.xml"
time="06:41:35" level=info msg="1+ Charge profile" decoy=0 target=0
time="06:41:35" level=info msg="2+ Charge profile" decoy=153 target=551
time="06:41:35" level=info msg="3+ Charge profile" decoy=76 target=312
time="06:41:35" level=info msg="4+ Charge profile" decoy=24 target=94
time="06:41:35" level=info msg="5+ Charge profile" decoy=10 target=18
time="06:41:35" level=info msg="6+ Charge profile" decoy=8 target=13
time="06:41:35" level=info msg="Database search results" ions=943 peptides=902 psms=1277
time="06:41:35" level=info msg="Converged to 0.00 % FDR with 10 PSMs" decoy=0 threshold=0.963716 total=10
time="06:41:35" level=info msg="Converged to 0.00 % FDR with 6 Peptides" decoy=0 threshold=0.963716 total=6
time="06:41:35" level=info msg="Converged to 0.00 % FDR with 7 Ions" decoy=0 threshold=0.963716 total=7
time="06:41:35" level=info msg="Protein inference results" decoy=2784 target=3402
time="06:41:35" level=info msg="Converged to 0.00 % FDR with 43 Proteins" decoy=0 threshold=0.9826 total=43
time="06:41:35" level=info msg="Applying sequential FDR estimation" ions=5 peptides=4 psms=8
time="06:41:35" level=info msg="Converged to 0.00 % FDR with 7 PSMs" decoy=0 threshold=0.968458 total=7
time="06:41:35" level=info msg="Converged to 0.00 % FDR with 3 Peptides" decoy=0 threshold=0.988359 total=3
time="06:41:35" level=info msg="Converged to 0.00 % FDR with 4 Ions" decoy=0 threshold=0.988359 total=4
time="06:41:35" level=info msg="Post processing identifications"
time="06:41:36" level=info msg="Assigning protein identifications to layers"
time="06:41:36" level=info msg="Processing protein inference"
time="06:41:36" level=info msg="Synchronizing PSMs and proteins"
time="06:41:36" level=info msg="Final report numbers after FDR filtering, and post-processing" ions=4 peptides=3 proteins=4 psms=7
time="06:41:36" level=info msg=Saving
time="06:41:36" level=info msg=Done
