time="22:49:21" level=info msg="Executing Filter  v5.1.2"
time="22:49:21" level=info msg="Fetching protein inference from /scratch/negishi/afarzam/MSV000086944_results_and_control_searches/second_pass_downstream_nozf/Chymo_CAD/Chymo_CAD_2pass_results/GM12878_Chymo_CAD"
time="22:49:22" level=info msg="Processing peptide identification files"
time="22:49:22" level=info msg="Parsing /scratch/negishi/afarzam/MSV000086944_results_and_control_searches/second_pass_downstream_nozf/Chymo_CAD/Chymo_CAD_2pass_results/K562_Chymo_CAD/interact-20160214_alr_CompleteHumanProteome_K562_chymo_CAD_fr9_sub.pep.xml"
time="22:49:22" level=info msg="Parsing /scratch/negishi/afarzam/MSV000086944_results_and_control_searches/second_pass_downstream_nozf/Chymo_CAD/Chymo_CAD_2pass_results/K562_Chymo_CAD/interact-20160214_alr_CompleteHumanProteome_K562_chymo_CAD_fr12_sub.pep.xml"
time="22:49:22" level=info msg="Parsing /scratch/negishi/afarzam/MSV000086944_results_and_control_searches/second_pass_downstream_nozf/Chymo_CAD/Chymo_CAD_2pass_results/K562_Chymo_CAD/interact-20160214_alr_CompleteHumanProteome_K562_chymo_CAD_fr24_sub.pep.xml"
time="22:49:22" level=info msg="Parsing /scratch/negishi/afarzam/MSV000086944_results_and_control_searches/second_pass_downstream_nozf/Chymo_CAD/Chymo_CAD_2pass_results/K562_Chymo_CAD/interact-20160214_alr_CompleteHumanProteome_K562_chymo_CAD_fr3_sub.pep.xml"
time="22:49:22" level=info msg="Parsing /scratch/negishi/afarzam/MSV000086944_results_and_control_searches/second_pass_downstream_nozf/Chymo_CAD/Chymo_CAD_2pass_results/K562_Chymo_CAD/interact-20160214_alr_CompleteHumanProteome_K562_chymo_CAD_fr30_sub.pep.xml"
time="22:49:22" level=info msg="Parsing /scratch/negishi/afarzam/MSV000086944_results_and_control_searches/second_pass_downstream_nozf/Chymo_CAD/Chymo_CAD_2pass_results/K562_Chymo_CAD/interact-20160214_alr_CompleteHumanProteome_K562_chymo_CAD_fr6_sub.pep.xml"
time="22:49:22" level=info msg="Parsing /scratch/negishi/afarzam/MSV000086944_results_and_control_searches/second_pass_downstream_nozf/Chymo_CAD/Chymo_CAD_2pass_results/K562_Chymo_CAD/interact-20160214_alr_CompleteHumanProteome_K562_chymo_CAD_fr10_sub.pep.xml"
time="22:49:22" level=info msg="Parsing /scratch/negishi/afarzam/MSV000086944_results_and_control_searches/second_pass_downstream_nozf/Chymo_CAD/Chymo_CAD_2pass_results/K562_Chymo_CAD/interact-20160214_alr_CompleteHumanProteome_K562_chymo_CAD_fr18_sub.pep.xml"
time="22:49:22" level=info msg="Parsing /scratch/negishi/afarzam/MSV000086944_results_and_control_searches/second_pass_downstream_nozf/Chymo_CAD/Chymo_CAD_2pass_results/K562_Chymo_CAD/interact-20160214_alr_CompleteHumanProteome_K562_chymo_CAD_fr1_sub.pep.xml"
time="22:49:22" level=info msg="Parsing /scratch/negishi/afarzam/MSV000086944_results_and_control_searches/second_pass_downstream_nozf/Chymo_CAD/Chymo_CAD_2pass_results/K562_Chymo_CAD/interact-20160214_alr_CompleteHumanProteome_K562_chymo_CAD_fr7_sub.pep.xml"
time="22:49:22" level=info msg="Parsing /scratch/negishi/afarzam/MSV000086944_results_and_control_searches/second_pass_downstream_nozf/Chymo_CAD/Chymo_CAD_2pass_results/K562_Chymo_CAD/interact-20160214_alr_CompleteHumanProteome_K562_chymo_CAD_fr22_sub.pep.xml"
time="22:49:22" level=info msg="Parsing /scratch/negishi/afarzam/MSV000086944_results_and_control_searches/second_pass_downstream_nozf/Chymo_CAD/Chymo_CAD_2pass_results/K562_Chymo_CAD/interact-20160214_alr_CompleteHumanProteome_K562_chymo_CAD_fr8_sub.pep.xml"
time="22:49:22" level=info msg="Parsing /scratch/negishi/afarzam/MSV000086944_results_and_control_searches/second_pass_downstream_nozf/Chymo_CAD/Chymo_CAD_2pass_results/K562_Chymo_CAD/interact-20160214_alr_CompleteHumanProteome_K562_chymo_CAD_fr21_sub.pep.xml"
time="22:49:22" level=info msg="Parsing /scratch/negishi/afarzam/MSV000086944_results_and_control_searches/second_pass_downstream_nozf/Chymo_CAD/Chymo_CAD_2pass_results/K562_Chymo_CAD/interact-20160214_alr_CompleteHumanProteome_K562_chymo_CAD_fr25_sub.pep.xml"
time="22:49:22" level=info msg="Parsing /scratch/negishi/afarzam/MSV000086944_results_and_control_searches/second_pass_downstream_nozf/Chymo_CAD/Chymo_CAD_2pass_results/K562_Chymo_CAD/interact-20160214_alr_CompleteHumanProteome_K562_chymo_CAD_fr4_sub.pep.xml"
time="22:49:22" level=info msg="Parsing /scratch/negishi/afarzam/MSV000086944_results_and_control_searches/second_pass_downstream_nozf/Chymo_CAD/Chymo_CAD_2pass_results/K562_Chymo_CAD/interact-20160214_alr_CompleteHumanProteome_K562_chymo_CAD_fr15_sub.pep.xml"
time="22:49:22" level=info msg="Parsing /scratch/negishi/afarzam/MSV000086944_results_and_control_searches/second_pass_downstream_nozf/Chymo_CAD/Chymo_CAD_2pass_results/K562_Chymo_CAD/interact-20160214_alr_CompleteHumanProteome_K562_chymo_CAD_fr14_160219152231_sub.pep.xml"
time="22:49:22" level=info msg="Parsing /scratch/negishi/afarzam/MSV000086944_results_and_control_searches/second_pass_downstream_nozf/Chymo_CAD/Chymo_CAD_2pass_results/K562_Chymo_CAD/interact-20160214_alr_CompleteHumanProteome_K562_chymo_CAD_fr16_sub.pep.xml"
time="22:49:22" level=info msg="Parsing /scratch/negishi/afarzam/MSV000086944_results_and_control_searches/second_pass_downstream_nozf/Chymo_CAD/Chymo_CAD_2pass_results/K562_Chymo_CAD/interact-20160214_alr_CompleteHumanProteome_K562_chymo_CAD_fr17_sub.pep.xml"
time="22:49:22" level=info msg="Parsing /scratch/negishi/afarzam/MSV000086944_results_and_control_searches/second_pass_downstream_nozf/Chymo_CAD/Chymo_CAD_2pass_results/K562_Chymo_CAD/interact-20160214_alr_CompleteHumanProteome_K562_chymo_CAD_fr26_sub.pep.xml"
time="22:49:22" level=info msg="Parsing /scratch/negishi/afarzam/MSV000086944_results_and_control_searches/second_pass_downstream_nozf/Chymo_CAD/Chymo_CAD_2pass_results/K562_Chymo_CAD/interact-20160214_alr_CompleteHumanProteome_K562_chymo_CAD_fr11_sub.pep.xml"
time="22:49:22" level=info msg="Parsing /scratch/negishi/afarzam/MSV000086944_results_and_control_searches/second_pass_downstream_nozf/Chymo_CAD/Chymo_CAD_2pass_results/K562_Chymo_CAD/interact-20160214_alr_CompleteHumanProteome_K562_chymo_CAD_fr19_sub.pep.xml"
time="22:49:22" level=info msg="Parsing /scratch/negishi/afarzam/MSV000086944_results_and_control_searches/second_pass_downstream_nozf/Chymo_CAD/Chymo_CAD_2pass_results/K562_Chymo_CAD/interact-20160214_alr_CompleteHumanProteome_K562_chymo_CAD_fr5_sub.pep.xml"
time="22:49:22" level=info msg="Parsing /scratch/negishi/afarzam/MSV000086944_results_and_control_searches/second_pass_downstream_nozf/Chymo_CAD/Chymo_CAD_2pass_results/K562_Chymo_CAD/interact-20160214_alr_CompleteHumanProteome_K562_chymo_CAD_fr23_sub.pep.xml"
time="22:49:22" level=info msg="Parsing /scratch/negishi/afarzam/MSV000086944_results_and_control_searches/second_pass_downstream_nozf/Chymo_CAD/Chymo_CAD_2pass_results/K562_Chymo_CAD/interact-20160214_alr_CompleteHumanProteome_K562_chymo_CAD_fr29_sub.pep.xml"
time="22:49:22" level=info msg="Parsing /scratch/negishi/afarzam/MSV000086944_results_and_control_searches/second_pass_downstream_nozf/Chymo_CAD/Chymo_CAD_2pass_results/K562_Chymo_CAD/interact-20160214_alr_CompleteHumanProteome_K562_chymo_CAD_fr28_sub.pep.xml"
time="22:49:22" level=info msg="Parsing /scratch/negishi/afarzam/MSV000086944_results_and_control_searches/second_pass_downstream_nozf/Chymo_CAD/Chymo_CAD_2pass_results/K562_Chymo_CAD/interact-20160214_alr_CompleteHumanProteome_K562_chymo_CAD_fr20_160219232010_sub.pep.xml"
time="22:49:22" level=info msg="Parsing /scratch/negishi/afarzam/MSV000086944_results_and_control_searches/second_pass_downstream_nozf/Chymo_CAD/Chymo_CAD_2pass_results/K562_Chymo_CAD/interact-20160214_alr_CompleteHumanProteome_K562_chymo_CAD_fr27_sub.pep.xml"
time="22:49:22" level=info msg="Parsing /scratch/negishi/afarzam/MSV000086944_results_and_control_searches/second_pass_downstream_nozf/Chymo_CAD/Chymo_CAD_2pass_results/K562_Chymo_CAD/interact-20160214_alr_CompleteHumanProteome_K562_chymo_CAD_fr13_sub.pep.xml"
time="22:49:22" level=info msg="Parsing /scratch/negishi/afarzam/MSV000086944_results_and_control_searches/second_pass_downstream_nozf/Chymo_CAD/Chymo_CAD_2pass_results/K562_Chymo_CAD/interact-20160214_alr_CompleteHumanProteome_K562_chymo_CAD_fr2_sub.pep.xml"
time="22:49:22" level=warning msg="No PSM was found in data set. /scratch/negishi/afarzam/MSV000086944_results_and_control_searches/second_pass_downstream_nozf/Chymo_CAD/Chymo_CAD_2pass_results/K562_Chymo_CAD/interact-20160214_alr_CompleteHumanProteome_K562_chymo_CAD_fr28_sub.pep.xml"
time="22:49:24" level=info msg="1+ Charge profile" decoy=0 target=0
time="22:49:24" level=info msg="2+ Charge profile" decoy=212 target=801
time="22:49:24" level=info msg="3+ Charge profile" decoy=97 target=403
time="22:49:24" level=info msg="4+ Charge profile" decoy=28 target=115
time="22:49:24" level=info msg="5+ Charge profile" decoy=11 target=24
time="22:49:24" level=info msg="6+ Charge profile" decoy=3 target=4
time="22:49:24" level=info msg="Database search results" ions=1351 peptides=1298 psms=1711
time="22:49:24" level=info msg="Converged to 0.69 % FDR with 145 PSMs" decoy=1 threshold=0.930802 total=146
time="22:49:24" level=info msg="Converged to 0.00 % FDR with 85 Peptides" decoy=0 threshold=0.944073 total=85
time="22:49:24" level=info msg="Converged to 0.96 % FDR with 104 Ions" decoy=1 threshold=0.930802 total=105
time="22:49:24" level=info msg="Protein inference results" decoy=2275 target=3379
time="22:49:24" level=info msg="Converged to 0.00 % FDR with 49 Proteins" decoy=0 threshold=0.9877 total=49
time="22:49:24" level=info msg="Applying sequential FDR estimation" ions=51 peptides=45 psms=91
time="22:49:24" level=info msg="Converged to 0.00 % FDR with 90 PSMs" decoy=0 threshold=0.931617 total=90
time="22:49:24" level=info msg="Converged to 0.00 % FDR with 44 Peptides" decoy=0 threshold=0.940026 total=44
time="22:49:24" level=info msg="Converged to 0.00 % FDR with 50 Ions" decoy=0 threshold=0.939573 total=50
time="22:49:24" level=info msg="Post processing identifications"
time="22:49:24" level=info msg="Assigning protein identifications to layers"
time="22:49:24" level=info msg="Processing protein inference"
time="22:49:25" level=info msg="Synchronizing PSMs and proteins"
time="22:49:25" level=info msg="Final report numbers after FDR filtering, and post-processing" ions=50 peptides=44 proteins=24 psms=90
time="22:49:25" level=info msg=Saving
time="22:49:25" level=info msg=Done
