time="23:27:11" level=info msg="Executing Filter  v5.1.2"
time="23:27:11" level=info msg="Fetching protein inference from /scratch/negishi/afarzam/MSV000086944_results_v4/second_pass_downstream/Trypsin_CAD/Trypsin_CAD_2pass_results/GM12878"
time="23:27:12" level=info msg="Processing peptide identification files"
time="23:27:12" level=info msg="Parsing /scratch/negishi/afarzam/MSV000086944_results_v4/second_pass_downstream/Trypsin_CAD/Trypsin_CAD_2pass_results/HeLa/interact-HeLaS3_trypsin_12_sub.pep.xml"
time="23:27:12" level=info msg="Parsing /scratch/negishi/afarzam/MSV000086944_results_v4/second_pass_downstream/Trypsin_CAD/Trypsin_CAD_2pass_results/HeLa/interact-HeLaS3_trypsin_16_sub.pep.xml"
time="23:27:12" level=info msg="Parsing /scratch/negishi/afarzam/MSV000086944_results_v4/second_pass_downstream/Trypsin_CAD/Trypsin_CAD_2pass_results/HeLa/interact-HeLaS3_trypsin_9_sub.pep.xml"
time="23:27:12" level=info msg="Parsing /scratch/negishi/afarzam/MSV000086944_results_v4/second_pass_downstream/Trypsin_CAD/Trypsin_CAD_2pass_results/HeLa/interact-HeLaS3_trypsin_14_sub.pep.xml"
time="23:27:12" level=info msg="Parsing /scratch/negishi/afarzam/MSV000086944_results_v4/second_pass_downstream/Trypsin_CAD/Trypsin_CAD_2pass_results/HeLa/interact-HeLaS3_trypsin_13_sub.pep.xml"
time="23:27:12" level=info msg="Parsing /scratch/negishi/afarzam/MSV000086944_results_v4/second_pass_downstream/Trypsin_CAD/Trypsin_CAD_2pass_results/HeLa/interact-HeLaS3_trypsin_10_sub.pep.xml"
time="23:27:12" level=info msg="Parsing /scratch/negishi/afarzam/MSV000086944_results_v4/second_pass_downstream/Trypsin_CAD/Trypsin_CAD_2pass_results/HeLa/interact-HeLaS3_trypsin_29_sub.pep.xml"
time="23:27:12" level=info msg="Parsing /scratch/negishi/afarzam/MSV000086944_results_v4/second_pass_downstream/Trypsin_CAD/Trypsin_CAD_2pass_results/HeLa/interact-HeLaS3_trypsin_11_sub.pep.xml"
time="23:27:12" level=info msg="Parsing /scratch/negishi/afarzam/MSV000086944_results_v4/second_pass_downstream/Trypsin_CAD/Trypsin_CAD_2pass_results/HeLa/interact-HeLaS3_trypsin_22_sub.pep.xml"
time="23:27:12" level=info msg="Parsing /scratch/negishi/afarzam/MSV000086944_results_v4/second_pass_downstream/Trypsin_CAD/Trypsin_CAD_2pass_results/HeLa/interact-HeLaS3_trypsin_15_sub.pep.xml"
time="23:27:12" level=info msg="Parsing /scratch/negishi/afarzam/MSV000086944_results_v4/second_pass_downstream/Trypsin_CAD/Trypsin_CAD_2pass_results/HeLa/interact-HeLaS3_trypsin_35_sub.pep.xml"
time="23:27:12" level=info msg="Parsing /scratch/negishi/afarzam/MSV000086944_results_v4/second_pass_downstream/Trypsin_CAD/Trypsin_CAD_2pass_results/HeLa/interact-HeLaS3_trypsin_3_sub.pep.xml"
time="23:27:12" level=info msg="Parsing /scratch/negishi/afarzam/MSV000086944_results_v4/second_pass_downstream/Trypsin_CAD/Trypsin_CAD_2pass_results/HeLa/interact-HeLaS3_trypsin_6_sub.pep.xml"
time="23:27:12" level=info msg="Parsing /scratch/negishi/afarzam/MSV000086944_results_v4/second_pass_downstream/Trypsin_CAD/Trypsin_CAD_2pass_results/HeLa/interact-HeLaS3_trypsin_26_140824140939_sub.pep.xml"
time="23:27:12" level=info msg="Parsing /scratch/negishi/afarzam/MSV000086944_results_v4/second_pass_downstream/Trypsin_CAD/Trypsin_CAD_2pass_results/HeLa/interact-HeLaS3_trypsin_31_sub.pep.xml"
time="23:27:12" level=info msg="Parsing /scratch/negishi/afarzam/MSV000086944_results_v4/second_pass_downstream/Trypsin_CAD/Trypsin_CAD_2pass_results/HeLa/interact-HeLaS3_trypsin_34_sub.pep.xml"
time="23:27:12" level=info msg="Parsing /scratch/negishi/afarzam/MSV000086944_results_v4/second_pass_downstream/Trypsin_CAD/Trypsin_CAD_2pass_results/HeLa/interact-HeLaS3_trypsin_4_sub.pep.xml"
time="23:27:12" level=info msg="Parsing /scratch/negishi/afarzam/MSV000086944_results_v4/second_pass_downstream/Trypsin_CAD/Trypsin_CAD_2pass_results/HeLa/interact-HeLaS3_trypsin_23_sub.pep.xml"
time="23:27:12" level=info msg="Parsing /scratch/negishi/afarzam/MSV000086944_results_v4/second_pass_downstream/Trypsin_CAD/Trypsin_CAD_2pass_results/HeLa/interact-HeLaS3_trypsin_19_140824180249_sub.pep.xml"
time="23:27:12" level=info msg="Parsing /scratch/negishi/afarzam/MSV000086944_results_v4/second_pass_downstream/Trypsin_CAD/Trypsin_CAD_2pass_results/HeLa/interact-HeLaS3_trypsin_8_sub.pep.xml"
time="23:27:12" level=info msg="Parsing /scratch/negishi/afarzam/MSV000086944_results_v4/second_pass_downstream/Trypsin_CAD/Trypsin_CAD_2pass_results/HeLa/interact-HeLaS3_trypsin_25_sub.pep.xml"
time="23:27:12" level=info msg="Parsing /scratch/negishi/afarzam/MSV000086944_results_v4/second_pass_downstream/Trypsin_CAD/Trypsin_CAD_2pass_results/HeLa/interact-HeLaS3_trypsin_18_140824160614_sub.pep.xml"
time="23:27:12" level=info msg="Parsing /scratch/negishi/afarzam/MSV000086944_results_v4/second_pass_downstream/Trypsin_CAD/Trypsin_CAD_2pass_results/HeLa/interact-HeLaS3_trypsin_27_sub.pep.xml"
time="23:27:12" level=info msg="Parsing /scratch/negishi/afarzam/MSV000086944_results_v4/second_pass_downstream/Trypsin_CAD/Trypsin_CAD_2pass_results/HeLa/interact-HeLaS3_trypsin_24_sub.pep.xml"
time="23:27:12" level=info msg="Parsing /scratch/negishi/afarzam/MSV000086944_results_v4/second_pass_downstream/Trypsin_CAD/Trypsin_CAD_2pass_results/HeLa/interact-HeLaS3_trypsin_2_sub.pep.xml"
time="23:27:12" level=info msg="Parsing /scratch/negishi/afarzam/MSV000086944_results_v4/second_pass_downstream/Trypsin_CAD/Trypsin_CAD_2pass_results/HeLa/interact-HeLaS3_trypsin_28_sub.pep.xml"
time="23:27:12" level=info msg="Parsing /scratch/negishi/afarzam/MSV000086944_results_v4/second_pass_downstream/Trypsin_CAD/Trypsin_CAD_2pass_results/HeLa/interact-HeLaS3_trypsin_17_sub.pep.xml"
time="23:27:12" level=info msg="Parsing /scratch/negishi/afarzam/MSV000086944_results_v4/second_pass_downstream/Trypsin_CAD/Trypsin_CAD_2pass_results/HeLa/interact-HeLaS3_trypsin_20_sub.pep.xml"
time="23:27:12" level=info msg="Parsing /scratch/negishi/afarzam/MSV000086944_results_v4/second_pass_downstream/Trypsin_CAD/Trypsin_CAD_2pass_results/HeLa/interact-HeLaS3_trypsin_21_sub.pep.xml"
time="23:27:12" level=info msg="Parsing /scratch/negishi/afarzam/MSV000086944_results_v4/second_pass_downstream/Trypsin_CAD/Trypsin_CAD_2pass_results/HeLa/interact-HeLaS3_trypsin_5_sub.pep.xml"
time="23:27:12" level=info msg="Parsing /scratch/negishi/afarzam/MSV000086944_results_v4/second_pass_downstream/Trypsin_CAD/Trypsin_CAD_2pass_results/HeLa/interact-HeLaS3_trypsin_7_sub.pep.xml"
time="23:27:12" level=info msg="Parsing /scratch/negishi/afarzam/MSV000086944_results_v4/second_pass_downstream/Trypsin_CAD/Trypsin_CAD_2pass_results/HeLa/interact-HeLaS3_trypsin_33_sub.pep.xml"
time="23:27:12" level=info msg="Parsing /scratch/negishi/afarzam/MSV000086944_results_v4/second_pass_downstream/Trypsin_CAD/Trypsin_CAD_2pass_results/HeLa/interact-HeLaS3_trypsin_32_sub.pep.xml"
time="23:27:12" level=info msg="Parsing /scratch/negishi/afarzam/MSV000086944_results_v4/second_pass_downstream/Trypsin_CAD/Trypsin_CAD_2pass_results/HeLa/interact-HeLaS3_trypsin_1_sub.pep.xml"
time="23:27:12" level=info msg="Parsing /scratch/negishi/afarzam/MSV000086944_results_v4/second_pass_downstream/Trypsin_CAD/Trypsin_CAD_2pass_results/HeLa/interact-HeLaS3_trypsin_30_sub.pep.xml"
time="23:27:15" level=info msg="1+ Charge profile" decoy=0 target=0
time="23:27:15" level=info msg="2+ Charge profile" decoy=214 target=926
time="23:27:15" level=info msg="3+ Charge profile" decoy=147 target=678
time="23:27:15" level=info msg="4+ Charge profile" decoy=54 target=173
time="23:27:15" level=info msg="5+ Charge profile" decoy=15 target=42
time="23:27:15" level=info msg="6+ Charge profile" decoy=1 target=11
time="23:27:15" level=info msg="Database search results" ions=1918 peptides=1844 psms=2289
time="23:27:15" level=info msg="Converged to 0.71 % FDR with 141 PSMs" decoy=1 threshold=0.975583 total=142
time="23:27:15" level=info msg="Converged to 0.95 % FDR with 105 Peptides" decoy=1 threshold=0.975583 total=106
time="23:27:15" level=info msg="Converged to 0.85 % FDR with 117 Ions" decoy=1 threshold=0.975583 total=118
time="23:27:15" level=info msg="Protein inference results" decoy=3147 target=4830
time="23:27:16" level=info msg="Converged to 0.74 % FDR with 137 Proteins" decoy=2 threshold=0.9946 total=139
time="23:27:16" level=info msg="Applying sequential FDR estimation" ions=93 peptides=81 psms=116
time="23:27:16" level=info msg="Converged to 0.00 % FDR with 115 PSMs" decoy=0 threshold=0.978376 total=115
time="23:27:16" level=info msg="Converged to 0.00 % FDR with 80 Peptides" decoy=0 threshold=0.978376 total=80
time="23:27:16" level=info msg="Converged to 0.00 % FDR with 92 Ions" decoy=0 threshold=0.978376 total=92
time="23:27:16" level=info msg="Post processing identifications"
time="23:27:16" level=info msg="Assigning protein identifications to layers"
time="23:27:16" level=info msg="Processing protein inference"
time="23:27:16" level=info msg="Synchronizing PSMs and proteins"
time="23:27:16" level=info msg="Final report numbers after FDR filtering, and post-processing" ions=92 peptides=80 proteins=57 psms=115
time="23:27:16" level=info msg=Saving
time="23:27:16" level=info msg=Done
