time="21:21:50" level=info msg="Executing Filter  v5.1.2"
time="21:21:50" level=info msg="Fetching protein inference from /scratch/negishi/afarzam/MSV000086944_results_and_control_searches/second_pass_downstream_nozf/GluC_CAD/GluC_CAD_2pass_results/GM12878_GluC_CAD"
time="21:21:52" level=info msg="Processing peptide identification files"
time="21:21:52" level=info msg="Parsing /scratch/negishi/afarzam/MSV000086944_results_and_control_searches/second_pass_downstream_nozf/GluC_CAD/GluC_CAD_2pass_results/HeLa_GluC_HCD/interact-HeLaS3_GluC_13_sub.pep.xml"
time="21:21:52" level=info msg="Parsing /scratch/negishi/afarzam/MSV000086944_results_and_control_searches/second_pass_downstream_nozf/GluC_CAD/GluC_CAD_2pass_results/HeLa_GluC_HCD/interact-HeLaS3_GluC_20_sub.pep.xml"
time="21:21:52" level=info msg="Parsing /scratch/negishi/afarzam/MSV000086944_results_and_control_searches/second_pass_downstream_nozf/GluC_CAD/GluC_CAD_2pass_results/HeLa_GluC_HCD/interact-HeLaS3_GluC_23_sub.pep.xml"
time="21:21:52" level=info msg="Parsing /scratch/negishi/afarzam/MSV000086944_results_and_control_searches/second_pass_downstream_nozf/GluC_CAD/GluC_CAD_2pass_results/HeLa_GluC_HCD/interact-HeLaS3_GluC_7_sub.pep.xml"
time="21:21:52" level=info msg="Parsing /scratch/negishi/afarzam/MSV000086944_results_and_control_searches/second_pass_downstream_nozf/GluC_CAD/GluC_CAD_2pass_results/HeLa_GluC_HCD/interact-HeLaS3_GluC_30_sub.pep.xml"
time="21:21:52" level=info msg="Parsing /scratch/negishi/afarzam/MSV000086944_results_and_control_searches/second_pass_downstream_nozf/GluC_CAD/GluC_CAD_2pass_results/HeLa_GluC_HCD/interact-HeLaS3_GluC_8_sub.pep.xml"
time="21:21:52" level=info msg="Parsing /scratch/negishi/afarzam/MSV000086944_results_and_control_searches/second_pass_downstream_nozf/GluC_CAD/GluC_CAD_2pass_results/HeLa_GluC_HCD/interact-HeLaS3_GluC_16_sub.pep.xml"
time="21:21:52" level=info msg="Parsing /scratch/negishi/afarzam/MSV000086944_results_and_control_searches/second_pass_downstream_nozf/GluC_CAD/GluC_CAD_2pass_results/HeLa_GluC_HCD/interact-HeLaS3_GluC_2_140913191342_sub.pep.xml"
time="21:21:52" level=info msg="Parsing /scratch/negishi/afarzam/MSV000086944_results_and_control_searches/second_pass_downstream_nozf/GluC_CAD/GluC_CAD_2pass_results/HeLa_GluC_HCD/interact-HeLaS3_GluC_12_sub.pep.xml"
time="21:21:52" level=info msg="Parsing /scratch/negishi/afarzam/MSV000086944_results_and_control_searches/second_pass_downstream_nozf/GluC_CAD/GluC_CAD_2pass_results/HeLa_GluC_HCD/interact-HeLaS3_GluC_10_sub.pep.xml"
time="21:21:52" level=info msg="Parsing /scratch/negishi/afarzam/MSV000086944_results_and_control_searches/second_pass_downstream_nozf/GluC_CAD/GluC_CAD_2pass_results/HeLa_GluC_HCD/interact-HeLaS3_GluC_17_sub.pep.xml"
time="21:21:52" level=info msg="Parsing /scratch/negishi/afarzam/MSV000086944_results_and_control_searches/second_pass_downstream_nozf/GluC_CAD/GluC_CAD_2pass_results/HeLa_GluC_HCD/interact-HeLaS3_GluC_2_sub.pep.xml"
time="21:21:52" level=info msg="Parsing /scratch/negishi/afarzam/MSV000086944_results_and_control_searches/second_pass_downstream_nozf/GluC_CAD/GluC_CAD_2pass_results/HeLa_GluC_HCD/interact-HeLaS3_GluC_14_sub.pep.xml"
time="21:21:52" level=info msg="Parsing /scratch/negishi/afarzam/MSV000086944_results_and_control_searches/second_pass_downstream_nozf/GluC_CAD/GluC_CAD_2pass_results/HeLa_GluC_HCD/interact-HeLaS3_GluC_24_sub.pep.xml"
time="21:21:52" level=info msg="Parsing /scratch/negishi/afarzam/MSV000086944_results_and_control_searches/second_pass_downstream_nozf/GluC_CAD/GluC_CAD_2pass_results/HeLa_GluC_HCD/interact-HeLaS3_GluC_4_sub.pep.xml"
time="21:21:52" level=info msg="Parsing /scratch/negishi/afarzam/MSV000086944_results_and_control_searches/second_pass_downstream_nozf/GluC_CAD/GluC_CAD_2pass_results/HeLa_GluC_HCD/interact-HeLaS3_GluC_21_sub.pep.xml"
time="21:21:52" level=warning msg="No PSM was found in data set. /scratch/negishi/afarzam/MSV000086944_results_and_control_searches/second_pass_downstream_nozf/GluC_CAD/GluC_CAD_2pass_results/HeLa_GluC_HCD/interact-HeLaS3_GluC_8_sub.pep.xml"
time="21:21:52" level=info msg="Parsing /scratch/negishi/afarzam/MSV000086944_results_and_control_searches/second_pass_downstream_nozf/GluC_CAD/GluC_CAD_2pass_results/HeLa_GluC_HCD/interact-HeLaS3_GluC_19_sub.pep.xml"
time="21:21:52" level=warning msg="No PSM was found in data set. /scratch/negishi/afarzam/MSV000086944_results_and_control_searches/second_pass_downstream_nozf/GluC_CAD/GluC_CAD_2pass_results/HeLa_GluC_HCD/interact-HeLaS3_GluC_14_sub.pep.xml"
time="21:21:52" level=info msg="Parsing /scratch/negishi/afarzam/MSV000086944_results_and_control_searches/second_pass_downstream_nozf/GluC_CAD/GluC_CAD_2pass_results/HeLa_GluC_HCD/interact-HeLaS3_GluC_1_sub.pep.xml"
time="21:21:52" level=info msg="Parsing /scratch/negishi/afarzam/MSV000086944_results_and_control_searches/second_pass_downstream_nozf/GluC_CAD/GluC_CAD_2pass_results/HeLa_GluC_HCD/interact-HeLaS3_GluC_29_sub.pep.xml"
time="21:21:52" level=info msg="Parsing /scratch/negishi/afarzam/MSV000086944_results_and_control_searches/second_pass_downstream_nozf/GluC_CAD/GluC_CAD_2pass_results/HeLa_GluC_HCD/interact-HeLaS3_GluC_28_sub.pep.xml"
time="21:21:52" level=info msg="Parsing /scratch/negishi/afarzam/MSV000086944_results_and_control_searches/second_pass_downstream_nozf/GluC_CAD/GluC_CAD_2pass_results/HeLa_GluC_HCD/interact-HeLaS3_GluC_26_sub.pep.xml"
time="21:21:52" level=info msg="Parsing /scratch/negishi/afarzam/MSV000086944_results_and_control_searches/second_pass_downstream_nozf/GluC_CAD/GluC_CAD_2pass_results/HeLa_GluC_HCD/interact-HeLaS3_GluC_6_sub.pep.xml"
time="21:21:52" level=warning msg="No PSM was found in data set. /scratch/negishi/afarzam/MSV000086944_results_and_control_searches/second_pass_downstream_nozf/GluC_CAD/GluC_CAD_2pass_results/HeLa_GluC_HCD/interact-HeLaS3_GluC_4_sub.pep.xml"
time="21:21:52" level=info msg="Parsing /scratch/negishi/afarzam/MSV000086944_results_and_control_searches/second_pass_downstream_nozf/GluC_CAD/GluC_CAD_2pass_results/HeLa_GluC_HCD/interact-HeLaS3_GluC_11_sub.pep.xml"
time="21:21:52" level=info msg="Parsing /scratch/negishi/afarzam/MSV000086944_results_and_control_searches/second_pass_downstream_nozf/GluC_CAD/GluC_CAD_2pass_results/HeLa_GluC_HCD/interact-HeLaS3_GluC_15_sub.pep.xml"
time="21:21:52" level=info msg="Parsing /scratch/negishi/afarzam/MSV000086944_results_and_control_searches/second_pass_downstream_nozf/GluC_CAD/GluC_CAD_2pass_results/HeLa_GluC_HCD/interact-HeLaS3_GluC_22_sub.pep.xml"
time="21:21:52" level=info msg="Parsing /scratch/negishi/afarzam/MSV000086944_results_and_control_searches/second_pass_downstream_nozf/GluC_CAD/GluC_CAD_2pass_results/HeLa_GluC_HCD/interact-HeLaS3_GluC_24_140915174813_sub.pep.xml"
time="21:21:52" level=info msg="Parsing /scratch/negishi/afarzam/MSV000086944_results_and_control_searches/second_pass_downstream_nozf/GluC_CAD/GluC_CAD_2pass_results/HeLa_GluC_HCD/interact-HeLaS3_GluC_5_sub.pep.xml"
time="21:21:52" level=info msg="Parsing /scratch/negishi/afarzam/MSV000086944_results_and_control_searches/second_pass_downstream_nozf/GluC_CAD/GluC_CAD_2pass_results/HeLa_GluC_HCD/interact-HeLaS3_GluC_3_sub.pep.xml"
time="21:21:52" level=warning msg="No PSM was found in data set. /scratch/negishi/afarzam/MSV000086944_results_and_control_searches/second_pass_downstream_nozf/GluC_CAD/GluC_CAD_2pass_results/HeLa_GluC_HCD/interact-HeLaS3_GluC_7_sub.pep.xml"
time="21:21:52" level=info msg="Parsing /scratch/negishi/afarzam/MSV000086944_results_and_control_searches/second_pass_downstream_nozf/GluC_CAD/GluC_CAD_2pass_results/HeLa_GluC_HCD/interact-HeLaS3_GluC_9_sub.pep.xml"
time="21:21:52" level=warning msg="No PSM was found in data set. /scratch/negishi/afarzam/MSV000086944_results_and_control_searches/second_pass_downstream_nozf/GluC_CAD/GluC_CAD_2pass_results/HeLa_GluC_HCD/interact-HeLaS3_GluC_24_sub.pep.xml"
time="21:21:52" level=info msg="Parsing /scratch/negishi/afarzam/MSV000086944_results_and_control_searches/second_pass_downstream_nozf/GluC_CAD/GluC_CAD_2pass_results/HeLa_GluC_HCD/interact-HeLaS3_GluC_25_140915193457_sub.pep.xml"
time="21:21:52" level=info msg="Parsing /scratch/negishi/afarzam/MSV000086944_results_and_control_searches/second_pass_downstream_nozf/GluC_CAD/GluC_CAD_2pass_results/HeLa_GluC_HCD/interact-HeLaS3_GluC_27_sub.pep.xml"
time="21:21:52" level=info msg="Parsing /scratch/negishi/afarzam/MSV000086944_results_and_control_searches/second_pass_downstream_nozf/GluC_CAD/GluC_CAD_2pass_results/HeLa_GluC_HCD/interact-HeLaS3_GluC_18_sub.pep.xml"
time="21:21:52" level=warning msg="No PSM was found in data set. /scratch/negishi/afarzam/MSV000086944_results_and_control_searches/second_pass_downstream_nozf/GluC_CAD/GluC_CAD_2pass_results/HeLa_GluC_HCD/interact-HeLaS3_GluC_10_sub.pep.xml"
time="21:21:52" level=warning msg="No PSM was found in data set. /scratch/negishi/afarzam/MSV000086944_results_and_control_searches/second_pass_downstream_nozf/GluC_CAD/GluC_CAD_2pass_results/HeLa_GluC_HCD/interact-HeLaS3_GluC_21_sub.pep.xml"
time="21:21:52" level=warning msg="No PSM was found in data set. /scratch/negishi/afarzam/MSV000086944_results_and_control_searches/second_pass_downstream_nozf/GluC_CAD/GluC_CAD_2pass_results/HeLa_GluC_HCD/interact-HeLaS3_GluC_16_sub.pep.xml"
time="21:21:52" level=warning msg="No PSM was found in data set. /scratch/negishi/afarzam/MSV000086944_results_and_control_searches/second_pass_downstream_nozf/GluC_CAD/GluC_CAD_2pass_results/HeLa_GluC_HCD/interact-HeLaS3_GluC_6_sub.pep.xml"
time="21:21:52" level=warning msg="No PSM was found in data set. /scratch/negishi/afarzam/MSV000086944_results_and_control_searches/second_pass_downstream_nozf/GluC_CAD/GluC_CAD_2pass_results/HeLa_GluC_HCD/interact-HeLaS3_GluC_19_sub.pep.xml"
time="21:21:52" level=warning msg="No PSM was found in data set. /scratch/negishi/afarzam/MSV000086944_results_and_control_searches/second_pass_downstream_nozf/GluC_CAD/GluC_CAD_2pass_results/HeLa_GluC_HCD/interact-HeLaS3_GluC_5_sub.pep.xml"
time="21:21:52" level=warning msg="No PSM was found in data set. /scratch/negishi/afarzam/MSV000086944_results_and_control_searches/second_pass_downstream_nozf/GluC_CAD/GluC_CAD_2pass_results/HeLa_GluC_HCD/interact-HeLaS3_GluC_9_sub.pep.xml"
time="21:21:53" level=info msg="1+ Charge profile" decoy=0 target=0
time="21:21:53" level=info msg="2+ Charge profile" decoy=30 target=84
time="21:21:53" level=info msg="3+ Charge profile" decoy=27 target=120
time="21:21:53" level=info msg="4+ Charge profile" decoy=19 target=99
time="21:21:53" level=info msg="5+ Charge profile" decoy=8 target=24
time="21:21:53" level=info msg="6+ Charge profile" decoy=3 target=6
time="21:21:53" level=info msg="Database search results" ions=300 peptides=279 psms=420
time="21:21:53" level=info msg="Converged to 0.00 % FDR with 38 PSMs" decoy=0 threshold=0.867766 total=38
time="21:21:53" level=info msg="Converged to 0.00 % FDR with 13 Peptides" decoy=0 threshold=0.867766 total=13
time="21:21:53" level=info msg="Converged to 0.00 % FDR with 14 Ions" decoy=0 threshold=0.867766 total=14
time="21:21:53" level=info msg="Protein inference results" decoy=1223 target=1436
time="21:21:53" level=info msg="Converged to 0.00 % FDR with 20 Proteins" decoy=0 threshold=0.965 total=20
time="21:21:53" level=info msg="Applying sequential FDR estimation" ions=8 peptides=7 psms=32
time="21:21:53" level=info msg="Converged to 0.00 % FDR with 31 PSMs" decoy=0 threshold=0.878431 total=31
time="21:21:53" level=info msg="Converged to 0.00 % FDR with 6 Peptides" decoy=0 threshold=0.896189 total=6
time="21:21:53" level=info msg="Converged to 0.00 % FDR with 7 Ions" decoy=0 threshold=0.896189 total=7
time="21:21:53" level=info msg="Post processing identifications"
time="21:21:54" level=info msg="Assigning protein identifications to layers"
time="21:21:54" level=info msg="Processing protein inference"
time="21:21:54" level=info msg="Synchronizing PSMs and proteins"
time="21:21:54" level=info msg="Final report numbers after FDR filtering, and post-processing" ions=7 peptides=6 proteins=5 psms=31
time="21:21:54" level=info msg=Saving
time="21:21:54" level=info msg=Done
