time="19:05:00" level=info msg="Executing Filter  v5.1.2"
time="19:05:00" level=info msg="Fetching protein inference from /scratch/negishi/afarzam/MSV000086944_results_and_control_searches/second_pass_downstream_nozf/Chymo_ETD/Chymo_ETD_2pass_results/GM12878_Chymo_ETD"
time="19:05:01" level=info msg="Processing peptide identification files"
time="19:05:01" level=info msg="Parsing /scratch/negishi/afarzam/MSV000086944_results_and_control_searches/second_pass_downstream_nozf/Chymo_ETD/Chymo_ETD_2pass_results/hESC_Chymo_ETD/interact-ETD_chymo10_sub.pep.xml"
time="19:05:01" level=info msg="Parsing /scratch/negishi/afarzam/MSV000086944_results_and_control_searches/second_pass_downstream_nozf/Chymo_ETD/Chymo_ETD_2pass_results/hESC_Chymo_ETD/interact-ETD_chymo9_sub.pep.xml"
time="19:05:01" level=info msg="Parsing /scratch/negishi/afarzam/MSV000086944_results_and_control_searches/second_pass_downstream_nozf/Chymo_ETD/Chymo_ETD_2pass_results/hESC_Chymo_ETD/interact-ETD_chymo11_sub.pep.xml"
time="19:05:01" level=info msg="Parsing /scratch/negishi/afarzam/MSV000086944_results_and_control_searches/second_pass_downstream_nozf/Chymo_ETD/Chymo_ETD_2pass_results/hESC_Chymo_ETD/interact-ETD_chymo20_sub.pep.xml"
time="19:05:01" level=info msg="Parsing /scratch/negishi/afarzam/MSV000086944_results_and_control_searches/second_pass_downstream_nozf/Chymo_ETD/Chymo_ETD_2pass_results/hESC_Chymo_ETD/interact-ETD_chymo2_sub.pep.xml"
time="19:05:01" level=info msg="Parsing /scratch/negishi/afarzam/MSV000086944_results_and_control_searches/second_pass_downstream_nozf/Chymo_ETD/Chymo_ETD_2pass_results/hESC_Chymo_ETD/interact-ETD_chymo21_sub.pep.xml"
time="19:05:01" level=info msg="Parsing /scratch/negishi/afarzam/MSV000086944_results_and_control_searches/second_pass_downstream_nozf/Chymo_ETD/Chymo_ETD_2pass_results/hESC_Chymo_ETD/interact-ETD_chymo3_sub.pep.xml"
time="19:05:01" level=info msg="Parsing /scratch/negishi/afarzam/MSV000086944_results_and_control_searches/second_pass_downstream_nozf/Chymo_ETD/Chymo_ETD_2pass_results/hESC_Chymo_ETD/interact-ETD_chymo18_sub.pep.xml"
time="19:05:01" level=info msg="Parsing /scratch/negishi/afarzam/MSV000086944_results_and_control_searches/second_pass_downstream_nozf/Chymo_ETD/Chymo_ETD_2pass_results/hESC_Chymo_ETD/interact-ETD_chymo17_sub.pep.xml"
time="19:05:01" level=info msg="Parsing /scratch/negishi/afarzam/MSV000086944_results_and_control_searches/second_pass_downstream_nozf/Chymo_ETD/Chymo_ETD_2pass_results/hESC_Chymo_ETD/interact-ETD_chymo4_sub.pep.xml"
time="19:05:01" level=info msg="Parsing /scratch/negishi/afarzam/MSV000086944_results_and_control_searches/second_pass_downstream_nozf/Chymo_ETD/Chymo_ETD_2pass_results/hESC_Chymo_ETD/interact-ETD_chymo19_sub.pep.xml"
time="19:05:01" level=info msg="Parsing /scratch/negishi/afarzam/MSV000086944_results_and_control_searches/second_pass_downstream_nozf/Chymo_ETD/Chymo_ETD_2pass_results/hESC_Chymo_ETD/interact-ETD_chymo12_sub.pep.xml"
time="19:05:01" level=info msg="Parsing /scratch/negishi/afarzam/MSV000086944_results_and_control_searches/second_pass_downstream_nozf/Chymo_ETD/Chymo_ETD_2pass_results/hESC_Chymo_ETD/interact-ETD_chymo1_Plus2SA_140716211504_sub.pep.xml"
time="19:05:01" level=info msg="Parsing /scratch/negishi/afarzam/MSV000086944_results_and_control_searches/second_pass_downstream_nozf/Chymo_ETD/Chymo_ETD_2pass_results/hESC_Chymo_ETD/interact-ETD_chymo23_sub.pep.xml"
time="19:05:01" level=info msg="Parsing /scratch/negishi/afarzam/MSV000086944_results_and_control_searches/second_pass_downstream_nozf/Chymo_ETD/Chymo_ETD_2pass_results/hESC_Chymo_ETD/interact-ETD_chymo1_Plus2SA_sub.pep.xml"
time="19:05:01" level=info msg="Parsing /scratch/negishi/afarzam/MSV000086944_results_and_control_searches/second_pass_downstream_nozf/Chymo_ETD/Chymo_ETD_2pass_results/hESC_Chymo_ETD/interact-ETD_chymo1_sub.pep.xml"
time="19:05:01" level=info msg="Parsing /scratch/negishi/afarzam/MSV000086944_results_and_control_searches/second_pass_downstream_nozf/Chymo_ETD/Chymo_ETD_2pass_results/hESC_Chymo_ETD/interact-ETD_chymo7_sub.pep.xml"
time="19:05:01" level=info msg="Parsing /scratch/negishi/afarzam/MSV000086944_results_and_control_searches/second_pass_downstream_nozf/Chymo_ETD/Chymo_ETD_2pass_results/hESC_Chymo_ETD/interact-ETD_chymo8_140717172415_sub.pep.xml"
time="19:05:01" level=info msg="Parsing /scratch/negishi/afarzam/MSV000086944_results_and_control_searches/second_pass_downstream_nozf/Chymo_ETD/Chymo_ETD_2pass_results/hESC_Chymo_ETD/interact-ETD_chymo14_sub.pep.xml"
time="19:05:01" level=info msg="Parsing /scratch/negishi/afarzam/MSV000086944_results_and_control_searches/second_pass_downstream_nozf/Chymo_ETD/Chymo_ETD_2pass_results/hESC_Chymo_ETD/interact-ETD_chymo25_sub.pep.xml"
time="19:05:01" level=info msg="Parsing /scratch/negishi/afarzam/MSV000086944_results_and_control_searches/second_pass_downstream_nozf/Chymo_ETD/Chymo_ETD_2pass_results/hESC_Chymo_ETD/interact-ETD_chymo22_sub.pep.xml"
time="19:05:01" level=info msg="Parsing /scratch/negishi/afarzam/MSV000086944_results_and_control_searches/second_pass_downstream_nozf/Chymo_ETD/Chymo_ETD_2pass_results/hESC_Chymo_ETD/interact-ETD_chymo16_sub.pep.xml"
time="19:05:01" level=info msg="Parsing /scratch/negishi/afarzam/MSV000086944_results_and_control_searches/second_pass_downstream_nozf/Chymo_ETD/Chymo_ETD_2pass_results/hESC_Chymo_ETD/interact-ETD_chymo6_sub.pep.xml"
time="19:05:01" level=info msg="Parsing /scratch/negishi/afarzam/MSV000086944_results_and_control_searches/second_pass_downstream_nozf/Chymo_ETD/Chymo_ETD_2pass_results/hESC_Chymo_ETD/interact-ETD_chymo24_sub.pep.xml"
time="19:05:01" level=info msg="Parsing /scratch/negishi/afarzam/MSV000086944_results_and_control_searches/second_pass_downstream_nozf/Chymo_ETD/Chymo_ETD_2pass_results/hESC_Chymo_ETD/interact-ETD_chymo15_sub.pep.xml"
time="19:05:01" level=info msg="Parsing /scratch/negishi/afarzam/MSV000086944_results_and_control_searches/second_pass_downstream_nozf/Chymo_ETD/Chymo_ETD_2pass_results/hESC_Chymo_ETD/interact-ETD_chymo5_sub.pep.xml"
time="19:05:01" level=info msg="Parsing /scratch/negishi/afarzam/MSV000086944_results_and_control_searches/second_pass_downstream_nozf/Chymo_ETD/Chymo_ETD_2pass_results/hESC_Chymo_ETD/interact-ETD_chymo13_sub.pep.xml"
time="19:05:01" level=warning msg="No PSM was found in data set. /scratch/negishi/afarzam/MSV000086944_results_and_control_searches/second_pass_downstream_nozf/Chymo_ETD/Chymo_ETD_2pass_results/hESC_Chymo_ETD/interact-ETD_chymo25_sub.pep.xml"
time="19:05:01" level=info msg="1+ Charge profile" decoy=0 target=0
time="19:05:01" level=info msg="2+ Charge profile" decoy=69 target=297
time="19:05:01" level=info msg="3+ Charge profile" decoy=44 target=123
time="19:05:01" level=info msg="4+ Charge profile" decoy=11 target=30
time="19:05:01" level=info msg="5+ Charge profile" decoy=12 target=44
time="19:05:01" level=info msg="6+ Charge profile" decoy=7 target=18
time="19:05:01" level=info msg="Database search results" ions=574 peptides=566 psms=655
time="19:05:01" level=info msg="Converged to 0.00 % FDR with 21 PSMs" decoy=0 threshold=0.826755 total=21
time="19:05:01" level=info msg="Converged to 0.00 % FDR with 19 Peptides" decoy=0 threshold=0.827913 total=19
time="19:05:01" level=info msg="Converged to 0.00 % FDR with 19 Ions" decoy=0 threshold=0.827913 total=19
time="19:05:01" level=info msg="Protein inference results" decoy=927 target=1687
time="19:05:02" level=info msg="Converged to 0.00 % FDR with 1 Proteins" decoy=0 threshold=0.9963 total=1
time="19:05:02" level=info msg="Applying sequential FDR estimation" ions=1 peptides=1 psms=2
time="19:05:02" level=info msg="Converged to 0.00 % FDR with 1 PSMs" decoy=0 threshold=0.985503 total=1
time="19:05:02" level=info msg="Converged to 0.00 % FDR with 0 Peptides" decoy=0 threshold=10 total=0
time="19:05:02" level=info msg="Converged to 0.00 % FDR with 0 Ions" decoy=0 threshold=10 total=0
time="19:05:02" level=info msg="Post processing identifications"
time="19:05:02" level=info msg="Assigning protein identifications to layers"
time="19:05:02" level=info msg="Processing protein inference"
time="19:05:02" level=info msg="Synchronizing PSMs and proteins"
time="19:05:02" level=info msg="Final report numbers after FDR filtering, and post-processing" ions=0 peptides=0 proteins=1 psms=1
time="19:05:02" level=info msg=Saving
time="19:05:02" level=info msg=Done
