time="09:17:56" level=info msg="Executing Filter  v5.1.2"
time="09:17:56" level=info msg="Processing peptide identification files"
time="09:17:56" level=info msg="Parsing /scratch/negishi/afarzam/MSV000086944_results_v4/second_pass_upstream/GluC_ETD/GluC_ETD_2pass_results/GM12878_GluC_ETD/interact-20151110_alr_CompleteHumanProteome_GM12878_ETD_GluC_fr9_sub.pep.xml"
time="09:17:56" level=info msg="Parsing /scratch/negishi/afarzam/MSV000086944_results_v4/second_pass_upstream/GluC_ETD/GluC_ETD_2pass_results/GM12878_GluC_ETD/interact-20151110_alr_CompleteHumanProteome_GM12878_ETD_GluC_fr10_sub.pep.xml"
time="09:17:56" level=info msg="Parsing /scratch/negishi/afarzam/MSV000086944_results_v4/second_pass_upstream/GluC_ETD/GluC_ETD_2pass_results/GM12878_GluC_ETD/interact-20151110_alr_CompleteHumanProteome_GM12878_ETD_GluC_fr11_sub.pep.xml"
time="09:17:56" level=info msg="Parsing /scratch/negishi/afarzam/MSV000086944_results_v4/second_pass_upstream/GluC_ETD/GluC_ETD_2pass_results/GM12878_GluC_ETD/interact-20151110_alr_CompleteHumanProteome_GM12878_ETD_GluC_fr25_sub.pep.xml"
time="09:17:56" level=info msg="Parsing /scratch/negishi/afarzam/MSV000086944_results_v4/second_pass_upstream/GluC_ETD/GluC_ETD_2pass_results/GM12878_GluC_ETD/interact-20151110_alr_CompleteHumanProteome_GM12878_ETD_GluC_fr19_sub.pep.xml"
time="09:17:56" level=info msg="Parsing /scratch/negishi/afarzam/MSV000086944_results_v4/second_pass_upstream/GluC_ETD/GluC_ETD_2pass_results/GM12878_GluC_ETD/interact-20151110_alr_CompleteHumanProteome_GM12878_ETD_GluC_fr12_sub.pep.xml"
time="09:17:56" level=info msg="Parsing /scratch/negishi/afarzam/MSV000086944_results_v4/second_pass_upstream/GluC_ETD/GluC_ETD_2pass_results/GM12878_GluC_ETD/interact-20151110_alr_CompleteHumanProteome_GM12878_ETD_GluC_fr30_sub.pep.xml"
time="09:17:56" level=info msg="Parsing /scratch/negishi/afarzam/MSV000086944_results_v4/second_pass_upstream/GluC_ETD/GluC_ETD_2pass_results/GM12878_GluC_ETD/interact-20151110_alr_CompleteHumanProteome_GM12878_ETD_GluC_fr28_sub.pep.xml"
time="09:17:56" level=info msg="Parsing /scratch/negishi/afarzam/MSV000086944_results_v4/second_pass_upstream/GluC_ETD/GluC_ETD_2pass_results/GM12878_GluC_ETD/interact-20151110_alr_CompleteHumanProteome_GM12878_ETD_GluC_fr16_sub.pep.xml"
time="09:17:56" level=info msg="Parsing /scratch/negishi/afarzam/MSV000086944_results_v4/second_pass_upstream/GluC_ETD/GluC_ETD_2pass_results/GM12878_GluC_ETD/interact-20151110_alr_CompleteHumanProteome_GM12878_ETD_GluC_fr26_sub.pep.xml"
time="09:17:56" level=info msg="Parsing /scratch/negishi/afarzam/MSV000086944_results_v4/second_pass_upstream/GluC_ETD/GluC_ETD_2pass_results/GM12878_GluC_ETD/interact-20151110_alr_CompleteHumanProteome_GM12878_ETD_GluC_fr17_sub.pep.xml"
time="09:17:56" level=info msg="Parsing /scratch/negishi/afarzam/MSV000086944_results_v4/second_pass_upstream/GluC_ETD/GluC_ETD_2pass_results/GM12878_GluC_ETD/interact-20151110_alr_CompleteHumanProteome_GM12878_ETD_GluC_fr29_sub.pep.xml"
time="09:17:56" level=info msg="Parsing /scratch/negishi/afarzam/MSV000086944_results_v4/second_pass_upstream/GluC_ETD/GluC_ETD_2pass_results/GM12878_GluC_ETD/interact-20151110_alr_CompleteHumanProteome_GM12878_ETD_GluC_fr27_sub.pep.xml"
time="09:17:56" level=info msg="Parsing /scratch/negishi/afarzam/MSV000086944_results_v4/second_pass_upstream/GluC_ETD/GluC_ETD_2pass_results/GM12878_GluC_ETD/interact-20151110_alr_CompleteHumanProteome_GM12878_ETD_GluC_fr21_sub.pep.xml"
time="09:17:56" level=info msg="Parsing /scratch/negishi/afarzam/MSV000086944_results_v4/second_pass_upstream/GluC_ETD/GluC_ETD_2pass_results/GM12878_GluC_ETD/interact-20151110_alr_CompleteHumanProteome_GM12878_ETD_GluC_fr5_sub.pep.xml"
time="09:17:56" level=info msg="Parsing /scratch/negishi/afarzam/MSV000086944_results_v4/second_pass_upstream/GluC_ETD/GluC_ETD_2pass_results/GM12878_GluC_ETD/interact-20151110_alr_CompleteHumanProteome_GM12878_ETD_GluC_fr14_sub.pep.xml"
time="09:17:56" level=info msg="Parsing /scratch/negishi/afarzam/MSV000086944_results_v4/second_pass_upstream/GluC_ETD/GluC_ETD_2pass_results/GM12878_GluC_ETD/interact-20151110_alr_CompleteHumanProteome_GM12878_ETD_GluC_fr1_sub.pep.xml"
time="09:17:56" level=info msg="Parsing /scratch/negishi/afarzam/MSV000086944_results_v4/second_pass_upstream/GluC_ETD/GluC_ETD_2pass_results/GM12878_GluC_ETD/interact-20151110_alr_CompleteHumanProteome_GM12878_ETD_GluC_fr2_sub.pep.xml"
time="09:17:56" level=info msg="Parsing /scratch/negishi/afarzam/MSV000086944_results_v4/second_pass_upstream/GluC_ETD/GluC_ETD_2pass_results/GM12878_GluC_ETD/interact-20151110_alr_CompleteHumanProteome_GM12878_ETD_GluC_fr24_sub.pep.xml"
time="09:17:56" level=info msg="Parsing /scratch/negishi/afarzam/MSV000086944_results_v4/second_pass_upstream/GluC_ETD/GluC_ETD_2pass_results/GM12878_GluC_ETD/interact-20151110_alr_CompleteHumanProteome_GM12878_ETD_GluC_fr7_sub.pep.xml"
time="09:17:56" level=info msg="Parsing /scratch/negishi/afarzam/MSV000086944_results_v4/second_pass_upstream/GluC_ETD/GluC_ETD_2pass_results/GM12878_GluC_ETD/interact-20151110_alr_CompleteHumanProteome_GM12878_ETD_GluC_fr13_sub.pep.xml"
time="09:17:56" level=info msg="Parsing /scratch/negishi/afarzam/MSV000086944_results_v4/second_pass_upstream/GluC_ETD/GluC_ETD_2pass_results/GM12878_GluC_ETD/interact-20151110_alr_CompleteHumanProteome_GM12878_ETD_GluC_fr15_sub.pep.xml"
time="09:17:56" level=info msg="Parsing /scratch/negishi/afarzam/MSV000086944_results_v4/second_pass_upstream/GluC_ETD/GluC_ETD_2pass_results/GM12878_GluC_ETD/interact-20151110_alr_CompleteHumanProteome_GM12878_ETD_GluC_fr18_sub.pep.xml"
time="09:17:56" level=info msg="Parsing /scratch/negishi/afarzam/MSV000086944_results_v4/second_pass_upstream/GluC_ETD/GluC_ETD_2pass_results/GM12878_GluC_ETD/interact-20151110_alr_CompleteHumanProteome_GM12878_ETD_GluC_fr3_sub.pep.xml"
time="09:17:56" level=info msg="Parsing /scratch/negishi/afarzam/MSV000086944_results_v4/second_pass_upstream/GluC_ETD/GluC_ETD_2pass_results/GM12878_GluC_ETD/interact-20151110_alr_CompleteHumanProteome_GM12878_ETD_GluC_fr23_sub.pep.xml"
time="09:17:56" level=info msg="Parsing /scratch/negishi/afarzam/MSV000086944_results_v4/second_pass_upstream/GluC_ETD/GluC_ETD_2pass_results/GM12878_GluC_ETD/interact-20151110_alr_CompleteHumanProteome_GM12878_ETD_GluC_fr4_sub.pep.xml"
time="09:17:56" level=info msg="Parsing /scratch/negishi/afarzam/MSV000086944_results_v4/second_pass_upstream/GluC_ETD/GluC_ETD_2pass_results/GM12878_GluC_ETD/interact-20151110_alr_CompleteHumanProteome_GM12878_ETD_GluC_fr22_sub.pep.xml"
time="09:17:56" level=info msg="Parsing /scratch/negishi/afarzam/MSV000086944_results_v4/second_pass_upstream/GluC_ETD/GluC_ETD_2pass_results/GM12878_GluC_ETD/interact-20151110_alr_CompleteHumanProteome_GM12878_ETD_GluC_fr6_sub.pep.xml"
time="09:17:56" level=info msg="Parsing /scratch/negishi/afarzam/MSV000086944_results_v4/second_pass_upstream/GluC_ETD/GluC_ETD_2pass_results/GM12878_GluC_ETD/interact-20151110_alr_CompleteHumanProteome_GM12878_ETD_GluC_fr20_sub.pep.xml"
time="09:17:56" level=info msg="Parsing /scratch/negishi/afarzam/MSV000086944_results_v4/second_pass_upstream/GluC_ETD/GluC_ETD_2pass_results/GM12878_GluC_ETD/interact-20151110_alr_CompleteHumanProteome_GM12878_ETD_GluC_fr8_sub.pep.xml"
time="09:17:58" level=info msg="1+ Charge profile" decoy=0 target=0
time="09:17:58" level=info msg="2+ Charge profile" decoy=226 target=862
time="09:17:58" level=info msg="3+ Charge profile" decoy=180 target=502
time="09:17:58" level=info msg="4+ Charge profile" decoy=135 target=430
time="09:17:58" level=info msg="5+ Charge profile" decoy=91 target=194
time="09:17:58" level=info msg="6+ Charge profile" decoy=13 target=33
time="09:17:58" level=info msg="Database search results" ions=2186 peptides=2078 psms=2666
time="09:17:58" level=info msg="Converged to 0.00 % FDR with 30 PSMs" decoy=0 threshold=0.956342 total=30
time="09:17:58" level=info msg="Converged to 0.00 % FDR with 16 Peptides" decoy=0 threshold=0.959418 total=16
time="09:17:58" level=info msg="Converged to 0.00 % FDR with 18 Ions" decoy=0 threshold=0.957806 total=18
time="09:17:58" level=info msg="Protein inference results" decoy=2706 target=3650
time="09:17:59" level=info msg="Converged to 0.00 % FDR with 6 Proteins" decoy=0 threshold=0.9964 total=6
time="09:17:59" level=info msg="Applying sequential FDR estimation" ions=4 peptides=4 psms=14
time="09:17:59" level=info msg="Converged to 0.00 % FDR with 13 PSMs" decoy=0 threshold=0.960559 total=13
time="09:17:59" level=info msg="Converged to 0.00 % FDR with 3 Peptides" decoy=0 threshold=0.979311 total=3
time="09:17:59" level=info msg="Converged to 0.00 % FDR with 3 Ions" decoy=0 threshold=0.979311 total=3
time="09:17:59" level=info msg="Post processing identifications"
time="09:17:59" level=info msg="Assigning protein identifications to layers"
time="09:17:59" level=info msg="Processing protein inference"
time="09:18:00" level=info msg="Synchronizing PSMs and proteins"
time="09:18:00" level=info msg="Final report numbers after FDR filtering, and post-processing" ions=3 peptides=3 proteins=3 psms=13
time="09:18:00" level=info msg=Saving
time="09:18:00" level=info msg=Done
