time="19:13:32" level=info msg="Executing Filter  v5.1.2"
time="19:13:32" level=info msg="Fetching protein inference from /scratch/negishi/afarzam/MSV000086944_results_v4/second_pass_downstream/Chymo_CAD/Chymo_CAD_2pass_results/GM12878_Chymo_CAD"
time="19:13:32" level=info msg="Processing peptide identification files"
time="19:13:32" level=info msg="Parsing /scratch/negishi/afarzam/MSV000086944_results_v4/second_pass_downstream/Chymo_CAD/Chymo_CAD_2pass_results/K562_Chymo_HCD/interact-20160212_alr_CompleteHumanProteome_K562_chymo_HCD_fr9_sub.pep.xml"
time="19:13:32" level=info msg="Parsing /scratch/negishi/afarzam/MSV000086944_results_v4/second_pass_downstream/Chymo_CAD/Chymo_CAD_2pass_results/K562_Chymo_HCD/interact-20160212_alr_CompleteHumanProteome_K562_chymo_HCD_fr17_sub.pep.xml"
time="19:13:32" level=info msg="Parsing /scratch/negishi/afarzam/MSV000086944_results_v4/second_pass_downstream/Chymo_CAD/Chymo_CAD_2pass_results/K562_Chymo_HCD/interact-20160212_alr_CompleteHumanProteome_K562_chymo_HCD_fr27_sub.pep.xml"
time="19:13:32" level=info msg="Parsing /scratch/negishi/afarzam/MSV000086944_results_v4/second_pass_downstream/Chymo_CAD/Chymo_CAD_2pass_results/K562_Chymo_HCD/interact-20160212_alr_CompleteHumanProteome_K562_chymo_HCD_fr13_sub.pep.xml"
time="19:13:32" level=info msg="Parsing /scratch/negishi/afarzam/MSV000086944_results_v4/second_pass_downstream/Chymo_CAD/Chymo_CAD_2pass_results/K562_Chymo_HCD/interact-20160212_alr_CompleteHumanProteome_K562_chymo_HCD_fr16_sub.pep.xml"
time="19:13:32" level=info msg="Parsing /scratch/negishi/afarzam/MSV000086944_results_v4/second_pass_downstream/Chymo_CAD/Chymo_CAD_2pass_results/K562_Chymo_HCD/interact-20160212_alr_CompleteHumanProteome_K562_chymo_HCD_fr15_sub.pep.xml"
time="19:13:32" level=info msg="Parsing /scratch/negishi/afarzam/MSV000086944_results_v4/second_pass_downstream/Chymo_CAD/Chymo_CAD_2pass_results/K562_Chymo_HCD/interact-20160212_alr_CompleteHumanProteome_K562_chymo_HCD_fr28_sub.pep.xml"
time="19:13:32" level=info msg="Parsing /scratch/negishi/afarzam/MSV000086944_results_v4/second_pass_downstream/Chymo_CAD/Chymo_CAD_2pass_results/K562_Chymo_HCD/interact-20160212_alr_CompleteHumanProteome_K562_chymo_HCD_fr22_sub.pep.xml"
time="19:13:32" level=info msg="Parsing /scratch/negishi/afarzam/MSV000086944_results_v4/second_pass_downstream/Chymo_CAD/Chymo_CAD_2pass_results/K562_Chymo_HCD/interact-20160212_alr_CompleteHumanProteome_K562_chymo_HCD_fr10_sub.pep.xml"
time="19:13:32" level=info msg="Parsing /scratch/negishi/afarzam/MSV000086944_results_v4/second_pass_downstream/Chymo_CAD/Chymo_CAD_2pass_results/K562_Chymo_HCD/interact-20160212_alr_CompleteHumanProteome_K562_chymo_HCD_fr14_sub.pep.xml"
time="19:13:32" level=info msg="Parsing /scratch/negishi/afarzam/MSV000086944_results_v4/second_pass_downstream/Chymo_CAD/Chymo_CAD_2pass_results/K562_Chymo_HCD/interact-20160212_alr_CompleteHumanProteome_K562_chymo_HCD_fr1_160213221721_sub.pep.xml"
time="19:13:32" level=info msg="Parsing /scratch/negishi/afarzam/MSV000086944_results_v4/second_pass_downstream/Chymo_CAD/Chymo_CAD_2pass_results/K562_Chymo_HCD/interact-20160212_alr_CompleteHumanProteome_K562_chymo_HCD_fr29_sub.pep.xml"
time="19:13:32" level=info msg="Parsing /scratch/negishi/afarzam/MSV000086944_results_v4/second_pass_downstream/Chymo_CAD/Chymo_CAD_2pass_results/K562_Chymo_HCD/interact-20160212_alr_CompleteHumanProteome_K562_chymo_HCD_fr21_sub.pep.xml"
time="19:13:32" level=info msg="Parsing /scratch/negishi/afarzam/MSV000086944_results_v4/second_pass_downstream/Chymo_CAD/Chymo_CAD_2pass_results/K562_Chymo_HCD/interact-20160212_alr_CompleteHumanProteome_K562_chymo_HCD_fr24_sub.pep.xml"
time="19:13:32" level=info msg="Parsing /scratch/negishi/afarzam/MSV000086944_results_v4/second_pass_downstream/Chymo_CAD/Chymo_CAD_2pass_results/K562_Chymo_HCD/interact-20160212_alr_CompleteHumanProteome_K562_chymo_HCD_fr20_sub.pep.xml"
time="19:13:32" level=info msg="Parsing /scratch/negishi/afarzam/MSV000086944_results_v4/second_pass_downstream/Chymo_CAD/Chymo_CAD_2pass_results/K562_Chymo_HCD/interact-20160212_alr_CompleteHumanProteome_K562_chymo_HCD_fr2_sub.pep.xml"
time="19:13:32" level=info msg="Parsing /scratch/negishi/afarzam/MSV000086944_results_v4/second_pass_downstream/Chymo_CAD/Chymo_CAD_2pass_results/K562_Chymo_HCD/interact-20160212_alr_CompleteHumanProteome_K562_chymo_HCD_fr23_sub.pep.xml"
time="19:13:32" level=info msg="Parsing /scratch/negishi/afarzam/MSV000086944_results_v4/second_pass_downstream/Chymo_CAD/Chymo_CAD_2pass_results/K562_Chymo_HCD/interact-20160212_alr_CompleteHumanProteome_K562_chymo_HCD_fr11_sub.pep.xml"
time="19:13:32" level=info msg="Parsing /scratch/negishi/afarzam/MSV000086944_results_v4/second_pass_downstream/Chymo_CAD/Chymo_CAD_2pass_results/K562_Chymo_HCD/interact-20160212_alr_CompleteHumanProteome_K562_chymo_HCD_fr6_sub.pep.xml"
time="19:13:32" level=info msg="Parsing /scratch/negishi/afarzam/MSV000086944_results_v4/second_pass_downstream/Chymo_CAD/Chymo_CAD_2pass_results/K562_Chymo_HCD/interact-20160212_alr_CompleteHumanProteome_K562_chymo_HCD_fr25_sub.pep.xml"
time="19:13:32" level=info msg="Parsing /scratch/negishi/afarzam/MSV000086944_results_v4/second_pass_downstream/Chymo_CAD/Chymo_CAD_2pass_results/K562_Chymo_HCD/interact-20160212_alr_CompleteHumanProteome_K562_chymo_HCD_fr12_sub.pep.xml"
time="19:13:32" level=info msg="Parsing /scratch/negishi/afarzam/MSV000086944_results_v4/second_pass_downstream/Chymo_CAD/Chymo_CAD_2pass_results/K562_Chymo_HCD/interact-20160212_alr_CompleteHumanProteome_K562_chymo_HCD_fr19_sub.pep.xml"
time="19:13:32" level=info msg="Parsing /scratch/negishi/afarzam/MSV000086944_results_v4/second_pass_downstream/Chymo_CAD/Chymo_CAD_2pass_results/K562_Chymo_HCD/interact-20160212_alr_CompleteHumanProteome_K562_chymo_HCD_fr5_sub.pep.xml"
time="19:13:32" level=info msg="Parsing /scratch/negishi/afarzam/MSV000086944_results_v4/second_pass_downstream/Chymo_CAD/Chymo_CAD_2pass_results/K562_Chymo_HCD/interact-20160212_alr_CompleteHumanProteome_K562_chymo_HCD_fr30_sub.pep.xml"
time="19:13:32" level=info msg="Parsing /scratch/negishi/afarzam/MSV000086944_results_v4/second_pass_downstream/Chymo_CAD/Chymo_CAD_2pass_results/K562_Chymo_HCD/interact-20160212_alr_CompleteHumanProteome_K562_chymo_HCD_fr4_sub.pep.xml"
time="19:13:32" level=info msg="Parsing /scratch/negishi/afarzam/MSV000086944_results_v4/second_pass_downstream/Chymo_CAD/Chymo_CAD_2pass_results/K562_Chymo_HCD/interact-20160212_alr_CompleteHumanProteome_K562_chymo_HCD_fr26_sub.pep.xml"
time="19:13:32" level=info msg="Parsing /scratch/negishi/afarzam/MSV000086944_results_v4/second_pass_downstream/Chymo_CAD/Chymo_CAD_2pass_results/K562_Chymo_HCD/interact-20160212_alr_CompleteHumanProteome_K562_chymo_HCD_fr8_sub.pep.xml"
time="19:13:32" level=info msg="Parsing /scratch/negishi/afarzam/MSV000086944_results_v4/second_pass_downstream/Chymo_CAD/Chymo_CAD_2pass_results/K562_Chymo_HCD/interact-20160212_alr_CompleteHumanProteome_K562_chymo_HCD_fr18_sub.pep.xml"
time="19:13:32" level=info msg="Parsing /scratch/negishi/afarzam/MSV000086944_results_v4/second_pass_downstream/Chymo_CAD/Chymo_CAD_2pass_results/K562_Chymo_HCD/interact-20160212_alr_CompleteHumanProteome_K562_chymo_HCD_fr3_sub.pep.xml"
time="19:13:32" level=info msg="Parsing /scratch/negishi/afarzam/MSV000086944_results_v4/second_pass_downstream/Chymo_CAD/Chymo_CAD_2pass_results/K562_Chymo_HCD/interact-20160212_alr_CompleteHumanProteome_K562_chymo_HCD_fr7_sub.pep.xml"
time="19:13:36" level=info msg="1+ Charge profile" decoy=0 target=0
time="19:13:36" level=info msg="2+ Charge profile" decoy=381 target=1783
time="19:13:36" level=info msg="3+ Charge profile" decoy=239 target=848
time="19:13:36" level=info msg="4+ Charge profile" decoy=75 target=212
time="19:13:36" level=info msg="5+ Charge profile" decoy=8 target=43
time="19:13:36" level=info msg="6+ Charge profile" decoy=7 target=14
time="19:13:36" level=info msg="Database search results" ions=2898 peptides=2772 psms=3626
time="19:13:36" level=info msg="Converged to 0.74 % FDR with 135 PSMs" decoy=1 threshold=0.951306 total=136
time="19:13:36" level=info msg="Converged to 0.85 % FDR with 118 Peptides" decoy=1 threshold=0.951397 total=119
time="19:13:36" level=info msg="Converged to 0.84 % FDR with 119 Ions" decoy=1 threshold=0.951397 total=120
time="19:13:36" level=info msg="Protein inference results" decoy=3410 target=5165
time="19:13:36" level=info msg="Converged to 0.00 % FDR with 67 Proteins" decoy=0 threshold=0.9847 total=67
time="19:13:36" level=info msg="Applying sequential FDR estimation" ions=62 peptides=61 psms=75
time="19:13:36" level=info msg="Converged to 0.00 % FDR with 74 PSMs" decoy=0 threshold=0.952173 total=74
time="19:13:36" level=info msg="Converged to 0.00 % FDR with 60 Peptides" decoy=0 threshold=0.95582 total=60
time="19:13:36" level=info msg="Converged to 0.00 % FDR with 61 Ions" decoy=0 threshold=0.95582 total=61
time="19:13:36" level=info msg="Post processing identifications"
time="19:13:36" level=info msg="Assigning protein identifications to layers"
time="19:13:37" level=info msg="Processing protein inference"
time="19:13:37" level=info msg="Synchronizing PSMs and proteins"
time="19:13:37" level=info msg="Final report numbers after FDR filtering, and post-processing" ions=60 peptides=59 proteins=38 psms=73
time="19:13:37" level=info msg=Saving
time="19:13:37" level=info msg=Done
