time="01:06:26" level=info msg="Executing Filter  v5.1.2"
time="01:06:26" level=info msg="Fetching protein inference from /scratch/negishi/afarzam/MSV000086944_results_v4/second_pass_upstream/AspN_CAD/AspN_CAD_2pass_results/GM12878_AspN_HCD"
time="01:06:27" level=info msg="Processing peptide identification files"
time="01:06:27" level=info msg="Parsing /scratch/negishi/afarzam/MSV000086944_results_v4/second_pass_upstream/AspN_CAD/AspN_CAD_2pass_results/HeLa_AspN_HCD/interact-HeLaS3_AspN_9_sub.pep.xml"
time="01:06:27" level=info msg="Parsing /scratch/negishi/afarzam/MSV000086944_results_v4/second_pass_upstream/AspN_CAD/AspN_CAD_2pass_results/HeLa_AspN_HCD/interact-HeLaS3_AspN_10_sub.pep.xml"
time="01:06:27" level=info msg="Parsing /scratch/negishi/afarzam/MSV000086944_results_v4/second_pass_upstream/AspN_CAD/AspN_CAD_2pass_results/HeLa_AspN_HCD/interact-HeLaS3_AspN_25_sub.pep.xml"
time="01:06:27" level=info msg="Parsing /scratch/negishi/afarzam/MSV000086944_results_v4/second_pass_upstream/AspN_CAD/AspN_CAD_2pass_results/HeLa_AspN_HCD/interact-HeLaS3_AspN_33_sub.pep.xml"
time="01:06:27" level=info msg="Parsing /scratch/negishi/afarzam/MSV000086944_results_v4/second_pass_upstream/AspN_CAD/AspN_CAD_2pass_results/HeLa_AspN_HCD/interact-HeLaS3_AspN_34_sub.pep.xml"
time="01:06:27" level=info msg="Parsing /scratch/negishi/afarzam/MSV000086944_results_v4/second_pass_upstream/AspN_CAD/AspN_CAD_2pass_results/HeLa_AspN_HCD/interact-HeLaS3_AspN_1_sub.pep.xml"
time="01:06:27" level=info msg="Parsing /scratch/negishi/afarzam/MSV000086944_results_v4/second_pass_upstream/AspN_CAD/AspN_CAD_2pass_results/HeLa_AspN_HCD/interact-HeLaS3_AspN_22_sub.pep.xml"
time="01:06:27" level=info msg="Parsing /scratch/negishi/afarzam/MSV000086944_results_v4/second_pass_upstream/AspN_CAD/AspN_CAD_2pass_results/HeLa_AspN_HCD/interact-HeLaS3_AspN_13_sub.pep.xml"
time="01:06:27" level=info msg="Parsing /scratch/negishi/afarzam/MSV000086944_results_v4/second_pass_upstream/AspN_CAD/AspN_CAD_2pass_results/HeLa_AspN_HCD/interact-HeLaS3_AspN_16_sub.pep.xml"
time="01:06:27" level=info msg="Parsing /scratch/negishi/afarzam/MSV000086944_results_v4/second_pass_upstream/AspN_CAD/AspN_CAD_2pass_results/HeLa_AspN_HCD/interact-HeLaS3_AspN_27_sub.pep.xml"
time="01:06:27" level=info msg="Parsing /scratch/negishi/afarzam/MSV000086944_results_v4/second_pass_upstream/AspN_CAD/AspN_CAD_2pass_results/HeLa_AspN_HCD/interact-HeLaS3_AspN_3_sub.pep.xml"
time="01:06:27" level=info msg="Parsing /scratch/negishi/afarzam/MSV000086944_results_v4/second_pass_upstream/AspN_CAD/AspN_CAD_2pass_results/HeLa_AspN_HCD/interact-HeLaS3_AspN_29_sub.pep.xml"
time="01:06:27" level=info msg="Parsing /scratch/negishi/afarzam/MSV000086944_results_v4/second_pass_upstream/AspN_CAD/AspN_CAD_2pass_results/HeLa_AspN_HCD/interact-HeLaS3_AspN_12_sub.pep.xml"
time="01:06:27" level=info msg="Parsing /scratch/negishi/afarzam/MSV000086944_results_v4/second_pass_upstream/AspN_CAD/AspN_CAD_2pass_results/HeLa_AspN_HCD/interact-HeLaS3_AspN_35_sub.pep.xml"
time="01:06:27" level=info msg="Parsing /scratch/negishi/afarzam/MSV000086944_results_v4/second_pass_upstream/AspN_CAD/AspN_CAD_2pass_results/HeLa_AspN_HCD/interact-HeLaS3_AspN_26_sub.pep.xml"
time="01:06:27" level=info msg="Parsing /scratch/negishi/afarzam/MSV000086944_results_v4/second_pass_upstream/AspN_CAD/AspN_CAD_2pass_results/HeLa_AspN_HCD/interact-HeLaS3_AspN_11_sub.pep.xml"
time="01:06:27" level=info msg="Parsing /scratch/negishi/afarzam/MSV000086944_results_v4/second_pass_upstream/AspN_CAD/AspN_CAD_2pass_results/HeLa_AspN_HCD/interact-HeLaS3_AspN_31_sub.pep.xml"
time="01:06:27" level=info msg="Parsing /scratch/negishi/afarzam/MSV000086944_results_v4/second_pass_upstream/AspN_CAD/AspN_CAD_2pass_results/HeLa_AspN_HCD/interact-HeLaS3_AspN_2_140826064350_sub.pep.xml"
time="01:06:27" level=info msg="Parsing /scratch/negishi/afarzam/MSV000086944_results_v4/second_pass_upstream/AspN_CAD/AspN_CAD_2pass_results/HeLa_AspN_HCD/interact-HeLaS3_AspN_28_sub.pep.xml"
time="01:06:27" level=warning msg="No PSM was found in data set. /scratch/negishi/afarzam/MSV000086944_results_v4/second_pass_upstream/AspN_CAD/AspN_CAD_2pass_results/HeLa_AspN_HCD/interact-HeLaS3_AspN_10_sub.pep.xml"
time="01:06:27" level=info msg="Parsing /scratch/negishi/afarzam/MSV000086944_results_v4/second_pass_upstream/AspN_CAD/AspN_CAD_2pass_results/HeLa_AspN_HCD/interact-HeLaS3_AspN_23_sub.pep.xml"
time="01:06:27" level=info msg="Parsing /scratch/negishi/afarzam/MSV000086944_results_v4/second_pass_upstream/AspN_CAD/AspN_CAD_2pass_results/HeLa_AspN_HCD/interact-HeLaS3_AspN_30_sub.pep.xml"
time="01:06:27" level=info msg="Parsing /scratch/negishi/afarzam/MSV000086944_results_v4/second_pass_upstream/AspN_CAD/AspN_CAD_2pass_results/HeLa_AspN_HCD/interact-HeLaS3_AspN_4_sub.pep.xml"
time="01:06:27" level=info msg="Parsing /scratch/negishi/afarzam/MSV000086944_results_v4/second_pass_upstream/AspN_CAD/AspN_CAD_2pass_results/HeLa_AspN_HCD/interact-HeLaS3_AspN_5_sub.pep.xml"
time="01:06:27" level=info msg="Parsing /scratch/negishi/afarzam/MSV000086944_results_v4/second_pass_upstream/AspN_CAD/AspN_CAD_2pass_results/HeLa_AspN_HCD/interact-HeLaS3_AspN_21_sub.pep.xml"
time="01:06:27" level=info msg="Parsing /scratch/negishi/afarzam/MSV000086944_results_v4/second_pass_upstream/AspN_CAD/AspN_CAD_2pass_results/HeLa_AspN_HCD/interact-HeLaS3_AspN_8_sub.pep.xml"
time="01:06:27" level=info msg="Parsing /scratch/negishi/afarzam/MSV000086944_results_v4/second_pass_upstream/AspN_CAD/AspN_CAD_2pass_results/HeLa_AspN_HCD/interact-HeLaS3_AspN_20_sub.pep.xml"
time="01:06:27" level=info msg="Parsing /scratch/negishi/afarzam/MSV000086944_results_v4/second_pass_upstream/AspN_CAD/AspN_CAD_2pass_results/HeLa_AspN_HCD/interact-HeLaS3_AspN_18_sub.pep.xml"
time="01:06:27" level=info msg="Parsing /scratch/negishi/afarzam/MSV000086944_results_v4/second_pass_upstream/AspN_CAD/AspN_CAD_2pass_results/HeLa_AspN_HCD/interact-HeLaS3_AspN_19_sub.pep.xml"
time="01:06:27" level=warning msg="No PSM was found in data set. /scratch/negishi/afarzam/MSV000086944_results_v4/second_pass_upstream/AspN_CAD/AspN_CAD_2pass_results/HeLa_AspN_HCD/interact-HeLaS3_AspN_11_sub.pep.xml"
time="01:06:27" level=info msg="Parsing /scratch/negishi/afarzam/MSV000086944_results_v4/second_pass_upstream/AspN_CAD/AspN_CAD_2pass_results/HeLa_AspN_HCD/interact-HeLaS3_AspN_17_sub.pep.xml"
time="01:06:27" level=info msg="Parsing /scratch/negishi/afarzam/MSV000086944_results_v4/second_pass_upstream/AspN_CAD/AspN_CAD_2pass_results/HeLa_AspN_HCD/interact-HeLaS3_AspN_7_sub.pep.xml"
time="01:06:27" level=info msg="Parsing /scratch/negishi/afarzam/MSV000086944_results_v4/second_pass_upstream/AspN_CAD/AspN_CAD_2pass_results/HeLa_AspN_HCD/interact-HeLaS3_AspN_6_sub.pep.xml"
time="01:06:27" level=info msg="Parsing /scratch/negishi/afarzam/MSV000086944_results_v4/second_pass_upstream/AspN_CAD/AspN_CAD_2pass_results/HeLa_AspN_HCD/interact-HeLaS3_AspN_14_sub.pep.xml"
time="01:06:27" level=info msg="Parsing /scratch/negishi/afarzam/MSV000086944_results_v4/second_pass_upstream/AspN_CAD/AspN_CAD_2pass_results/HeLa_AspN_HCD/interact-HeLaS3_AspN_24_sub.pep.xml"
time="01:06:27" level=info msg="Parsing /scratch/negishi/afarzam/MSV000086944_results_v4/second_pass_upstream/AspN_CAD/AspN_CAD_2pass_results/HeLa_AspN_HCD/interact-HeLaS3_AspN_15_sub.pep.xml"
time="01:06:27" level=info msg="Parsing /scratch/negishi/afarzam/MSV000086944_results_v4/second_pass_upstream/AspN_CAD/AspN_CAD_2pass_results/HeLa_AspN_HCD/interact-HeLaS3_AspN_32_sub.pep.xml"
time="01:06:27" level=warning msg="No PSM was found in data set. /scratch/negishi/afarzam/MSV000086944_results_v4/second_pass_upstream/AspN_CAD/AspN_CAD_2pass_results/HeLa_AspN_HCD/interact-HeLaS3_AspN_20_sub.pep.xml"
time="01:06:27" level=info msg="1+ Charge profile" decoy=0 target=0
time="01:06:27" level=info msg="2+ Charge profile" decoy=28 target=153
time="01:06:27" level=info msg="3+ Charge profile" decoy=22 target=105
time="01:06:27" level=info msg="4+ Charge profile" decoy=11 target=54
time="01:06:27" level=info msg="5+ Charge profile" decoy=5 target=42
time="01:06:27" level=info msg="6+ Charge profile" decoy=8 target=28
time="01:06:27" level=info msg="Database search results" ions=374 peptides=351 psms=468
time="01:06:27" level=info msg="Converged to 0.00 % FDR with 42 PSMs" decoy=0 threshold=0.965088 total=42
time="01:06:27" level=info msg="Converged to 0.00 % FDR with 22 Peptides" decoy=0 threshold=0.965088 total=22
time="01:06:27" level=info msg="Converged to 0.00 % FDR with 26 Ions" decoy=0 threshold=0.965088 total=26
time="01:06:27" level=info msg="Protein inference results" decoy=484 target=1073
time="01:06:27" level=info msg="Converged to 0.00 % FDR with 22 Proteins" decoy=0 threshold=0.9907 total=22
time="01:06:27" level=info msg="Applying sequential FDR estimation" ions=19 peptides=15 psms=34
time="01:06:27" level=info msg="Converged to 0.00 % FDR with 33 PSMs" decoy=0 threshold=0.971889 total=33
time="01:06:27" level=info msg="Converged to 0.00 % FDR with 14 Peptides" decoy=0 threshold=0.991841 total=14
time="01:06:27" level=info msg="Converged to 0.00 % FDR with 18 Ions" decoy=0 threshold=0.975788 total=18
time="01:06:27" level=info msg="Post processing identifications"
time="01:06:28" level=info msg="Assigning protein identifications to layers"
time="01:06:28" level=info msg="Processing protein inference"
time="01:06:28" level=info msg="Synchronizing PSMs and proteins"
time="01:06:28" level=info msg="Final report numbers after FDR filtering, and post-processing" ions=18 peptides=14 proteins=11 psms=33
time="01:06:28" level=info msg=Saving
time="01:06:28" level=info msg=Done
