time="11:27:45" level=info msg="Executing Filter  v5.1.2"
time="11:27:45" level=info msg="Fetching protein inference from /scratch/negishi/afarzam/MSV000086944_results_v4/second_pass_upstream/LysN_CAD/LysN_CAD_2pass_results/GM12878_LysN_HCD"
time="11:27:45" level=info msg="Processing peptide identification files"
time="11:27:45" level=info msg="Parsing /scratch/negishi/afarzam/MSV000086944_results_v4/second_pass_upstream/LysN_CAD/LysN_CAD_2pass_results/HUVEC_LysN_HCD/interact-HUVEC_LysN_9_sub.pep.xml"
time="11:27:45" level=info msg="Parsing /scratch/negishi/afarzam/MSV000086944_results_v4/second_pass_upstream/LysN_CAD/LysN_CAD_2pass_results/HUVEC_LysN_HCD/interact-HUVEC_HUVEC_LysN_35_sub.pep.xml"
time="11:27:45" level=info msg="Parsing /scratch/negishi/afarzam/MSV000086944_results_v4/second_pass_upstream/LysN_CAD/LysN_CAD_2pass_results/HUVEC_LysN_HCD/interact-HUVEC_LysN_25_sub.pep.xml"
time="11:27:45" level=info msg="Parsing /scratch/negishi/afarzam/MSV000086944_results_v4/second_pass_upstream/LysN_CAD/LysN_CAD_2pass_results/HUVEC_LysN_HCD/interact-HUVEC_LysN_17_sub.pep.xml"
time="11:27:45" level=info msg="Parsing /scratch/negishi/afarzam/MSV000086944_results_v4/second_pass_upstream/LysN_CAD/LysN_CAD_2pass_results/HUVEC_LysN_HCD/interact-HUVEC_LysN_32_sub.pep.xml"
time="11:27:45" level=info msg="Parsing /scratch/negishi/afarzam/MSV000086944_results_v4/second_pass_upstream/LysN_CAD/LysN_CAD_2pass_results/HUVEC_LysN_HCD/interact-HUVEC_LysN_20_sub.pep.xml"
time="11:27:45" level=info msg="Parsing /scratch/negishi/afarzam/MSV000086944_results_v4/second_pass_upstream/LysN_CAD/LysN_CAD_2pass_results/HUVEC_LysN_HCD/interact-HUVEC_LysN_19_sub.pep.xml"
time="11:27:45" level=info msg="Parsing /scratch/negishi/afarzam/MSV000086944_results_v4/second_pass_upstream/LysN_CAD/LysN_CAD_2pass_results/HUVEC_LysN_HCD/interact-HUVEC_LysN_1_sub.pep.xml"
time="11:27:45" level=info msg="Parsing /scratch/negishi/afarzam/MSV000086944_results_v4/second_pass_upstream/LysN_CAD/LysN_CAD_2pass_results/HUVEC_LysN_HCD/interact-HUVEC_LysN_29_sub.pep.xml"
time="11:27:45" level=info msg="Parsing /scratch/negishi/afarzam/MSV000086944_results_v4/second_pass_upstream/LysN_CAD/LysN_CAD_2pass_results/HUVEC_LysN_HCD/interact-HUVEC_LysN_27_sub.pep.xml"
time="11:27:45" level=info msg="Parsing /scratch/negishi/afarzam/MSV000086944_results_v4/second_pass_upstream/LysN_CAD/LysN_CAD_2pass_results/HUVEC_LysN_HCD/interact-HUVEC_LysN_18_sub.pep.xml"
time="11:27:45" level=info msg="Parsing /scratch/negishi/afarzam/MSV000086944_results_v4/second_pass_upstream/LysN_CAD/LysN_CAD_2pass_results/HUVEC_LysN_HCD/interact-HUVEC_LysN_30_sub.pep.xml"
time="11:27:45" level=info msg="Parsing /scratch/negishi/afarzam/MSV000086944_results_v4/second_pass_upstream/LysN_CAD/LysN_CAD_2pass_results/HUVEC_LysN_HCD/interact-HUVEC_LysN_28_sub.pep.xml"
time="11:27:45" level=info msg="Parsing /scratch/negishi/afarzam/MSV000086944_results_v4/second_pass_upstream/LysN_CAD/LysN_CAD_2pass_results/HUVEC_LysN_HCD/interact-HUVEC_LysN_22_sub.pep.xml"
time="11:27:45" level=info msg="Parsing /scratch/negishi/afarzam/MSV000086944_results_v4/second_pass_upstream/LysN_CAD/LysN_CAD_2pass_results/HUVEC_LysN_HCD/interact-HUVEC_LysN_24_sub.pep.xml"
time="11:27:45" level=info msg="Parsing /scratch/negishi/afarzam/MSV000086944_results_v4/second_pass_upstream/LysN_CAD/LysN_CAD_2pass_results/HUVEC_LysN_HCD/interact-HUVEC_LysN_8_sub.pep.xml"
time="11:27:45" level=info msg="Parsing /scratch/negishi/afarzam/MSV000086944_results_v4/second_pass_upstream/LysN_CAD/LysN_CAD_2pass_results/HUVEC_LysN_HCD/interact-HUVEC_LysN_4_sub.pep.xml"
time="11:27:45" level=info msg="Parsing /scratch/negishi/afarzam/MSV000086944_results_v4/second_pass_upstream/LysN_CAD/LysN_CAD_2pass_results/HUVEC_LysN_HCD/interact-HUVEC_LysN_12_sub.pep.xml"
time="11:27:45" level=info msg="Parsing /scratch/negishi/afarzam/MSV000086944_results_v4/second_pass_upstream/LysN_CAD/LysN_CAD_2pass_results/HUVEC_LysN_HCD/interact-HUVEC_LysN_26_sub.pep.xml"
time="11:27:45" level=info msg="Parsing /scratch/negishi/afarzam/MSV000086944_results_v4/second_pass_upstream/LysN_CAD/LysN_CAD_2pass_results/HUVEC_LysN_HCD/interact-HUVEC_LysN_33_sub.pep.xml"
time="11:27:45" level=info msg="Parsing /scratch/negishi/afarzam/MSV000086944_results_v4/second_pass_upstream/LysN_CAD/LysN_CAD_2pass_results/HUVEC_LysN_HCD/interact-HUVEC_LysN_3_sub.pep.xml"
time="11:27:45" level=info msg="Parsing /scratch/negishi/afarzam/MSV000086944_results_v4/second_pass_upstream/LysN_CAD/LysN_CAD_2pass_results/HUVEC_LysN_HCD/interact-HUVEC_LysN_13_sub.pep.xml"
time="11:27:45" level=info msg="Parsing /scratch/negishi/afarzam/MSV000086944_results_v4/second_pass_upstream/LysN_CAD/LysN_CAD_2pass_results/HUVEC_LysN_HCD/interact-HUVEC_LysN_6_sub.pep.xml"
time="11:27:45" level=info msg="Parsing /scratch/negishi/afarzam/MSV000086944_results_v4/second_pass_upstream/LysN_CAD/LysN_CAD_2pass_results/HUVEC_LysN_HCD/interact-HUVEC_LysN_23_sub.pep.xml"
time="11:27:45" level=info msg="Parsing /scratch/negishi/afarzam/MSV000086944_results_v4/second_pass_upstream/LysN_CAD/LysN_CAD_2pass_results/HUVEC_LysN_HCD/interact-HUVEC_LysN_21_sub.pep.xml"
time="11:27:45" level=info msg="Parsing /scratch/negishi/afarzam/MSV000086944_results_v4/second_pass_upstream/LysN_CAD/LysN_CAD_2pass_results/HUVEC_LysN_HCD/interact-HUVEC_LysN_5_sub.pep.xml"
time="11:27:45" level=info msg="Parsing /scratch/negishi/afarzam/MSV000086944_results_v4/second_pass_upstream/LysN_CAD/LysN_CAD_2pass_results/HUVEC_LysN_HCD/interact-HUVEC_LysN_15_sub.pep.xml"
time="11:27:45" level=info msg="Parsing /scratch/negishi/afarzam/MSV000086944_results_v4/second_pass_upstream/LysN_CAD/LysN_CAD_2pass_results/HUVEC_LysN_HCD/interact-HUVEC_LysN_10_sub.pep.xml"
time="11:27:45" level=info msg="Parsing /scratch/negishi/afarzam/MSV000086944_results_v4/second_pass_upstream/LysN_CAD/LysN_CAD_2pass_results/HUVEC_LysN_HCD/interact-HUVEC_LysN_16_sub.pep.xml"
time="11:27:45" level=info msg="Parsing /scratch/negishi/afarzam/MSV000086944_results_v4/second_pass_upstream/LysN_CAD/LysN_CAD_2pass_results/HUVEC_LysN_HCD/interact-HUVEC_LysN_14_sub.pep.xml"
time="11:27:45" level=info msg="Parsing /scratch/negishi/afarzam/MSV000086944_results_v4/second_pass_upstream/LysN_CAD/LysN_CAD_2pass_results/HUVEC_LysN_HCD/interact-HUVEC_LysN_31_sub.pep.xml"
time="11:27:45" level=info msg="Parsing /scratch/negishi/afarzam/MSV000086944_results_v4/second_pass_upstream/LysN_CAD/LysN_CAD_2pass_results/HUVEC_LysN_HCD/interact-HUVEC_LysN_11_sub.pep.xml"
time="11:27:45" level=info msg="Parsing /scratch/negishi/afarzam/MSV000086944_results_v4/second_pass_upstream/LysN_CAD/LysN_CAD_2pass_results/HUVEC_LysN_HCD/interact-HUVEC_LysN_7_sub.pep.xml"
time="11:27:45" level=info msg="Parsing /scratch/negishi/afarzam/MSV000086944_results_v4/second_pass_upstream/LysN_CAD/LysN_CAD_2pass_results/HUVEC_LysN_HCD/interact-HUVEC_LysN_2_sub.pep.xml"
time="11:27:45" level=info msg="Parsing /scratch/negishi/afarzam/MSV000086944_results_v4/second_pass_upstream/LysN_CAD/LysN_CAD_2pass_results/HUVEC_LysN_HCD/interact-HUVEC_LysN_34_sub.pep.xml"
time="11:27:47" level=info msg="1+ Charge profile" decoy=0 target=0
time="11:27:47" level=info msg="2+ Charge profile" decoy=83 target=363
time="11:27:47" level=info msg="3+ Charge profile" decoy=104 target=303
time="11:27:47" level=info msg="4+ Charge profile" decoy=47 target=170
time="11:27:47" level=info msg="5+ Charge profile" decoy=10 target=45
time="11:27:47" level=info msg="6+ Charge profile" decoy=10 target=10
time="11:27:47" level=info msg="Database search results" ions=964 peptides=918 psms=1153
time="11:27:47" level=info msg="Converged to 0.00 % FDR with 28 PSMs" decoy=0 threshold=0.924483 total=28
time="11:27:47" level=info msg="Converged to 0.00 % FDR with 22 Peptides" decoy=0 threshold=0.924483 total=22
time="11:27:47" level=info msg="Converged to 0.00 % FDR with 23 Ions" decoy=0 threshold=0.924483 total=23
time="11:27:47" level=info msg="Protein inference results" decoy=1705 target=2657
time="11:27:47" level=info msg="Converged to 0.00 % FDR with 47 Proteins" decoy=0 threshold=0.9872 total=47
time="11:27:47" level=info msg="Applying sequential FDR estimation" ions=17 peptides=16 psms=22
time="11:27:47" level=info msg="Converged to 0.00 % FDR with 21 PSMs" decoy=0 threshold=0.929786 total=21
time="11:27:47" level=info msg="Converged to 0.00 % FDR with 15 Peptides" decoy=0 threshold=0.929786 total=15
time="11:27:47" level=info msg="Converged to 0.00 % FDR with 16 Ions" decoy=0 threshold=0.929786 total=16
time="11:27:47" level=info msg="Post processing identifications"
time="11:27:47" level=info msg="Assigning protein identifications to layers"
time="11:27:47" level=info msg="Processing protein inference"
time="11:27:47" level=info msg="Synchronizing PSMs and proteins"
time="11:27:47" level=info msg="Final report numbers after FDR filtering, and post-processing" ions=16 peptides=15 proteins=12 psms=21
time="11:27:47" level=info msg=Saving
time="11:27:47" level=info msg=Done
