time="18:53:07" level=info msg="Executing Filter  v5.1.2"
time="18:53:07" level=info msg="Fetching protein inference from /scratch/negishi/afarzam/MSV000086944_results_v4/second_pass_downstream/GluC_ETD/GluC_ETD_2pass_results/GM12878_GluC_ETD"
time="18:53:07" level=info msg="Processing peptide identification files"
time="18:53:07" level=info msg="Parsing /scratch/negishi/afarzam/MSV000086944_results_v4/second_pass_downstream/GluC_ETD/GluC_ETD_2pass_results/HeLa_GluC_ETD/interact-20151031_alr_CompleteHumanProteome_HeLaS3_ETD_GluC_fr7_sub.pep.xml"
time="18:53:07" level=info msg="Parsing /scratch/negishi/afarzam/MSV000086944_results_v4/second_pass_downstream/GluC_ETD/GluC_ETD_2pass_results/HeLa_GluC_ETD/interact-20151031_alr_CompleteHumanProteome_HeLaS3_ETD_GluC_fr10_sub.pep.xml"
time="18:53:07" level=info msg="Parsing /scratch/negishi/afarzam/MSV000086944_results_v4/second_pass_downstream/GluC_ETD/GluC_ETD_2pass_results/HeLa_GluC_ETD/interact-20151031_alr_CompleteHumanProteome_HeLaS3_ETD_GluC_fr23_sub.pep.xml"
time="18:53:07" level=info msg="Parsing /scratch/negishi/afarzam/MSV000086944_results_v4/second_pass_downstream/GluC_ETD/GluC_ETD_2pass_results/HeLa_GluC_ETD/interact-20151031_alr_CompleteHumanProteome_HeLaS3_ETD_GluC_fr22_sub.pep.xml"
time="18:53:07" level=info msg="Parsing /scratch/negishi/afarzam/MSV000086944_results_v4/second_pass_downstream/GluC_ETD/GluC_ETD_2pass_results/HeLa_GluC_ETD/interact-20151031_alr_CompleteHumanProteome_HeLaS3_ETD_GluC_fr30_sub.pep.xml"
time="18:53:07" level=info msg="Parsing /scratch/negishi/afarzam/MSV000086944_results_v4/second_pass_downstream/GluC_ETD/GluC_ETD_2pass_results/HeLa_GluC_ETD/interact-20151031_alr_CompleteHumanProteome_HeLaS3_ETD_GluC_fr29_sub.pep.xml"
time="18:53:07" level=info msg="Parsing /scratch/negishi/afarzam/MSV000086944_results_v4/second_pass_downstream/GluC_ETD/GluC_ETD_2pass_results/HeLa_GluC_ETD/interact-20151031_alr_CompleteHumanProteome_HeLaS3_ETD_GluC_fr16_sub.pep.xml"
time="18:53:07" level=info msg="Parsing /scratch/negishi/afarzam/MSV000086944_results_v4/second_pass_downstream/GluC_ETD/GluC_ETD_2pass_results/HeLa_GluC_ETD/interact-20151031_alr_CompleteHumanProteome_HeLaS3_ETD_GluC_fr3_sub.pep.xml"
time="18:53:07" level=info msg="Parsing /scratch/negishi/afarzam/MSV000086944_results_v4/second_pass_downstream/GluC_ETD/GluC_ETD_2pass_results/HeLa_GluC_ETD/interact-20151031_alr_CompleteHumanProteome_HeLaS3_ETD_GluC_fr2_sub.pep.xml"
time="18:53:07" level=info msg="Parsing /scratch/negishi/afarzam/MSV000086944_results_v4/second_pass_downstream/GluC_ETD/GluC_ETD_2pass_results/HeLa_GluC_ETD/interact-20151031_alr_CompleteHumanProteome_HeLaS3_ETD_GluC_fr26_sub.pep.xml"
time="18:53:07" level=info msg="Parsing /scratch/negishi/afarzam/MSV000086944_results_v4/second_pass_downstream/GluC_ETD/GluC_ETD_2pass_results/HeLa_GluC_ETD/interact-20151031_alr_CompleteHumanProteome_HeLaS3_ETD_GluC_fr13_sub.pep.xml"
time="18:53:07" level=info msg="Parsing /scratch/negishi/afarzam/MSV000086944_results_v4/second_pass_downstream/GluC_ETD/GluC_ETD_2pass_results/HeLa_GluC_ETD/interact-20151031_alr_CompleteHumanProteome_HeLaS3_ETD_GluC_fr15_sub.pep.xml"
time="18:53:07" level=info msg="Parsing /scratch/negishi/afarzam/MSV000086944_results_v4/second_pass_downstream/GluC_ETD/GluC_ETD_2pass_results/HeLa_GluC_ETD/interact-20151031_alr_CompleteHumanProteome_HeLaS3_ETD_GluC_fr11_sub.pep.xml"
time="18:53:07" level=info msg="Parsing /scratch/negishi/afarzam/MSV000086944_results_v4/second_pass_downstream/GluC_ETD/GluC_ETD_2pass_results/HeLa_GluC_ETD/interact-20151031_alr_CompleteHumanProteome_HeLaS3_ETD_GluC_fr24_sub.pep.xml"
time="18:53:07" level=info msg="Parsing /scratch/negishi/afarzam/MSV000086944_results_v4/second_pass_downstream/GluC_ETD/GluC_ETD_2pass_results/HeLa_GluC_ETD/interact-20151031_alr_CompleteHumanProteome_HeLaS3_ETD_GluC_fr28_sub.pep.xml"
time="18:53:07" level=info msg="Parsing /scratch/negishi/afarzam/MSV000086944_results_v4/second_pass_downstream/GluC_ETD/GluC_ETD_2pass_results/HeLa_GluC_ETD/interact-20151031_alr_CompleteHumanProteome_HeLaS3_ETD_GluC_fr12_sub.pep.xml"
time="18:53:07" level=info msg="Parsing /scratch/negishi/afarzam/MSV000086944_results_v4/second_pass_downstream/GluC_ETD/GluC_ETD_2pass_results/HeLa_GluC_ETD/interact-20151031_alr_CompleteHumanProteome_HeLaS3_ETD_GluC_fr5_sub.pep.xml"
time="18:53:07" level=info msg="Parsing /scratch/negishi/afarzam/MSV000086944_results_v4/second_pass_downstream/GluC_ETD/GluC_ETD_2pass_results/HeLa_GluC_ETD/interact-20151031_alr_CompleteHumanProteome_HeLaS3_ETD_GluC_fr27_sub.pep.xml"
time="18:53:07" level=info msg="Parsing /scratch/negishi/afarzam/MSV000086944_results_v4/second_pass_downstream/GluC_ETD/GluC_ETD_2pass_results/HeLa_GluC_ETD/interact-20151031_alr_CompleteHumanProteome_HeLaS3_ETD_GluC_fr19_sub.pep.xml"
time="18:53:07" level=info msg="Parsing /scratch/negishi/afarzam/MSV000086944_results_v4/second_pass_downstream/GluC_ETD/GluC_ETD_2pass_results/HeLa_GluC_ETD/interact-20151031_alr_CompleteHumanProteome_HeLaS3_ETD_GluC_fr18_sub.pep.xml"
time="18:53:07" level=info msg="Parsing /scratch/negishi/afarzam/MSV000086944_results_v4/second_pass_downstream/GluC_ETD/GluC_ETD_2pass_results/HeLa_GluC_ETD/interact-20151031_alr_CompleteHumanProteome_HeLaS3_ETD_GluC_fr6_sub.pep.xml"
time="18:53:07" level=info msg="Parsing /scratch/negishi/afarzam/MSV000086944_results_v4/second_pass_downstream/GluC_ETD/GluC_ETD_2pass_results/HeLa_GluC_ETD/interact-20151031_alr_CompleteHumanProteome_HeLaS3_ETD_GluC_fr14_sub.pep.xml"
time="18:53:07" level=info msg="Parsing /scratch/negishi/afarzam/MSV000086944_results_v4/second_pass_downstream/GluC_ETD/GluC_ETD_2pass_results/HeLa_GluC_ETD/interact-20151031_alr_CompleteHumanProteome_HeLaS3_ETD_GluC_fr4_sub.pep.xml"
time="18:53:07" level=info msg="Parsing /scratch/negishi/afarzam/MSV000086944_results_v4/second_pass_downstream/GluC_ETD/GluC_ETD_2pass_results/HeLa_GluC_ETD/interact-20151031_alr_CompleteHumanProteome_HeLaS3_ETD_GluC_fr17_sub.pep.xml"
time="18:53:07" level=info msg="Parsing /scratch/negishi/afarzam/MSV000086944_results_v4/second_pass_downstream/GluC_ETD/GluC_ETD_2pass_results/HeLa_GluC_ETD/interact-20151031_alr_CompleteHumanProteome_HeLaS3_ETD_GluC_fr20_sub.pep.xml"
time="18:53:07" level=info msg="Parsing /scratch/negishi/afarzam/MSV000086944_results_v4/second_pass_downstream/GluC_ETD/GluC_ETD_2pass_results/HeLa_GluC_ETD/interact-20151031_alr_CompleteHumanProteome_HeLaS3_ETD_GluC_fr1_sub.pep.xml"
time="18:53:07" level=info msg="Parsing /scratch/negishi/afarzam/MSV000086944_results_v4/second_pass_downstream/GluC_ETD/GluC_ETD_2pass_results/HeLa_GluC_ETD/interact-20151031_alr_CompleteHumanProteome_HeLaS3_ETD_GluC_fr21_sub.pep.xml"
time="18:53:07" level=info msg="Parsing /scratch/negishi/afarzam/MSV000086944_results_v4/second_pass_downstream/GluC_ETD/GluC_ETD_2pass_results/HeLa_GluC_ETD/interact-20151031_alr_CompleteHumanProteome_HeLaS3_ETD_GluC_fr25_sub.pep.xml"
time="18:53:07" level=warning msg="No PSM was found in data set. /scratch/negishi/afarzam/MSV000086944_results_v4/second_pass_downstream/GluC_ETD/GluC_ETD_2pass_results/HeLa_GluC_ETD/interact-20151031_alr_CompleteHumanProteome_HeLaS3_ETD_GluC_fr12_sub.pep.xml"
time="18:53:09" level=info msg="1+ Charge profile" decoy=0 target=0
time="18:53:09" level=info msg="2+ Charge profile" decoy=125 target=377
time="18:53:09" level=info msg="3+ Charge profile" decoy=106 target=311
time="18:53:09" level=info msg="4+ Charge profile" decoy=61 target=216
time="18:53:09" level=info msg="5+ Charge profile" decoy=30 target=83
time="18:53:09" level=info msg="6+ Charge profile" decoy=6 target=18
time="18:53:09" level=info msg="Database search results" ions=1156 peptides=1104 psms=1333
time="18:53:09" level=info msg="Converged to 0.00 % FDR with 5 PSMs" decoy=0 threshold=0.954251 total=5
time="18:53:09" level=info msg="Converged to 0.00 % FDR with 5 Peptides" decoy=0 threshold=0.954251 total=5
time="18:53:09" level=info msg="Converged to 0.00 % FDR with 5 Ions" decoy=0 threshold=0.954251 total=5
time="18:53:09" level=info msg="Protein inference results" decoy=1289 target=2085
time="18:53:09" level=info msg="Converged to 0.00 % FDR with 8 Proteins" decoy=0 threshold=0.9766 total=8
time="18:53:09" level=info msg="Applying sequential FDR estimation" ions=2 peptides=2 psms=2
time="18:53:09" level=info msg="Converged to 0.00 % FDR with 1 PSMs" decoy=0 threshold=0.982415 total=1
time="18:53:09" level=info msg="Converged to 0.00 % FDR with 1 Peptides" decoy=0 threshold=0.982415 total=1
time="18:53:09" level=info msg="Converged to 0.00 % FDR with 1 Ions" decoy=0 threshold=0.982415 total=1
time="18:53:09" level=info msg="Post processing identifications"
time="18:53:09" level=info msg="Assigning protein identifications to layers"
time="18:53:09" level=info msg="Processing protein inference"
time="18:53:10" level=info msg="Synchronizing PSMs and proteins"
time="18:53:10" level=info msg="Final report numbers after FDR filtering, and post-processing" ions=1 peptides=1 proteins=1 psms=1
time="18:53:10" level=info msg=Saving
time="18:53:10" level=info msg=Done
