time="14:38:21" level=info msg="Executing Filter  v5.1.2"
time="14:38:21" level=info msg="Processing peptide identification files"
time="14:38:21" level=info msg="Parsing /scratch/negishi/afarzam/MSV000086944_results_and_control_searches/second_pass_downstream_nozf/GluC_ETD/GluC_ETD_2pass_results/GM12878_GluC_ETD/interact-20151110_alr_CompleteHumanProteome_GM12878_ETD_GluC_fr9_sub.pep.xml"
time="14:38:21" level=info msg="Parsing /scratch/negishi/afarzam/MSV000086944_results_and_control_searches/second_pass_downstream_nozf/GluC_ETD/GluC_ETD_2pass_results/GM12878_GluC_ETD/interact-20151110_alr_CompleteHumanProteome_GM12878_ETD_GluC_fr10_sub.pep.xml"
time="14:38:21" level=info msg="Parsing /scratch/negishi/afarzam/MSV000086944_results_and_control_searches/second_pass_downstream_nozf/GluC_ETD/GluC_ETD_2pass_results/GM12878_GluC_ETD/interact-20151110_alr_CompleteHumanProteome_GM12878_ETD_GluC_fr15_sub.pep.xml"
time="14:38:21" level=info msg="Parsing /scratch/negishi/afarzam/MSV000086944_results_and_control_searches/second_pass_downstream_nozf/GluC_ETD/GluC_ETD_2pass_results/GM12878_GluC_ETD/interact-20151110_alr_CompleteHumanProteome_GM12878_ETD_GluC_fr26_sub.pep.xml"
time="14:38:21" level=info msg="Parsing /scratch/negishi/afarzam/MSV000086944_results_and_control_searches/second_pass_downstream_nozf/GluC_ETD/GluC_ETD_2pass_results/GM12878_GluC_ETD/interact-20151110_alr_CompleteHumanProteome_GM12878_ETD_GluC_fr12_sub.pep.xml"
time="14:38:21" level=info msg="Parsing /scratch/negishi/afarzam/MSV000086944_results_and_control_searches/second_pass_downstream_nozf/GluC_ETD/GluC_ETD_2pass_results/GM12878_GluC_ETD/interact-20151110_alr_CompleteHumanProteome_GM12878_ETD_GluC_fr3_sub.pep.xml"
time="14:38:21" level=info msg="Parsing /scratch/negishi/afarzam/MSV000086944_results_and_control_searches/second_pass_downstream_nozf/GluC_ETD/GluC_ETD_2pass_results/GM12878_GluC_ETD/interact-20151110_alr_CompleteHumanProteome_GM12878_ETD_GluC_fr29_sub.pep.xml"
time="14:38:21" level=info msg="Parsing /scratch/negishi/afarzam/MSV000086944_results_and_control_searches/second_pass_downstream_nozf/GluC_ETD/GluC_ETD_2pass_results/GM12878_GluC_ETD/interact-20151110_alr_CompleteHumanProteome_GM12878_ETD_GluC_fr2_sub.pep.xml"
time="14:38:21" level=info msg="Parsing /scratch/negishi/afarzam/MSV000086944_results_and_control_searches/second_pass_downstream_nozf/GluC_ETD/GluC_ETD_2pass_results/GM12878_GluC_ETD/interact-20151110_alr_CompleteHumanProteome_GM12878_ETD_GluC_fr27_sub.pep.xml"
time="14:38:21" level=info msg="Parsing /scratch/negishi/afarzam/MSV000086944_results_and_control_searches/second_pass_downstream_nozf/GluC_ETD/GluC_ETD_2pass_results/GM12878_GluC_ETD/interact-20151110_alr_CompleteHumanProteome_GM12878_ETD_GluC_fr6_sub.pep.xml"
time="14:38:21" level=info msg="Parsing /scratch/negishi/afarzam/MSV000086944_results_and_control_searches/second_pass_downstream_nozf/GluC_ETD/GluC_ETD_2pass_results/GM12878_GluC_ETD/interact-20151110_alr_CompleteHumanProteome_GM12878_ETD_GluC_fr20_sub.pep.xml"
time="14:38:21" level=info msg="Parsing /scratch/negishi/afarzam/MSV000086944_results_and_control_searches/second_pass_downstream_nozf/GluC_ETD/GluC_ETD_2pass_results/GM12878_GluC_ETD/interact-20151110_alr_CompleteHumanProteome_GM12878_ETD_GluC_fr18_sub.pep.xml"
time="14:38:21" level=info msg="Parsing /scratch/negishi/afarzam/MSV000086944_results_and_control_searches/second_pass_downstream_nozf/GluC_ETD/GluC_ETD_2pass_results/GM12878_GluC_ETD/interact-20151110_alr_CompleteHumanProteome_GM12878_ETD_GluC_fr23_sub.pep.xml"
time="14:38:21" level=info msg="Parsing /scratch/negishi/afarzam/MSV000086944_results_and_control_searches/second_pass_downstream_nozf/GluC_ETD/GluC_ETD_2pass_results/GM12878_GluC_ETD/interact-20151110_alr_CompleteHumanProteome_GM12878_ETD_GluC_fr13_sub.pep.xml"
time="14:38:21" level=info msg="Parsing /scratch/negishi/afarzam/MSV000086944_results_and_control_searches/second_pass_downstream_nozf/GluC_ETD/GluC_ETD_2pass_results/GM12878_GluC_ETD/interact-20151110_alr_CompleteHumanProteome_GM12878_ETD_GluC_fr25_sub.pep.xml"
time="14:38:21" level=info msg="Parsing /scratch/negishi/afarzam/MSV000086944_results_and_control_searches/second_pass_downstream_nozf/GluC_ETD/GluC_ETD_2pass_results/GM12878_GluC_ETD/interact-20151110_alr_CompleteHumanProteome_GM12878_ETD_GluC_fr11_sub.pep.xml"
time="14:38:21" level=info msg="Parsing /scratch/negishi/afarzam/MSV000086944_results_and_control_searches/second_pass_downstream_nozf/GluC_ETD/GluC_ETD_2pass_results/GM12878_GluC_ETD/interact-20151110_alr_CompleteHumanProteome_GM12878_ETD_GluC_fr4_sub.pep.xml"
time="14:38:21" level=info msg="Parsing /scratch/negishi/afarzam/MSV000086944_results_and_control_searches/second_pass_downstream_nozf/GluC_ETD/GluC_ETD_2pass_results/GM12878_GluC_ETD/interact-20151110_alr_CompleteHumanProteome_GM12878_ETD_GluC_fr21_sub.pep.xml"
time="14:38:21" level=info msg="Parsing /scratch/negishi/afarzam/MSV000086944_results_and_control_searches/second_pass_downstream_nozf/GluC_ETD/GluC_ETD_2pass_results/GM12878_GluC_ETD/interact-20151110_alr_CompleteHumanProteome_GM12878_ETD_GluC_fr30_sub.pep.xml"
time="14:38:21" level=info msg="Parsing /scratch/negishi/afarzam/MSV000086944_results_and_control_searches/second_pass_downstream_nozf/GluC_ETD/GluC_ETD_2pass_results/GM12878_GluC_ETD/interact-20151110_alr_CompleteHumanProteome_GM12878_ETD_GluC_fr1_sub.pep.xml"
time="14:38:21" level=info msg="Parsing /scratch/negishi/afarzam/MSV000086944_results_and_control_searches/second_pass_downstream_nozf/GluC_ETD/GluC_ETD_2pass_results/GM12878_GluC_ETD/interact-20151110_alr_CompleteHumanProteome_GM12878_ETD_GluC_fr14_sub.pep.xml"
time="14:38:21" level=info msg="Parsing /scratch/negishi/afarzam/MSV000086944_results_and_control_searches/second_pass_downstream_nozf/GluC_ETD/GluC_ETD_2pass_results/GM12878_GluC_ETD/interact-20151110_alr_CompleteHumanProteome_GM12878_ETD_GluC_fr22_sub.pep.xml"
time="14:38:21" level=info msg="Parsing /scratch/negishi/afarzam/MSV000086944_results_and_control_searches/second_pass_downstream_nozf/GluC_ETD/GluC_ETD_2pass_results/GM12878_GluC_ETD/interact-20151110_alr_CompleteHumanProteome_GM12878_ETD_GluC_fr16_sub.pep.xml"
time="14:38:21" level=info msg="Parsing /scratch/negishi/afarzam/MSV000086944_results_and_control_searches/second_pass_downstream_nozf/GluC_ETD/GluC_ETD_2pass_results/GM12878_GluC_ETD/interact-20151110_alr_CompleteHumanProteome_GM12878_ETD_GluC_fr17_sub.pep.xml"
time="14:38:21" level=info msg="Parsing /scratch/negishi/afarzam/MSV000086944_results_and_control_searches/second_pass_downstream_nozf/GluC_ETD/GluC_ETD_2pass_results/GM12878_GluC_ETD/interact-20151110_alr_CompleteHumanProteome_GM12878_ETD_GluC_fr5_sub.pep.xml"
time="14:38:21" level=info msg="Parsing /scratch/negishi/afarzam/MSV000086944_results_and_control_searches/second_pass_downstream_nozf/GluC_ETD/GluC_ETD_2pass_results/GM12878_GluC_ETD/interact-20151110_alr_CompleteHumanProteome_GM12878_ETD_GluC_fr8_sub.pep.xml"
time="14:38:21" level=info msg="Parsing /scratch/negishi/afarzam/MSV000086944_results_and_control_searches/second_pass_downstream_nozf/GluC_ETD/GluC_ETD_2pass_results/GM12878_GluC_ETD/interact-20151110_alr_CompleteHumanProteome_GM12878_ETD_GluC_fr24_sub.pep.xml"
time="14:38:21" level=info msg="Parsing /scratch/negishi/afarzam/MSV000086944_results_and_control_searches/second_pass_downstream_nozf/GluC_ETD/GluC_ETD_2pass_results/GM12878_GluC_ETD/interact-20151110_alr_CompleteHumanProteome_GM12878_ETD_GluC_fr28_sub.pep.xml"
time="14:38:21" level=info msg="Parsing /scratch/negishi/afarzam/MSV000086944_results_and_control_searches/second_pass_downstream_nozf/GluC_ETD/GluC_ETD_2pass_results/GM12878_GluC_ETD/interact-20151110_alr_CompleteHumanProteome_GM12878_ETD_GluC_fr19_sub.pep.xml"
time="14:38:21" level=info msg="Parsing /scratch/negishi/afarzam/MSV000086944_results_and_control_searches/second_pass_downstream_nozf/GluC_ETD/GluC_ETD_2pass_results/GM12878_GluC_ETD/interact-20151110_alr_CompleteHumanProteome_GM12878_ETD_GluC_fr7_sub.pep.xml"
time="14:38:21" level=warning msg="No PSM was found in data set. /scratch/negishi/afarzam/MSV000086944_results_and_control_searches/second_pass_downstream_nozf/GluC_ETD/GluC_ETD_2pass_results/GM12878_GluC_ETD/interact-20151110_alr_CompleteHumanProteome_GM12878_ETD_GluC_fr13_sub.pep.xml"
time="14:38:22" level=info msg="1+ Charge profile" decoy=0 target=0
time="14:38:22" level=info msg="2+ Charge profile" decoy=51 target=200
time="14:38:22" level=info msg="3+ Charge profile" decoy=38 target=152
time="14:38:22" level=info msg="4+ Charge profile" decoy=26 target=86
time="14:38:22" level=info msg="5+ Charge profile" decoy=16 target=48
time="14:38:22" level=info msg="6+ Charge profile" decoy=6 target=8
time="14:38:22" level=info msg="Database search results" ions=553 peptides=525 psms=631
time="14:38:22" level=info msg="Converged to 0.00 % FDR with 9 PSMs" decoy=0 threshold=0.906844 total=9
time="14:38:22" level=info msg="Converged to 0.00 % FDR with 8 Peptides" decoy=0 threshold=0.906844 total=8
time="14:38:22" level=info msg="Converged to 0.00 % FDR with 8 Ions" decoy=0 threshold=0.906844 total=8
time="14:38:22" level=info msg="Protein inference results" decoy=839 target=1273
time="14:38:22" level=info msg="Converged to 0.00 % FDR with 16 Proteins" decoy=0 threshold=0.9388 total=16
time="14:38:22" level=info msg="Applying sequential FDR estimation" ions=5 peptides=5 psms=6
time="14:38:22" level=info msg="Converged to 0.00 % FDR with 5 PSMs" decoy=0 threshold=0.94191 total=5
time="14:38:22" level=info msg="Converged to 0.00 % FDR with 4 Peptides" decoy=0 threshold=0.950144 total=4
time="14:38:22" level=info msg="Converged to 0.00 % FDR with 4 Ions" decoy=0 threshold=0.950144 total=4
time="14:38:22" level=info msg="Post processing identifications"
time="14:38:22" level=info msg="Assigning protein identifications to layers"
time="14:38:22" level=info msg="Processing protein inference"
time="14:38:22" level=info msg="Synchronizing PSMs and proteins"
time="14:38:22" level=info msg="Final report numbers after FDR filtering, and post-processing" ions=4 peptides=4 proteins=5 psms=5
time="14:38:22" level=info msg=Saving
time="14:38:22" level=info msg=Done
