time="09:18:11" level=info msg="Executing Filter  v5.1.2"
time="09:18:11" level=info msg="Fetching protein inference from /scratch/negishi/afarzam/MSV000086944_results_v4/second_pass_upstream/GluC_ETD/GluC_ETD_2pass_results/GM12878_GluC_ETD"
time="09:18:11" level=info msg="Processing peptide identification files"
time="09:18:11" level=info msg="Parsing /scratch/negishi/afarzam/MSV000086944_results_v4/second_pass_upstream/GluC_ETD/GluC_ETD_2pass_results/K562_GluC_ETD/interact-20160205_alr_CompleteHumanProteome_K562_GluC_ETD_fr15_sub.pep.xml"
time="09:18:11" level=info msg="Parsing /scratch/negishi/afarzam/MSV000086944_results_v4/second_pass_upstream/GluC_ETD/GluC_ETD_2pass_results/K562_GluC_ETD/interact-20160205_alr_CompleteHumanProteome_K562_GluC_ETD_fr13_sub.pep.xml"
time="09:18:11" level=info msg="Parsing /scratch/negishi/afarzam/MSV000086944_results_v4/second_pass_upstream/GluC_ETD/GluC_ETD_2pass_results/K562_GluC_ETD/interact-20160205_alr_CompleteHumanProteome_K562_GluC_ETD_fr9_sub.pep.xml"
time="09:18:11" level=info msg="Parsing /scratch/negishi/afarzam/MSV000086944_results_v4/second_pass_upstream/GluC_ETD/GluC_ETD_2pass_results/K562_GluC_ETD/interact-20160205_alr_CompleteHumanProteome_K562_GluC_ETD_fr12_sub.pep.xml"
time="09:18:11" level=info msg="Parsing /scratch/negishi/afarzam/MSV000086944_results_v4/second_pass_upstream/GluC_ETD/GluC_ETD_2pass_results/K562_GluC_ETD/interact-20160205_alr_CompleteHumanProteome_K562_GluC_ETD_fr26_sub.pep.xml"
time="09:18:11" level=info msg="Parsing /scratch/negishi/afarzam/MSV000086944_results_v4/second_pass_upstream/GluC_ETD/GluC_ETD_2pass_results/K562_GluC_ETD/interact-20160205_alr_CompleteHumanProteome_K562_GluC_ETD_fr4_sub.pep.xml"
time="09:18:11" level=info msg="Parsing /scratch/negishi/afarzam/MSV000086944_results_v4/second_pass_upstream/GluC_ETD/GluC_ETD_2pass_results/K562_GluC_ETD/interact-20160205_alr_CompleteHumanProteome_K562_GluC_ETD_fr3_sub.pep.xml"
time="09:18:11" level=info msg="Parsing /scratch/negishi/afarzam/MSV000086944_results_v4/second_pass_upstream/GluC_ETD/GluC_ETD_2pass_results/K562_GluC_ETD/interact-20160205_alr_CompleteHumanProteome_K562_GluC_ETD_fr10_sub.pep.xml"
time="09:18:11" level=info msg="Parsing /scratch/negishi/afarzam/MSV000086944_results_v4/second_pass_upstream/GluC_ETD/GluC_ETD_2pass_results/K562_GluC_ETD/interact-20160205_alr_CompleteHumanProteome_K562_GluC_ETD_fr16_sub.pep.xml"
time="09:18:11" level=info msg="Parsing /scratch/negishi/afarzam/MSV000086944_results_v4/second_pass_upstream/GluC_ETD/GluC_ETD_2pass_results/K562_GluC_ETD/interact-20160205_alr_CompleteHumanProteome_K562_GluC_ETD_fr27_sub.pep.xml"
time="09:18:11" level=info msg="Parsing /scratch/negishi/afarzam/MSV000086944_results_v4/second_pass_upstream/GluC_ETD/GluC_ETD_2pass_results/K562_GluC_ETD/interact-20160205_alr_CompleteHumanProteome_K562_GluC_ETD_fr6_sub.pep.xml"
time="09:18:11" level=info msg="Parsing /scratch/negishi/afarzam/MSV000086944_results_v4/second_pass_upstream/GluC_ETD/GluC_ETD_2pass_results/K562_GluC_ETD/interact-20160205_alr_CompleteHumanProteome_K562_GluC_ETD_fr5_sub.pep.xml"
time="09:18:11" level=info msg="Parsing /scratch/negishi/afarzam/MSV000086944_results_v4/second_pass_upstream/GluC_ETD/GluC_ETD_2pass_results/K562_GluC_ETD/interact-20160205_alr_CompleteHumanProteome_K562_GluC_ETD_fr28_sub.pep.xml"
time="09:18:11" level=info msg="Parsing /scratch/negishi/afarzam/MSV000086944_results_v4/second_pass_upstream/GluC_ETD/GluC_ETD_2pass_results/K562_GluC_ETD/interact-20160205_alr_CompleteHumanProteome_K562_GluC_ETD_fr7_sub.pep.xml"
time="09:18:11" level=info msg="Parsing /scratch/negishi/afarzam/MSV000086944_results_v4/second_pass_upstream/GluC_ETD/GluC_ETD_2pass_results/K562_GluC_ETD/interact-20160205_alr_CompleteHumanProteome_K562_GluC_ETD_fr2_sub.pep.xml"
time="09:18:11" level=info msg="Parsing /scratch/negishi/afarzam/MSV000086944_results_v4/second_pass_upstream/GluC_ETD/GluC_ETD_2pass_results/K562_GluC_ETD/interact-20160205_alr_CompleteHumanProteome_K562_GluC_ETD_fr14_sub.pep.xml"
time="09:18:11" level=info msg="Parsing /scratch/negishi/afarzam/MSV000086944_results_v4/second_pass_upstream/GluC_ETD/GluC_ETD_2pass_results/K562_GluC_ETD/interact-20160205_alr_CompleteHumanProteome_K562_GluC_ETD_fr17_sub.pep.xml"
time="09:18:11" level=info msg="Parsing /scratch/negishi/afarzam/MSV000086944_results_v4/second_pass_upstream/GluC_ETD/GluC_ETD_2pass_results/K562_GluC_ETD/interact-20160205_alr_CompleteHumanProteome_K562_GluC_ETD_fr22_sub.pep.xml"
time="09:18:11" level=info msg="Parsing /scratch/negishi/afarzam/MSV000086944_results_v4/second_pass_upstream/GluC_ETD/GluC_ETD_2pass_results/K562_GluC_ETD/interact-20160205_alr_CompleteHumanProteome_K562_GluC_ETD_fr24_sub.pep.xml"
time="09:18:11" level=info msg="Parsing /scratch/negishi/afarzam/MSV000086944_results_v4/second_pass_upstream/GluC_ETD/GluC_ETD_2pass_results/K562_GluC_ETD/interact-20160205_alr_CompleteHumanProteome_K562_GluC_ETD_fr29_sub.pep.xml"
time="09:18:11" level=info msg="Parsing /scratch/negishi/afarzam/MSV000086944_results_v4/second_pass_upstream/GluC_ETD/GluC_ETD_2pass_results/K562_GluC_ETD/interact-20160205_alr_CompleteHumanProteome_K562_GluC_ETD_fr30_sub.pep.xml"
time="09:18:11" level=info msg="Parsing /scratch/negishi/afarzam/MSV000086944_results_v4/second_pass_upstream/GluC_ETD/GluC_ETD_2pass_results/K562_GluC_ETD/interact-20160205_alr_CompleteHumanProteome_K562_GluC_ETD_fr21_sub.pep.xml"
time="09:18:11" level=info msg="Parsing /scratch/negishi/afarzam/MSV000086944_results_v4/second_pass_upstream/GluC_ETD/GluC_ETD_2pass_results/K562_GluC_ETD/interact-20160205_alr_CompleteHumanProteome_K562_GluC_ETD_fr1_sub.pep.xml"
time="09:18:11" level=info msg="Parsing /scratch/negishi/afarzam/MSV000086944_results_v4/second_pass_upstream/GluC_ETD/GluC_ETD_2pass_results/K562_GluC_ETD/interact-20160205_alr_CompleteHumanProteome_K562_GluC_ETD_fr25_sub.pep.xml"
time="09:18:11" level=info msg="Parsing /scratch/negishi/afarzam/MSV000086944_results_v4/second_pass_upstream/GluC_ETD/GluC_ETD_2pass_results/K562_GluC_ETD/interact-20160205_alr_CompleteHumanProteome_K562_GluC_ETD_fr11_sub.pep.xml"
time="09:18:11" level=info msg="Parsing /scratch/negishi/afarzam/MSV000086944_results_v4/second_pass_upstream/GluC_ETD/GluC_ETD_2pass_results/K562_GluC_ETD/interact-20160205_alr_CompleteHumanProteome_K562_GluC_ETD_fr8_sub.pep.xml"
time="09:18:11" level=info msg="Parsing /scratch/negishi/afarzam/MSV000086944_results_v4/second_pass_upstream/GluC_ETD/GluC_ETD_2pass_results/K562_GluC_ETD/interact-20160205_alr_CompleteHumanProteome_K562_GluC_ETD_fr23_sub.pep.xml"
time="09:18:11" level=warning msg="No PSM was found in data set. /scratch/negishi/afarzam/MSV000086944_results_v4/second_pass_upstream/GluC_ETD/GluC_ETD_2pass_results/K562_GluC_ETD/interact-20160205_alr_CompleteHumanProteome_K562_GluC_ETD_fr6_sub.pep.xml"
time="09:18:11" level=info msg="Parsing /scratch/negishi/afarzam/MSV000086944_results_v4/second_pass_upstream/GluC_ETD/GluC_ETD_2pass_results/K562_GluC_ETD/interact-20160205_alr_CompleteHumanProteome_K562_GluC_ETD_fr18_sub.pep.xml"
time="09:18:11" level=info msg="Parsing /scratch/negishi/afarzam/MSV000086944_results_v4/second_pass_upstream/GluC_ETD/GluC_ETD_2pass_results/K562_GluC_ETD/interact-20160205_alr_CompleteHumanProteome_K562_GluC_ETD_fr19_sub.pep.xml"
time="09:18:11" level=warning msg="No PSM was found in data set. /scratch/negishi/afarzam/MSV000086944_results_v4/second_pass_upstream/GluC_ETD/GluC_ETD_2pass_results/K562_GluC_ETD/interact-20160205_alr_CompleteHumanProteome_K562_GluC_ETD_fr5_sub.pep.xml"
time="09:18:11" level=warning msg="No PSM was found in data set. /scratch/negishi/afarzam/MSV000086944_results_v4/second_pass_upstream/GluC_ETD/GluC_ETD_2pass_results/K562_GluC_ETD/interact-20160205_alr_CompleteHumanProteome_K562_GluC_ETD_fr8_sub.pep.xml"
time="09:18:13" level=info msg="1+ Charge profile" decoy=0 target=0
time="09:18:13" level=info msg="2+ Charge profile" decoy=56 target=181
time="09:18:13" level=info msg="3+ Charge profile" decoy=59 target=183
time="09:18:13" level=info msg="4+ Charge profile" decoy=42 target=90
time="09:18:13" level=info msg="5+ Charge profile" decoy=22 target=56
time="09:18:13" level=info msg="6+ Charge profile" decoy=4 target=12
time="09:18:13" level=info msg="Database search results" ions=604 peptides=579 psms=705
time="09:18:13" level=info msg="Converged to 0.00 % FDR with 6 PSMs" decoy=0 threshold=0.906088 total=6
time="09:18:13" level=info msg="Converged to 0.00 % FDR with 3 Peptides" decoy=0 threshold=0.907109 total=3
time="09:18:13" level=info msg="Converged to 0.00 % FDR with 4 Ions" decoy=0 threshold=0.907109 total=4
time="09:18:13" level=info msg="Protein inference results" decoy=2706 target=3650
time="09:18:13" level=info msg="Converged to 0.00 % FDR with 6 Proteins" decoy=0 threshold=0.9964 total=6
time="09:18:13" level=info msg="Applying sequential FDR estimation" ions=0 peptides=0 psms=0
time="09:18:13" level=info msg="Converged to 0.00 % FDR with 0 PSMs" decoy=0 threshold=10 total=0
time="09:18:13" level=info msg="Converged to 0.00 % FDR with 0 Peptides" decoy=0 threshold=10 total=0
time="09:18:13" level=info msg="Converged to 0.00 % FDR with 0 Ions" decoy=0 threshold=10 total=0
time="09:18:13" level=info msg="Post processing identifications"
time="09:18:13" level=info msg="Assigning protein identifications to layers"
time="09:18:14" level=info msg="Processing protein inference"
time="09:18:14" level=info msg="Synchronizing PSMs and proteins"
time="09:18:14" level=info msg="Final report numbers after FDR filtering, and post-processing" ions=0 peptides=0 proteins=0 psms=0
time="09:18:14" level=info msg=Saving
time="09:18:14" level=info msg=Done
