time="15:20:26" level=info msg="Executing Filter  v5.1.2"
time="15:20:26" level=info msg="Processing peptide identification files"
time="15:20:27" level=info msg="Parsing /scratch/negishi/afarzam/MSV000086944_results_and_control_searches/second_pass_downstream_nozf/LysC_CAD/LysC_CAD_2pass_results/GM12878_LysC_HCD/interact-20141029_alr_CompleteHumanProteome_GM12878_LysC_HCD_fr10_sub.pep.xml"
time="15:20:27" level=info msg="Parsing /scratch/negishi/afarzam/MSV000086944_results_and_control_searches/second_pass_downstream_nozf/LysC_CAD/LysC_CAD_2pass_results/GM12878_LysC_HCD/interact-20141029_alr_CompleteHumanProteome_GM12878_LysC_HCD_fr15_sub.pep.xml"
time="15:20:27" level=info msg="Parsing /scratch/negishi/afarzam/MSV000086944_results_and_control_searches/second_pass_downstream_nozf/LysC_CAD/LysC_CAD_2pass_results/GM12878_LysC_HCD/interact-20150104_alr_CompleteHumanProteome_GM12878_HCD_LysC_fr26_sub.pep.xml"
time="15:20:27" level=info msg="Parsing /scratch/negishi/afarzam/MSV000086944_results_and_control_searches/second_pass_downstream_nozf/LysC_CAD/LysC_CAD_2pass_results/GM12878_LysC_HCD/interact-20150104_alr_CompleteHumanProteome_GM12878_HCD_LysC_fr2_sub.pep.xml"
time="15:20:27" level=info msg="Parsing /scratch/negishi/afarzam/MSV000086944_results_and_control_searches/second_pass_downstream_nozf/LysC_CAD/LysC_CAD_2pass_results/GM12878_LysC_HCD/interact-GM12878_LysC_29_140927131842_sub.pep.xml"
time="15:20:27" level=info msg="Parsing /scratch/negishi/afarzam/MSV000086944_results_and_control_searches/second_pass_downstream_nozf/LysC_CAD/LysC_CAD_2pass_results/GM12878_LysC_HCD/interact-GM12878_LysC_25_sub.pep.xml"
time="15:20:27" level=info msg="Parsing /scratch/negishi/afarzam/MSV000086944_results_and_control_searches/second_pass_downstream_nozf/LysC_CAD/LysC_CAD_2pass_results/GM12878_LysC_HCD/interact-20141019_alr_CompleteHumanProteome_GM12878_HCD_LysC_fr6_sub.pep.xml"
time="15:20:27" level=info msg="Parsing /scratch/negishi/afarzam/MSV000086944_results_and_control_searches/second_pass_downstream_nozf/LysC_CAD/LysC_CAD_2pass_results/GM12878_LysC_HCD/interact-20141029_alr_CompleteHumanProteome_GM12878_LysC_HCD_fr11_sub.pep.xml"
time="15:20:27" level=info msg="Parsing /scratch/negishi/afarzam/MSV000086944_results_and_control_searches/second_pass_downstream_nozf/LysC_CAD/LysC_CAD_2pass_results/GM12878_LysC_HCD/interact-GM12878_LysC_23_sub.pep.xml"
time="15:20:27" level=info msg="Parsing /scratch/negishi/afarzam/MSV000086944_results_and_control_searches/second_pass_downstream_nozf/LysC_CAD/LysC_CAD_2pass_results/GM12878_LysC_HCD/interact-GM12878_LysC_33_sub.pep.xml"
time="15:20:27" level=info msg="Parsing /scratch/negishi/afarzam/MSV000086944_results_and_control_searches/second_pass_downstream_nozf/LysC_CAD/LysC_CAD_2pass_results/GM12878_LysC_HCD/interact-20150104_alr_CompleteHumanProteome_GM12878_HCD_LysC_fr35_sub.pep.xml"
time="15:20:27" level=info msg="Parsing /scratch/negishi/afarzam/MSV000086944_results_and_control_searches/second_pass_downstream_nozf/LysC_CAD/LysC_CAD_2pass_results/GM12878_LysC_HCD/interact-GM12878_LysC_26_sub.pep.xml"
time="15:20:27" level=info msg="Parsing /scratch/negishi/afarzam/MSV000086944_results_and_control_searches/second_pass_downstream_nozf/LysC_CAD/LysC_CAD_2pass_results/GM12878_LysC_HCD/interact-GM12878_LysC_28_2_sub.pep.xml"
time="15:20:27" level=info msg="Parsing /scratch/negishi/afarzam/MSV000086944_results_and_control_searches/second_pass_downstream_nozf/LysC_CAD/LysC_CAD_2pass_results/GM12878_LysC_HCD/interact-GM12878_LysC_28_sub.pep.xml"
time="15:20:27" level=info msg="Parsing /scratch/negishi/afarzam/MSV000086944_results_and_control_searches/second_pass_downstream_nozf/LysC_CAD/LysC_CAD_2pass_results/GM12878_LysC_HCD/interact-20150104_alr_CompleteHumanProteome_GM12878_HCD_LysC_fr1_sub.pep.xml"
time="15:20:27" level=info msg="Parsing /scratch/negishi/afarzam/MSV000086944_results_and_control_searches/second_pass_downstream_nozf/LysC_CAD/LysC_CAD_2pass_results/GM12878_LysC_HCD/interact-20150104_alr_CompleteHumanProteome_GM12878_HCD_LysC_fr16_sub.pep.xml"
time="15:20:27" level=info msg="Parsing /scratch/negishi/afarzam/MSV000086944_results_and_control_searches/second_pass_downstream_nozf/LysC_CAD/LysC_CAD_2pass_results/GM12878_LysC_HCD/interact-20150104_alr_CompleteHumanProteome_GM12878_HCD_LysC_fr4_sub.pep.xml"
time="15:20:27" level=warning msg="No PSM was found in data set. /scratch/negishi/afarzam/MSV000086944_results_and_control_searches/second_pass_downstream_nozf/LysC_CAD/LysC_CAD_2pass_results/GM12878_LysC_HCD/interact-GM12878_LysC_26_sub.pep.xml"
time="15:20:27" level=info msg="Parsing /scratch/negishi/afarzam/MSV000086944_results_and_control_searches/second_pass_downstream_nozf/LysC_CAD/LysC_CAD_2pass_results/GM12878_LysC_HCD/interact-20141019_alr_CompleteHumanProteome_GM12878_HCD_LysC_fr13_sub.pep.xml"
time="15:20:27" level=info msg="Parsing /scratch/negishi/afarzam/MSV000086944_results_and_control_searches/second_pass_downstream_nozf/LysC_CAD/LysC_CAD_2pass_results/GM12878_LysC_HCD/interact-GM12878_LysC_30_sub.pep.xml"
time="15:20:27" level=info msg="Parsing /scratch/negishi/afarzam/MSV000086944_results_and_control_searches/second_pass_downstream_nozf/LysC_CAD/LysC_CAD_2pass_results/GM12878_LysC_HCD/interact-20150104_alr_CompleteHumanProteome_GM12878_HCD_LysC_fr5_sub.pep.xml"
time="15:20:27" level=info msg="Parsing /scratch/negishi/afarzam/MSV000086944_results_and_control_searches/second_pass_downstream_nozf/LysC_CAD/LysC_CAD_2pass_results/GM12878_LysC_HCD/interact-GM12878_LysC_29_sub.pep.xml"
time="15:20:27" level=info msg="Parsing /scratch/negishi/afarzam/MSV000086944_results_and_control_searches/second_pass_downstream_nozf/LysC_CAD/LysC_CAD_2pass_results/GM12878_LysC_HCD/interact-20141019_alr_CompleteHumanProteome_GM12878_HCD_LysC_fr12_sub.pep.xml"
time="15:20:27" level=info msg="Parsing /scratch/negishi/afarzam/MSV000086944_results_and_control_searches/second_pass_downstream_nozf/LysC_CAD/LysC_CAD_2pass_results/GM12878_LysC_HCD/interact-20150104_alr_CompleteHumanProteome_GM12878_HCD_LysC_fr6_sub.pep.xml"
time="15:20:27" level=info msg="Parsing /scratch/negishi/afarzam/MSV000086944_results_and_control_searches/second_pass_downstream_nozf/LysC_CAD/LysC_CAD_2pass_results/GM12878_LysC_HCD/interact-20141029_alr_CompleteHumanProteome_GM12878_LysC_HCD_fr9_sub.pep.xml"
time="15:20:27" level=info msg="Parsing /scratch/negishi/afarzam/MSV000086944_results_and_control_searches/second_pass_downstream_nozf/LysC_CAD/LysC_CAD_2pass_results/GM12878_LysC_HCD/interact-20141029_alr_CompleteHumanProteome_GM12878_LysC_HCD_fr1_sub.pep.xml"
time="15:20:27" level=info msg="Parsing /scratch/negishi/afarzam/MSV000086944_results_and_control_searches/second_pass_downstream_nozf/LysC_CAD/LysC_CAD_2pass_results/GM12878_LysC_HCD/interact-20150104_alr_CompleteHumanProteome_GM12878_HCD_LysC_fr3_sub.pep.xml"
time="15:20:27" level=info msg="Parsing /scratch/negishi/afarzam/MSV000086944_results_and_control_searches/second_pass_downstream_nozf/LysC_CAD/LysC_CAD_2pass_results/GM12878_LysC_HCD/interact-GM12878_LysC_32_sub.pep.xml"
time="15:20:27" level=info msg="Parsing /scratch/negishi/afarzam/MSV000086944_results_and_control_searches/second_pass_downstream_nozf/LysC_CAD/LysC_CAD_2pass_results/GM12878_LysC_HCD/interact-20141029_alr_CompleteHumanProteome_GM12878_LysC_HCD_fr14_sub.pep.xml"
time="15:20:27" level=info msg="Parsing /scratch/negishi/afarzam/MSV000086944_results_and_control_searches/second_pass_downstream_nozf/LysC_CAD/LysC_CAD_2pass_results/GM12878_LysC_HCD/interact-20141029_alr_CompleteHumanProteome_GM12878_LysC_HCD_fr21_sub.pep.xml"
time="15:20:27" level=info msg="Parsing /scratch/negishi/afarzam/MSV000086944_results_and_control_searches/second_pass_downstream_nozf/LysC_CAD/LysC_CAD_2pass_results/GM12878_LysC_HCD/interact-GM12878_LysC_27_sub.pep.xml"
time="15:20:27" level=info msg="Parsing /scratch/negishi/afarzam/MSV000086944_results_and_control_searches/second_pass_downstream_nozf/LysC_CAD/LysC_CAD_2pass_results/GM12878_LysC_HCD/interact-GM12878_LysC_31_140927170153_sub.pep.xml"
time="15:20:27" level=info msg="Parsing /scratch/negishi/afarzam/MSV000086944_results_and_control_searches/second_pass_downstream_nozf/LysC_CAD/LysC_CAD_2pass_results/GM12878_LysC_HCD/interact-20141029_alr_CompleteHumanProteome_GM12878_LysC_HCD_fr17_141031155246_sub.pep.xml"
time="15:20:27" level=info msg="Parsing /scratch/negishi/afarzam/MSV000086944_results_and_control_searches/second_pass_downstream_nozf/LysC_CAD/LysC_CAD_2pass_results/GM12878_LysC_HCD/interact-GM12878_LysC_31_sub.pep.xml"
time="15:20:27" level=info msg="Parsing /scratch/negishi/afarzam/MSV000086944_results_and_control_searches/second_pass_downstream_nozf/LysC_CAD/LysC_CAD_2pass_results/GM12878_LysC_HCD/interact-20141029_alr_CompleteHumanProteome_GM12878_LysC_HCD_fr2_sub.pep.xml"
time="15:20:27" level=info msg="Parsing /scratch/negishi/afarzam/MSV000086944_results_and_control_searches/second_pass_downstream_nozf/LysC_CAD/LysC_CAD_2pass_results/GM12878_LysC_HCD/interact-20141029_alr_CompleteHumanProteome_GM12878_LysC_HCD_fr24_sub.pep.xml"
time="15:20:27" level=info msg="Parsing /scratch/negishi/afarzam/MSV000086944_results_and_control_searches/second_pass_downstream_nozf/LysC_CAD/LysC_CAD_2pass_results/GM12878_LysC_HCD/interact-GM12878_LysC_30_140927151016_sub.pep.xml"
time="15:20:27" level=info msg="Parsing /scratch/negishi/afarzam/MSV000086944_results_and_control_searches/second_pass_downstream_nozf/LysC_CAD/LysC_CAD_2pass_results/GM12878_LysC_HCD/interact-GM12878_LysC_22_sub.pep.xml"
time="15:20:27" level=info msg="Parsing /scratch/negishi/afarzam/MSV000086944_results_and_control_searches/second_pass_downstream_nozf/LysC_CAD/LysC_CAD_2pass_results/GM12878_LysC_HCD/interact-20141019_alr_CompleteHumanProteome_GM12878_HCD_LysC_fr7_sub.pep.xml"
time="15:20:27" level=info msg="Parsing /scratch/negishi/afarzam/MSV000086944_results_and_control_searches/second_pass_downstream_nozf/LysC_CAD/LysC_CAD_2pass_results/GM12878_LysC_HCD/interact-GM12878_LysC_20_sub.pep.xml"
time="15:20:27" level=info msg="Parsing /scratch/negishi/afarzam/MSV000086944_results_and_control_searches/second_pass_downstream_nozf/LysC_CAD/LysC_CAD_2pass_results/GM12878_LysC_HCD/interact-20141019_alr_CompleteHumanProteome_GM12878_HCD_LysC_fr8_sub.pep.xml"
time="15:20:27" level=warning msg="No PSM was found in data set. /scratch/negishi/afarzam/MSV000086944_results_and_control_searches/second_pass_downstream_nozf/LysC_CAD/LysC_CAD_2pass_results/GM12878_LysC_HCD/interact-GM12878_LysC_30_sub.pep.xml"
time="15:20:27" level=info msg="Parsing /scratch/negishi/afarzam/MSV000086944_results_and_control_searches/second_pass_downstream_nozf/LysC_CAD/LysC_CAD_2pass_results/GM12878_LysC_HCD/interact-20141029_alr_CompleteHumanProteome_GM12878_LysC_HCD_fr18_sub.pep.xml"
time="15:20:27" level=info msg="Parsing /scratch/negishi/afarzam/MSV000086944_results_and_control_searches/second_pass_downstream_nozf/LysC_CAD/LysC_CAD_2pass_results/GM12878_LysC_HCD/interact-20141029_alr_CompleteHumanProteome_GM12878_LysC_HCD_fr19_sub.pep.xml"
time="15:20:27" level=info msg="Parsing /scratch/negishi/afarzam/MSV000086944_results_and_control_searches/second_pass_downstream_nozf/LysC_CAD/LysC_CAD_2pass_results/GM12878_LysC_HCD/interact-20150104_alr_CompleteHumanProteome_GM12878_HCD_LysC_fr34_sub.pep.xml"
time="15:20:27" level=info msg="Parsing /scratch/negishi/afarzam/MSV000086944_results_and_control_searches/second_pass_downstream_nozf/LysC_CAD/LysC_CAD_2pass_results/GM12878_LysC_HCD/interact-20141029_alr_CompleteHumanProteome_GM12878_LysC_HCD_fr3_sub.pep.xml"
time="15:20:27" level=warning msg="No PSM was found in data set. /scratch/negishi/afarzam/MSV000086944_results_and_control_searches/second_pass_downstream_nozf/LysC_CAD/LysC_CAD_2pass_results/GM12878_LysC_HCD/interact-20141029_alr_CompleteHumanProteome_GM12878_LysC_HCD_fr19_sub.pep.xml"
time="15:20:27" level=info msg="1+ Charge profile" decoy=0 target=0
time="15:20:27" level=info msg="2+ Charge profile" decoy=74 target=255
time="15:20:27" level=info msg="3+ Charge profile" decoy=61 target=220
time="15:20:27" level=info msg="4+ Charge profile" decoy=21 target=132
time="15:20:27" level=info msg="5+ Charge profile" decoy=18 target=74
time="15:20:27" level=info msg="6+ Charge profile" decoy=8 target=30
time="15:20:27" level=info msg="Database search results" ions=691 peptides=655 psms=893
time="15:20:27" level=info msg="Converged to 0.00 % FDR with 24 PSMs" decoy=0 threshold=0.979201 total=24
time="15:20:27" level=info msg="Converged to 0.00 % FDR with 14 Peptides" decoy=0 threshold=0.979201 total=14
time="15:20:27" level=info msg="Converged to 0.00 % FDR with 15 Ions" decoy=0 threshold=0.979201 total=15
time="15:20:27" level=info msg="Protein inference results" decoy=684 target=1156
time="15:20:27" level=info msg="Converged to 0.00 % FDR with 46 Proteins" decoy=0 threshold=0.9779 total=46
time="15:20:27" level=info msg="Applying sequential FDR estimation" ions=15 peptides=14 psms=24
time="15:20:27" level=info msg="Converged to 0.00 % FDR with 23 PSMs" decoy=0 threshold=0.981978 total=23
time="15:20:27" level=info msg="Converged to 0.00 % FDR with 13 Peptides" decoy=0 threshold=0.984739 total=13
time="15:20:27" level=info msg="Converged to 0.00 % FDR with 14 Ions" decoy=0 threshold=0.984739 total=14
time="15:20:27" level=info msg="Post processing identifications"
time="15:20:27" level=info msg="Assigning protein identifications to layers"
time="15:20:28" level=info msg="Processing protein inference"
time="15:20:28" level=info msg="Synchronizing PSMs and proteins"
time="15:20:28" level=info msg="Final report numbers after FDR filtering, and post-processing" ions=14 peptides=13 proteins=13 psms=23
time="15:20:28" level=info msg=Saving
time="15:20:28" level=info msg=Done
