time="18:53:12" level=info msg="Executing Filter  v5.1.2"
time="18:53:12" level=info msg="Fetching protein inference from /scratch/negishi/afarzam/MSV000086944_results_v4/second_pass_downstream/GluC_ETD/GluC_ETD_2pass_results/GM12878_GluC_ETD"
time="18:53:13" level=info msg="Processing peptide identification files"
time="18:53:13" level=info msg="Parsing /scratch/negishi/afarzam/MSV000086944_results_v4/second_pass_downstream/GluC_ETD/GluC_ETD_2pass_results/K562_GluC_ETD/interact-20160205_alr_CompleteHumanProteome_K562_GluC_ETD_fr9_sub.pep.xml"
time="18:53:13" level=info msg="Parsing /scratch/negishi/afarzam/MSV000086944_results_v4/second_pass_downstream/GluC_ETD/GluC_ETD_2pass_results/K562_GluC_ETD/interact-20160205_alr_CompleteHumanProteome_K562_GluC_ETD_fr11_sub.pep.xml"
time="18:53:13" level=info msg="Parsing /scratch/negishi/afarzam/MSV000086944_results_v4/second_pass_downstream/GluC_ETD/GluC_ETD_2pass_results/K562_GluC_ETD/interact-20160205_alr_CompleteHumanProteome_K562_GluC_ETD_fr25_sub.pep.xml"
time="18:53:13" level=info msg="Parsing /scratch/negishi/afarzam/MSV000086944_results_v4/second_pass_downstream/GluC_ETD/GluC_ETD_2pass_results/K562_GluC_ETD/interact-20160205_alr_CompleteHumanProteome_K562_GluC_ETD_fr10_sub.pep.xml"
time="18:53:13" level=info msg="Parsing /scratch/negishi/afarzam/MSV000086944_results_v4/second_pass_downstream/GluC_ETD/GluC_ETD_2pass_results/K562_GluC_ETD/interact-20160205_alr_CompleteHumanProteome_K562_GluC_ETD_fr24_sub.pep.xml"
time="18:53:13" level=info msg="Parsing /scratch/negishi/afarzam/MSV000086944_results_v4/second_pass_downstream/GluC_ETD/GluC_ETD_2pass_results/K562_GluC_ETD/interact-20160205_alr_CompleteHumanProteome_K562_GluC_ETD_fr30_sub.pep.xml"
time="18:53:13" level=info msg="Parsing /scratch/negishi/afarzam/MSV000086944_results_v4/second_pass_downstream/GluC_ETD/GluC_ETD_2pass_results/K562_GluC_ETD/interact-20160205_alr_CompleteHumanProteome_K562_GluC_ETD_fr12_sub.pep.xml"
time="18:53:13" level=info msg="Parsing /scratch/negishi/afarzam/MSV000086944_results_v4/second_pass_downstream/GluC_ETD/GluC_ETD_2pass_results/K562_GluC_ETD/interact-20160205_alr_CompleteHumanProteome_K562_GluC_ETD_fr29_sub.pep.xml"
time="18:53:13" level=info msg="Parsing /scratch/negishi/afarzam/MSV000086944_results_v4/second_pass_downstream/GluC_ETD/GluC_ETD_2pass_results/K562_GluC_ETD/interact-20160205_alr_CompleteHumanProteome_K562_GluC_ETD_fr28_sub.pep.xml"
time="18:53:13" level=info msg="Parsing /scratch/negishi/afarzam/MSV000086944_results_v4/second_pass_downstream/GluC_ETD/GluC_ETD_2pass_results/K562_GluC_ETD/interact-20160205_alr_CompleteHumanProteome_K562_GluC_ETD_fr26_sub.pep.xml"
time="18:53:13" level=info msg="Parsing /scratch/negishi/afarzam/MSV000086944_results_v4/second_pass_downstream/GluC_ETD/GluC_ETD_2pass_results/K562_GluC_ETD/interact-20160205_alr_CompleteHumanProteome_K562_GluC_ETD_fr13_sub.pep.xml"
time="18:53:13" level=info msg="Parsing /scratch/negishi/afarzam/MSV000086944_results_v4/second_pass_downstream/GluC_ETD/GluC_ETD_2pass_results/K562_GluC_ETD/interact-20160205_alr_CompleteHumanProteome_K562_GluC_ETD_fr2_sub.pep.xml"
time="18:53:13" level=info msg="Parsing /scratch/negishi/afarzam/MSV000086944_results_v4/second_pass_downstream/GluC_ETD/GluC_ETD_2pass_results/K562_GluC_ETD/interact-20160205_alr_CompleteHumanProteome_K562_GluC_ETD_fr27_sub.pep.xml"
time="18:53:13" level=warning msg="No PSM was found in data set. /scratch/negishi/afarzam/MSV000086944_results_v4/second_pass_downstream/GluC_ETD/GluC_ETD_2pass_results/K562_GluC_ETD/interact-20160205_alr_CompleteHumanProteome_K562_GluC_ETD_fr10_sub.pep.xml"
time="18:53:13" level=info msg="Parsing /scratch/negishi/afarzam/MSV000086944_results_v4/second_pass_downstream/GluC_ETD/GluC_ETD_2pass_results/K562_GluC_ETD/interact-20160205_alr_CompleteHumanProteome_K562_GluC_ETD_fr14_sub.pep.xml"
time="18:53:13" level=info msg="Parsing /scratch/negishi/afarzam/MSV000086944_results_v4/second_pass_downstream/GluC_ETD/GluC_ETD_2pass_results/K562_GluC_ETD/interact-20160205_alr_CompleteHumanProteome_K562_GluC_ETD_fr6_sub.pep.xml"
time="18:53:13" level=info msg="Parsing /scratch/negishi/afarzam/MSV000086944_results_v4/second_pass_downstream/GluC_ETD/GluC_ETD_2pass_results/K562_GluC_ETD/interact-20160205_alr_CompleteHumanProteome_K562_GluC_ETD_fr7_sub.pep.xml"
time="18:53:13" level=info msg="Parsing /scratch/negishi/afarzam/MSV000086944_results_v4/second_pass_downstream/GluC_ETD/GluC_ETD_2pass_results/K562_GluC_ETD/interact-20160205_alr_CompleteHumanProteome_K562_GluC_ETD_fr15_sub.pep.xml"
time="18:53:13" level=info msg="Parsing /scratch/negishi/afarzam/MSV000086944_results_v4/second_pass_downstream/GluC_ETD/GluC_ETD_2pass_results/K562_GluC_ETD/interact-20160205_alr_CompleteHumanProteome_K562_GluC_ETD_fr5_sub.pep.xml"
time="18:53:13" level=info msg="Parsing /scratch/negishi/afarzam/MSV000086944_results_v4/second_pass_downstream/GluC_ETD/GluC_ETD_2pass_results/K562_GluC_ETD/interact-20160205_alr_CompleteHumanProteome_K562_GluC_ETD_fr19_sub.pep.xml"
time="18:53:13" level=info msg="Parsing /scratch/negishi/afarzam/MSV000086944_results_v4/second_pass_downstream/GluC_ETD/GluC_ETD_2pass_results/K562_GluC_ETD/interact-20160205_alr_CompleteHumanProteome_K562_GluC_ETD_fr3_sub.pep.xml"
time="18:53:13" level=info msg="Parsing /scratch/negishi/afarzam/MSV000086944_results_v4/second_pass_downstream/GluC_ETD/GluC_ETD_2pass_results/K562_GluC_ETD/interact-20160205_alr_CompleteHumanProteome_K562_GluC_ETD_fr17_sub.pep.xml"
time="18:53:13" level=info msg="Parsing /scratch/negishi/afarzam/MSV000086944_results_v4/second_pass_downstream/GluC_ETD/GluC_ETD_2pass_results/K562_GluC_ETD/interact-20160205_alr_CompleteHumanProteome_K562_GluC_ETD_fr16_sub.pep.xml"
time="18:53:13" level=info msg="Parsing /scratch/negishi/afarzam/MSV000086944_results_v4/second_pass_downstream/GluC_ETD/GluC_ETD_2pass_results/K562_GluC_ETD/interact-20160205_alr_CompleteHumanProteome_K562_GluC_ETD_fr21_sub.pep.xml"
time="18:53:13" level=info msg="Parsing /scratch/negishi/afarzam/MSV000086944_results_v4/second_pass_downstream/GluC_ETD/GluC_ETD_2pass_results/K562_GluC_ETD/interact-20160205_alr_CompleteHumanProteome_K562_GluC_ETD_fr18_sub.pep.xml"
time="18:53:13" level=info msg="Parsing /scratch/negishi/afarzam/MSV000086944_results_v4/second_pass_downstream/GluC_ETD/GluC_ETD_2pass_results/K562_GluC_ETD/interact-20160205_alr_CompleteHumanProteome_K562_GluC_ETD_fr8_sub.pep.xml"
time="18:53:13" level=info msg="Parsing /scratch/negishi/afarzam/MSV000086944_results_v4/second_pass_downstream/GluC_ETD/GluC_ETD_2pass_results/K562_GluC_ETD/interact-20160205_alr_CompleteHumanProteome_K562_GluC_ETD_fr1_sub.pep.xml"
time="18:53:13" level=info msg="Parsing /scratch/negishi/afarzam/MSV000086944_results_v4/second_pass_downstream/GluC_ETD/GluC_ETD_2pass_results/K562_GluC_ETD/interact-20160205_alr_CompleteHumanProteome_K562_GluC_ETD_fr23_sub.pep.xml"
time="18:53:13" level=info msg="Parsing /scratch/negishi/afarzam/MSV000086944_results_v4/second_pass_downstream/GluC_ETD/GluC_ETD_2pass_results/K562_GluC_ETD/interact-20160205_alr_CompleteHumanProteome_K562_GluC_ETD_fr22_sub.pep.xml"
time="18:53:13" level=warning msg="No PSM was found in data set. /scratch/negishi/afarzam/MSV000086944_results_v4/second_pass_downstream/GluC_ETD/GluC_ETD_2pass_results/K562_GluC_ETD/interact-20160205_alr_CompleteHumanProteome_K562_GluC_ETD_fr5_sub.pep.xml"
time="18:53:13" level=warning msg="No PSM was found in data set. /scratch/negishi/afarzam/MSV000086944_results_v4/second_pass_downstream/GluC_ETD/GluC_ETD_2pass_results/K562_GluC_ETD/interact-20160205_alr_CompleteHumanProteome_K562_GluC_ETD_fr29_sub.pep.xml"
time="18:53:13" level=info msg="Parsing /scratch/negishi/afarzam/MSV000086944_results_v4/second_pass_downstream/GluC_ETD/GluC_ETD_2pass_results/K562_GluC_ETD/interact-20160205_alr_CompleteHumanProteome_K562_GluC_ETD_fr4_sub.pep.xml"
time="18:53:14" level=info msg="1+ Charge profile" decoy=0 target=0
time="18:53:14" level=info msg="2+ Charge profile" decoy=21 target=62
time="18:53:14" level=info msg="3+ Charge profile" decoy=27 target=75
time="18:53:14" level=info msg="4+ Charge profile" decoy=19 target=49
time="18:53:14" level=info msg="5+ Charge profile" decoy=6 target=31
time="18:53:14" level=info msg="6+ Charge profile" decoy=2 target=9
time="18:53:14" level=info msg="Database search results" ions=264 peptides=251 psms=301
time="18:53:14" level=info msg="Converged to 0.00 % FDR with 21 PSMs" decoy=0 threshold=0.796877 total=21
time="18:53:14" level=info msg="Converged to 0.00 % FDR with 14 Peptides" decoy=0 threshold=0.796877 total=14
time="18:53:14" level=info msg="Converged to 0.00 % FDR with 16 Ions" decoy=0 threshold=0.796877 total=16
time="18:53:14" level=info msg="Protein inference results" decoy=1289 target=2085
time="18:53:14" level=info msg="Converged to 0.00 % FDR with 8 Proteins" decoy=0 threshold=0.9766 total=8
time="18:53:14" level=info msg="Applying sequential FDR estimation" ions=0 peptides=0 psms=0
time="18:53:14" level=info msg="Converged to 0.00 % FDR with 0 PSMs" decoy=0 threshold=10 total=0
time="18:53:14" level=info msg="Converged to 0.00 % FDR with 0 Peptides" decoy=0 threshold=10 total=0
time="18:53:14" level=info msg="Converged to 0.00 % FDR with 0 Ions" decoy=0 threshold=10 total=0
time="18:53:14" level=info msg="Post processing identifications"
time="18:53:14" level=info msg="Assigning protein identifications to layers"
time="18:53:15" level=info msg="Processing protein inference"
time="18:53:15" level=info msg="Synchronizing PSMs and proteins"
time="18:53:15" level=info msg="Final report numbers after FDR filtering, and post-processing" ions=0 peptides=0 proteins=0 psms=0
time="18:53:15" level=info msg=Saving
time="18:53:15" level=info msg=Done
