time="22:49:11" level=info msg="Executing Filter  v5.1.2"
time="22:49:11" level=info msg="Fetching protein inference from /scratch/negishi/afarzam/MSV000086944_results_and_control_searches/second_pass_downstream_nozf/Chymo_CAD/Chymo_CAD_2pass_results/GM12878_Chymo_CAD"
time="22:49:11" level=info msg="Processing peptide identification files"
time="22:49:12" level=info msg="Parsing /scratch/negishi/afarzam/MSV000086944_results_and_control_searches/second_pass_downstream_nozf/Chymo_CAD/Chymo_CAD_2pass_results/HeLa_Chymo_HCD/interact-HeLaS3_chymo_9_sub.pep.xml"
time="22:49:12" level=info msg="Parsing /scratch/negishi/afarzam/MSV000086944_results_and_control_searches/second_pass_downstream_nozf/Chymo_CAD/Chymo_CAD_2pass_results/HeLa_Chymo_HCD/interact-HeLaS3_chymo_13_sub.pep.xml"
time="22:49:12" level=info msg="Parsing /scratch/negishi/afarzam/MSV000086944_results_and_control_searches/second_pass_downstream_nozf/Chymo_CAD/Chymo_CAD_2pass_results/HeLa_Chymo_HCD/interact-HeLaS3_chymo_18_sub.pep.xml"
time="22:49:12" level=info msg="Parsing /scratch/negishi/afarzam/MSV000086944_results_and_control_searches/second_pass_downstream_nozf/Chymo_CAD/Chymo_CAD_2pass_results/HeLa_Chymo_HCD/interact-HeLaS3_chymo_12_sub.pep.xml"
time="22:49:12" level=info msg="Parsing /scratch/negishi/afarzam/MSV000086944_results_and_control_searches/second_pass_downstream_nozf/Chymo_CAD/Chymo_CAD_2pass_results/HeLa_Chymo_HCD/interact-HeLaS3_chymo_5_sub.pep.xml"
time="22:49:12" level=info msg="Parsing /scratch/negishi/afarzam/MSV000086944_results_and_control_searches/second_pass_downstream_nozf/Chymo_CAD/Chymo_CAD_2pass_results/HeLa_Chymo_HCD/interact-HeLaS3_chymo_32_sub.pep.xml"
time="22:49:12" level=info msg="Parsing /scratch/negishi/afarzam/MSV000086944_results_and_control_searches/second_pass_downstream_nozf/Chymo_CAD/Chymo_CAD_2pass_results/HeLa_Chymo_HCD/interact-HeLaS3_chymo_31_sub.pep.xml"
time="22:49:12" level=info msg="Parsing /scratch/negishi/afarzam/MSV000086944_results_and_control_searches/second_pass_downstream_nozf/Chymo_CAD/Chymo_CAD_2pass_results/HeLa_Chymo_HCD/interact-HeLaS3_chymo_19_sub.pep.xml"
time="22:49:12" level=info msg="Parsing /scratch/negishi/afarzam/MSV000086944_results_and_control_searches/second_pass_downstream_nozf/Chymo_CAD/Chymo_CAD_2pass_results/HeLa_Chymo_HCD/interact-HeLaS3_chymo_20_sub.pep.xml"
time="22:49:12" level=info msg="Parsing /scratch/negishi/afarzam/MSV000086944_results_and_control_searches/second_pass_downstream_nozf/Chymo_CAD/Chymo_CAD_2pass_results/HeLa_Chymo_HCD/interact-HeLaS3_chymo_22_sub.pep.xml"
time="22:49:12" level=info msg="Parsing /scratch/negishi/afarzam/MSV000086944_results_and_control_searches/second_pass_downstream_nozf/Chymo_CAD/Chymo_CAD_2pass_results/HeLa_Chymo_HCD/interact-HeLaS3_chymo_11_sub.pep.xml"
time="22:49:12" level=info msg="Parsing /scratch/negishi/afarzam/MSV000086944_results_and_control_searches/second_pass_downstream_nozf/Chymo_CAD/Chymo_CAD_2pass_results/HeLa_Chymo_HCD/interact-HeLaS3_chymo_23_sub.pep.xml"
time="22:49:12" level=info msg="Parsing /scratch/negishi/afarzam/MSV000086944_results_and_control_searches/second_pass_downstream_nozf/Chymo_CAD/Chymo_CAD_2pass_results/HeLa_Chymo_HCD/interact-HeLaS3_chymo_16_sub.pep.xml"
time="22:49:12" level=info msg="Parsing /scratch/negishi/afarzam/MSV000086944_results_and_control_searches/second_pass_downstream_nozf/Chymo_CAD/Chymo_CAD_2pass_results/HeLa_Chymo_HCD/interact-HeLaS3_chymo_17_sub.pep.xml"
time="22:49:12" level=info msg="Parsing /scratch/negishi/afarzam/MSV000086944_results_and_control_searches/second_pass_downstream_nozf/Chymo_CAD/Chymo_CAD_2pass_results/HeLa_Chymo_HCD/interact-HeLaS3_chymo_26_sub.pep.xml"
time="22:49:12" level=warning msg="No PSM was found in data set. /scratch/negishi/afarzam/MSV000086944_results_and_control_searches/second_pass_downstream_nozf/Chymo_CAD/Chymo_CAD_2pass_results/HeLa_Chymo_HCD/interact-HeLaS3_chymo_32_sub.pep.xml"
time="22:49:12" level=info msg="Parsing /scratch/negishi/afarzam/MSV000086944_results_and_control_searches/second_pass_downstream_nozf/Chymo_CAD/Chymo_CAD_2pass_results/HeLa_Chymo_HCD/interact-HeLaS3_chymo_4_sub.pep.xml"
time="22:49:12" level=info msg="Parsing /scratch/negishi/afarzam/MSV000086944_results_and_control_searches/second_pass_downstream_nozf/Chymo_CAD/Chymo_CAD_2pass_results/HeLa_Chymo_HCD/interact-HeLaS3_chymo_2_sub.pep.xml"
time="22:49:12" level=info msg="Parsing /scratch/negishi/afarzam/MSV000086944_results_and_control_searches/second_pass_downstream_nozf/Chymo_CAD/Chymo_CAD_2pass_results/HeLa_Chymo_HCD/interact-HeLaS3_chymo_24_sub.pep.xml"
time="22:49:12" level=warning msg="No PSM was found in data set. /scratch/negishi/afarzam/MSV000086944_results_and_control_searches/second_pass_downstream_nozf/Chymo_CAD/Chymo_CAD_2pass_results/HeLa_Chymo_HCD/interact-HeLaS3_chymo_16_sub.pep.xml"
time="22:49:12" level=info msg="Parsing /scratch/negishi/afarzam/MSV000086944_results_and_control_searches/second_pass_downstream_nozf/Chymo_CAD/Chymo_CAD_2pass_results/HeLa_Chymo_HCD/interact-HeLaS3_chymo_8_sub.pep.xml"
time="22:49:12" level=warning msg="No PSM was found in data set. /scratch/negishi/afarzam/MSV000086944_results_and_control_searches/second_pass_downstream_nozf/Chymo_CAD/Chymo_CAD_2pass_results/HeLa_Chymo_HCD/interact-HeLaS3_chymo_4_sub.pep.xml"
time="22:49:12" level=info msg="Parsing /scratch/negishi/afarzam/MSV000086944_results_and_control_searches/second_pass_downstream_nozf/Chymo_CAD/Chymo_CAD_2pass_results/HeLa_Chymo_HCD/interact-HeLaS3_chymo_1_sub.pep.xml"
time="22:49:12" level=warning msg="No PSM was found in data set. /scratch/negishi/afarzam/MSV000086944_results_and_control_searches/second_pass_downstream_nozf/Chymo_CAD/Chymo_CAD_2pass_results/HeLa_Chymo_HCD/interact-HeLaS3_chymo_8_sub.pep.xml"
time="22:49:12" level=info msg="Parsing /scratch/negishi/afarzam/MSV000086944_results_and_control_searches/second_pass_downstream_nozf/Chymo_CAD/Chymo_CAD_2pass_results/HeLa_Chymo_HCD/interact-HeLaS3_chymo_14_sub.pep.xml"
time="22:49:12" level=info msg="Parsing /scratch/negishi/afarzam/MSV000086944_results_and_control_searches/second_pass_downstream_nozf/Chymo_CAD/Chymo_CAD_2pass_results/HeLa_Chymo_HCD/interact-HeLaS3_chymo_34_sub.pep.xml"
time="22:49:12" level=info msg="Parsing /scratch/negishi/afarzam/MSV000086944_results_and_control_searches/second_pass_downstream_nozf/Chymo_CAD/Chymo_CAD_2pass_results/HeLa_Chymo_HCD/interact-HeLaS3_chymo_15_sub.pep.xml"
time="22:49:12" level=info msg="Parsing /scratch/negishi/afarzam/MSV000086944_results_and_control_searches/second_pass_downstream_nozf/Chymo_CAD/Chymo_CAD_2pass_results/HeLa_Chymo_HCD/interact-HeLaS3_chymo_30_sub.pep.xml"
time="22:49:12" level=info msg="Parsing /scratch/negishi/afarzam/MSV000086944_results_and_control_searches/second_pass_downstream_nozf/Chymo_CAD/Chymo_CAD_2pass_results/HeLa_Chymo_HCD/interact-HeLaS3_chymo_28_sub.pep.xml"
time="22:49:12" level=info msg="Parsing /scratch/negishi/afarzam/MSV000086944_results_and_control_searches/second_pass_downstream_nozf/Chymo_CAD/Chymo_CAD_2pass_results/HeLa_Chymo_HCD/interact-HeLaS3_chymo_3_sub.pep.xml"
time="22:49:12" level=info msg="Parsing /scratch/negishi/afarzam/MSV000086944_results_and_control_searches/second_pass_downstream_nozf/Chymo_CAD/Chymo_CAD_2pass_results/HeLa_Chymo_HCD/interact-HeLaS3_chymo_25_sub.pep.xml"
time="22:49:12" level=info msg="Parsing /scratch/negishi/afarzam/MSV000086944_results_and_control_searches/second_pass_downstream_nozf/Chymo_CAD/Chymo_CAD_2pass_results/HeLa_Chymo_HCD/interact-HeLaS3_chymo_10_sub.pep.xml"
time="22:49:12" level=info msg="Parsing /scratch/negishi/afarzam/MSV000086944_results_and_control_searches/second_pass_downstream_nozf/Chymo_CAD/Chymo_CAD_2pass_results/HeLa_Chymo_HCD/interact-HeLaS3_chymo_29_sub.pep.xml"
time="22:49:12" level=info msg="Parsing /scratch/negishi/afarzam/MSV000086944_results_and_control_searches/second_pass_downstream_nozf/Chymo_CAD/Chymo_CAD_2pass_results/HeLa_Chymo_HCD/interact-HeLaS3_chymo_33_sub.pep.xml"
time="22:49:12" level=info msg="Parsing /scratch/negishi/afarzam/MSV000086944_results_and_control_searches/second_pass_downstream_nozf/Chymo_CAD/Chymo_CAD_2pass_results/HeLa_Chymo_HCD/interact-HeLaS3_chymo_35_sub.pep.xml"
time="22:49:12" level=info msg="Parsing /scratch/negishi/afarzam/MSV000086944_results_and_control_searches/second_pass_downstream_nozf/Chymo_CAD/Chymo_CAD_2pass_results/HeLa_Chymo_HCD/interact-HeLaS3_chymo_27_sub.pep.xml"
time="22:49:12" level=info msg="Parsing /scratch/negishi/afarzam/MSV000086944_results_and_control_searches/second_pass_downstream_nozf/Chymo_CAD/Chymo_CAD_2pass_results/HeLa_Chymo_HCD/interact-HeLaS3_chymo_21_sub.pep.xml"
time="22:49:12" level=warning msg="No PSM was found in data set. /scratch/negishi/afarzam/MSV000086944_results_and_control_searches/second_pass_downstream_nozf/Chymo_CAD/Chymo_CAD_2pass_results/HeLa_Chymo_HCD/interact-HeLaS3_chymo_3_sub.pep.xml"
time="22:49:12" level=info msg="Parsing /scratch/negishi/afarzam/MSV000086944_results_and_control_searches/second_pass_downstream_nozf/Chymo_CAD/Chymo_CAD_2pass_results/HeLa_Chymo_HCD/interact-HeLaS3_chymo_6_sub.pep.xml"
time="22:49:12" level=info msg="Parsing /scratch/negishi/afarzam/MSV000086944_results_and_control_searches/second_pass_downstream_nozf/Chymo_CAD/Chymo_CAD_2pass_results/HeLa_Chymo_HCD/interact-HeLaS3_chymo_11_50msec_sub.pep.xml"
time="22:49:12" level=info msg="Parsing /scratch/negishi/afarzam/MSV000086944_results_and_control_searches/second_pass_downstream_nozf/Chymo_CAD/Chymo_CAD_2pass_results/HeLa_Chymo_HCD/interact-HeLaS3_chymo_7_sub.pep.xml"
time="22:49:12" level=warning msg="No PSM was found in data set. /scratch/negishi/afarzam/MSV000086944_results_and_control_searches/second_pass_downstream_nozf/Chymo_CAD/Chymo_CAD_2pass_results/HeLa_Chymo_HCD/interact-HeLaS3_chymo_29_sub.pep.xml"
time="22:49:12" level=warning msg="No PSM was found in data set. /scratch/negishi/afarzam/MSV000086944_results_and_control_searches/second_pass_downstream_nozf/Chymo_CAD/Chymo_CAD_2pass_results/HeLa_Chymo_HCD/interact-HeLaS3_chymo_35_sub.pep.xml"
time="22:49:12" level=warning msg="No PSM was found in data set. /scratch/negishi/afarzam/MSV000086944_results_and_control_searches/second_pass_downstream_nozf/Chymo_CAD/Chymo_CAD_2pass_results/HeLa_Chymo_HCD/interact-HeLaS3_chymo_10_sub.pep.xml"
time="22:49:13" level=info msg="1+ Charge profile" decoy=0 target=0
time="22:49:13" level=info msg="2+ Charge profile" decoy=103 target=351
time="22:49:13" level=info msg="3+ Charge profile" decoy=41 target=183
time="22:49:13" level=info msg="4+ Charge profile" decoy=24 target=54
time="22:49:13" level=info msg="5+ Charge profile" decoy=7 target=26
time="22:49:13" level=info msg="6+ Charge profile" decoy=10 target=10
time="22:49:13" level=info msg="Database search results" ions=718 peptides=701 psms=823
time="22:49:13" level=info msg="Converged to 0.00 % FDR with 4 PSMs" decoy=0 threshold=0.987889 total=4
time="22:49:13" level=info msg="Converged to 0.00 % FDR with 4 Peptides" decoy=0 threshold=0.987889 total=4
time="22:49:13" level=info msg="Converged to 0.00 % FDR with 4 Ions" decoy=0 threshold=0.987889 total=4
time="22:49:13" level=info msg="Protein inference results" decoy=2275 target=3379
time="22:49:13" level=info msg="Converged to 0.00 % FDR with 49 Proteins" decoy=0 threshold=0.9877 total=49
time="22:49:13" level=info msg="Applying sequential FDR estimation" ions=4 peptides=4 psms=4
time="22:49:13" level=info msg="Converged to 0.00 % FDR with 3 PSMs" decoy=0 threshold=0.990749 total=3
time="22:49:13" level=info msg="Converged to 0.00 % FDR with 3 Peptides" decoy=0 threshold=0.990749 total=3
time="22:49:13" level=info msg="Converged to 0.00 % FDR with 3 Ions" decoy=0 threshold=0.990749 total=3
time="22:49:13" level=info msg="Post processing identifications"
time="22:49:14" level=info msg="Assigning protein identifications to layers"
time="22:49:14" level=info msg="Processing protein inference"
time="22:49:14" level=info msg="Synchronizing PSMs and proteins"
time="22:49:14" level=info msg="Final report numbers after FDR filtering, and post-processing" ions=3 peptides=3 proteins=3 psms=3
time="22:49:14" level=info msg=Saving
time="22:49:14" level=info msg=Done
