time="06:42:42" level=info msg="Executing Filter  v5.1.2"
time="06:42:42" level=info msg="Fetching protein inference from /scratch/negishi/afarzam/MSV000086944_results_v4/second_pass_upstream/Chymo_CAD/Chymo_CAD_2pass_results/GM12878_Chymo_CAD"
time="06:42:42" level=info msg="Processing peptide identification files"
time="06:42:43" level=info msg="Parsing /scratch/negishi/afarzam/MSV000086944_results_v4/second_pass_upstream/Chymo_CAD/Chymo_CAD_2pass_results/hESC_Chymo_CAD/interact-chymotrypsin_hES_CAD_9_sub.pep.xml"
time="06:42:43" level=info msg="Parsing /scratch/negishi/afarzam/MSV000086944_results_v4/second_pass_upstream/Chymo_CAD/Chymo_CAD_2pass_results/hESC_Chymo_CAD/interact-chymotrypsin_hES_CAD_11_140728174641_sub.pep.xml"
time="06:42:43" level=info msg="Parsing /scratch/negishi/afarzam/MSV000086944_results_v4/second_pass_upstream/Chymo_CAD/Chymo_CAD_2pass_results/hESC_Chymo_CAD/interact-chymotrypsin_hES_CAD_10_sub.pep.xml"
time="06:42:43" level=info msg="Parsing /scratch/negishi/afarzam/MSV000086944_results_v4/second_pass_upstream/Chymo_CAD/Chymo_CAD_2pass_results/hESC_Chymo_CAD/interact-chymotrypsin_hES_CAD_5_sub.pep.xml"
time="06:42:43" level=info msg="Parsing /scratch/negishi/afarzam/MSV000086944_results_v4/second_pass_upstream/Chymo_CAD/Chymo_CAD_2pass_results/hESC_Chymo_CAD/interact-chymotrypsin_hES_CAD_2_sub.pep.xml"
time="06:42:43" level=info msg="Parsing /scratch/negishi/afarzam/MSV000086944_results_v4/second_pass_upstream/Chymo_CAD/Chymo_CAD_2pass_results/hESC_Chymo_CAD/interact-chymotrypsin_hES_CAD_23_sub.pep.xml"
time="06:42:43" level=info msg="Parsing /scratch/negishi/afarzam/MSV000086944_results_v4/second_pass_upstream/Chymo_CAD/Chymo_CAD_2pass_results/hESC_Chymo_CAD/interact-chymotrypsin_hES_CAD_18_sub.pep.xml"
time="06:42:43" level=info msg="Parsing /scratch/negishi/afarzam/MSV000086944_results_v4/second_pass_upstream/Chymo_CAD/Chymo_CAD_2pass_results/hESC_Chymo_CAD/interact-chymotrypsin_hES_CAD_21_sub.pep.xml"
time="06:42:43" level=info msg="Parsing /scratch/negishi/afarzam/MSV000086944_results_v4/second_pass_upstream/Chymo_CAD/Chymo_CAD_2pass_results/hESC_Chymo_CAD/interact-chymotrypsin_hES_CAD_11_sub.pep.xml"
time="06:42:43" level=info msg="Parsing /scratch/negishi/afarzam/MSV000086944_results_v4/second_pass_upstream/Chymo_CAD/Chymo_CAD_2pass_results/hESC_Chymo_CAD/interact-chymotrypsin_hES_CAD_15_sub.pep.xml"
time="06:42:43" level=info msg="Parsing /scratch/negishi/afarzam/MSV000086944_results_v4/second_pass_upstream/Chymo_CAD/Chymo_CAD_2pass_results/hESC_Chymo_CAD/interact-chymotrypsin_hES_CAD_22_sub.pep.xml"
time="06:42:43" level=info msg="Parsing /scratch/negishi/afarzam/MSV000086944_results_v4/second_pass_upstream/Chymo_CAD/Chymo_CAD_2pass_results/hESC_Chymo_CAD/interact-chymotrypsin_hES_CAD_14_sub.pep.xml"
time="06:42:43" level=info msg="Parsing /scratch/negishi/afarzam/MSV000086944_results_v4/second_pass_upstream/Chymo_CAD/Chymo_CAD_2pass_results/hESC_Chymo_CAD/interact-chymotrypsin_hES_CAD_16_sub.pep.xml"
time="06:42:43" level=info msg="Parsing /scratch/negishi/afarzam/MSV000086944_results_v4/second_pass_upstream/Chymo_CAD/Chymo_CAD_2pass_results/hESC_Chymo_CAD/interact-chymotrypsin_hES_CAD_6_sub.pep.xml"
time="06:42:43" level=info msg="Parsing /scratch/negishi/afarzam/MSV000086944_results_v4/second_pass_upstream/Chymo_CAD/Chymo_CAD_2pass_results/hESC_Chymo_CAD/interact-chymotrypsin_hES_CAD_17_sub.pep.xml"
time="06:42:43" level=info msg="Parsing /scratch/negishi/afarzam/MSV000086944_results_v4/second_pass_upstream/Chymo_CAD/Chymo_CAD_2pass_results/hESC_Chymo_CAD/interact-chymotrypsin_hES_CAD_7_sub.pep.xml"
time="06:42:43" level=info msg="Parsing /scratch/negishi/afarzam/MSV000086944_results_v4/second_pass_upstream/Chymo_CAD/Chymo_CAD_2pass_results/hESC_Chymo_CAD/interact-chymotrypsin_hES_CAD_20_sub.pep.xml"
time="06:42:43" level=info msg="Parsing /scratch/negishi/afarzam/MSV000086944_results_v4/second_pass_upstream/Chymo_CAD/Chymo_CAD_2pass_results/hESC_Chymo_CAD/interact-chymotrypsin_hES_CAD_19_sub.pep.xml"
time="06:42:43" level=info msg="Parsing /scratch/negishi/afarzam/MSV000086944_results_v4/second_pass_upstream/Chymo_CAD/Chymo_CAD_2pass_results/hESC_Chymo_CAD/interact-chymotrypsin_hES_CAD_8_sub.pep.xml"
time="06:42:43" level=info msg="Parsing /scratch/negishi/afarzam/MSV000086944_results_v4/second_pass_upstream/Chymo_CAD/Chymo_CAD_2pass_results/hESC_Chymo_CAD/interact-chymotrypsin_hES_CAD_24_sub.pep.xml"
time="06:42:43" level=info msg="Parsing /scratch/negishi/afarzam/MSV000086944_results_v4/second_pass_upstream/Chymo_CAD/Chymo_CAD_2pass_results/hESC_Chymo_CAD/interact-chymotrypsin_hES_CAD_7_140728155534_sub.pep.xml"
time="06:42:43" level=info msg="Parsing /scratch/negishi/afarzam/MSV000086944_results_v4/second_pass_upstream/Chymo_CAD/Chymo_CAD_2pass_results/hESC_Chymo_CAD/interact-chymotrypsin_hES_CAD_3_sub.pep.xml"
time="06:42:43" level=info msg="Parsing /scratch/negishi/afarzam/MSV000086944_results_v4/second_pass_upstream/Chymo_CAD/Chymo_CAD_2pass_results/hESC_Chymo_CAD/interact-chymotrypsin_hES_CAD_13_sub.pep.xml"
time="06:42:43" level=info msg="Parsing /scratch/negishi/afarzam/MSV000086944_results_v4/second_pass_upstream/Chymo_CAD/Chymo_CAD_2pass_results/hESC_Chymo_CAD/interact-chymotrypsin_hES_CAD_12_sub.pep.xml"
time="06:42:43" level=info msg="Parsing /scratch/negishi/afarzam/MSV000086944_results_v4/second_pass_upstream/Chymo_CAD/Chymo_CAD_2pass_results/hESC_Chymo_CAD/interact-chymotrypsin_hES_CAD_25_sub.pep.xml"
time="06:42:43" level=info msg="Parsing /scratch/negishi/afarzam/MSV000086944_results_v4/second_pass_upstream/Chymo_CAD/Chymo_CAD_2pass_results/hESC_Chymo_CAD/interact-chymotrypsin_hES_CAD_4_sub.pep.xml"
time="06:42:43" level=info msg="Parsing /scratch/negishi/afarzam/MSV000086944_results_v4/second_pass_upstream/Chymo_CAD/Chymo_CAD_2pass_results/hESC_Chymo_CAD/interact-chymotrypsin_hES_CAD_5_140728121319_sub.pep.xml"
time="06:42:43" level=info msg="Parsing /scratch/negishi/afarzam/MSV000086944_results_v4/second_pass_upstream/Chymo_CAD/Chymo_CAD_2pass_results/hESC_Chymo_CAD/interact-chymotrypsin_hES_CAD_6_140728140425_sub.pep.xml"
time="06:42:43" level=info msg="Parsing /scratch/negishi/afarzam/MSV000086944_results_v4/second_pass_upstream/Chymo_CAD/Chymo_CAD_2pass_results/hESC_Chymo_CAD/interact-chymotrypsin_hES_CAD_1_sub.pep.xml"
time="06:42:47" level=info msg="1+ Charge profile" decoy=0 target=0
time="06:42:47" level=info msg="2+ Charge profile" decoy=593 target=2103
time="06:42:47" level=info msg="3+ Charge profile" decoy=260 target=1126
time="06:42:47" level=info msg="4+ Charge profile" decoy=59 target=390
time="06:42:47" level=info msg="5+ Charge profile" decoy=29 target=117
time="06:42:47" level=info msg="6+ Charge profile" decoy=10 target=15
time="06:42:47" level=info msg="Database search results" ions=4258 peptides=4133 psms=4733
time="06:42:47" level=info msg="Converged to 0.00 % FDR with 44 PSMs" decoy=0 threshold=0.948774 total=44
time="06:42:47" level=info msg="Converged to 0.00 % FDR with 36 Peptides" decoy=0 threshold=0.948774 total=36
time="06:42:47" level=info msg="Converged to 0.00 % FDR with 38 Ions" decoy=0 threshold=0.948774 total=38
time="06:42:47" level=info msg="Protein inference results" decoy=4548 target=6668
time="06:42:47" level=info msg="Converged to 0.88 % FDR with 114 Proteins" decoy=1 threshold=0.9911 total=115
time="06:42:47" level=info msg="Applying sequential FDR estimation" ions=21 peptides=19 psms=26
time="06:42:47" level=info msg="Converged to 0.00 % FDR with 25 PSMs" decoy=0 threshold=0.951989 total=25
time="06:42:47" level=info msg="Converged to 0.00 % FDR with 18 Peptides" decoy=0 threshold=0.953515 total=18
time="06:42:47" level=info msg="Converged to 0.00 % FDR with 20 Ions" decoy=0 threshold=0.951989 total=20
time="06:42:47" level=info msg="Post processing identifications"
time="06:42:48" level=info msg="Assigning protein identifications to layers"
time="06:42:48" level=info msg="Processing protein inference"
time="06:42:48" level=info msg="Synchronizing PSMs and proteins"
time="06:42:48" level=info msg="Final report numbers after FDR filtering, and post-processing" ions=20 peptides=18 proteins=18 psms=25
time="06:42:48" level=info msg=Saving
time="06:42:48" level=info msg=Done
