time="23:27:16" level=info msg="Executing Filter  v5.1.2"
time="23:27:16" level=info msg="Fetching protein inference from /scratch/negishi/afarzam/MSV000086944_results_v4/second_pass_downstream/Trypsin_CAD/Trypsin_CAD_2pass_results/GM12878"
time="23:27:17" level=info msg="Processing peptide identification files"
time="23:27:17" level=info msg="Parsing /scratch/negishi/afarzam/MSV000086944_results_v4/second_pass_downstream/Trypsin_CAD/Trypsin_CAD_2pass_results/HepG2/interact-20151209_alr_CompleteHumanProteome_HepG2_HCD_trypsin_5_2_sub.pep.xml"
time="23:27:17" level=info msg="Parsing /scratch/negishi/afarzam/MSV000086944_results_v4/second_pass_downstream/Trypsin_CAD/Trypsin_CAD_2pass_results/HepG2/interact-20151201_alr_CompleteHumanProteome_HepG2_HCD_trypsin_fr10_sub.pep.xml"
time="23:27:17" level=info msg="Parsing /scratch/negishi/afarzam/MSV000086944_results_v4/second_pass_downstream/Trypsin_CAD/Trypsin_CAD_2pass_results/HepG2/interact-20151201_alr_CompleteHumanProteome_HepG2_HCD_trypsin_fr18_sub.pep.xml"
time="23:27:17" level=info msg="Parsing /scratch/negishi/afarzam/MSV000086944_results_v4/second_pass_downstream/Trypsin_CAD/Trypsin_CAD_2pass_results/HepG2/interact-20151201_alr_CompleteHumanProteome_HepG2_HCD_trypsin_fr15_151204041128_sub.pep.xml"
time="23:27:17" level=info msg="Parsing /scratch/negishi/afarzam/MSV000086944_results_v4/second_pass_downstream/Trypsin_CAD/Trypsin_CAD_2pass_results/HepG2/interact-20151201_alr_CompleteHumanProteome_HepG2_HCD_trypsin_fr16_sub.pep.xml"
time="23:27:17" level=info msg="Parsing /scratch/negishi/afarzam/MSV000086944_results_v4/second_pass_downstream/Trypsin_CAD/Trypsin_CAD_2pass_results/HepG2/interact-20151201_alr_CompleteHumanProteome_HepG2_HCD_trypsin_fr15_sub.pep.xml"
time="23:27:17" level=info msg="Parsing /scratch/negishi/afarzam/MSV000086944_results_v4/second_pass_downstream/Trypsin_CAD/Trypsin_CAD_2pass_results/HepG2/interact-20151201_alr_CompleteHumanProteome_HepG2_HCD_trypsin_fr16_151204054422_sub.pep.xml"
time="23:27:17" level=info msg="Parsing /scratch/negishi/afarzam/MSV000086944_results_v4/second_pass_downstream/Trypsin_CAD/Trypsin_CAD_2pass_results/HepG2/interact-20151201_alr_CompleteHumanProteome_HepG2_HCD_trypsin_fr28_sub.pep.xml"
time="23:27:17" level=info msg="Parsing /scratch/negishi/afarzam/MSV000086944_results_v4/second_pass_downstream/Trypsin_CAD/Trypsin_CAD_2pass_results/HepG2/interact-20151201_alr_CompleteHumanProteome_HepG2_HCD_trypsin_fr13_sub.pep.xml"
time="23:27:17" level=info msg="Parsing /scratch/negishi/afarzam/MSV000086944_results_v4/second_pass_downstream/Trypsin_CAD/Trypsin_CAD_2pass_results/HepG2/interact-20151201_alr_CompleteHumanProteome_HepG2_HCD_trypsin_fr11_sub.pep.xml"
time="23:27:17" level=info msg="Parsing /scratch/negishi/afarzam/MSV000086944_results_v4/second_pass_downstream/Trypsin_CAD/Trypsin_CAD_2pass_results/HepG2/interact-20151201_alr_CompleteHumanProteome_HepG2_HCD_trypsin_fr22_151203185351_sub.pep.xml"
time="23:27:17" level=info msg="Parsing /scratch/negishi/afarzam/MSV000086944_results_v4/second_pass_downstream/Trypsin_CAD/Trypsin_CAD_2pass_results/HepG2/interact-20151201_alr_CompleteHumanProteome_HepG2_HCD_trypsin_fr18_151204085011_sub.pep.xml"
time="23:27:17" level=info msg="Parsing /scratch/negishi/afarzam/MSV000086944_results_v4/second_pass_downstream/Trypsin_CAD/Trypsin_CAD_2pass_results/HepG2/interact-20151201_alr_CompleteHumanProteome_HepG2_HCD_trypsin_fr17_sub.pep.xml"
time="23:27:17" level=info msg="Parsing /scratch/negishi/afarzam/MSV000086944_results_v4/second_pass_downstream/Trypsin_CAD/Trypsin_CAD_2pass_results/HepG2/interact-20151201_alr_CompleteHumanProteome_HepG2_HCD_trypsin_fr14_151204023833_sub.pep.xml"
time="23:27:17" level=info msg="Parsing /scratch/negishi/afarzam/MSV000086944_results_v4/second_pass_downstream/Trypsin_CAD/Trypsin_CAD_2pass_results/HepG2/interact-20151201_alr_CompleteHumanProteome_HepG2_HCD_trypsin_fr25_sub.pep.xml"
time="23:27:17" level=info msg="Parsing /scratch/negishi/afarzam/MSV000086944_results_v4/second_pass_downstream/Trypsin_CAD/Trypsin_CAD_2pass_results/HepG2/interact-20151201_alr_CompleteHumanProteome_HepG2_HCD_trypsin_fr23_sub.pep.xml"
time="23:27:17" level=info msg="Parsing /scratch/negishi/afarzam/MSV000086944_results_v4/second_pass_downstream/Trypsin_CAD/Trypsin_CAD_2pass_results/HepG2/interact-20151201_alr_CompleteHumanProteome_HepG2_HCD_trypsin_fr29_sub.pep.xml"
time="23:27:17" level=info msg="Parsing /scratch/negishi/afarzam/MSV000086944_results_v4/second_pass_downstream/Trypsin_CAD/Trypsin_CAD_2pass_results/HepG2/interact-20151201_alr_CompleteHumanProteome_HepG2_HCD_trypsin_fr26_sub.pep.xml"
time="23:27:17" level=info msg="Parsing /scratch/negishi/afarzam/MSV000086944_results_v4/second_pass_downstream/Trypsin_CAD/Trypsin_CAD_2pass_results/HepG2/interact-20151201_alr_CompleteHumanProteome_HepG2_HCD_trypsin_fr19_sub.pep.xml"
time="23:27:17" level=info msg="Parsing /scratch/negishi/afarzam/MSV000086944_results_v4/second_pass_downstream/Trypsin_CAD/Trypsin_CAD_2pass_results/HepG2/interact-20151201_alr_CompleteHumanProteome_HepG2_HCD_trypsin_fr22_sub.pep.xml"
time="23:27:17" level=info msg="Parsing /scratch/negishi/afarzam/MSV000086944_results_v4/second_pass_downstream/Trypsin_CAD/Trypsin_CAD_2pass_results/HepG2/interact-20151201_alr_CompleteHumanProteome_HepG2_HCD_trypsin_fr20_151203233241_sub.pep.xml"
time="23:27:17" level=info msg="Parsing /scratch/negishi/afarzam/MSV000086944_results_v4/second_pass_downstream/Trypsin_CAD/Trypsin_CAD_2pass_results/HepG2/interact-20151201_alr_CompleteHumanProteome_HepG2_HCD_trypsin_fr20_sub.pep.xml"
time="23:27:17" level=info msg="Parsing /scratch/negishi/afarzam/MSV000086944_results_v4/second_pass_downstream/Trypsin_CAD/Trypsin_CAD_2pass_results/HepG2/interact-20151201_alr_CompleteHumanProteome_HepG2_HCD_trypsin_fr14_sub.pep.xml"
time="23:27:17" level=info msg="Parsing /scratch/negishi/afarzam/MSV000086944_results_v4/second_pass_downstream/Trypsin_CAD/Trypsin_CAD_2pass_results/HepG2/interact-20151201_alr_CompleteHumanProteome_HepG2_HCD_trypsin_fr12_sub.pep.xml"
time="23:27:17" level=info msg="Parsing /scratch/negishi/afarzam/MSV000086944_results_v4/second_pass_downstream/Trypsin_CAD/Trypsin_CAD_2pass_results/HepG2/interact-20151201_alr_CompleteHumanProteome_HepG2_HCD_trypsin_fr19_151203215945_sub.pep.xml"
time="23:27:17" level=info msg="Parsing /scratch/negishi/afarzam/MSV000086944_results_v4/second_pass_downstream/Trypsin_CAD/Trypsin_CAD_2pass_results/HepG2/interact-20151201_alr_CompleteHumanProteome_HepG2_HCD_trypsin_fr23_151203202650_sub.pep.xml"
time="23:27:17" level=info msg="Parsing /scratch/negishi/afarzam/MSV000086944_results_v4/second_pass_downstream/Trypsin_CAD/Trypsin_CAD_2pass_results/HepG2/interact-20151201_alr_CompleteHumanProteome_HepG2_HCD_trypsin_fr1_sub.pep.xml"
time="23:27:17" level=info msg="Parsing /scratch/negishi/afarzam/MSV000086944_results_v4/second_pass_downstream/Trypsin_CAD/Trypsin_CAD_2pass_results/HepG2/interact-20151201_alr_CompleteHumanProteome_HepG2_HCD_trypsin_fr30_sub.pep.xml"
time="23:27:17" level=info msg="Parsing /scratch/negishi/afarzam/MSV000086944_results_v4/second_pass_downstream/Trypsin_CAD/Trypsin_CAD_2pass_results/HepG2/interact-20151201_alr_CompleteHumanProteome_HepG2_HCD_trypsin_fr24_151204102307_sub.pep.xml"
time="23:27:17" level=info msg="Parsing /scratch/negishi/afarzam/MSV000086944_results_v4/second_pass_downstream/Trypsin_CAD/Trypsin_CAD_2pass_results/HepG2/interact-20151201_alr_CompleteHumanProteome_HepG2_HCD_trypsin_fr21_151204010538_sub.pep.xml"
time="23:27:17" level=info msg="Parsing /scratch/negishi/afarzam/MSV000086944_results_v4/second_pass_downstream/Trypsin_CAD/Trypsin_CAD_2pass_results/HepG2/interact-20151201_alr_CompleteHumanProteome_HepG2_HCD_trypsin_fr1_151203172052_sub.pep.xml"
time="23:27:17" level=info msg="Parsing /scratch/negishi/afarzam/MSV000086944_results_v4/second_pass_downstream/Trypsin_CAD/Trypsin_CAD_2pass_results/HepG2/interact-20151201_alr_CompleteHumanProteome_HepG2_HCD_trypsin_fr2_sub.pep.xml"
time="23:27:17" level=info msg="Parsing /scratch/negishi/afarzam/MSV000086944_results_v4/second_pass_downstream/Trypsin_CAD/Trypsin_CAD_2pass_results/HepG2/interact-20151201_alr_CompleteHumanProteome_HepG2_HCD_trypsin_fr21_sub.pep.xml"
time="23:27:17" level=info msg="Parsing /scratch/negishi/afarzam/MSV000086944_results_v4/second_pass_downstream/Trypsin_CAD/Trypsin_CAD_2pass_results/HepG2/interact-20151201_alr_CompleteHumanProteome_HepG2_HCD_trypsin_fr31_sub.pep.xml"
time="23:27:17" level=info msg="Parsing /scratch/negishi/afarzam/MSV000086944_results_v4/second_pass_downstream/Trypsin_CAD/Trypsin_CAD_2pass_results/HepG2/interact-20151201_alr_CompleteHumanProteome_HepG2_HCD_trypsin_fr5_sub.pep.xml"
time="23:27:17" level=info msg="Parsing /scratch/negishi/afarzam/MSV000086944_results_v4/second_pass_downstream/Trypsin_CAD/Trypsin_CAD_2pass_results/HepG2/interact-20151201_alr_CompleteHumanProteome_HepG2_HCD_trypsin_fr9_sub.pep.xml"
time="23:27:17" level=info msg="Parsing /scratch/negishi/afarzam/MSV000086944_results_v4/second_pass_downstream/Trypsin_CAD/Trypsin_CAD_2pass_results/HepG2/interact-20151201_alr_CompleteHumanProteome_HepG2_HCD_trypsin_fr6_sub.pep.xml"
time="23:27:17" level=info msg="Parsing /scratch/negishi/afarzam/MSV000086944_results_v4/second_pass_downstream/Trypsin_CAD/Trypsin_CAD_2pass_results/HepG2/interact-20151201_alr_CompleteHumanProteome_HepG2_HCD_trypsin_fr7_sub.pep.xml"
time="23:27:17" level=info msg="Parsing /scratch/negishi/afarzam/MSV000086944_results_v4/second_pass_downstream/Trypsin_CAD/Trypsin_CAD_2pass_results/HepG2/interact-20151209_alr_CompleteHumanProteome_HepG2_HCD_trypsin_24_2_sub.pep.xml"
time="23:27:17" level=info msg="Parsing /scratch/negishi/afarzam/MSV000086944_results_v4/second_pass_downstream/Trypsin_CAD/Trypsin_CAD_2pass_results/HepG2/interact-20151201_alr_CompleteHumanProteome_HepG2_HCD_trypsin_fr32_sub.pep.xml"
time="23:27:17" level=info msg="Parsing /scratch/negishi/afarzam/MSV000086944_results_v4/second_pass_downstream/Trypsin_CAD/Trypsin_CAD_2pass_results/HepG2/interact-20151201_alr_CompleteHumanProteome_HepG2_HCD_trypsin_fr8_sub.pep.xml"
time="23:27:17" level=info msg="Parsing /scratch/negishi/afarzam/MSV000086944_results_v4/second_pass_downstream/Trypsin_CAD/Trypsin_CAD_2pass_results/HepG2/interact-20151201_alr_CompleteHumanProteome_HepG2_HCD_trypsin_fr3_sub.pep.xml"
time="23:27:17" level=info msg="Parsing /scratch/negishi/afarzam/MSV000086944_results_v4/second_pass_downstream/Trypsin_CAD/Trypsin_CAD_2pass_results/HepG2/interact-20151209_alr_CompleteHumanProteome_HepG2_HCD_trypsin_31_2_sub.pep.xml"
time="23:27:17" level=info msg="Parsing /scratch/negishi/afarzam/MSV000086944_results_v4/second_pass_downstream/Trypsin_CAD/Trypsin_CAD_2pass_results/HepG2/interact-20151201_alr_CompleteHumanProteome_HepG2_HCD_trypsin_fr4_sub.pep.xml"
time="23:27:17" level=info msg="Parsing /scratch/negishi/afarzam/MSV000086944_results_v4/second_pass_downstream/Trypsin_CAD/Trypsin_CAD_2pass_results/HepG2/interact-20151201_alr_CompleteHumanProteome_HepG2_HCD_trypsin_fr35_sub.pep.xml"
time="23:27:17" level=info msg="Parsing /scratch/negishi/afarzam/MSV000086944_results_v4/second_pass_downstream/Trypsin_CAD/Trypsin_CAD_2pass_results/HepG2/interact-20151201_alr_CompleteHumanProteome_HepG2_HCD_trypsin_fr27_sub.pep.xml"
time="23:27:17" level=info msg="Parsing /scratch/negishi/afarzam/MSV000086944_results_v4/second_pass_downstream/Trypsin_CAD/Trypsin_CAD_2pass_results/HepG2/interact-20151201_alr_CompleteHumanProteome_HepG2_HCD_trypsin_fr24_sub.pep.xml"
time="23:27:17" level=info msg="Parsing /scratch/negishi/afarzam/MSV000086944_results_v4/second_pass_downstream/Trypsin_CAD/Trypsin_CAD_2pass_results/HepG2/interact-20151209_alr_CompleteHumanProteome_HepG2_HCD_trypsin_4_2_sub.pep.xml"
time="23:27:17" level=info msg="Parsing /scratch/negishi/afarzam/MSV000086944_results_v4/second_pass_downstream/Trypsin_CAD/Trypsin_CAD_2pass_results/HepG2/interact-20151201_alr_CompleteHumanProteome_HepG2_HCD_trypsin_fr33_sub.pep.xml"
time="23:27:17" level=info msg="Parsing /scratch/negishi/afarzam/MSV000086944_results_v4/second_pass_downstream/Trypsin_CAD/Trypsin_CAD_2pass_results/HepG2/interact-20151201_alr_CompleteHumanProteome_HepG2_HCD_trypsin_fr34_sub.pep.xml"
time="23:27:17" level=info msg="Parsing /scratch/negishi/afarzam/MSV000086944_results_v4/second_pass_downstream/Trypsin_CAD/Trypsin_CAD_2pass_results/HepG2/interact-20151201_alr_CompleteHumanProteome_HepG2_HCD_trypsin_fr17_151204071716_sub.pep.xml"
time="23:27:21" level=info msg="1+ Charge profile" decoy=0 target=0
time="23:27:21" level=info msg="2+ Charge profile" decoy=525 target=1945
time="23:27:21" level=info msg="3+ Charge profile" decoy=258 target=1056
time="23:27:21" level=info msg="4+ Charge profile" decoy=53 target=254
time="23:27:21" level=info msg="5+ Charge profile" decoy=10 target=18
time="23:27:21" level=info msg="6+ Charge profile" decoy=3 target=8
time="23:27:21" level=info msg="Database search results" ions=3168 peptides=2983 psms=4159
time="23:27:21" level=info msg="Converged to 0.66 % FDR with 152 PSMs" decoy=1 threshold=0.965082 total=153
time="23:27:21" level=info msg="Converged to 0.98 % FDR with 102 Peptides" decoy=1 threshold=0.965082 total=103
time="23:27:21" level=info msg="Converged to 0.89 % FDR with 112 Ions" decoy=1 threshold=0.965082 total=113
time="23:27:21" level=info msg="Protein inference results" decoy=3147 target=4830
time="23:27:21" level=info msg="Converged to 0.74 % FDR with 137 Proteins" decoy=2 threshold=0.9946 total=139
time="23:27:21" level=info msg="Applying sequential FDR estimation" ions=75 peptides=65 psms=110
time="23:27:21" level=info msg="Converged to 0.00 % FDR with 109 PSMs" decoy=0 threshold=0.966933 total=109
time="23:27:21" level=info msg="Converged to 0.00 % FDR with 64 Peptides" decoy=0 threshold=0.966933 total=64
time="23:27:21" level=info msg="Converged to 0.00 % FDR with 74 Ions" decoy=0 threshold=0.966933 total=74
time="23:27:21" level=info msg="Post processing identifications"
time="23:27:21" level=info msg="Assigning protein identifications to layers"
time="23:27:21" level=info msg="Processing protein inference"
time="23:27:22" level=info msg="Synchronizing PSMs and proteins"
time="23:27:22" level=info msg="Final report numbers after FDR filtering, and post-processing" ions=74 peptides=64 proteins=41 psms=109
time="23:27:22" level=info msg=Saving
time="23:27:22" level=info msg=Done
