time="17:45:59" level=info msg="Executing Filter  v5.1.2"
time="17:45:59" level=info msg="Fetching protein inference from /scratch/negishi/afarzam/MSV000086944_results_and_control_searches/second_pass_downstream_nozf/AspN_CAD/AspN_CAD_2pass_results/GM12878_AspN_HCD"
time="17:45:59" level=info msg="Processing peptide identification files"
time="17:45:59" level=info msg="Parsing /scratch/negishi/afarzam/MSV000086944_results_and_control_searches/second_pass_downstream_nozf/AspN_CAD/AspN_CAD_2pass_results/K562_AspN_HCD/interact-20160209_alr_CompleteHumanProteome_K562_AspN_HCD_fr9_sub.pep.xml"
time="17:45:59" level=info msg="Parsing /scratch/negishi/afarzam/MSV000086944_results_and_control_searches/second_pass_downstream_nozf/AspN_CAD/AspN_CAD_2pass_results/K562_AspN_HCD/interact-20160209_alr_CompleteHumanProteome_K562_AspN_HCD_fr26_sub.pep.xml"
time="17:45:59" level=info msg="Parsing /scratch/negishi/afarzam/MSV000086944_results_and_control_searches/second_pass_downstream_nozf/AspN_CAD/AspN_CAD_2pass_results/K562_AspN_HCD/interact-20160209_alr_CompleteHumanProteome_K562_AspN_HCD_fr15_sub.pep.xml"
time="17:45:59" level=info msg="Parsing /scratch/negishi/afarzam/MSV000086944_results_and_control_searches/second_pass_downstream_nozf/AspN_CAD/AspN_CAD_2pass_results/K562_AspN_HCD/interact-20160209_alr_CompleteHumanProteome_K562_AspN_HCD_fr27_sub.pep.xml"
time="17:45:59" level=info msg="Parsing /scratch/negishi/afarzam/MSV000086944_results_and_control_searches/second_pass_downstream_nozf/AspN_CAD/AspN_CAD_2pass_results/K562_AspN_HCD/interact-20160209_alr_CompleteHumanProteome_K562_AspN_HCD_fr12_sub.pep.xml"
time="17:45:59" level=info msg="Parsing /scratch/negishi/afarzam/MSV000086944_results_and_control_searches/second_pass_downstream_nozf/AspN_CAD/AspN_CAD_2pass_results/K562_AspN_HCD/interact-20160209_alr_CompleteHumanProteome_K562_AspN_HCD_fr13_sub.pep.xml"
time="17:45:59" level=info msg="Parsing /scratch/negishi/afarzam/MSV000086944_results_and_control_searches/second_pass_downstream_nozf/AspN_CAD/AspN_CAD_2pass_results/K562_AspN_HCD/interact-20160209_alr_CompleteHumanProteome_K562_AspN_HCD_fr28_sub.pep.xml"
time="17:45:59" level=info msg="Parsing /scratch/negishi/afarzam/MSV000086944_results_and_control_searches/second_pass_downstream_nozf/AspN_CAD/AspN_CAD_2pass_results/K562_AspN_HCD/interact-20160209_alr_CompleteHumanProteome_K562_AspN_HCD_fr10_sub.pep.xml"
time="17:45:59" level=info msg="Parsing /scratch/negishi/afarzam/MSV000086944_results_and_control_searches/second_pass_downstream_nozf/AspN_CAD/AspN_CAD_2pass_results/K562_AspN_HCD/interact-20160209_alr_CompleteHumanProteome_K562_AspN_HCD_fr20_sub.pep.xml"
time="17:45:59" level=info msg="Parsing /scratch/negishi/afarzam/MSV000086944_results_and_control_searches/second_pass_downstream_nozf/AspN_CAD/AspN_CAD_2pass_results/K562_AspN_HCD/interact-20160209_alr_CompleteHumanProteome_K562_AspN_HCD_fr18_sub.pep.xml"
time="17:45:59" level=warning msg="No PSM was found in data set. /scratch/negishi/afarzam/MSV000086944_results_and_control_searches/second_pass_downstream_nozf/AspN_CAD/AspN_CAD_2pass_results/K562_AspN_HCD/interact-20160209_alr_CompleteHumanProteome_K562_AspN_HCD_fr26_sub.pep.xml"
time="17:45:59" level=info msg="Parsing /scratch/negishi/afarzam/MSV000086944_results_and_control_searches/second_pass_downstream_nozf/AspN_CAD/AspN_CAD_2pass_results/K562_AspN_HCD/interact-20160209_alr_CompleteHumanProteome_K562_AspN_HCD_fr24_sub.pep.xml"
time="17:45:59" level=warning msg="No PSM was found in data set. /scratch/negishi/afarzam/MSV000086944_results_and_control_searches/second_pass_downstream_nozf/AspN_CAD/AspN_CAD_2pass_results/K562_AspN_HCD/interact-20160209_alr_CompleteHumanProteome_K562_AspN_HCD_fr9_sub.pep.xml"
time="17:45:59" level=info msg="Parsing /scratch/negishi/afarzam/MSV000086944_results_and_control_searches/second_pass_downstream_nozf/AspN_CAD/AspN_CAD_2pass_results/K562_AspN_HCD/interact-20160209_alr_CompleteHumanProteome_K562_AspN_HCD_fr16_sub.pep.xml"
time="17:45:59" level=info msg="Parsing /scratch/negishi/afarzam/MSV000086944_results_and_control_searches/second_pass_downstream_nozf/AspN_CAD/AspN_CAD_2pass_results/K562_AspN_HCD/interact-20160209_alr_CompleteHumanProteome_K562_AspN_HCD_fr19_sub.pep.xml"
time="17:45:59" level=info msg="Parsing /scratch/negishi/afarzam/MSV000086944_results_and_control_searches/second_pass_downstream_nozf/AspN_CAD/AspN_CAD_2pass_results/K562_AspN_HCD/interact-20160209_alr_CompleteHumanProteome_K562_AspN_HCD_fr23_sub.pep.xml"
time="17:45:59" level=warning msg="No PSM was found in data set. /scratch/negishi/afarzam/MSV000086944_results_and_control_searches/second_pass_downstream_nozf/AspN_CAD/AspN_CAD_2pass_results/K562_AspN_HCD/interact-20160209_alr_CompleteHumanProteome_K562_AspN_HCD_fr15_sub.pep.xml"
time="17:45:59" level=info msg="Parsing /scratch/negishi/afarzam/MSV000086944_results_and_control_searches/second_pass_downstream_nozf/AspN_CAD/AspN_CAD_2pass_results/K562_AspN_HCD/interact-20160209_alr_CompleteHumanProteome_K562_AspN_HCD_fr1_sub.pep.xml"
time="17:45:59" level=info msg="Parsing /scratch/negishi/afarzam/MSV000086944_results_and_control_searches/second_pass_downstream_nozf/AspN_CAD/AspN_CAD_2pass_results/K562_AspN_HCD/interact-20160209_alr_CompleteHumanProteome_K562_AspN_HCD_fr4_sub.pep.xml"
time="17:45:59" level=info msg="Parsing /scratch/negishi/afarzam/MSV000086944_results_and_control_searches/second_pass_downstream_nozf/AspN_CAD/AspN_CAD_2pass_results/K562_AspN_HCD/interact-20160209_alr_CompleteHumanProteome_K562_AspN_HCD_fr17_sub.pep.xml"
time="17:45:59" level=warning msg="No PSM was found in data set. /scratch/negishi/afarzam/MSV000086944_results_and_control_searches/second_pass_downstream_nozf/AspN_CAD/AspN_CAD_2pass_results/K562_AspN_HCD/interact-20160209_alr_CompleteHumanProteome_K562_AspN_HCD_fr13_sub.pep.xml"
time="17:45:59" level=info msg="Parsing /scratch/negishi/afarzam/MSV000086944_results_and_control_searches/second_pass_downstream_nozf/AspN_CAD/AspN_CAD_2pass_results/K562_AspN_HCD/interact-20160209_alr_CompleteHumanProteome_K562_AspN_HCD_fr30_sub.pep.xml"
time="17:45:59" level=info msg="Parsing /scratch/negishi/afarzam/MSV000086944_results_and_control_searches/second_pass_downstream_nozf/AspN_CAD/AspN_CAD_2pass_results/K562_AspN_HCD/interact-20160209_alr_CompleteHumanProteome_K562_AspN_HCD_fr21_sub.pep.xml"
time="17:45:59" level=info msg="Parsing /scratch/negishi/afarzam/MSV000086944_results_and_control_searches/second_pass_downstream_nozf/AspN_CAD/AspN_CAD_2pass_results/K562_AspN_HCD/interact-20160209_alr_CompleteHumanProteome_K562_AspN_HCD_fr25_sub.pep.xml"
time="17:45:59" level=info msg="Parsing /scratch/negishi/afarzam/MSV000086944_results_and_control_searches/second_pass_downstream_nozf/AspN_CAD/AspN_CAD_2pass_results/K562_AspN_HCD/interact-20160209_alr_CompleteHumanProteome_K562_AspN_HCD_fr11_sub.pep.xml"
time="17:45:59" level=warning msg="No PSM was found in data set. /scratch/negishi/afarzam/MSV000086944_results_and_control_searches/second_pass_downstream_nozf/AspN_CAD/AspN_CAD_2pass_results/K562_AspN_HCD/interact-20160209_alr_CompleteHumanProteome_K562_AspN_HCD_fr18_sub.pep.xml"
time="17:45:59" level=warning msg="No PSM was found in data set. /scratch/negishi/afarzam/MSV000086944_results_and_control_searches/second_pass_downstream_nozf/AspN_CAD/AspN_CAD_2pass_results/K562_AspN_HCD/interact-20160209_alr_CompleteHumanProteome_K562_AspN_HCD_fr10_sub.pep.xml"
time="17:45:59" level=warning msg="No PSM was found in data set. /scratch/negishi/afarzam/MSV000086944_results_and_control_searches/second_pass_downstream_nozf/AspN_CAD/AspN_CAD_2pass_results/K562_AspN_HCD/interact-20160209_alr_CompleteHumanProteome_K562_AspN_HCD_fr19_sub.pep.xml"
time="17:45:59" level=warning msg="No PSM was found in data set. /scratch/negishi/afarzam/MSV000086944_results_and_control_searches/second_pass_downstream_nozf/AspN_CAD/AspN_CAD_2pass_results/K562_AspN_HCD/interact-20160209_alr_CompleteHumanProteome_K562_AspN_HCD_fr16_sub.pep.xml"
time="17:45:59" level=warning msg="No PSM was found in data set. /scratch/negishi/afarzam/MSV000086944_results_and_control_searches/second_pass_downstream_nozf/AspN_CAD/AspN_CAD_2pass_results/K562_AspN_HCD/interact-20160209_alr_CompleteHumanProteome_K562_AspN_HCD_fr1_sub.pep.xml"
time="17:45:59" level=info msg="Parsing /scratch/negishi/afarzam/MSV000086944_results_and_control_searches/second_pass_downstream_nozf/AspN_CAD/AspN_CAD_2pass_results/K562_AspN_HCD/interact-20160209_alr_CompleteHumanProteome_K562_AspN_HCD_fr5_sub.pep.xml"
time="17:45:59" level=info msg="Parsing /scratch/negishi/afarzam/MSV000086944_results_and_control_searches/second_pass_downstream_nozf/AspN_CAD/AspN_CAD_2pass_results/K562_AspN_HCD/interact-20160209_alr_CompleteHumanProteome_K562_AspN_HCD_fr3_sub.pep.xml"
time="17:45:59" level=info msg="Parsing /scratch/negishi/afarzam/MSV000086944_results_and_control_searches/second_pass_downstream_nozf/AspN_CAD/AspN_CAD_2pass_results/K562_AspN_HCD/interact-20160209_alr_CompleteHumanProteome_K562_AspN_HCD_fr6_sub.pep.xml"
time="17:45:59" level=info msg="Parsing /scratch/negishi/afarzam/MSV000086944_results_and_control_searches/second_pass_downstream_nozf/AspN_CAD/AspN_CAD_2pass_results/K562_AspN_HCD/interact-20160209_alr_CompleteHumanProteome_K562_AspN_HCD_fr29_sub.pep.xml"
time="17:45:59" level=info msg="Parsing /scratch/negishi/afarzam/MSV000086944_results_and_control_searches/second_pass_downstream_nozf/AspN_CAD/AspN_CAD_2pass_results/K562_AspN_HCD/interact-20160209_alr_CompleteHumanProteome_K562_AspN_HCD_fr8_sub.pep.xml"
time="17:45:59" level=info msg="Parsing /scratch/negishi/afarzam/MSV000086944_results_and_control_searches/second_pass_downstream_nozf/AspN_CAD/AspN_CAD_2pass_results/K562_AspN_HCD/interact-20160209_alr_CompleteHumanProteome_K562_AspN_HCD_fr22_sub.pep.xml"
time="17:45:59" level=info msg="Parsing /scratch/negishi/afarzam/MSV000086944_results_and_control_searches/second_pass_downstream_nozf/AspN_CAD/AspN_CAD_2pass_results/K562_AspN_HCD/interact-20160209_alr_CompleteHumanProteome_K562_AspN_HCD_fr14_sub.pep.xml"
time="17:45:59" level=info msg="Parsing /scratch/negishi/afarzam/MSV000086944_results_and_control_searches/second_pass_downstream_nozf/AspN_CAD/AspN_CAD_2pass_results/K562_AspN_HCD/interact-20160209_alr_CompleteHumanProteome_K562_AspN_HCD_fr2_sub.pep.xml"
time="17:45:59" level=info msg="Parsing /scratch/negishi/afarzam/MSV000086944_results_and_control_searches/second_pass_downstream_nozf/AspN_CAD/AspN_CAD_2pass_results/K562_AspN_HCD/interact-20160209_alr_CompleteHumanProteome_K562_AspN_HCD_fr7_sub.pep.xml"
time="17:45:59" level=warning msg="No PSM was found in data set. /scratch/negishi/afarzam/MSV000086944_results_and_control_searches/second_pass_downstream_nozf/AspN_CAD/AspN_CAD_2pass_results/K562_AspN_HCD/interact-20160209_alr_CompleteHumanProteome_K562_AspN_HCD_fr5_sub.pep.xml"
time="17:45:59" level=warning msg="No PSM was found in data set. /scratch/negishi/afarzam/MSV000086944_results_and_control_searches/second_pass_downstream_nozf/AspN_CAD/AspN_CAD_2pass_results/K562_AspN_HCD/interact-20160209_alr_CompleteHumanProteome_K562_AspN_HCD_fr30_sub.pep.xml"
time="17:45:59" level=warning msg="No PSM was found in data set. /scratch/negishi/afarzam/MSV000086944_results_and_control_searches/second_pass_downstream_nozf/AspN_CAD/AspN_CAD_2pass_results/K562_AspN_HCD/interact-20160209_alr_CompleteHumanProteome_K562_AspN_HCD_fr3_sub.pep.xml"
time="17:45:59" level=warning msg="No PSM was found in data set. /scratch/negishi/afarzam/MSV000086944_results_and_control_searches/second_pass_downstream_nozf/AspN_CAD/AspN_CAD_2pass_results/K562_AspN_HCD/interact-20160209_alr_CompleteHumanProteome_K562_AspN_HCD_fr29_sub.pep.xml"
time="17:45:59" level=warning msg="No PSM was found in data set. /scratch/negishi/afarzam/MSV000086944_results_and_control_searches/second_pass_downstream_nozf/AspN_CAD/AspN_CAD_2pass_results/K562_AspN_HCD/interact-20160209_alr_CompleteHumanProteome_K562_AspN_HCD_fr8_sub.pep.xml"
time="17:45:59" level=warning msg="No PSM was found in data set. /scratch/negishi/afarzam/MSV000086944_results_and_control_searches/second_pass_downstream_nozf/AspN_CAD/AspN_CAD_2pass_results/K562_AspN_HCD/interact-20160209_alr_CompleteHumanProteome_K562_AspN_HCD_fr22_sub.pep.xml"
time="17:45:59" level=warning msg="No PSM was found in data set. /scratch/negishi/afarzam/MSV000086944_results_and_control_searches/second_pass_downstream_nozf/AspN_CAD/AspN_CAD_2pass_results/K562_AspN_HCD/interact-20160209_alr_CompleteHumanProteome_K562_AspN_HCD_fr2_sub.pep.xml"
time="17:45:59" level=warning msg="No PSM was found in data set. /scratch/negishi/afarzam/MSV000086944_results_and_control_searches/second_pass_downstream_nozf/AspN_CAD/AspN_CAD_2pass_results/K562_AspN_HCD/interact-20160209_alr_CompleteHumanProteome_K562_AspN_HCD_fr7_sub.pep.xml"
time="17:45:59" level=info msg="1+ Charge profile" decoy=0 target=0
time="17:45:59" level=info msg="2+ Charge profile" decoy=1 target=8
time="17:45:59" level=info msg="3+ Charge profile" decoy=3 target=14
time="17:45:59" level=info msg="4+ Charge profile" decoy=0 target=6
time="17:45:59" level=info msg="5+ Charge profile" decoy=0 target=8
time="17:45:59" level=info msg="6+ Charge profile" decoy=0 target=3
time="17:45:59" level=info msg="Database search results" ions=37 peptides=34 psms=43
time="17:45:59" level=info msg="Converged to 0.00 % FDR with 12 PSMs" decoy=0 threshold=0.66785 total=12
time="17:45:59" level=info msg="Converged to 0.00 % FDR with 9 Peptides" decoy=0 threshold=0.66785 total=9
time="17:45:59" level=info msg="Converged to 0.00 % FDR with 11 Ions" decoy=0 threshold=0.66785 total=11
time="17:45:59" level=info msg="Protein inference results" decoy=178 target=405
time="17:45:59" level=info msg="Converged to 0.00 % FDR with 25 Proteins" decoy=0 threshold=0.9183 total=25
time="17:45:59" level=info msg="Applying sequential FDR estimation" ions=4 peptides=3 psms=5
time="17:45:59" level=info msg="Converged to 0.00 % FDR with 4 PSMs" decoy=0 threshold=0.710005 total=4
time="17:45:59" level=info msg="Converged to 0.00 % FDR with 2 Peptides" decoy=0 threshold=0.710005 total=2
time="17:45:59" level=info msg="Converged to 0.00 % FDR with 3 Ions" decoy=0 threshold=0.710005 total=3
time="17:45:59" level=info msg="Post processing identifications"
time="17:45:59" level=info msg="Assigning protein identifications to layers"
time="17:46:00" level=info msg="Processing protein inference"
time="17:46:00" level=info msg="Synchronizing PSMs and proteins"
time="17:46:00" level=info msg="Final report numbers after FDR filtering, and post-processing" ions=3 peptides=2 proteins=2 psms=4
time="17:46:00" level=info msg=Saving
time="17:46:00" level=info msg=Done
