time="06:41:50" level=info msg="Executing Filter  v5.1.2"
time="06:41:50" level=info msg="Fetching protein inference from /scratch/negishi/afarzam/MSV000086944_results_v4/second_pass_upstream/Chymo_CAD/Chymo_CAD_2pass_results/GM12878_Chymo_CAD"
time="06:41:51" level=info msg="Processing peptide identification files"
time="06:41:51" level=info msg="Parsing /scratch/negishi/afarzam/MSV000086944_results_v4/second_pass_upstream/Chymo_CAD/Chymo_CAD_2pass_results/HUVEC_Chymo_CAD/interact-20160115_alr_CompleteHumanProteome_HUVEC_chymo_CAD_fr15_sub.pep.xml"
time="06:41:51" level=info msg="Parsing /scratch/negishi/afarzam/MSV000086944_results_v4/second_pass_upstream/Chymo_CAD/Chymo_CAD_2pass_results/HUVEC_Chymo_CAD/interact-20160115_alr_CompleteHumanProteome_HUVEC_chymo_CAD_fr2_160116084220_sub.pep.xml"
time="06:41:51" level=info msg="Parsing /scratch/negishi/afarzam/MSV000086944_results_v4/second_pass_upstream/Chymo_CAD/Chymo_CAD_2pass_results/HUVEC_Chymo_CAD/interact-20160115_alr_CompleteHumanProteome_HUVEC_chymo_CAD_fr1_sub.pep.xml"
time="06:41:51" level=info msg="Parsing /scratch/negishi/afarzam/MSV000086944_results_v4/second_pass_upstream/Chymo_CAD/Chymo_CAD_2pass_results/HUVEC_Chymo_CAD/interact-20160115_alr_CompleteHumanProteome_HUVEC_chymo_CAD_fr19_sub.pep.xml"
time="06:41:51" level=info msg="Parsing /scratch/negishi/afarzam/MSV000086944_results_v4/second_pass_upstream/Chymo_CAD/Chymo_CAD_2pass_results/HUVEC_Chymo_CAD/interact-20160115_alr_CompleteHumanProteome_HUVEC_chymo_CAD_fr13_sub.pep.xml"
time="06:41:51" level=info msg="Parsing /scratch/negishi/afarzam/MSV000086944_results_v4/second_pass_upstream/Chymo_CAD/Chymo_CAD_2pass_results/HUVEC_Chymo_CAD/interact-20160115_alr_CompleteHumanProteome_HUVEC_chymo_CAD_fr3_160116101518_sub.pep.xml"
time="06:41:51" level=info msg="Parsing /scratch/negishi/afarzam/MSV000086944_results_v4/second_pass_upstream/Chymo_CAD/Chymo_CAD_2pass_results/HUVEC_Chymo_CAD/interact-20160115_alr_CompleteHumanProteome_HUVEC_chymo_CAD_fr14_sub.pep.xml"
time="06:41:51" level=info msg="Parsing /scratch/negishi/afarzam/MSV000086944_results_v4/second_pass_upstream/Chymo_CAD/Chymo_CAD_2pass_results/HUVEC_Chymo_CAD/interact-20160115_alr_CompleteHumanProteome_HUVEC_chymo_CAD_fr16_sub.pep.xml"
time="06:41:51" level=info msg="Parsing /scratch/negishi/afarzam/MSV000086944_results_v4/second_pass_upstream/Chymo_CAD/Chymo_CAD_2pass_results/HUVEC_Chymo_CAD/interact-20160115_alr_CompleteHumanProteome_HUVEC_chymo_CAD_fr21_sub.pep.xml"
time="06:41:51" level=info msg="Parsing /scratch/negishi/afarzam/MSV000086944_results_v4/second_pass_upstream/Chymo_CAD/Chymo_CAD_2pass_results/HUVEC_Chymo_CAD/interact-20160115_alr_CompleteHumanProteome_HUVEC_chymo_CAD_fr11_sub.pep.xml"
time="06:41:51" level=info msg="Parsing /scratch/negishi/afarzam/MSV000086944_results_v4/second_pass_upstream/Chymo_CAD/Chymo_CAD_2pass_results/HUVEC_Chymo_CAD/interact-20160115_alr_CompleteHumanProteome_HUVEC_chymo_CAD_fr28_sub.pep.xml"
time="06:41:51" level=info msg="Parsing /scratch/negishi/afarzam/MSV000086944_results_v4/second_pass_upstream/Chymo_CAD/Chymo_CAD_2pass_results/HUVEC_Chymo_CAD/interact-20160115_alr_CompleteHumanProteome_HUVEC_chymo_CAD_fr9_sub.pep.xml"
time="06:41:51" level=info msg="Parsing /scratch/negishi/afarzam/MSV000086944_results_v4/second_pass_upstream/Chymo_CAD/Chymo_CAD_2pass_results/HUVEC_Chymo_CAD/interact-20160115_alr_CompleteHumanProteome_HUVEC_chymo_CAD_fr32_sub.pep.xml"
time="06:41:51" level=info msg="Parsing /scratch/negishi/afarzam/MSV000086944_results_v4/second_pass_upstream/Chymo_CAD/Chymo_CAD_2pass_results/HUVEC_Chymo_CAD/interact-20160115_alr_CompleteHumanProteome_HUVEC_chymo_CAD_fr20_sub.pep.xml"
time="06:41:51" level=info msg="Parsing /scratch/negishi/afarzam/MSV000086944_results_v4/second_pass_upstream/Chymo_CAD/Chymo_CAD_2pass_results/HUVEC_Chymo_CAD/interact-20160115_alr_CompleteHumanProteome_HUVEC_chymo_CAD_fr35_sub.pep.xml"
time="06:41:51" level=info msg="Parsing /scratch/negishi/afarzam/MSV000086944_results_v4/second_pass_upstream/Chymo_CAD/Chymo_CAD_2pass_results/HUVEC_Chymo_CAD/interact-20160115_alr_CompleteHumanProteome_HUVEC_chymo_CAD_fr6_160116145402_sub.pep.xml"
time="06:41:51" level=info msg="Parsing /scratch/negishi/afarzam/MSV000086944_results_v4/second_pass_upstream/Chymo_CAD/Chymo_CAD_2pass_results/HUVEC_Chymo_CAD/interact-20160115_alr_CompleteHumanProteome_HUVEC_chymo_CAD_fr18_sub.pep.xml"
time="06:41:51" level=info msg="Parsing /scratch/negishi/afarzam/MSV000086944_results_v4/second_pass_upstream/Chymo_CAD/Chymo_CAD_2pass_results/HUVEC_Chymo_CAD/interact-20160115_alr_CompleteHumanProteome_HUVEC_chymo_CAD_fr34_sub.pep.xml"
time="06:41:51" level=info msg="Parsing /scratch/negishi/afarzam/MSV000086944_results_v4/second_pass_upstream/Chymo_CAD/Chymo_CAD_2pass_results/HUVEC_Chymo_CAD/interact-20160115_alr_CompleteHumanProteome_HUVEC_chymo_CAD_fr23_sub.pep.xml"
time="06:41:51" level=info msg="Parsing /scratch/negishi/afarzam/MSV000086944_results_v4/second_pass_upstream/Chymo_CAD/Chymo_CAD_2pass_results/HUVEC_Chymo_CAD/interact-20160115_alr_CompleteHumanProteome_HUVEC_chymo_CAD_fr10_sub.pep.xml"
time="06:41:51" level=info msg="Parsing /scratch/negishi/afarzam/MSV000086944_results_v4/second_pass_upstream/Chymo_CAD/Chymo_CAD_2pass_results/HUVEC_Chymo_CAD/interact-20160115_alr_CompleteHumanProteome_HUVEC_chymo_CAD_fr22_sub.pep.xml"
time="06:41:51" level=info msg="Parsing /scratch/negishi/afarzam/MSV000086944_results_v4/second_pass_upstream/Chymo_CAD/Chymo_CAD_2pass_results/HUVEC_Chymo_CAD/interact-20160115_alr_CompleteHumanProteome_HUVEC_chymo_CAD_fr7_160116162657_sub.pep.xml"
time="06:41:51" level=warning msg="No PSM was found in data set. /scratch/negishi/afarzam/MSV000086944_results_v4/second_pass_upstream/Chymo_CAD/Chymo_CAD_2pass_results/HUVEC_Chymo_CAD/interact-20160115_alr_CompleteHumanProteome_HUVEC_chymo_CAD_fr2_160116084220_sub.pep.xml"
time="06:41:51" level=info msg="Parsing /scratch/negishi/afarzam/MSV000086944_results_v4/second_pass_upstream/Chymo_CAD/Chymo_CAD_2pass_results/HUVEC_Chymo_CAD/interact-20160115_alr_CompleteHumanProteome_HUVEC_chymo_CAD_fr4_160116114813_sub.pep.xml"
time="06:41:51" level=info msg="Parsing /scratch/negishi/afarzam/MSV000086944_results_v4/second_pass_upstream/Chymo_CAD/Chymo_CAD_2pass_results/HUVEC_Chymo_CAD/interact-20160115_alr_CompleteHumanProteome_HUVEC_chymo_CAD_fr26_sub.pep.xml"
time="06:41:51" level=info msg="Parsing /scratch/negishi/afarzam/MSV000086944_results_v4/second_pass_upstream/Chymo_CAD/Chymo_CAD_2pass_results/HUVEC_Chymo_CAD/interact-20160115_alr_CompleteHumanProteome_HUVEC_chymo_CAD_fr5_160116132107_sub.pep.xml"
time="06:41:51" level=info msg="Parsing /scratch/negishi/afarzam/MSV000086944_results_v4/second_pass_upstream/Chymo_CAD/Chymo_CAD_2pass_results/HUVEC_Chymo_CAD/interact-20160115_alr_CompleteHumanProteome_HUVEC_chymo_CAD_fr29_sub.pep.xml"
time="06:41:51" level=info msg="Parsing /scratch/negishi/afarzam/MSV000086944_results_v4/second_pass_upstream/Chymo_CAD/Chymo_CAD_2pass_results/HUVEC_Chymo_CAD/interact-20160115_alr_CompleteHumanProteome_HUVEC_chymo_CAD_fr25_sub.pep.xml"
time="06:41:51" level=info msg="Parsing /scratch/negishi/afarzam/MSV000086944_results_v4/second_pass_upstream/Chymo_CAD/Chymo_CAD_2pass_results/HUVEC_Chymo_CAD/interact-20160115_alr_CompleteHumanProteome_HUVEC_chymo_CAD_fr33_sub.pep.xml"
time="06:41:51" level=info msg="Parsing /scratch/negishi/afarzam/MSV000086944_results_v4/second_pass_upstream/Chymo_CAD/Chymo_CAD_2pass_results/HUVEC_Chymo_CAD/interact-20160115_alr_CompleteHumanProteome_HUVEC_chymo_CAD_fr24_sub.pep.xml"
time="06:41:51" level=info msg="Parsing /scratch/negishi/afarzam/MSV000086944_results_v4/second_pass_upstream/Chymo_CAD/Chymo_CAD_2pass_results/HUVEC_Chymo_CAD/interact-20160115_alr_CompleteHumanProteome_HUVEC_chymo_CAD_fr30_sub.pep.xml"
time="06:41:51" level=info msg="Parsing /scratch/negishi/afarzam/MSV000086944_results_v4/second_pass_upstream/Chymo_CAD/Chymo_CAD_2pass_results/HUVEC_Chymo_CAD/interact-20160115_alr_CompleteHumanProteome_HUVEC_chymo_CAD_fr12_sub.pep.xml"
time="06:41:51" level=info msg="Parsing /scratch/negishi/afarzam/MSV000086944_results_v4/second_pass_upstream/Chymo_CAD/Chymo_CAD_2pass_results/HUVEC_Chymo_CAD/interact-20160115_alr_CompleteHumanProteome_HUVEC_chymo_CAD_fr27_sub.pep.xml"
time="06:41:51" level=info msg="Parsing /scratch/negishi/afarzam/MSV000086944_results_v4/second_pass_upstream/Chymo_CAD/Chymo_CAD_2pass_results/HUVEC_Chymo_CAD/interact-20160115_alr_CompleteHumanProteome_HUVEC_chymo_CAD_fr17_sub.pep.xml"
time="06:41:51" level=info msg="Parsing /scratch/negishi/afarzam/MSV000086944_results_v4/second_pass_upstream/Chymo_CAD/Chymo_CAD_2pass_results/HUVEC_Chymo_CAD/interact-20160115_alr_CompleteHumanProteome_HUVEC_chymo_CAD_fr8_sub.pep.xml"
time="06:41:51" level=info msg="Parsing /scratch/negishi/afarzam/MSV000086944_results_v4/second_pass_upstream/Chymo_CAD/Chymo_CAD_2pass_results/HUVEC_Chymo_CAD/interact-20160115_alr_CompleteHumanProteome_HUVEC_chymo_CAD_fr31_sub.pep.xml"
time="06:41:56" level=info msg="1+ Charge profile" decoy=0 target=0
time="06:41:56" level=info msg="2+ Charge profile" decoy=280 target=817
time="06:41:56" level=info msg="3+ Charge profile" decoy=104 target=246
time="06:41:56" level=info msg="4+ Charge profile" decoy=33 target=58
time="06:41:56" level=info msg="5+ Charge profile" decoy=4 target=13
time="06:41:56" level=info msg="6+ Charge profile" decoy=2 target=23
time="06:41:56" level=info msg="Database search results" ions=1309 peptides=1271 psms=1590
time="06:41:56" level=info msg="Converged to 0.00 % FDR with 25 PSMs" decoy=0 threshold=0.976113 total=25
time="06:41:56" level=info msg="Converged to 0.00 % FDR with 19 Peptides" decoy=0 threshold=0.976113 total=19
time="06:41:56" level=info msg="Converged to 0.00 % FDR with 22 Ions" decoy=0 threshold=0.976113 total=22
time="06:41:56" level=info msg="Protein inference results" decoy=4548 target=6668
time="06:41:56" level=info msg="Converged to 0.88 % FDR with 114 Proteins" decoy=1 threshold=0.9911 total=115
time="06:41:56" level=info msg="Applying sequential FDR estimation" ions=17 peptides=14 psms=20
time="06:41:56" level=info msg="Converged to 0.00 % FDR with 19 PSMs" decoy=0 threshold=0.978315 total=19
time="06:41:56" level=info msg="Converged to 0.00 % FDR with 13 Peptides" decoy=0 threshold=0.978315 total=13
time="06:41:56" level=info msg="Converged to 0.00 % FDR with 16 Ions" decoy=0 threshold=0.978315 total=16
time="06:41:56" level=info msg="Post processing identifications"
time="06:41:56" level=info msg="Assigning protein identifications to layers"
time="06:41:56" level=info msg="Processing protein inference"
time="06:41:57" level=info msg="Synchronizing PSMs and proteins"
time="06:41:57" level=info msg="Final report numbers after FDR filtering, and post-processing" ions=16 peptides=13 proteins=11 psms=19
time="06:41:57" level=info msg=Saving
time="06:41:57" level=info msg=Done
