time="15:20:31" level=info msg="Executing Filter  v5.1.2"
time="15:20:31" level=info msg="Fetching protein inference from /scratch/negishi/afarzam/MSV000086944_results_and_control_searches/second_pass_downstream_nozf/LysC_CAD/LysC_CAD_2pass_results/GM12878_LysC_HCD"
time="15:20:31" level=info msg="Processing peptide identification files"
time="15:20:31" level=info msg="Parsing /scratch/negishi/afarzam/MSV000086944_results_and_control_searches/second_pass_downstream_nozf/LysC_CAD/LysC_CAD_2pass_results/HepG2_LysC_HCD/interact-20151215_alr_CompleteHumaProteome_HepG2_HCD_LysC_fr9_sub.pep.xml"
time="15:20:31" level=info msg="Parsing /scratch/negishi/afarzam/MSV000086944_results_and_control_searches/second_pass_downstream_nozf/LysC_CAD/LysC_CAD_2pass_results/HepG2_LysC_HCD/interact-20151215_alr_CompleteHumaProteome_HepG2_HCD_LysC_fr31_sub.pep.xml"
time="15:20:31" level=info msg="Parsing /scratch/negishi/afarzam/MSV000086944_results_and_control_searches/second_pass_downstream_nozf/LysC_CAD/LysC_CAD_2pass_results/HepG2_LysC_HCD/interact-20151215_alr_CompleteHumaProteome_HepG2_HCD_LysC_fr26_sub.pep.xml"
time="15:20:31" level=info msg="Parsing /scratch/negishi/afarzam/MSV000086944_results_and_control_searches/second_pass_downstream_nozf/LysC_CAD/LysC_CAD_2pass_results/HepG2_LysC_HCD/interact-20151215_alr_CompleteHumaProteome_HepG2_HCD_LysC_fr4_sub.pep.xml"
time="15:20:31" level=info msg="Parsing /scratch/negishi/afarzam/MSV000086944_results_and_control_searches/second_pass_downstream_nozf/LysC_CAD/LysC_CAD_2pass_results/HepG2_LysC_HCD/interact-20151215_alr_CompleteHumaProteome_HepG2_HCD_LysC_fr19_sub.pep.xml"
time="15:20:31" level=info msg="Parsing /scratch/negishi/afarzam/MSV000086944_results_and_control_searches/second_pass_downstream_nozf/LysC_CAD/LysC_CAD_2pass_results/HepG2_LysC_HCD/interact-20151215_alr_CompleteHumaProteome_HepG2_HCD_LysC_fr35_sub.pep.xml"
time="15:20:31" level=info msg="Parsing /scratch/negishi/afarzam/MSV000086944_results_and_control_searches/second_pass_downstream_nozf/LysC_CAD/LysC_CAD_2pass_results/HepG2_LysC_HCD/interact-20151215_alr_CompleteHumaProteome_HepG2_HCD_LysC_fr3_sub.pep.xml"
time="15:20:31" level=info msg="Parsing /scratch/negishi/afarzam/MSV000086944_results_and_control_searches/second_pass_downstream_nozf/LysC_CAD/LysC_CAD_2pass_results/HepG2_LysC_HCD/interact-20151215_alr_CompleteHumaProteome_HepG2_HCD_LysC_fr15_sub.pep.xml"
time="15:20:31" level=info msg="Parsing /scratch/negishi/afarzam/MSV000086944_results_and_control_searches/second_pass_downstream_nozf/LysC_CAD/LysC_CAD_2pass_results/HepG2_LysC_HCD/interact-20151215_alr_CompleteHumaProteome_HepG2_HCD_LysC_fr32_sub.pep.xml"
time="15:20:31" level=info msg="Parsing /scratch/negishi/afarzam/MSV000086944_results_and_control_searches/second_pass_downstream_nozf/LysC_CAD/LysC_CAD_2pass_results/HepG2_LysC_HCD/interact-20151215_alr_CompleteHumaProteome_HepG2_HCD_LysC_fr13_sub.pep.xml"
time="15:20:31" level=info msg="Parsing /scratch/negishi/afarzam/MSV000086944_results_and_control_searches/second_pass_downstream_nozf/LysC_CAD/LysC_CAD_2pass_results/HepG2_LysC_HCD/interact-20151215_alr_CompleteHumaProteome_HepG2_HCD_LysC_fr14_sub.pep.xml"
time="15:20:31" level=warning msg="No PSM was found in data set. /scratch/negishi/afarzam/MSV000086944_results_and_control_searches/second_pass_downstream_nozf/LysC_CAD/LysC_CAD_2pass_results/HepG2_LysC_HCD/interact-20151215_alr_CompleteHumaProteome_HepG2_HCD_LysC_fr19_sub.pep.xml"
time="15:20:31" level=info msg="Parsing /scratch/negishi/afarzam/MSV000086944_results_and_control_searches/second_pass_downstream_nozf/LysC_CAD/LysC_CAD_2pass_results/HepG2_LysC_HCD/interact-20151215_alr_CompleteHumaProteome_HepG2_HCD_LysC_fr16_sub.pep.xml"
time="15:20:31" level=info msg="Parsing /scratch/negishi/afarzam/MSV000086944_results_and_control_searches/second_pass_downstream_nozf/LysC_CAD/LysC_CAD_2pass_results/HepG2_LysC_HCD/interact-20151215_alr_CompleteHumaProteome_HepG2_HCD_LysC_fr22_sub.pep.xml"
time="15:20:31" level=info msg="Parsing /scratch/negishi/afarzam/MSV000086944_results_and_control_searches/second_pass_downstream_nozf/LysC_CAD/LysC_CAD_2pass_results/HepG2_LysC_HCD/interact-20151215_alr_CompleteHumaProteome_HepG2_HCD_LysC_fr17_sub.pep.xml"
time="15:20:31" level=info msg="Parsing /scratch/negishi/afarzam/MSV000086944_results_and_control_searches/second_pass_downstream_nozf/LysC_CAD/LysC_CAD_2pass_results/HepG2_LysC_HCD/interact-20151215_alr_CompleteHumaProteome_HepG2_HCD_LysC_fr1_sub.pep.xml"
time="15:20:31" level=info msg="Parsing /scratch/negishi/afarzam/MSV000086944_results_and_control_searches/second_pass_downstream_nozf/LysC_CAD/LysC_CAD_2pass_results/HepG2_LysC_HCD/interact-20151215_alr_CompleteHumaProteome_HepG2_HCD_LysC_fr12_sub.pep.xml"
time="15:20:31" level=info msg="Parsing /scratch/negishi/afarzam/MSV000086944_results_and_control_searches/second_pass_downstream_nozf/LysC_CAD/LysC_CAD_2pass_results/HepG2_LysC_HCD/interact-20151215_alr_CompleteHumaProteome_HepG2_HCD_LysC_fr10_sub.pep.xml"
time="15:20:31" level=info msg="Parsing /scratch/negishi/afarzam/MSV000086944_results_and_control_searches/second_pass_downstream_nozf/LysC_CAD/LysC_CAD_2pass_results/HepG2_LysC_HCD/interact-20151215_alr_CompleteHumaProteome_HepG2_HCD_LysC_fr33_sub.pep.xml"
time="15:20:31" level=info msg="Parsing /scratch/negishi/afarzam/MSV000086944_results_and_control_searches/second_pass_downstream_nozf/LysC_CAD/LysC_CAD_2pass_results/HepG2_LysC_HCD/interact-20151215_alr_CompleteHumaProteome_HepG2_HCD_LysC_fr27_sub.pep.xml"
time="15:20:31" level=info msg="Parsing /scratch/negishi/afarzam/MSV000086944_results_and_control_searches/second_pass_downstream_nozf/LysC_CAD/LysC_CAD_2pass_results/HepG2_LysC_HCD/interact-20151215_alr_CompleteHumaProteome_HepG2_HCD_LysC_fr28_sub.pep.xml"
time="15:20:31" level=info msg="Parsing /scratch/negishi/afarzam/MSV000086944_results_and_control_searches/second_pass_downstream_nozf/LysC_CAD/LysC_CAD_2pass_results/HepG2_LysC_HCD/interact-20151215_alr_CompleteHumaProteome_HepG2_HCD_LysC_fr29_sub.pep.xml"
time="15:20:31" level=info msg="Parsing /scratch/negishi/afarzam/MSV000086944_results_and_control_searches/second_pass_downstream_nozf/LysC_CAD/LysC_CAD_2pass_results/HepG2_LysC_HCD/interact-20151215_alr_CompleteHumaProteome_HepG2_HCD_LysC_fr21_sub.pep.xml"
time="15:20:31" level=info msg="Parsing /scratch/negishi/afarzam/MSV000086944_results_and_control_searches/second_pass_downstream_nozf/LysC_CAD/LysC_CAD_2pass_results/HepG2_LysC_HCD/interact-20151215_alr_CompleteHumaProteome_HepG2_HCD_LysC_fr11_sub.pep.xml"
time="15:20:31" level=info msg="Parsing /scratch/negishi/afarzam/MSV000086944_results_and_control_searches/second_pass_downstream_nozf/LysC_CAD/LysC_CAD_2pass_results/HepG2_LysC_HCD/interact-20151215_alr_CompleteHumaProteome_HepG2_HCD_LysC_fr18_sub.pep.xml"
time="15:20:31" level=info msg="Parsing /scratch/negishi/afarzam/MSV000086944_results_and_control_searches/second_pass_downstream_nozf/LysC_CAD/LysC_CAD_2pass_results/HepG2_LysC_HCD/interact-20151215_alr_CompleteHumaProteome_HepG2_HCD_LysC_fr2_sub.pep.xml"
time="15:20:31" level=info msg="Parsing /scratch/negishi/afarzam/MSV000086944_results_and_control_searches/second_pass_downstream_nozf/LysC_CAD/LysC_CAD_2pass_results/HepG2_LysC_HCD/interact-20151215_alr_CompleteHumaProteome_HepG2_HCD_LysC_fr23_sub.pep.xml"
time="15:20:31" level=warning msg="No PSM was found in data set. /scratch/negishi/afarzam/MSV000086944_results_and_control_searches/second_pass_downstream_nozf/LysC_CAD/LysC_CAD_2pass_results/HepG2_LysC_HCD/interact-20151215_alr_CompleteHumaProteome_HepG2_HCD_LysC_fr29_sub.pep.xml"
time="15:20:31" level=info msg="Parsing /scratch/negishi/afarzam/MSV000086944_results_and_control_searches/second_pass_downstream_nozf/LysC_CAD/LysC_CAD_2pass_results/HepG2_LysC_HCD/interact-20151215_alr_CompleteHumaProteome_HepG2_HCD_LysC_fr8_sub.pep.xml"
time="15:20:31" level=info msg="Parsing /scratch/negishi/afarzam/MSV000086944_results_and_control_searches/second_pass_downstream_nozf/LysC_CAD/LysC_CAD_2pass_results/HepG2_LysC_HCD/interact-20151215_alr_CompleteHumaProteome_HepG2_HCD_LysC_fr24_sub.pep.xml"
time="15:20:31" level=info msg="Parsing /scratch/negishi/afarzam/MSV000086944_results_and_control_searches/second_pass_downstream_nozf/LysC_CAD/LysC_CAD_2pass_results/HepG2_LysC_HCD/interact-20151215_alr_CompleteHumaProteome_HepG2_HCD_LysC_fr6_sub.pep.xml"
time="15:20:31" level=info msg="Parsing /scratch/negishi/afarzam/MSV000086944_results_and_control_searches/second_pass_downstream_nozf/LysC_CAD/LysC_CAD_2pass_results/HepG2_LysC_HCD/interact-20151215_alr_CompleteHumaProteome_HepG2_HCD_LysC_fr7_sub.pep.xml"
time="15:20:31" level=info msg="Parsing /scratch/negishi/afarzam/MSV000086944_results_and_control_searches/second_pass_downstream_nozf/LysC_CAD/LysC_CAD_2pass_results/HepG2_LysC_HCD/interact-20151215_alr_CompleteHumaProteome_HepG2_HCD_LysC_fr5_sub.pep.xml"
time="15:20:31" level=info msg="Parsing /scratch/negishi/afarzam/MSV000086944_results_and_control_searches/second_pass_downstream_nozf/LysC_CAD/LysC_CAD_2pass_results/HepG2_LysC_HCD/interact-20151215_alr_CompleteHumaProteome_HepG2_HCD_LysC_fr30_sub.pep.xml"
time="15:20:31" level=info msg="Parsing /scratch/negishi/afarzam/MSV000086944_results_and_control_searches/second_pass_downstream_nozf/LysC_CAD/LysC_CAD_2pass_results/HepG2_LysC_HCD/interact-20151215_alr_CompleteHumaProteome_HepG2_HCD_LysC_fr34_sub.pep.xml"
time="15:20:31" level=info msg="Parsing /scratch/negishi/afarzam/MSV000086944_results_and_control_searches/second_pass_downstream_nozf/LysC_CAD/LysC_CAD_2pass_results/HepG2_LysC_HCD/interact-20151215_alr_CompleteHumaProteome_HepG2_HCD_LysC_fr25_sub.pep.xml"
time="15:20:31" level=info msg="Parsing /scratch/negishi/afarzam/MSV000086944_results_and_control_searches/second_pass_downstream_nozf/LysC_CAD/LysC_CAD_2pass_results/HepG2_LysC_HCD/interact-20151215_alr_CompleteHumaProteome_HepG2_HCD_LysC_fr20_sub.pep.xml"
time="15:20:32" level=info msg="1+ Charge profile" decoy=0 target=0
time="15:20:32" level=info msg="2+ Charge profile" decoy=50 target=202
time="15:20:32" level=info msg="3+ Charge profile" decoy=58 target=244
time="15:20:32" level=info msg="4+ Charge profile" decoy=31 target=156
time="15:20:32" level=info msg="5+ Charge profile" decoy=8 target=56
time="15:20:32" level=info msg="6+ Charge profile" decoy=5 target=15
time="15:20:32" level=info msg="Database search results" ions=708 peptides=665 psms=832
time="15:20:32" level=info msg="Converged to 0.00 % FDR with 27 PSMs" decoy=0 threshold=0.921954 total=27
time="15:20:32" level=info msg="Converged to 0.00 % FDR with 22 Peptides" decoy=0 threshold=0.921954 total=22
time="15:20:32" level=info msg="Converged to 0.00 % FDR with 25 Ions" decoy=0 threshold=0.921954 total=25
time="15:20:32" level=info msg="Protein inference results" decoy=684 target=1156
time="15:20:32" level=info msg="Converged to 0.00 % FDR with 46 Proteins" decoy=0 threshold=0.9779 total=46
time="15:20:32" level=info msg="Applying sequential FDR estimation" ions=13 peptides=11 psms=15
time="15:20:32" level=info msg="Converged to 0.00 % FDR with 14 PSMs" decoy=0 threshold=0.9371 total=14
time="15:20:32" level=info msg="Converged to 0.00 % FDR with 10 Peptides" decoy=0 threshold=0.9371 total=10
time="15:20:32" level=info msg="Converged to 0.00 % FDR with 12 Ions" decoy=0 threshold=0.9371 total=12
time="15:20:32" level=info msg="Post processing identifications"
time="15:20:32" level=info msg="Assigning protein identifications to layers"
time="15:20:32" level=info msg="Processing protein inference"
time="15:20:32" level=info msg="Synchronizing PSMs and proteins"
time="15:20:32" level=info msg="Final report numbers after FDR filtering, and post-processing" ions=12 peptides=10 proteins=10 psms=14
time="15:20:32" level=info msg=Saving
time="15:20:32" level=info msg=Done
