time="01:51:36" level=info msg="Executing Filter  v5.1.2"
time="01:51:36" level=info msg="Fetching protein inference from /scratch/negishi/afarzam/MSV000086944_results_v4/second_pass_upstream/AspN_ETD/AspN_ETD_2pass_results/GM12878_AspN_ETD"
time="01:51:36" level=info msg="Processing peptide identification files"
time="01:51:36" level=info msg="Parsing /scratch/negishi/afarzam/MSV000086944_results_v4/second_pass_upstream/AspN_ETD/AspN_ETD_2pass_results/K562_AspN_ETD/interact-20160209_alr_CompleteHumanProteome_K562_AspN_ETD_fr9_sub.pep.xml"
time="01:51:36" level=info msg="Parsing /scratch/negishi/afarzam/MSV000086944_results_v4/second_pass_upstream/AspN_ETD/AspN_ETD_2pass_results/K562_AspN_ETD/interact-20160209_alr_CompleteHumanProteome_K562_AspN_ETD_fr10_sub.pep.xml"
time="01:51:36" level=info msg="Parsing /scratch/negishi/afarzam/MSV000086944_results_v4/second_pass_upstream/AspN_ETD/AspN_ETD_2pass_results/K562_AspN_ETD/interact-20160209_alr_CompleteHumanProteome_K562_AspN_ETD_fr24_sub.pep.xml"
time="01:51:36" level=info msg="Parsing /scratch/negishi/afarzam/MSV000086944_results_v4/second_pass_upstream/AspN_ETD/AspN_ETD_2pass_results/K562_AspN_ETD/interact-20160209_alr_CompleteHumanProteome_K562_AspN_ETD_fr23_160213095400_sub.pep.xml"
time="01:51:36" level=info msg="Parsing /scratch/negishi/afarzam/MSV000086944_results_v4/second_pass_upstream/AspN_ETD/AspN_ETD_2pass_results/K562_AspN_ETD/interact-20160209_alr_CompleteHumanProteome_K562_AspN_ETD_fr25_sub.pep.xml"
time="01:51:36" level=info msg="Parsing /scratch/negishi/afarzam/MSV000086944_results_v4/second_pass_upstream/AspN_ETD/AspN_ETD_2pass_results/K562_AspN_ETD/interact-20160209_alr_CompleteHumanProteome_K562_AspN_ETD_fr17_sub.pep.xml"
time="01:51:36" level=info msg="Parsing /scratch/negishi/afarzam/MSV000086944_results_v4/second_pass_upstream/AspN_ETD/AspN_ETD_2pass_results/K562_AspN_ETD/interact-20160209_alr_CompleteHumanProteome_K562_AspN_ETD_fr27_sub.pep.xml"
time="01:51:36" level=info msg="Parsing /scratch/negishi/afarzam/MSV000086944_results_v4/second_pass_upstream/AspN_ETD/AspN_ETD_2pass_results/K562_AspN_ETD/interact-20160209_alr_CompleteHumanProteome_K562_AspN_ETD_fr13_sub.pep.xml"
time="01:51:36" level=info msg="Parsing /scratch/negishi/afarzam/MSV000086944_results_v4/second_pass_upstream/AspN_ETD/AspN_ETD_2pass_results/K562_AspN_ETD/interact-20160209_alr_CompleteHumanProteome_K562_AspN_ETD_fr18_sub.pep.xml"
time="01:51:36" level=info msg="Parsing /scratch/negishi/afarzam/MSV000086944_results_v4/second_pass_upstream/AspN_ETD/AspN_ETD_2pass_results/K562_AspN_ETD/interact-20160209_alr_CompleteHumanProteome_K562_AspN_ETD_fr11_sub.pep.xml"
time="01:51:36" level=info msg="Parsing /scratch/negishi/afarzam/MSV000086944_results_v4/second_pass_upstream/AspN_ETD/AspN_ETD_2pass_results/K562_AspN_ETD/interact-20160209_alr_CompleteHumanProteome_K562_AspN_ETD_fr14_sub.pep.xml"
time="01:51:36" level=info msg="Parsing /scratch/negishi/afarzam/MSV000086944_results_v4/second_pass_upstream/AspN_ETD/AspN_ETD_2pass_results/K562_AspN_ETD/interact-20160209_alr_CompleteHumanProteome_K562_AspN_ETD_fr12_sub.pep.xml"
time="01:51:36" level=info msg="Parsing /scratch/negishi/afarzam/MSV000086944_results_v4/second_pass_upstream/AspN_ETD/AspN_ETD_2pass_results/K562_AspN_ETD/interact-20160209_alr_CompleteHumanProteome_K562_AspN_ETD_fr19_sub.pep.xml"
time="01:51:36" level=info msg="Parsing /scratch/negishi/afarzam/MSV000086944_results_v4/second_pass_upstream/AspN_ETD/AspN_ETD_2pass_results/K562_AspN_ETD/interact-20160209_alr_CompleteHumanProteome_K562_AspN_ETD_fr16_sub.pep.xml"
time="01:51:36" level=info msg="Parsing /scratch/negishi/afarzam/MSV000086944_results_v4/second_pass_upstream/AspN_ETD/AspN_ETD_2pass_results/K562_AspN_ETD/interact-20160209_alr_CompleteHumanProteome_K562_AspN_ETD_fr15_sub.pep.xml"
time="01:51:36" level=info msg="Parsing /scratch/negishi/afarzam/MSV000086944_results_v4/second_pass_upstream/AspN_ETD/AspN_ETD_2pass_results/K562_AspN_ETD/interact-20160209_alr_CompleteHumanProteome_K562_AspN_ETD_fr1_sub.pep.xml"
time="01:51:36" level=info msg="Parsing /scratch/negishi/afarzam/MSV000086944_results_v4/second_pass_upstream/AspN_ETD/AspN_ETD_2pass_results/K562_AspN_ETD/interact-20160209_alr_CompleteHumanProteome_K562_AspN_ETD_fr20_sub.pep.xml"
time="01:51:36" level=info msg="Parsing /scratch/negishi/afarzam/MSV000086944_results_v4/second_pass_upstream/AspN_ETD/AspN_ETD_2pass_results/K562_AspN_ETD/interact-20160209_alr_CompleteHumanProteome_K562_AspN_ETD_fr6_sub.pep.xml"
time="01:51:36" level=info msg="Parsing /scratch/negishi/afarzam/MSV000086944_results_v4/second_pass_upstream/AspN_ETD/AspN_ETD_2pass_results/K562_AspN_ETD/interact-20160209_alr_CompleteHumanProteome_K562_AspN_ETD_fr29_sub.pep.xml"
time="01:51:36" level=info msg="Parsing /scratch/negishi/afarzam/MSV000086944_results_v4/second_pass_upstream/AspN_ETD/AspN_ETD_2pass_results/K562_AspN_ETD/interact-20160209_alr_CompleteHumanProteome_K562_AspN_ETD_fr28_sub.pep.xml"
time="01:51:36" level=info msg="Parsing /scratch/negishi/afarzam/MSV000086944_results_v4/second_pass_upstream/AspN_ETD/AspN_ETD_2pass_results/K562_AspN_ETD/interact-20160209_alr_CompleteHumanProteome_K562_AspN_ETD_fr21_sub.pep.xml"
time="01:51:36" level=info msg="Parsing /scratch/negishi/afarzam/MSV000086944_results_v4/second_pass_upstream/AspN_ETD/AspN_ETD_2pass_results/K562_AspN_ETD/interact-20160209_alr_CompleteHumanProteome_K562_AspN_ETD_fr7_sub.pep.xml"
time="01:51:36" level=info msg="Parsing /scratch/negishi/afarzam/MSV000086944_results_v4/second_pass_upstream/AspN_ETD/AspN_ETD_2pass_results/K562_AspN_ETD/interact-20160209_alr_CompleteHumanProteome_K562_AspN_ETD_fr2_sub.pep.xml"
time="01:51:36" level=info msg="Parsing /scratch/negishi/afarzam/MSV000086944_results_v4/second_pass_upstream/AspN_ETD/AspN_ETD_2pass_results/K562_AspN_ETD/interact-20160209_alr_CompleteHumanProteome_K562_AspN_ETD_fr30_sub.pep.xml"
time="01:51:36" level=info msg="Parsing /scratch/negishi/afarzam/MSV000086944_results_v4/second_pass_upstream/AspN_ETD/AspN_ETD_2pass_results/K562_AspN_ETD/interact-20160209_alr_CompleteHumanProteome_K562_AspN_ETD_fr22_sub.pep.xml"
time="01:51:36" level=warning msg="No PSM was found in data set. /scratch/negishi/afarzam/MSV000086944_results_v4/second_pass_upstream/AspN_ETD/AspN_ETD_2pass_results/K562_AspN_ETD/interact-20160209_alr_CompleteHumanProteome_K562_AspN_ETD_fr27_sub.pep.xml"
time="01:51:36" level=info msg="Parsing /scratch/negishi/afarzam/MSV000086944_results_v4/second_pass_upstream/AspN_ETD/AspN_ETD_2pass_results/K562_AspN_ETD/interact-20160209_alr_CompleteHumanProteome_K562_AspN_ETD_fr8_sub.pep.xml"
time="01:51:36" level=info msg="Parsing /scratch/negishi/afarzam/MSV000086944_results_v4/second_pass_upstream/AspN_ETD/AspN_ETD_2pass_results/K562_AspN_ETD/interact-20160209_alr_CompleteHumanProteome_K562_AspN_ETD_fr4_sub.pep.xml"
time="01:51:36" level=info msg="Parsing /scratch/negishi/afarzam/MSV000086944_results_v4/second_pass_upstream/AspN_ETD/AspN_ETD_2pass_results/K562_AspN_ETD/interact-20160209_alr_CompleteHumanProteome_K562_AspN_ETD_fr5_sub.pep.xml"
time="01:51:36" level=warning msg="No PSM was found in data set. /scratch/negishi/afarzam/MSV000086944_results_v4/second_pass_upstream/AspN_ETD/AspN_ETD_2pass_results/K562_AspN_ETD/interact-20160209_alr_CompleteHumanProteome_K562_AspN_ETD_fr21_sub.pep.xml"
time="01:51:36" level=warning msg="No PSM was found in data set. /scratch/negishi/afarzam/MSV000086944_results_v4/second_pass_upstream/AspN_ETD/AspN_ETD_2pass_results/K562_AspN_ETD/interact-20160209_alr_CompleteHumanProteome_K562_AspN_ETD_fr28_sub.pep.xml"
time="01:51:36" level=warning msg="No PSM was found in data set. /scratch/negishi/afarzam/MSV000086944_results_v4/second_pass_upstream/AspN_ETD/AspN_ETD_2pass_results/K562_AspN_ETD/interact-20160209_alr_CompleteHumanProteome_K562_AspN_ETD_fr22_sub.pep.xml"
time="01:51:36" level=info msg="Parsing /scratch/negishi/afarzam/MSV000086944_results_v4/second_pass_upstream/AspN_ETD/AspN_ETD_2pass_results/K562_AspN_ETD/interact-20160209_alr_CompleteHumanProteome_K562_AspN_ETD_fr3_sub.pep.xml"
time="01:51:37" level=info msg="1+ Charge profile" decoy=0 target=0
time="01:51:37" level=info msg="2+ Charge profile" decoy=30 target=156
time="01:51:37" level=info msg="3+ Charge profile" decoy=13 target=76
time="01:51:37" level=info msg="4+ Charge profile" decoy=14 target=48
time="01:51:37" level=info msg="5+ Charge profile" decoy=8 target=40
time="01:51:37" level=info msg="6+ Charge profile" decoy=5 target=17
time="01:51:37" level=info msg="Database search results" ions=379 peptides=361 psms=407
time="01:51:37" level=info msg="Converged to 0.00 % FDR with 8 PSMs" decoy=0 threshold=0.912697 total=8
time="01:51:37" level=info msg="Converged to 0.00 % FDR with 6 Peptides" decoy=0 threshold=0.912697 total=6
time="01:51:37" level=info msg="Converged to 0.00 % FDR with 8 Ions" decoy=0 threshold=0.912697 total=8
time="01:51:37" level=info msg="Protein inference results" decoy=1506 target=2403
time="01:51:37" level=info msg="Converged to 0.00 % FDR with 34 Proteins" decoy=0 threshold=0.9397 total=34
time="01:51:37" level=info msg="Applying sequential FDR estimation" ions=7 peptides=5 psms=7
time="01:51:37" level=info msg="Converged to 0.00 % FDR with 6 PSMs" decoy=0 threshold=0.964959 total=6
time="01:51:37" level=info msg="Converged to 0.00 % FDR with 4 Peptides" decoy=0 threshold=0.964959 total=4
time="01:51:37" level=info msg="Converged to 0.00 % FDR with 6 Ions" decoy=0 threshold=0.964959 total=6
time="01:51:37" level=info msg="Post processing identifications"
time="01:51:37" level=info msg="Assigning protein identifications to layers"
time="01:51:38" level=info msg="Processing protein inference"
time="01:51:38" level=info msg="Synchronizing PSMs and proteins"
time="01:51:38" level=info msg="Final report numbers after FDR filtering, and post-processing" ions=6 peptides=4 proteins=4 psms=6
time="01:51:38" level=info msg=Saving
time="01:51:38" level=info msg=Done
