time="10:48:11" level=info msg="Executing Filter  v5.1.2"
time="10:48:11" level=info msg="Processing peptide identification files"
time="10:48:11" level=info msg="Parsing /scratch/negishi/afarzam/MSV000086944_results_v4/second_pass_upstream/LysN_ETD/LysN_ETD_2pass_results/GM12878_LysN_ETD/interact-20150104_alr_CompleteHumanProteome_GM12878_ETD_Lysn_fr28_sub.pep.xml"
time="10:48:11" level=info msg="Parsing /scratch/negishi/afarzam/MSV000086944_results_v4/second_pass_upstream/LysN_ETD/LysN_ETD_2pass_results/GM12878_LysN_ETD/interact-20150104_alr_CompleteHumanProteome_GM12878_ETD_LysN_fr11_sub.pep.xml"
time="10:48:11" level=info msg="Parsing /scratch/negishi/afarzam/MSV000086944_results_v4/second_pass_upstream/LysN_ETD/LysN_ETD_2pass_results/GM12878_LysN_ETD/interact-20150104_alr_CompleteHumanProteome_GM12878_ETD_LysN_fr29_151110044226_sub.pep.xml"
time="10:48:11" level=info msg="Parsing /scratch/negishi/afarzam/MSV000086944_results_v4/second_pass_upstream/LysN_ETD/LysN_ETD_2pass_results/GM12878_LysN_ETD/interact-20150104_alr_CompleteHumanProteome_GM12878_ETD_LysN_fr1_sub.pep.xml"
time="10:48:11" level=info msg="Parsing /scratch/negishi/afarzam/MSV000086944_results_v4/second_pass_upstream/LysN_ETD/LysN_ETD_2pass_results/GM12878_LysN_ETD/interact-20150104_alr_CompleteHumanProteome_GM12878_ETD_LysN_fr15_sub.pep.xml"
time="10:48:11" level=info msg="Parsing /scratch/negishi/afarzam/MSV000086944_results_v4/second_pass_upstream/LysN_ETD/LysN_ETD_2pass_results/GM12878_LysN_ETD/interact-20150104_alr_CompleteHumanProteome_GM12878_ETD_LysN_fr3_sub.pep.xml"
time="10:48:11" level=info msg="Parsing /scratch/negishi/afarzam/MSV000086944_results_v4/second_pass_upstream/LysN_ETD/LysN_ETD_2pass_results/GM12878_LysN_ETD/interact-20150104_alr_CompleteHumanProteome_GM12878_ETD_LysN_fr20_sub.pep.xml"
time="10:48:11" level=info msg="Parsing /scratch/negishi/afarzam/MSV000086944_results_v4/second_pass_upstream/LysN_ETD/LysN_ETD_2pass_results/GM12878_LysN_ETD/interact-20150104_alr_CompleteHumanProteome_GM12878_ETD_LysN_fr35_sub.pep.xml"
time="10:48:11" level=info msg="Parsing /scratch/negishi/afarzam/MSV000086944_results_v4/second_pass_upstream/LysN_ETD/LysN_ETD_2pass_results/GM12878_LysN_ETD/interact-20150104_alr_CompleteHumanProteome_GM12878_ETD_LysN_fr13_sub.pep.xml"
time="10:48:11" level=info msg="Parsing /scratch/negishi/afarzam/MSV000086944_results_v4/second_pass_upstream/LysN_ETD/LysN_ETD_2pass_results/GM12878_LysN_ETD/interact-20150104_alr_CompleteHumanProteome_GM12878_ETD_LysN_fr21_sub.pep.xml"
time="10:48:11" level=info msg="Parsing /scratch/negishi/afarzam/MSV000086944_results_v4/second_pass_upstream/LysN_ETD/LysN_ETD_2pass_results/GM12878_LysN_ETD/interact-20150104_alr_CompleteHumanProteome_GM12878_ETD_LysN_fr14_sub.pep.xml"
time="10:48:11" level=info msg="Parsing /scratch/negishi/afarzam/MSV000086944_results_v4/second_pass_upstream/LysN_ETD/LysN_ETD_2pass_results/GM12878_LysN_ETD/interact-20150104_alr_CompleteHumanProteome_GM12878_ETD_LysN_fr18_151109114241_sub.pep.xml"
time="10:48:11" level=info msg="Parsing /scratch/negishi/afarzam/MSV000086944_results_v4/second_pass_upstream/LysN_ETD/LysN_ETD_2pass_results/GM12878_LysN_ETD/interact-20150104_alr_CompleteHumanProteome_GM12878_ETD_LysN_fr19_sub.pep.xml"
time="10:48:11" level=info msg="Parsing /scratch/negishi/afarzam/MSV000086944_results_v4/second_pass_upstream/LysN_ETD/LysN_ETD_2pass_results/GM12878_LysN_ETD/interact-20150104_alr_CompleteHumanProteome_GM12878_ETD_LysN_fr25_sub.pep.xml"
time="10:48:11" level=info msg="Parsing /scratch/negishi/afarzam/MSV000086944_results_v4/second_pass_upstream/LysN_ETD/LysN_ETD_2pass_results/GM12878_LysN_ETD/interact-20150104_alr_CompleteHumanProteome_GM12878_ETD_LysN_fr26_sub.pep.xml"
time="10:48:11" level=info msg="Parsing /scratch/negishi/afarzam/MSV000086944_results_v4/second_pass_upstream/LysN_ETD/LysN_ETD_2pass_results/GM12878_LysN_ETD/interact-20150104_alr_CompleteHumanProteome_GM12878_ETD_LysN_fr29_sub.pep.xml"
time="10:48:11" level=info msg="Parsing /scratch/negishi/afarzam/MSV000086944_results_v4/second_pass_upstream/LysN_ETD/LysN_ETD_2pass_results/GM12878_LysN_ETD/interact-20150104_alr_CompleteHumanProteome_GM12878_ETD_LysN_fr10_sub.pep.xml"
time="10:48:11" level=info msg="Parsing /scratch/negishi/afarzam/MSV000086944_results_v4/second_pass_upstream/LysN_ETD/LysN_ETD_2pass_results/GM12878_LysN_ETD/interact-20150104_alr_CompleteHumanProteome_GM12878_ETD_LysN_fr12_sub.pep.xml"
time="10:48:11" level=info msg="Parsing /scratch/negishi/afarzam/MSV000086944_results_v4/second_pass_upstream/LysN_ETD/LysN_ETD_2pass_results/GM12878_LysN_ETD/interact-20150104_alr_CompleteHumanProteome_GM12878_ETD_LysN_fr23_sub.pep.xml"
time="10:48:11" level=info msg="Parsing /scratch/negishi/afarzam/MSV000086944_results_v4/second_pass_upstream/LysN_ETD/LysN_ETD_2pass_results/GM12878_LysN_ETD/interact-20150104_alr_CompleteHumanProteome_GM12878_ETD_LysN_fr22_sub.pep.xml"
time="10:48:11" level=info msg="Parsing /scratch/negishi/afarzam/MSV000086944_results_v4/second_pass_upstream/LysN_ETD/LysN_ETD_2pass_results/GM12878_LysN_ETD/interact-20150104_alr_CompleteHumanProteome_GM12878_ETD_LysN_fr4_sub.pep.xml"
time="10:48:11" level=info msg="Parsing /scratch/negishi/afarzam/MSV000086944_results_v4/second_pass_upstream/LysN_ETD/LysN_ETD_2pass_results/GM12878_LysN_ETD/interact-20150104_alr_CompleteHumanProteome_GM12878_ETD_LysN_fr24_sub.pep.xml"
time="10:48:11" level=warning msg="No PSM was found in data set. /scratch/negishi/afarzam/MSV000086944_results_v4/second_pass_upstream/LysN_ETD/LysN_ETD_2pass_results/GM12878_LysN_ETD/interact-20150104_alr_CompleteHumanProteome_GM12878_ETD_LysN_fr26_sub.pep.xml"
time="10:48:11" level=info msg="Parsing /scratch/negishi/afarzam/MSV000086944_results_v4/second_pass_upstream/LysN_ETD/LysN_ETD_2pass_results/GM12878_LysN_ETD/interact-20150104_alr_CompleteHumanProteome_GM12878_ETD_LysN_fr5_sub.pep.xml"
time="10:48:11" level=info msg="Parsing /scratch/negishi/afarzam/MSV000086944_results_v4/second_pass_upstream/LysN_ETD/LysN_ETD_2pass_results/GM12878_LysN_ETD/interact-20150104_alr_CompleteHumanProteome_GM12878_ETD_LysN_fr33_sub.pep.xml"
time="10:48:11" level=info msg="Parsing /scratch/negishi/afarzam/MSV000086944_results_v4/second_pass_upstream/LysN_ETD/LysN_ETD_2pass_results/GM12878_LysN_ETD/interact-20150104_alr_CompleteHumanProteome_GM12878_ETD_LysN_fr2_sub.pep.xml"
time="10:48:11" level=info msg="Parsing /scratch/negishi/afarzam/MSV000086944_results_v4/second_pass_upstream/LysN_ETD/LysN_ETD_2pass_results/GM12878_LysN_ETD/interact-20150104_alr_CompleteHumanProteome_GM12878_ETD_LysN_fr7_sub.pep.xml"
time="10:48:11" level=info msg="Parsing /scratch/negishi/afarzam/MSV000086944_results_v4/second_pass_upstream/LysN_ETD/LysN_ETD_2pass_results/GM12878_LysN_ETD/interact-20150104_alr_CompleteHumanProteome_GM12878_ETD_LysN_fr31_sub.pep.xml"
time="10:48:11" level=info msg="Parsing /scratch/negishi/afarzam/MSV000086944_results_v4/second_pass_upstream/LysN_ETD/LysN_ETD_2pass_results/GM12878_LysN_ETD/interact-20150104_alr_CompleteHumanProteome_GM12878_ETD_LysN_fr30_sub.pep.xml"
time="10:48:11" level=info msg="Parsing /scratch/negishi/afarzam/MSV000086944_results_v4/second_pass_upstream/LysN_ETD/LysN_ETD_2pass_results/GM12878_LysN_ETD/interact-20150104_alr_CompleteHumanProteome_GM12878_ETD_LysN_fr34_sub.pep.xml"
time="10:48:11" level=info msg="Parsing /scratch/negishi/afarzam/MSV000086944_results_v4/second_pass_upstream/LysN_ETD/LysN_ETD_2pass_results/GM12878_LysN_ETD/interact-20150104_alr_CompleteHumanProteome_GM12878_ETD_LysN_fr27_sub.pep.xml"
time="10:48:11" level=info msg="Parsing /scratch/negishi/afarzam/MSV000086944_results_v4/second_pass_upstream/LysN_ETD/LysN_ETD_2pass_results/GM12878_LysN_ETD/interact-20150104_alr_CompleteHumanProteome_GM12878_ETD_LysN_fr32_sub.pep.xml"
time="10:48:11" level=info msg="Parsing /scratch/negishi/afarzam/MSV000086944_results_v4/second_pass_upstream/LysN_ETD/LysN_ETD_2pass_results/GM12878_LysN_ETD/interact-20150104_alr_CompleteHumanProteome_GM12878_ETD_LysN_fr9_sub.pep.xml"
time="10:48:11" level=info msg="Parsing /scratch/negishi/afarzam/MSV000086944_results_v4/second_pass_upstream/LysN_ETD/LysN_ETD_2pass_results/GM12878_LysN_ETD/interact-20150104_alr_CompleteHumanProteome_GM12878_ETD_LysN_fr8_sub.pep.xml"
time="10:48:11" level=info msg="Parsing /scratch/negishi/afarzam/MSV000086944_results_v4/second_pass_upstream/LysN_ETD/LysN_ETD_2pass_results/GM12878_LysN_ETD/interact-20150104_alr_CompleteHumanProteome_GM12878_ETD_LysN_fr6_sub.pep.xml"
time="10:48:11" level=info msg="Parsing /scratch/negishi/afarzam/MSV000086944_results_v4/second_pass_upstream/LysN_ETD/LysN_ETD_2pass_results/GM12878_LysN_ETD/interact-20150104_alr_CompleteHumanProteome_GM12878_ETD_Lysn_fr16_sub.pep.xml"
time="10:48:11" level=info msg="Parsing /scratch/negishi/afarzam/MSV000086944_results_v4/second_pass_upstream/LysN_ETD/LysN_ETD_2pass_results/GM12878_LysN_ETD/interact-20150104_alr_CompleteHumanProteome_GM12878_ETD_LysN_fr17_sub.pep.xml"
time="10:48:12" level=info msg="1+ Charge profile" decoy=0 target=0
time="10:48:12" level=info msg="2+ Charge profile" decoy=265 target=897
time="10:48:12" level=info msg="3+ Charge profile" decoy=157 target=407
time="10:48:12" level=info msg="4+ Charge profile" decoy=159 target=321
time="10:48:12" level=info msg="5+ Charge profile" decoy=56 target=212
time="10:48:12" level=info msg="6+ Charge profile" decoy=16 target=96
time="10:48:12" level=info msg="Database search results" ions=2038 peptides=1956 psms=2586
time="10:48:12" level=info msg="Converged to 0.00 % FDR with 42 PSMs" decoy=0 threshold=0.971919 total=42
time="10:48:12" level=info msg="Converged to 0.00 % FDR with 15 Peptides" decoy=0 threshold=0.974358 total=15
time="10:48:12" level=info msg="Converged to 0.00 % FDR with 17 Ions" decoy=0 threshold=0.974358 total=17
time="10:48:12" level=info msg="Protein inference results" decoy=1811 target=2662
time="10:48:12" level=info msg="Converged to 0.00 % FDR with 16 Proteins" decoy=0 threshold=0.9927 total=16
time="10:48:12" level=info msg="Applying sequential FDR estimation" ions=7 peptides=5 psms=32
time="10:48:12" level=info msg="Converged to 0.00 % FDR with 31 PSMs" decoy=0 threshold=0.972557 total=31
time="10:48:12" level=info msg="Converged to 0.00 % FDR with 4 Peptides" decoy=0 threshold=0.995791 total=4
time="10:48:12" level=info msg="Converged to 0.00 % FDR with 6 Ions" decoy=0 threshold=0.990739 total=6
time="10:48:12" level=info msg="Post processing identifications"
time="10:48:12" level=info msg="Assigning protein identifications to layers"
time="10:48:13" level=info msg="Processing protein inference"
time="10:48:13" level=info msg="Synchronizing PSMs and proteins"
time="10:48:13" level=info msg="Final report numbers after FDR filtering, and post-processing" ions=6 peptides=4 proteins=4 psms=31
time="10:48:13" level=info msg=Saving
time="10:48:13" level=info msg=Done
