time="22:49:18" level=info msg="Executing Filter  v5.1.2"
time="22:49:18" level=info msg="Fetching protein inference from /scratch/negishi/afarzam/MSV000086944_results_and_control_searches/second_pass_downstream_nozf/Chymo_CAD/Chymo_CAD_2pass_results/GM12878_Chymo_CAD"
time="22:49:18" level=info msg="Processing peptide identification files"
time="22:49:19" level=info msg="Parsing /scratch/negishi/afarzam/MSV000086944_results_and_control_searches/second_pass_downstream_nozf/Chymo_CAD/Chymo_CAD_2pass_results/HepG2_Chymo_HCD/interact-20141220_alr_CompleteHumanProteome_HepG2_chymo_HCD_fr12_150104164737_sub.pep.xml"
time="22:49:19" level=info msg="Parsing /scratch/negishi/afarzam/MSV000086944_results_and_control_searches/second_pass_downstream_nozf/Chymo_CAD/Chymo_CAD_2pass_results/HepG2_Chymo_HCD/interact-20141220_alr_CompleteHumanProteome_HepG2_chymo_HCD_fr9_150104110000_sub.pep.xml"
time="22:49:19" level=info msg="Parsing /scratch/negishi/afarzam/MSV000086944_results_and_control_searches/second_pass_downstream_nozf/Chymo_CAD/Chymo_CAD_2pass_results/HepG2_Chymo_HCD/interact-20141220_alr_CompleteHumanProteome_HepG2_chymo_HCD_fr1_150103193214_sub.pep.xml"
time="22:49:19" level=info msg="Parsing /scratch/negishi/afarzam/MSV000086944_results_and_control_searches/second_pass_downstream_nozf/Chymo_CAD/Chymo_CAD_2pass_results/HepG2_Chymo_HCD/interact-20141220_alr_CompleteHumanProteome_HepG2_chymo_HCD_fr23_150107173317_sub.pep.xml"
time="22:49:19" level=info msg="Parsing /scratch/negishi/afarzam/MSV000086944_results_and_control_searches/second_pass_downstream_nozf/Chymo_CAD/Chymo_CAD_2pass_results/HepG2_Chymo_HCD/interact-20141220_alr_CompleteHumanProteome_HepG2_chymo_HCD_fr24_150107192921_sub.pep.xml"
time="22:49:19" level=info msg="Parsing /scratch/negishi/afarzam/MSV000086944_results_and_control_searches/second_pass_downstream_nozf/Chymo_CAD/Chymo_CAD_2pass_results/HepG2_Chymo_HCD/interact-20141220_alr_CompleteHumanProteome_HepG2_chymo_HCD_fr25_150107212522_sub.pep.xml"
time="22:49:19" level=info msg="Parsing /scratch/negishi/afarzam/MSV000086944_results_and_control_searches/second_pass_downstream_nozf/Chymo_CAD/Chymo_CAD_2pass_results/HepG2_Chymo_HCD/interact-20141220_alr_CompleteHumanProteome_HepG2_chymo_HCD_fr14_150107000929_sub.pep.xml"
time="22:49:19" level=info msg="Parsing /scratch/negishi/afarzam/MSV000086944_results_and_control_searches/second_pass_downstream_nozf/Chymo_CAD/Chymo_CAD_2pass_results/HepG2_Chymo_HCD/interact-20141220_alr_CompleteHumanProteome_HepG2_chymo_HCD_fr15_150107020509_sub.pep.xml"
time="22:49:19" level=info msg="Parsing /scratch/negishi/afarzam/MSV000086944_results_and_control_searches/second_pass_downstream_nozf/Chymo_CAD/Chymo_CAD_2pass_results/HepG2_Chymo_HCD/interact-20141220_alr_CompleteHumanProteome_HepG2_chymo_HCD_fr26_150107232134_sub.pep.xml"
time="22:49:19" level=info msg="Parsing /scratch/negishi/afarzam/MSV000086944_results_and_control_searches/second_pass_downstream_nozf/Chymo_CAD/Chymo_CAD_2pass_results/HepG2_Chymo_HCD/interact-20141220_alr_CompleteHumanProteome_HepG2_chymo_HCD_fr16_150107040109_sub.pep.xml"
time="22:49:19" level=info msg="Parsing /scratch/negishi/afarzam/MSV000086944_results_and_control_searches/second_pass_downstream_nozf/Chymo_CAD/Chymo_CAD_2pass_results/HepG2_Chymo_HCD/interact-20141220_alr_CompleteHumanProteome_HepG2_chymo_HCD_fr27_150108011724_sub.pep.xml"
time="22:49:19" level=info msg="Parsing /scratch/negishi/afarzam/MSV000086944_results_and_control_searches/second_pass_downstream_nozf/Chymo_CAD/Chymo_CAD_2pass_results/HepG2_Chymo_HCD/interact-20141220_alr_CompleteHumanProteome_HepG2_chymo_HCD_fr20_150107114514_sub.pep.xml"
time="22:49:19" level=info msg="Parsing /scratch/negishi/afarzam/MSV000086944_results_and_control_searches/second_pass_downstream_nozf/Chymo_CAD/Chymo_CAD_2pass_results/HepG2_Chymo_HCD/interact-20141220_alr_CompleteHumanProteome_HepG2_chymo_HCD_fr13_150104184333_sub.pep.xml"
time="22:49:19" level=info msg="Parsing /scratch/negishi/afarzam/MSV000086944_results_and_control_searches/second_pass_downstream_nozf/Chymo_CAD/Chymo_CAD_2pass_results/HepG2_Chymo_HCD/interact-20141220_alr_CompleteHumanProteome_HepG2_chymo_HCD_fr6_150104051206_sub.pep.xml"
time="22:49:19" level=info msg="Parsing /scratch/negishi/afarzam/MSV000086944_results_and_control_searches/second_pass_downstream_nozf/Chymo_CAD/Chymo_CAD_2pass_results/HepG2_Chymo_HCD/interact-20141220_alr_CompleteHumanProteome_HepG2_chymo_HCD_fr11_150104145147_sub.pep.xml"
time="22:49:19" level=info msg="Parsing /scratch/negishi/afarzam/MSV000086944_results_and_control_searches/second_pass_downstream_nozf/Chymo_CAD/Chymo_CAD_2pass_results/HepG2_Chymo_HCD/interact-20141220_alr_CompleteHumanProteome_HepG2_chymo_HCD_fr19_150107094912_sub.pep.xml"
time="22:49:19" level=info msg="Parsing /scratch/negishi/afarzam/MSV000086944_results_and_control_searches/second_pass_downstream_nozf/Chymo_CAD/Chymo_CAD_2pass_results/HepG2_Chymo_HCD/interact-20141220_alr_CompleteHumanProteome_HepG2_chymo_HCD_fr10_150104125553_sub.pep.xml"
time="22:49:19" level=info msg="Parsing /scratch/negishi/afarzam/MSV000086944_results_and_control_searches/second_pass_downstream_nozf/Chymo_CAD/Chymo_CAD_2pass_results/HepG2_Chymo_HCD/interact-20141220_alr_CompleteHumanProteome_HepG2_chymo_HCD_fr2_150103212811_sub.pep.xml"
time="22:49:19" level=info msg="Parsing /scratch/negishi/afarzam/MSV000086944_results_and_control_searches/second_pass_downstream_nozf/Chymo_CAD/Chymo_CAD_2pass_results/HepG2_Chymo_HCD/interact-20141220_alr_CompleteHumanProteome_HepG2_chymo_HCD_fr7_150104070808_sub.pep.xml"
time="22:49:19" level=info msg="Parsing /scratch/negishi/afarzam/MSV000086944_results_and_control_searches/second_pass_downstream_nozf/Chymo_CAD/Chymo_CAD_2pass_results/HepG2_Chymo_HCD/interact-20141220_alr_CompleteHumanProteome_HepG2_chymo_HCD_fr8_150104090408_sub.pep.xml"
time="22:49:19" level=info msg="Parsing /scratch/negishi/afarzam/MSV000086944_results_and_control_searches/second_pass_downstream_nozf/Chymo_CAD/Chymo_CAD_2pass_results/HepG2_Chymo_HCD/interact-20141220_alr_CompleteHumanProteome_HepG2_chymo_HCD_fr14_150104203929_sub.pep.xml"
time="22:49:19" level=info msg="Parsing /scratch/negishi/afarzam/MSV000086944_results_and_control_searches/second_pass_downstream_nozf/Chymo_CAD/Chymo_CAD_2pass_results/HepG2_Chymo_HCD/interact-20141220_alr_CompleteHumanProteome_HepG2_chymo_HCD_fr22_150107153715_sub.pep.xml"
time="22:49:19" level=info msg="Parsing /scratch/negishi/afarzam/MSV000086944_results_and_control_searches/second_pass_downstream_nozf/Chymo_CAD/Chymo_CAD_2pass_results/HepG2_Chymo_HCD/interact-20141220_alr_CompleteHumanProteome_HepG2_chymo_HCD_fr17_150107055710_sub.pep.xml"
time="22:49:19" level=info msg="Parsing /scratch/negishi/afarzam/MSV000086944_results_and_control_searches/second_pass_downstream_nozf/Chymo_CAD/Chymo_CAD_2pass_results/HepG2_Chymo_HCD/interact-20141220_alr_CompleteHumanProteome_HepG2_chymo_HCD_fr5_150104031605_sub.pep.xml"
time="22:49:19" level=info msg="Parsing /scratch/negishi/afarzam/MSV000086944_results_and_control_searches/second_pass_downstream_nozf/Chymo_CAD/Chymo_CAD_2pass_results/HepG2_Chymo_HCD/interact-20141220_alr_CompleteHumanProteome_HepG2_chymo_HCD_fr29_150108050925_sub.pep.xml"
time="22:49:19" level=info msg="Parsing /scratch/negishi/afarzam/MSV000086944_results_and_control_searches/second_pass_downstream_nozf/Chymo_CAD/Chymo_CAD_2pass_results/HepG2_Chymo_HCD/interact-20141220_alr_CompleteHumanProteome_HepG2_chymo_HCD_fr18_150107075310_sub.pep.xml"
time="22:49:19" level=info msg="Parsing /scratch/negishi/afarzam/MSV000086944_results_and_control_searches/second_pass_downstream_nozf/Chymo_CAD/Chymo_CAD_2pass_results/HepG2_Chymo_HCD/interact-20141220_alr_CompleteHumanProteome_HepG2_chymo_HCD_fr34_150108194448_sub.pep.xml"
time="22:49:19" level=info msg="Parsing /scratch/negishi/afarzam/MSV000086944_results_and_control_searches/second_pass_downstream_nozf/Chymo_CAD/Chymo_CAD_2pass_results/HepG2_Chymo_HCD/interact-20141220_alr_CompleteHumanProteome_HepG2_chymo_HCD_fr28_150108031325_sub.pep.xml"
time="22:49:19" level=info msg="Parsing /scratch/negishi/afarzam/MSV000086944_results_and_control_searches/second_pass_downstream_nozf/Chymo_CAD/Chymo_CAD_2pass_results/HepG2_Chymo_HCD/interact-20141220_alr_CompleteHumanProteome_HepG2_chymo_HCD_fr21_150107134115_sub.pep.xml"
time="22:49:19" level=warning msg="No PSM was found in data set. /scratch/negishi/afarzam/MSV000086944_results_and_control_searches/second_pass_downstream_nozf/Chymo_CAD/Chymo_CAD_2pass_results/HepG2_Chymo_HCD/interact-20141220_alr_CompleteHumanProteome_HepG2_chymo_HCD_fr23_150107173317_sub.pep.xml"
time="22:49:20" level=info msg="1+ Charge profile" decoy=0 target=0
time="22:49:20" level=info msg="2+ Charge profile" decoy=171 target=586
time="22:49:20" level=info msg="3+ Charge profile" decoy=50 target=160
time="22:49:20" level=info msg="4+ Charge profile" decoy=21 target=37
time="22:49:20" level=info msg="5+ Charge profile" decoy=0 target=9
time="22:49:20" level=info msg="6+ Charge profile" decoy=2 target=1
time="22:49:20" level=info msg="Database search results" ions=896 peptides=884 psms=1037
time="22:49:20" level=info msg="Converged to 0.00 % FDR with 10 PSMs" decoy=0 threshold=0.989308 total=10
time="22:49:20" level=info msg="Converged to 0.00 % FDR with 10 Peptides" decoy=0 threshold=0.989308 total=10
time="22:49:20" level=info msg="Converged to 0.00 % FDR with 10 Ions" decoy=0 threshold=0.989308 total=10
time="22:49:20" level=info msg="Protein inference results" decoy=2275 target=3379
time="22:49:21" level=info msg="Converged to 0.00 % FDR with 49 Proteins" decoy=0 threshold=0.9877 total=49
time="22:49:21" level=info msg="Applying sequential FDR estimation" ions=10 peptides=10 psms=10
time="22:49:21" level=info msg="Converged to 0.00 % FDR with 9 PSMs" decoy=0 threshold=0.989715 total=9
time="22:49:21" level=info msg="Converged to 0.00 % FDR with 9 Peptides" decoy=0 threshold=0.989715 total=9
time="22:49:21" level=info msg="Converged to 0.00 % FDR with 9 Ions" decoy=0 threshold=0.989715 total=9
time="22:49:21" level=info msg="Post processing identifications"
time="22:49:21" level=info msg="Assigning protein identifications to layers"
time="22:49:21" level=info msg="Processing protein inference"
time="22:49:21" level=info msg="Synchronizing PSMs and proteins"
time="22:49:21" level=info msg="Final report numbers after FDR filtering, and post-processing" ions=9 peptides=9 proteins=9 psms=9
time="22:49:21" level=info msg=Saving
time="22:49:21" level=info msg=Done
