time="09:18:14" level=info msg="Executing Filter  v5.1.2"
time="09:18:14" level=info msg="Fetching protein inference from /scratch/negishi/afarzam/MSV000086944_results_v4/second_pass_upstream/GluC_ETD/GluC_ETD_2pass_results/GM12878_GluC_ETD"
time="09:18:15" level=info msg="Processing peptide identification files"
time="09:18:15" level=info msg="Parsing /scratch/negishi/afarzam/MSV000086944_results_v4/second_pass_upstream/GluC_ETD/GluC_ETD_2pass_results/hESC_GluC_ETD/interact-ETD_hES_GluC_9_sub.pep.xml"
time="09:18:15" level=info msg="Parsing /scratch/negishi/afarzam/MSV000086944_results_v4/second_pass_upstream/GluC_ETD/GluC_ETD_2pass_results/hESC_GluC_ETD/interact-ETD_hES_GluC_22_sub.pep.xml"
time="09:18:15" level=info msg="Parsing /scratch/negishi/afarzam/MSV000086944_results_v4/second_pass_upstream/GluC_ETD/GluC_ETD_2pass_results/hESC_GluC_ETD/interact-ETD_hES_GluC_10_sub.pep.xml"
time="09:18:15" level=info msg="Parsing /scratch/negishi/afarzam/MSV000086944_results_v4/second_pass_upstream/GluC_ETD/GluC_ETD_2pass_results/hESC_GluC_ETD/interact-ETD_hES_GluC_1_sub.pep.xml"
time="09:18:15" level=info msg="Parsing /scratch/negishi/afarzam/MSV000086944_results_v4/second_pass_upstream/GluC_ETD/GluC_ETD_2pass_results/hESC_GluC_ETD/interact-ETD_hES_GluC_4_sub.pep.xml"
time="09:18:15" level=info msg="Parsing /scratch/negishi/afarzam/MSV000086944_results_v4/second_pass_upstream/GluC_ETD/GluC_ETD_2pass_results/hESC_GluC_ETD/interact-ETD_hES_GluC_26_sub.pep.xml"
time="09:18:15" level=info msg="Parsing /scratch/negishi/afarzam/MSV000086944_results_v4/second_pass_upstream/GluC_ETD/GluC_ETD_2pass_results/hESC_GluC_ETD/interact-ETD_hES_GluC_6_sub.pep.xml"
time="09:18:15" level=info msg="Parsing /scratch/negishi/afarzam/MSV000086944_results_v4/second_pass_upstream/GluC_ETD/GluC_ETD_2pass_results/hESC_GluC_ETD/interact-ETD_hES_GluC_16_sub.pep.xml"
time="09:18:15" level=info msg="Parsing /scratch/negishi/afarzam/MSV000086944_results_v4/second_pass_upstream/GluC_ETD/GluC_ETD_2pass_results/hESC_GluC_ETD/interact-ETD_hES_GluC_15_sub.pep.xml"
time="09:18:15" level=info msg="Parsing /scratch/negishi/afarzam/MSV000086944_results_v4/second_pass_upstream/GluC_ETD/GluC_ETD_2pass_results/hESC_GluC_ETD/interact-ETD_hES_GluC_5_sub.pep.xml"
time="09:18:15" level=info msg="Parsing /scratch/negishi/afarzam/MSV000086944_results_v4/second_pass_upstream/GluC_ETD/GluC_ETD_2pass_results/hESC_GluC_ETD/interact-ETD_hES_GluC_2_sub.pep.xml"
time="09:18:15" level=info msg="Parsing /scratch/negishi/afarzam/MSV000086944_results_v4/second_pass_upstream/GluC_ETD/GluC_ETD_2pass_results/hESC_GluC_ETD/interact-ETD_hES_GluC_30_sub.pep.xml"
time="09:18:15" level=info msg="Parsing /scratch/negishi/afarzam/MSV000086944_results_v4/second_pass_upstream/GluC_ETD/GluC_ETD_2pass_results/hESC_GluC_ETD/interact-ETD_hES_GluC_27_sub.pep.xml"
time="09:18:15" level=info msg="Parsing /scratch/negishi/afarzam/MSV000086944_results_v4/second_pass_upstream/GluC_ETD/GluC_ETD_2pass_results/hESC_GluC_ETD/interact-ETD_hES_GluC_29_sub.pep.xml"
time="09:18:15" level=info msg="Parsing /scratch/negishi/afarzam/MSV000086944_results_v4/second_pass_upstream/GluC_ETD/GluC_ETD_2pass_results/hESC_GluC_ETD/interact-ETD_hES_GluC_12_sub.pep.xml"
time="09:18:15" level=info msg="Parsing /scratch/negishi/afarzam/MSV000086944_results_v4/second_pass_upstream/GluC_ETD/GluC_ETD_2pass_results/hESC_GluC_ETD/interact-ETD_hES_GluC_18_sub.pep.xml"
time="09:18:15" level=info msg="Parsing /scratch/negishi/afarzam/MSV000086944_results_v4/second_pass_upstream/GluC_ETD/GluC_ETD_2pass_results/hESC_GluC_ETD/interact-ETD_hES_GluC_11_sub.pep.xml"
time="09:18:15" level=info msg="Parsing /scratch/negishi/afarzam/MSV000086944_results_v4/second_pass_upstream/GluC_ETD/GluC_ETD_2pass_results/hESC_GluC_ETD/interact-ETD_hES_GluC_13_sub.pep.xml"
time="09:18:15" level=info msg="Parsing /scratch/negishi/afarzam/MSV000086944_results_v4/second_pass_upstream/GluC_ETD/GluC_ETD_2pass_results/hESC_GluC_ETD/interact-ETD_hES_GluC_8_sub.pep.xml"
time="09:18:15" level=info msg="Parsing /scratch/negishi/afarzam/MSV000086944_results_v4/second_pass_upstream/GluC_ETD/GluC_ETD_2pass_results/hESC_GluC_ETD/interact-ETD_hES_GluC_20_sub.pep.xml"
time="09:18:15" level=info msg="Parsing /scratch/negishi/afarzam/MSV000086944_results_v4/second_pass_upstream/GluC_ETD/GluC_ETD_2pass_results/hESC_GluC_ETD/interact-ETD_hES_GluC_21_sub.pep.xml"
time="09:18:15" level=info msg="Parsing /scratch/negishi/afarzam/MSV000086944_results_v4/second_pass_upstream/GluC_ETD/GluC_ETD_2pass_results/hESC_GluC_ETD/interact-ETD_hES_GluC_24_sub.pep.xml"
time="09:18:15" level=info msg="Parsing /scratch/negishi/afarzam/MSV000086944_results_v4/second_pass_upstream/GluC_ETD/GluC_ETD_2pass_results/hESC_GluC_ETD/interact-ETD_hES_GluC_23_sub.pep.xml"
time="09:18:15" level=info msg="Parsing /scratch/negishi/afarzam/MSV000086944_results_v4/second_pass_upstream/GluC_ETD/GluC_ETD_2pass_results/hESC_GluC_ETD/interact-ETD_hES_GluC_17_sub.pep.xml"
time="09:18:15" level=info msg="Parsing /scratch/negishi/afarzam/MSV000086944_results_v4/second_pass_upstream/GluC_ETD/GluC_ETD_2pass_results/hESC_GluC_ETD/interact-ETD_hES_GluC_28_sub.pep.xml"
time="09:18:15" level=info msg="Parsing /scratch/negishi/afarzam/MSV000086944_results_v4/second_pass_upstream/GluC_ETD/GluC_ETD_2pass_results/hESC_GluC_ETD/interact-ETD_hES_GluC_3_sub.pep.xml"
time="09:18:15" level=info msg="Parsing /scratch/negishi/afarzam/MSV000086944_results_v4/second_pass_upstream/GluC_ETD/GluC_ETD_2pass_results/hESC_GluC_ETD/interact-ETD_hES_GluC_19_sub.pep.xml"
time="09:18:15" level=info msg="Parsing /scratch/negishi/afarzam/MSV000086944_results_v4/second_pass_upstream/GluC_ETD/GluC_ETD_2pass_results/hESC_GluC_ETD/interact-ETD_hES_GluC_25_sub.pep.xml"
time="09:18:15" level=info msg="Parsing /scratch/negishi/afarzam/MSV000086944_results_v4/second_pass_upstream/GluC_ETD/GluC_ETD_2pass_results/hESC_GluC_ETD/interact-ETD_hES_GluC_7_sub.pep.xml"
time="09:18:15" level=info msg="Parsing /scratch/negishi/afarzam/MSV000086944_results_v4/second_pass_upstream/GluC_ETD/GluC_ETD_2pass_results/hESC_GluC_ETD/interact-ETD_hES_GluC_14_sub.pep.xml"
time="09:18:17" level=info msg="1+ Charge profile" decoy=0 target=0
time="09:18:17" level=info msg="2+ Charge profile" decoy=213 target=811
time="09:18:17" level=info msg="3+ Charge profile" decoy=209 target=536
time="09:18:17" level=info msg="4+ Charge profile" decoy=82 target=198
time="09:18:17" level=info msg="5+ Charge profile" decoy=37 target=107
time="09:18:17" level=info msg="6+ Charge profile" decoy=17 target=23
time="09:18:17" level=info msg="Database search results" ions=1959 peptides=1902 psms=2233
time="09:18:17" level=info msg="Converged to 0.00 % FDR with 4 PSMs" decoy=0 threshold=0.981669 total=4
time="09:18:17" level=info msg="Converged to 0.00 % FDR with 3 Peptides" decoy=0 threshold=0.99444 total=3
time="09:18:17" level=info msg="Converged to 0.00 % FDR with 3 Ions" decoy=0 threshold=0.99444 total=3
time="09:18:17" level=info msg="Protein inference results" decoy=2706 target=3650
time="09:18:17" level=info msg="Converged to 0.00 % FDR with 6 Proteins" decoy=0 threshold=0.9964 total=6
time="09:18:17" level=info msg="Applying sequential FDR estimation" ions=2 peptides=2 psms=3
time="09:18:17" level=info msg="Converged to 0.00 % FDR with 2 PSMs" decoy=0 threshold=0.997423 total=2
time="09:18:17" level=info msg="Converged to 0.00 % FDR with 1 Peptides" decoy=0 threshold=0.99876 total=1
time="09:18:17" level=info msg="Converged to 0.00 % FDR with 1 Ions" decoy=0 threshold=0.99876 total=1
time="09:18:17" level=info msg="Post processing identifications"
time="09:18:17" level=info msg="Assigning protein identifications to layers"
time="09:18:17" level=info msg="Processing protein inference"
time="09:18:18" level=info msg="Synchronizing PSMs and proteins"
time="09:18:18" level=info msg="Final report numbers after FDR filtering, and post-processing" ions=1 peptides=1 proteins=2 psms=2
time="09:18:18" level=info msg=Saving
time="09:18:18" level=info msg=Done
