time="18:02:06" level=info msg="Executing Filter  v5.1.2"
time="18:02:06" level=info msg="Fetching protein inference from /scratch/negishi/afarzam/MSV000086944_results_v4/second_pass_downstream/GluC_CAD/GluC_CAD_2pass_results/GM12878_GluC_CAD"
time="18:02:06" level=info msg="Processing peptide identification files"
time="18:02:06" level=info msg="Parsing /scratch/negishi/afarzam/MSV000086944_results_v4/second_pass_downstream/GluC_CAD/GluC_CAD_2pass_results/K562_GluC_HCD/interact-20160205_alr_CompleteHumanProteome_K562_GluC_HCD_fr9_sub.pep.xml"
time="18:02:06" level=info msg="Parsing /scratch/negishi/afarzam/MSV000086944_results_v4/second_pass_downstream/GluC_CAD/GluC_CAD_2pass_results/K562_GluC_HCD/interact-20160205_alr_CompleteHumanProteome_K562_GluC_HCD_fr10_sub.pep.xml"
time="18:02:06" level=info msg="Parsing /scratch/negishi/afarzam/MSV000086944_results_v4/second_pass_downstream/GluC_CAD/GluC_CAD_2pass_results/K562_GluC_HCD/interact-20160205_alr_CompleteHumanProteome_K562_GluC_HCD_fr11_sub.pep.xml"
time="18:02:06" level=info msg="Parsing /scratch/negishi/afarzam/MSV000086944_results_v4/second_pass_downstream/GluC_CAD/GluC_CAD_2pass_results/K562_GluC_HCD/interact-20160205_alr_CompleteHumanProteome_K562_GluC_HCD_fr26_sub.pep.xml"
time="18:02:06" level=info msg="Parsing /scratch/negishi/afarzam/MSV000086944_results_v4/second_pass_downstream/GluC_CAD/GluC_CAD_2pass_results/K562_GluC_HCD/interact-20160205_alr_CompleteHumanProteome_K562_GluC_HCD_fr24_sub.pep.xml"
time="18:02:06" level=info msg="Parsing /scratch/negishi/afarzam/MSV000086944_results_v4/second_pass_downstream/GluC_CAD/GluC_CAD_2pass_results/K562_GluC_HCD/interact-20160205_alr_CompleteHumanProteome_K562_GluC_HCD_fr4_sub.pep.xml"
time="18:02:06" level=info msg="Parsing /scratch/negishi/afarzam/MSV000086944_results_v4/second_pass_downstream/GluC_CAD/GluC_CAD_2pass_results/K562_GluC_HCD/interact-20160205_alr_CompleteHumanProteome_K562_GluC_HCD_fr25_sub.pep.xml"
time="18:02:06" level=info msg="Parsing /scratch/negishi/afarzam/MSV000086944_results_v4/second_pass_downstream/GluC_CAD/GluC_CAD_2pass_results/K562_GluC_HCD/interact-20160205_alr_CompleteHumanProteome_K562_GluC_HCD_fr3_sub.pep.xml"
time="18:02:06" level=info msg="Parsing /scratch/negishi/afarzam/MSV000086944_results_v4/second_pass_downstream/GluC_CAD/GluC_CAD_2pass_results/K562_GluC_HCD/interact-20160205_alr_CompleteHumanProteome_K562_GluC_HCD_fr12_sub.pep.xml"
time="18:02:06" level=info msg="Parsing /scratch/negishi/afarzam/MSV000086944_results_v4/second_pass_downstream/GluC_CAD/GluC_CAD_2pass_results/K562_GluC_HCD/interact-20160205_alr_CompleteHumanProteome_K562_GluC_HCD_fr6_sub.pep.xml"
time="18:02:06" level=info msg="Parsing /scratch/negishi/afarzam/MSV000086944_results_v4/second_pass_downstream/GluC_CAD/GluC_CAD_2pass_results/K562_GluC_HCD/interact-20160205_alr_CompleteHumanProteome_K562_GluC_HCD_fr27_sub.pep.xml"
time="18:02:06" level=info msg="Parsing /scratch/negishi/afarzam/MSV000086944_results_v4/second_pass_downstream/GluC_CAD/GluC_CAD_2pass_results/K562_GluC_HCD/interact-20160205_alr_CompleteHumanProteome_K562_GluC_HCD_fr5_sub.pep.xml"
time="18:02:06" level=info msg="Parsing /scratch/negishi/afarzam/MSV000086944_results_v4/second_pass_downstream/GluC_CAD/GluC_CAD_2pass_results/K562_GluC_HCD/interact-20160205_alr_CompleteHumanProteome_K562_GluC_HCD_fr8_sub.pep.xml"
time="18:02:06" level=info msg="Parsing /scratch/negishi/afarzam/MSV000086944_results_v4/second_pass_downstream/GluC_CAD/GluC_CAD_2pass_results/K562_GluC_HCD/interact-20160205_alr_CompleteHumanProteome_K562_GluC_HCD_fr18_sub.pep.xml"
time="18:02:06" level=info msg="Parsing /scratch/negishi/afarzam/MSV000086944_results_v4/second_pass_downstream/GluC_CAD/GluC_CAD_2pass_results/K562_GluC_HCD/interact-20160205_alr_CompleteHumanProteome_K562_GluC_HCD_fr16_sub.pep.xml"
time="18:02:06" level=info msg="Parsing /scratch/negishi/afarzam/MSV000086944_results_v4/second_pass_downstream/GluC_CAD/GluC_CAD_2pass_results/K562_GluC_HCD/interact-20160205_alr_CompleteHumanProteome_K562_GluC_HCD_fr15_sub.pep.xml"
time="18:02:06" level=info msg="Parsing /scratch/negishi/afarzam/MSV000086944_results_v4/second_pass_downstream/GluC_CAD/GluC_CAD_2pass_results/K562_GluC_HCD/interact-20160205_alr_CompleteHumanProteome_K562_GluC_HCD_fr21_sub.pep.xml"
time="18:02:06" level=info msg="Parsing /scratch/negishi/afarzam/MSV000086944_results_v4/second_pass_downstream/GluC_CAD/GluC_CAD_2pass_results/K562_GluC_HCD/interact-20160205_alr_CompleteHumanProteome_K562_GluC_HCD_fr7_sub.pep.xml"
time="18:02:06" level=info msg="Parsing /scratch/negishi/afarzam/MSV000086944_results_v4/second_pass_downstream/GluC_CAD/GluC_CAD_2pass_results/K562_GluC_HCD/interact-20160205_alr_CompleteHumanProteome_K562_GluC_HCD_fr17_sub.pep.xml"
time="18:02:06" level=info msg="Parsing /scratch/negishi/afarzam/MSV000086944_results_v4/second_pass_downstream/GluC_CAD/GluC_CAD_2pass_results/K562_GluC_HCD/interact-20160205_alr_CompleteHumanProteome_K562_GluC_HCD_fr30_sub.pep.xml"
time="18:02:06" level=info msg="Parsing /scratch/negishi/afarzam/MSV000086944_results_v4/second_pass_downstream/GluC_CAD/GluC_CAD_2pass_results/K562_GluC_HCD/interact-20160205_alr_CompleteHumanProteome_K562_GluC_HCD_fr2_sub.pep.xml"
time="18:02:06" level=info msg="Parsing /scratch/negishi/afarzam/MSV000086944_results_v4/second_pass_downstream/GluC_CAD/GluC_CAD_2pass_results/K562_GluC_HCD/interact-20160205_alr_CompleteHumanProteome_K562_GluC_HCD_fr20_sub.pep.xml"
time="18:02:06" level=info msg="Parsing /scratch/negishi/afarzam/MSV000086944_results_v4/second_pass_downstream/GluC_CAD/GluC_CAD_2pass_results/K562_GluC_HCD/interact-20160205_alr_CompleteHumanProteome_K562_GluC_HCD_fr19_sub.pep.xml"
time="18:02:06" level=info msg="Parsing /scratch/negishi/afarzam/MSV000086944_results_v4/second_pass_downstream/GluC_CAD/GluC_CAD_2pass_results/K562_GluC_HCD/interact-20160205_alr_CompleteHumanProteome_K562_GluC_HCD_fr1_sub.pep.xml"
time="18:02:06" level=info msg="Parsing /scratch/negishi/afarzam/MSV000086944_results_v4/second_pass_downstream/GluC_CAD/GluC_CAD_2pass_results/K562_GluC_HCD/interact-20160205_alr_CompleteHumanProteome_K562_GluC_HCD_fr29_sub.pep.xml"
time="18:02:06" level=info msg="Parsing /scratch/negishi/afarzam/MSV000086944_results_v4/second_pass_downstream/GluC_CAD/GluC_CAD_2pass_results/K562_GluC_HCD/interact-20160205_alr_CompleteHumanProteome_K562_GluC_HCD_fr22_sub.pep.xml"
time="18:02:06" level=info msg="Parsing /scratch/negishi/afarzam/MSV000086944_results_v4/second_pass_downstream/GluC_CAD/GluC_CAD_2pass_results/K562_GluC_HCD/interact-20160205_alr_CompleteHumanProteome_K562_GluC_HCD_fr23_sub.pep.xml"
time="18:02:06" level=info msg="Parsing /scratch/negishi/afarzam/MSV000086944_results_v4/second_pass_downstream/GluC_CAD/GluC_CAD_2pass_results/K562_GluC_HCD/interact-20160205_alr_CompleteHumanProteome_K562_GluC_HCD_fr28_sub.pep.xml"
time="18:02:06" level=info msg="Parsing /scratch/negishi/afarzam/MSV000086944_results_v4/second_pass_downstream/GluC_CAD/GluC_CAD_2pass_results/K562_GluC_HCD/interact-20160205_alr_CompleteHumanProteome_K562_GluC_HCD_fr14_sub.pep.xml"
time="18:02:06" level=info msg="Parsing /scratch/negishi/afarzam/MSV000086944_results_v4/second_pass_downstream/GluC_CAD/GluC_CAD_2pass_results/K562_GluC_HCD/interact-20160205_alr_CompleteHumanProteome_K562_GluC_HCD_fr13_sub.pep.xml"
time="18:02:06" level=warning msg="No PSM was found in data set. /scratch/negishi/afarzam/MSV000086944_results_v4/second_pass_downstream/GluC_CAD/GluC_CAD_2pass_results/K562_GluC_HCD/interact-20160205_alr_CompleteHumanProteome_K562_GluC_HCD_fr29_sub.pep.xml"
time="18:02:08" level=info msg="1+ Charge profile" decoy=0 target=0
time="18:02:08" level=info msg="2+ Charge profile" decoy=60 target=285
time="18:02:08" level=info msg="3+ Charge profile" decoy=40 target=257
time="18:02:08" level=info msg="4+ Charge profile" decoy=22 target=55
time="18:02:08" level=info msg="5+ Charge profile" decoy=10 target=33
time="18:02:08" level=info msg="6+ Charge profile" decoy=4 target=8
time="18:02:08" level=info msg="Database search results" ions=493 peptides=471 psms=783
time="18:02:08" level=info msg="Converged to 0.00 % FDR with 23 PSMs" decoy=0 threshold=0.955458 total=23
time="18:02:08" level=info msg="Converged to 0.00 % FDR with 7 Peptides" decoy=0 threshold=0.955458 total=7
time="18:02:08" level=info msg="Converged to 0.00 % FDR with 8 Ions" decoy=0 threshold=0.955458 total=8
time="18:02:08" level=info msg="Protein inference results" decoy=1685 target=2096
time="18:02:08" level=info msg="Converged to 0.00 % FDR with 28 Proteins" decoy=0 threshold=0.968 total=28
time="18:02:08" level=info msg="Applying sequential FDR estimation" ions=7 peptides=6 psms=22
time="18:02:08" level=info msg="Converged to 0.00 % FDR with 21 PSMs" decoy=0 threshold=0.958374 total=21
time="18:02:08" level=info msg="Converged to 0.00 % FDR with 5 Peptides" decoy=0 threshold=0.989741 total=5
time="18:02:08" level=info msg="Converged to 0.00 % FDR with 6 Ions" decoy=0 threshold=0.989741 total=6
time="18:02:08" level=info msg="Post processing identifications"
time="18:02:08" level=info msg="Assigning protein identifications to layers"
time="18:02:08" level=info msg="Processing protein inference"
time="18:02:08" level=info msg="Synchronizing PSMs and proteins"
time="18:02:08" level=info msg="Final report numbers after FDR filtering, and post-processing" ions=6 peptides=5 proteins=6 psms=21
time="18:02:08" level=info msg=Saving
time="18:02:09" level=info msg=Done
