time="19:12:52" level=info msg="Executing Filter  v5.1.2"
time="19:12:52" level=info msg="Fetching protein inference from /scratch/negishi/afarzam/MSV000086944_results_v4/second_pass_downstream/Chymo_CAD/Chymo_CAD_2pass_results/GM12878_Chymo_CAD"
time="19:12:52" level=info msg="Processing peptide identification files"
time="19:12:53" level=info msg="Parsing /scratch/negishi/afarzam/MSV000086944_results_v4/second_pass_downstream/Chymo_CAD/Chymo_CAD_2pass_results/HUVEC_Chymo_CAD/interact-20160115_alr_CompleteHumanProteome_HUVEC_chymo_CAD_fr13_sub.pep.xml"
time="19:12:53" level=info msg="Parsing /scratch/negishi/afarzam/MSV000086944_results_v4/second_pass_downstream/Chymo_CAD/Chymo_CAD_2pass_results/HUVEC_Chymo_CAD/interact-20160115_alr_CompleteHumanProteome_HUVEC_chymo_CAD_fr11_sub.pep.xml"
time="19:12:53" level=info msg="Parsing /scratch/negishi/afarzam/MSV000086944_results_v4/second_pass_downstream/Chymo_CAD/Chymo_CAD_2pass_results/HUVEC_Chymo_CAD/interact-20160115_alr_CompleteHumanProteome_HUVEC_chymo_CAD_fr26_sub.pep.xml"
time="19:12:53" level=info msg="Parsing /scratch/negishi/afarzam/MSV000086944_results_v4/second_pass_downstream/Chymo_CAD/Chymo_CAD_2pass_results/HUVEC_Chymo_CAD/interact-20160115_alr_CompleteHumanProteome_HUVEC_chymo_CAD_fr15_sub.pep.xml"
time="19:12:53" level=info msg="Parsing /scratch/negishi/afarzam/MSV000086944_results_v4/second_pass_downstream/Chymo_CAD/Chymo_CAD_2pass_results/HUVEC_Chymo_CAD/interact-20160115_alr_CompleteHumanProteome_HUVEC_chymo_CAD_fr27_sub.pep.xml"
time="19:12:53" level=info msg="Parsing /scratch/negishi/afarzam/MSV000086944_results_v4/second_pass_downstream/Chymo_CAD/Chymo_CAD_2pass_results/HUVEC_Chymo_CAD/interact-20160115_alr_CompleteHumanProteome_HUVEC_chymo_CAD_fr22_sub.pep.xml"
time="19:12:53" level=info msg="Parsing /scratch/negishi/afarzam/MSV000086944_results_v4/second_pass_downstream/Chymo_CAD/Chymo_CAD_2pass_results/HUVEC_Chymo_CAD/interact-20160115_alr_CompleteHumanProteome_HUVEC_chymo_CAD_fr7_160116162657_sub.pep.xml"
time="19:12:53" level=info msg="Parsing /scratch/negishi/afarzam/MSV000086944_results_v4/second_pass_downstream/Chymo_CAD/Chymo_CAD_2pass_results/HUVEC_Chymo_CAD/interact-20160115_alr_CompleteHumanProteome_HUVEC_chymo_CAD_fr33_sub.pep.xml"
time="19:12:53" level=info msg="Parsing /scratch/negishi/afarzam/MSV000086944_results_v4/second_pass_downstream/Chymo_CAD/Chymo_CAD_2pass_results/HUVEC_Chymo_CAD/interact-20160115_alr_CompleteHumanProteome_HUVEC_chymo_CAD_fr25_sub.pep.xml"
time="19:12:53" level=info msg="Parsing /scratch/negishi/afarzam/MSV000086944_results_v4/second_pass_downstream/Chymo_CAD/Chymo_CAD_2pass_results/HUVEC_Chymo_CAD/interact-20160115_alr_CompleteHumanProteome_HUVEC_chymo_CAD_fr23_sub.pep.xml"
time="19:12:53" level=info msg="Parsing /scratch/negishi/afarzam/MSV000086944_results_v4/second_pass_downstream/Chymo_CAD/Chymo_CAD_2pass_results/HUVEC_Chymo_CAD/interact-20160115_alr_CompleteHumanProteome_HUVEC_chymo_CAD_fr18_sub.pep.xml"
time="19:12:53" level=info msg="Parsing /scratch/negishi/afarzam/MSV000086944_results_v4/second_pass_downstream/Chymo_CAD/Chymo_CAD_2pass_results/HUVEC_Chymo_CAD/interact-20160115_alr_CompleteHumanProteome_HUVEC_chymo_CAD_fr2_160116084220_sub.pep.xml"
time="19:12:53" level=info msg="Parsing /scratch/negishi/afarzam/MSV000086944_results_v4/second_pass_downstream/Chymo_CAD/Chymo_CAD_2pass_results/HUVEC_Chymo_CAD/interact-20160115_alr_CompleteHumanProteome_HUVEC_chymo_CAD_fr32_sub.pep.xml"
time="19:12:53" level=info msg="Parsing /scratch/negishi/afarzam/MSV000086944_results_v4/second_pass_downstream/Chymo_CAD/Chymo_CAD_2pass_results/HUVEC_Chymo_CAD/interact-20160115_alr_CompleteHumanProteome_HUVEC_chymo_CAD_fr19_sub.pep.xml"
time="19:12:53" level=info msg="Parsing /scratch/negishi/afarzam/MSV000086944_results_v4/second_pass_downstream/Chymo_CAD/Chymo_CAD_2pass_results/HUVEC_Chymo_CAD/interact-20160115_alr_CompleteHumanProteome_HUVEC_chymo_CAD_fr10_sub.pep.xml"
time="19:12:53" level=info msg="Parsing /scratch/negishi/afarzam/MSV000086944_results_v4/second_pass_downstream/Chymo_CAD/Chymo_CAD_2pass_results/HUVEC_Chymo_CAD/interact-20160115_alr_CompleteHumanProteome_HUVEC_chymo_CAD_fr8_sub.pep.xml"
time="19:12:53" level=info msg="Parsing /scratch/negishi/afarzam/MSV000086944_results_v4/second_pass_downstream/Chymo_CAD/Chymo_CAD_2pass_results/HUVEC_Chymo_CAD/interact-20160115_alr_CompleteHumanProteome_HUVEC_chymo_CAD_fr12_sub.pep.xml"
time="19:12:53" level=info msg="Parsing /scratch/negishi/afarzam/MSV000086944_results_v4/second_pass_downstream/Chymo_CAD/Chymo_CAD_2pass_results/HUVEC_Chymo_CAD/interact-20160115_alr_CompleteHumanProteome_HUVEC_chymo_CAD_fr29_sub.pep.xml"
time="19:12:53" level=info msg="Parsing /scratch/negishi/afarzam/MSV000086944_results_v4/second_pass_downstream/Chymo_CAD/Chymo_CAD_2pass_results/HUVEC_Chymo_CAD/interact-20160115_alr_CompleteHumanProteome_HUVEC_chymo_CAD_fr28_sub.pep.xml"
time="19:12:53" level=info msg="Parsing /scratch/negishi/afarzam/MSV000086944_results_v4/second_pass_downstream/Chymo_CAD/Chymo_CAD_2pass_results/HUVEC_Chymo_CAD/interact-20160115_alr_CompleteHumanProteome_HUVEC_chymo_CAD_fr5_160116132107_sub.pep.xml"
time="19:12:53" level=info msg="Parsing /scratch/negishi/afarzam/MSV000086944_results_v4/second_pass_downstream/Chymo_CAD/Chymo_CAD_2pass_results/HUVEC_Chymo_CAD/interact-20160115_alr_CompleteHumanProteome_HUVEC_chymo_CAD_fr6_160116145402_sub.pep.xml"
time="19:12:53" level=info msg="Parsing /scratch/negishi/afarzam/MSV000086944_results_v4/second_pass_downstream/Chymo_CAD/Chymo_CAD_2pass_results/HUVEC_Chymo_CAD/interact-20160115_alr_CompleteHumanProteome_HUVEC_chymo_CAD_fr24_sub.pep.xml"
time="19:12:53" level=info msg="Parsing /scratch/negishi/afarzam/MSV000086944_results_v4/second_pass_downstream/Chymo_CAD/Chymo_CAD_2pass_results/HUVEC_Chymo_CAD/interact-20160115_alr_CompleteHumanProteome_HUVEC_chymo_CAD_fr3_160116101518_sub.pep.xml"
time="19:12:53" level=info msg="Parsing /scratch/negishi/afarzam/MSV000086944_results_v4/second_pass_downstream/Chymo_CAD/Chymo_CAD_2pass_results/HUVEC_Chymo_CAD/interact-20160115_alr_CompleteHumanProteome_HUVEC_chymo_CAD_fr35_sub.pep.xml"
time="19:12:53" level=info msg="Parsing /scratch/negishi/afarzam/MSV000086944_results_v4/second_pass_downstream/Chymo_CAD/Chymo_CAD_2pass_results/HUVEC_Chymo_CAD/interact-20160115_alr_CompleteHumanProteome_HUVEC_chymo_CAD_fr4_160116114813_sub.pep.xml"
time="19:12:53" level=info msg="Parsing /scratch/negishi/afarzam/MSV000086944_results_v4/second_pass_downstream/Chymo_CAD/Chymo_CAD_2pass_results/HUVEC_Chymo_CAD/interact-20160115_alr_CompleteHumanProteome_HUVEC_chymo_CAD_fr17_sub.pep.xml"
time="19:12:53" level=info msg="Parsing /scratch/negishi/afarzam/MSV000086944_results_v4/second_pass_downstream/Chymo_CAD/Chymo_CAD_2pass_results/HUVEC_Chymo_CAD/interact-20160115_alr_CompleteHumanProteome_HUVEC_chymo_CAD_fr9_sub.pep.xml"
time="19:12:53" level=info msg="Parsing /scratch/negishi/afarzam/MSV000086944_results_v4/second_pass_downstream/Chymo_CAD/Chymo_CAD_2pass_results/HUVEC_Chymo_CAD/interact-20160115_alr_CompleteHumanProteome_HUVEC_chymo_CAD_fr14_sub.pep.xml"
time="19:12:53" level=info msg="Parsing /scratch/negishi/afarzam/MSV000086944_results_v4/second_pass_downstream/Chymo_CAD/Chymo_CAD_2pass_results/HUVEC_Chymo_CAD/interact-20160115_alr_CompleteHumanProteome_HUVEC_chymo_CAD_fr16_sub.pep.xml"
time="19:12:53" level=warning msg="No PSM was found in data set. /scratch/negishi/afarzam/MSV000086944_results_v4/second_pass_downstream/Chymo_CAD/Chymo_CAD_2pass_results/HUVEC_Chymo_CAD/interact-20160115_alr_CompleteHumanProteome_HUVEC_chymo_CAD_fr26_sub.pep.xml"
time="19:12:53" level=info msg="Parsing /scratch/negishi/afarzam/MSV000086944_results_v4/second_pass_downstream/Chymo_CAD/Chymo_CAD_2pass_results/HUVEC_Chymo_CAD/interact-20160115_alr_CompleteHumanProteome_HUVEC_chymo_CAD_fr21_sub.pep.xml"
time="19:12:53" level=warning msg="No PSM was found in data set. /scratch/negishi/afarzam/MSV000086944_results_v4/second_pass_downstream/Chymo_CAD/Chymo_CAD_2pass_results/HUVEC_Chymo_CAD/interact-20160115_alr_CompleteHumanProteome_HUVEC_chymo_CAD_fr32_sub.pep.xml"
time="19:12:53" level=info msg="Parsing /scratch/negishi/afarzam/MSV000086944_results_v4/second_pass_downstream/Chymo_CAD/Chymo_CAD_2pass_results/HUVEC_Chymo_CAD/interact-20160115_alr_CompleteHumanProteome_HUVEC_chymo_CAD_fr20_sub.pep.xml"
time="19:12:53" level=info msg="Parsing /scratch/negishi/afarzam/MSV000086944_results_v4/second_pass_downstream/Chymo_CAD/Chymo_CAD_2pass_results/HUVEC_Chymo_CAD/interact-20160115_alr_CompleteHumanProteome_HUVEC_chymo_CAD_fr34_sub.pep.xml"
time="19:12:53" level=info msg="Parsing /scratch/negishi/afarzam/MSV000086944_results_v4/second_pass_downstream/Chymo_CAD/Chymo_CAD_2pass_results/HUVEC_Chymo_CAD/interact-20160115_alr_CompleteHumanProteome_HUVEC_chymo_CAD_fr30_sub.pep.xml"
time="19:12:53" level=warning msg="No PSM was found in data set. /scratch/negishi/afarzam/MSV000086944_results_v4/second_pass_downstream/Chymo_CAD/Chymo_CAD_2pass_results/HUVEC_Chymo_CAD/interact-20160115_alr_CompleteHumanProteome_HUVEC_chymo_CAD_fr6_160116145402_sub.pep.xml"
time="19:12:53" level=info msg="Parsing /scratch/negishi/afarzam/MSV000086944_results_v4/second_pass_downstream/Chymo_CAD/Chymo_CAD_2pass_results/HUVEC_Chymo_CAD/interact-20160115_alr_CompleteHumanProteome_HUVEC_chymo_CAD_fr1_sub.pep.xml"
time="19:12:53" level=info msg="Parsing /scratch/negishi/afarzam/MSV000086944_results_v4/second_pass_downstream/Chymo_CAD/Chymo_CAD_2pass_results/HUVEC_Chymo_CAD/interact-20160115_alr_CompleteHumanProteome_HUVEC_chymo_CAD_fr31_sub.pep.xml"
time="19:12:56" level=info msg="1+ Charge profile" decoy=0 target=0
time="19:12:56" level=info msg="2+ Charge profile" decoy=248 target=758
time="19:12:56" level=info msg="3+ Charge profile" decoy=97 target=226
time="19:12:56" level=info msg="4+ Charge profile" decoy=17 target=43
time="19:12:56" level=info msg="5+ Charge profile" decoy=6 target=12
time="19:12:56" level=info msg="6+ Charge profile" decoy=3 target=7
time="19:12:56" level=info msg="Database search results" ions=1162 peptides=1131 psms=1429
time="19:12:56" level=info msg="Converged to 0.00 % FDR with 12 PSMs" decoy=0 threshold=0.979965 total=12
time="19:12:56" level=info msg="Converged to 0.00 % FDR with 11 Peptides" decoy=0 threshold=0.979965 total=11
time="19:12:56" level=info msg="Converged to 0.00 % FDR with 11 Ions" decoy=0 threshold=0.979965 total=11
time="19:12:56" level=info msg="Protein inference results" decoy=3410 target=5165
time="19:12:56" level=info msg="Converged to 0.00 % FDR with 67 Proteins" decoy=0 threshold=0.9847 total=67
time="19:12:56" level=info msg="Applying sequential FDR estimation" ions=10 peptides=10 psms=11
time="19:12:56" level=info msg="Converged to 0.00 % FDR with 10 PSMs" decoy=0 threshold=0.983393 total=10
time="19:12:56" level=info msg="Converged to 0.00 % FDR with 9 Peptides" decoy=0 threshold=0.983393 total=9
time="19:12:56" level=info msg="Converged to 0.00 % FDR with 9 Ions" decoy=0 threshold=0.983393 total=9
time="19:12:56" level=info msg="Post processing identifications"
time="19:12:57" level=info msg="Assigning protein identifications to layers"
time="19:12:57" level=info msg="Processing protein inference"
time="19:12:57" level=info msg="Synchronizing PSMs and proteins"
time="19:12:57" level=info msg="Final report numbers after FDR filtering, and post-processing" ions=9 peptides=9 proteins=9 psms=10
time="19:12:57" level=info msg=Saving
time="19:12:57" level=info msg=Done
