time="06:42:10" level=info msg="Executing Filter  v5.1.2"
time="06:42:10" level=info msg="Fetching protein inference from /scratch/negishi/afarzam/MSV000086944_results_v4/second_pass_upstream/Chymo_CAD/Chymo_CAD_2pass_results/GM12878_Chymo_CAD"
time="06:42:10" level=info msg="Processing peptide identification files"
time="06:42:11" level=info msg="Parsing /scratch/negishi/afarzam/MSV000086944_results_v4/second_pass_upstream/Chymo_CAD/Chymo_CAD_2pass_results/HeLa_Chymo_HCD/interact-HeLaS3_chymo_10_sub.pep.xml"
time="06:42:11" level=info msg="Parsing /scratch/negishi/afarzam/MSV000086944_results_v4/second_pass_upstream/Chymo_CAD/Chymo_CAD_2pass_results/HeLa_Chymo_HCD/interact-HeLaS3_chymo_9_sub.pep.xml"
time="06:42:11" level=info msg="Parsing /scratch/negishi/afarzam/MSV000086944_results_v4/second_pass_upstream/Chymo_CAD/Chymo_CAD_2pass_results/HeLa_Chymo_HCD/interact-HeLaS3_chymo_13_sub.pep.xml"
time="06:42:11" level=info msg="Parsing /scratch/negishi/afarzam/MSV000086944_results_v4/second_pass_upstream/Chymo_CAD/Chymo_CAD_2pass_results/HeLa_Chymo_HCD/interact-HeLaS3_chymo_17_sub.pep.xml"
time="06:42:11" level=info msg="Parsing /scratch/negishi/afarzam/MSV000086944_results_v4/second_pass_upstream/Chymo_CAD/Chymo_CAD_2pass_results/HeLa_Chymo_HCD/interact-HeLaS3_chymo_6_sub.pep.xml"
time="06:42:11" level=info msg="Parsing /scratch/negishi/afarzam/MSV000086944_results_v4/second_pass_upstream/Chymo_CAD/Chymo_CAD_2pass_results/HeLa_Chymo_HCD/interact-HeLaS3_chymo_21_sub.pep.xml"
time="06:42:11" level=info msg="Parsing /scratch/negishi/afarzam/MSV000086944_results_v4/second_pass_upstream/Chymo_CAD/Chymo_CAD_2pass_results/HeLa_Chymo_HCD/interact-HeLaS3_chymo_22_sub.pep.xml"
time="06:42:11" level=info msg="Parsing /scratch/negishi/afarzam/MSV000086944_results_v4/second_pass_upstream/Chymo_CAD/Chymo_CAD_2pass_results/HeLa_Chymo_HCD/interact-HeLaS3_chymo_33_sub.pep.xml"
time="06:42:11" level=info msg="Parsing /scratch/negishi/afarzam/MSV000086944_results_v4/second_pass_upstream/Chymo_CAD/Chymo_CAD_2pass_results/HeLa_Chymo_HCD/interact-HeLaS3_chymo_23_sub.pep.xml"
time="06:42:11" level=info msg="Parsing /scratch/negishi/afarzam/MSV000086944_results_v4/second_pass_upstream/Chymo_CAD/Chymo_CAD_2pass_results/HeLa_Chymo_HCD/interact-HeLaS3_chymo_12_sub.pep.xml"
time="06:42:11" level=info msg="Parsing /scratch/negishi/afarzam/MSV000086944_results_v4/second_pass_upstream/Chymo_CAD/Chymo_CAD_2pass_results/HeLa_Chymo_HCD/interact-HeLaS3_chymo_26_sub.pep.xml"
time="06:42:11" level=info msg="Parsing /scratch/negishi/afarzam/MSV000086944_results_v4/second_pass_upstream/Chymo_CAD/Chymo_CAD_2pass_results/HeLa_Chymo_HCD/interact-HeLaS3_chymo_20_sub.pep.xml"
time="06:42:11" level=info msg="Parsing /scratch/negishi/afarzam/MSV000086944_results_v4/second_pass_upstream/Chymo_CAD/Chymo_CAD_2pass_results/HeLa_Chymo_HCD/interact-HeLaS3_chymo_27_sub.pep.xml"
time="06:42:11" level=info msg="Parsing /scratch/negishi/afarzam/MSV000086944_results_v4/second_pass_upstream/Chymo_CAD/Chymo_CAD_2pass_results/HeLa_Chymo_HCD/interact-HeLaS3_chymo_24_sub.pep.xml"
time="06:42:11" level=info msg="Parsing /scratch/negishi/afarzam/MSV000086944_results_v4/second_pass_upstream/Chymo_CAD/Chymo_CAD_2pass_results/HeLa_Chymo_HCD/interact-HeLaS3_chymo_28_sub.pep.xml"
time="06:42:11" level=info msg="Parsing /scratch/negishi/afarzam/MSV000086944_results_v4/second_pass_upstream/Chymo_CAD/Chymo_CAD_2pass_results/HeLa_Chymo_HCD/interact-HeLaS3_chymo_4_sub.pep.xml"
time="06:42:11" level=warning msg="No PSM was found in data set. /scratch/negishi/afarzam/MSV000086944_results_v4/second_pass_upstream/Chymo_CAD/Chymo_CAD_2pass_results/HeLa_Chymo_HCD/interact-HeLaS3_chymo_10_sub.pep.xml"
time="06:42:11" level=info msg="Parsing /scratch/negishi/afarzam/MSV000086944_results_v4/second_pass_upstream/Chymo_CAD/Chymo_CAD_2pass_results/HeLa_Chymo_HCD/interact-HeLaS3_chymo_29_sub.pep.xml"
time="06:42:11" level=info msg="Parsing /scratch/negishi/afarzam/MSV000086944_results_v4/second_pass_upstream/Chymo_CAD/Chymo_CAD_2pass_results/HeLa_Chymo_HCD/interact-HeLaS3_chymo_8_sub.pep.xml"
time="06:42:11" level=info msg="Parsing /scratch/negishi/afarzam/MSV000086944_results_v4/second_pass_upstream/Chymo_CAD/Chymo_CAD_2pass_results/HeLa_Chymo_HCD/interact-HeLaS3_chymo_11_sub.pep.xml"
time="06:42:11" level=info msg="Parsing /scratch/negishi/afarzam/MSV000086944_results_v4/second_pass_upstream/Chymo_CAD/Chymo_CAD_2pass_results/HeLa_Chymo_HCD/interact-HeLaS3_chymo_35_sub.pep.xml"
time="06:42:11" level=info msg="Parsing /scratch/negishi/afarzam/MSV000086944_results_v4/second_pass_upstream/Chymo_CAD/Chymo_CAD_2pass_results/HeLa_Chymo_HCD/interact-HeLaS3_chymo_2_sub.pep.xml"
time="06:42:11" level=info msg="Parsing /scratch/negishi/afarzam/MSV000086944_results_v4/second_pass_upstream/Chymo_CAD/Chymo_CAD_2pass_results/HeLa_Chymo_HCD/interact-HeLaS3_chymo_30_sub.pep.xml"
time="06:42:11" level=info msg="Parsing /scratch/negishi/afarzam/MSV000086944_results_v4/second_pass_upstream/Chymo_CAD/Chymo_CAD_2pass_results/HeLa_Chymo_HCD/interact-HeLaS3_chymo_31_sub.pep.xml"
time="06:42:11" level=info msg="Parsing /scratch/negishi/afarzam/MSV000086944_results_v4/second_pass_upstream/Chymo_CAD/Chymo_CAD_2pass_results/HeLa_Chymo_HCD/interact-HeLaS3_chymo_15_sub.pep.xml"
time="06:42:11" level=info msg="Parsing /scratch/negishi/afarzam/MSV000086944_results_v4/second_pass_upstream/Chymo_CAD/Chymo_CAD_2pass_results/HeLa_Chymo_HCD/interact-HeLaS3_chymo_34_sub.pep.xml"
time="06:42:11" level=info msg="Parsing /scratch/negishi/afarzam/MSV000086944_results_v4/second_pass_upstream/Chymo_CAD/Chymo_CAD_2pass_results/HeLa_Chymo_HCD/interact-HeLaS3_chymo_5_sub.pep.xml"
time="06:42:11" level=info msg="Parsing /scratch/negishi/afarzam/MSV000086944_results_v4/second_pass_upstream/Chymo_CAD/Chymo_CAD_2pass_results/HeLa_Chymo_HCD/interact-HeLaS3_chymo_3_sub.pep.xml"
time="06:42:11" level=info msg="Parsing /scratch/negishi/afarzam/MSV000086944_results_v4/second_pass_upstream/Chymo_CAD/Chymo_CAD_2pass_results/HeLa_Chymo_HCD/interact-HeLaS3_chymo_32_sub.pep.xml"
time="06:42:11" level=info msg="Parsing /scratch/negishi/afarzam/MSV000086944_results_v4/second_pass_upstream/Chymo_CAD/Chymo_CAD_2pass_results/HeLa_Chymo_HCD/interact-HeLaS3_chymo_7_sub.pep.xml"
time="06:42:11" level=info msg="Parsing /scratch/negishi/afarzam/MSV000086944_results_v4/second_pass_upstream/Chymo_CAD/Chymo_CAD_2pass_results/HeLa_Chymo_HCD/interact-HeLaS3_chymo_18_sub.pep.xml"
time="06:42:11" level=info msg="Parsing /scratch/negishi/afarzam/MSV000086944_results_v4/second_pass_upstream/Chymo_CAD/Chymo_CAD_2pass_results/HeLa_Chymo_HCD/interact-HeLaS3_chymo_11_50msec_sub.pep.xml"
time="06:42:11" level=info msg="Parsing /scratch/negishi/afarzam/MSV000086944_results_v4/second_pass_upstream/Chymo_CAD/Chymo_CAD_2pass_results/HeLa_Chymo_HCD/interact-HeLaS3_chymo_25_sub.pep.xml"
time="06:42:11" level=warning msg="No PSM was found in data set. /scratch/negishi/afarzam/MSV000086944_results_v4/second_pass_upstream/Chymo_CAD/Chymo_CAD_2pass_results/HeLa_Chymo_HCD/interact-HeLaS3_chymo_4_sub.pep.xml"
time="06:42:11" level=info msg="Parsing /scratch/negishi/afarzam/MSV000086944_results_v4/second_pass_upstream/Chymo_CAD/Chymo_CAD_2pass_results/HeLa_Chymo_HCD/interact-HeLaS3_chymo_16_sub.pep.xml"
time="06:42:11" level=info msg="Parsing /scratch/negishi/afarzam/MSV000086944_results_v4/second_pass_upstream/Chymo_CAD/Chymo_CAD_2pass_results/HeLa_Chymo_HCD/interact-HeLaS3_chymo_1_sub.pep.xml"
time="06:42:11" level=info msg="Parsing /scratch/negishi/afarzam/MSV000086944_results_v4/second_pass_upstream/Chymo_CAD/Chymo_CAD_2pass_results/HeLa_Chymo_HCD/interact-HeLaS3_chymo_19_sub.pep.xml"
time="06:42:11" level=warning msg="No PSM was found in data set. /scratch/negishi/afarzam/MSV000086944_results_v4/second_pass_upstream/Chymo_CAD/Chymo_CAD_2pass_results/HeLa_Chymo_HCD/interact-HeLaS3_chymo_5_sub.pep.xml"
time="06:42:11" level=info msg="Parsing /scratch/negishi/afarzam/MSV000086944_results_v4/second_pass_upstream/Chymo_CAD/Chymo_CAD_2pass_results/HeLa_Chymo_HCD/interact-HeLaS3_chymo_14_sub.pep.xml"
time="06:42:15" level=info msg="1+ Charge profile" decoy=0 target=0
time="06:42:15" level=info msg="2+ Charge profile" decoy=186 target=624
time="06:42:15" level=info msg="3+ Charge profile" decoy=85 target=349
time="06:42:15" level=info msg="4+ Charge profile" decoy=38 target=91
time="06:42:15" level=info msg="5+ Charge profile" decoy=16 target=45
time="06:42:15" level=info msg="6+ Charge profile" decoy=18 target=22
time="06:42:15" level=info msg="Database search results" ions=1327 peptides=1298 psms=1489
time="06:42:15" level=info msg="Converged to 0.00 % FDR with 16 PSMs" decoy=0 threshold=0.984959 total=16
time="06:42:15" level=info msg="Converged to 0.00 % FDR with 12 Peptides" decoy=0 threshold=0.984959 total=12
time="06:42:15" level=info msg="Converged to 0.00 % FDR with 12 Ions" decoy=0 threshold=0.984959 total=12
time="06:42:15" level=info msg="Protein inference results" decoy=4548 target=6668
time="06:42:15" level=info msg="Converged to 0.88 % FDR with 114 Proteins" decoy=1 threshold=0.9911 total=115
time="06:42:15" level=info msg="Applying sequential FDR estimation" ions=11 peptides=11 psms=15
time="06:42:15" level=info msg="Converged to 0.00 % FDR with 14 PSMs" decoy=0 threshold=0.986074 total=14
time="06:42:15" level=info msg="Converged to 0.00 % FDR with 10 Peptides" decoy=0 threshold=0.986074 total=10
time="06:42:15" level=info msg="Converged to 0.00 % FDR with 10 Ions" decoy=0 threshold=0.986074 total=10
time="06:42:15" level=info msg="Post processing identifications"
time="06:42:15" level=info msg="Assigning protein identifications to layers"
time="06:42:16" level=info msg="Processing protein inference"
time="06:42:16" level=info msg="Synchronizing PSMs and proteins"
time="06:42:16" level=info msg="Final report numbers after FDR filtering, and post-processing" ions=10 peptides=10 proteins=10 psms=14
time="06:42:16" level=info msg=Saving
time="06:42:16" level=info msg=Done
