time="06:42:16" level=info msg="Executing Filter  v5.1.2"
time="06:42:16" level=info msg="Fetching protein inference from /scratch/negishi/afarzam/MSV000086944_results_v4/second_pass_upstream/Chymo_CAD/Chymo_CAD_2pass_results/GM12878_Chymo_CAD"
time="06:42:17" level=info msg="Processing peptide identification files"
time="06:42:17" level=info msg="Parsing /scratch/negishi/afarzam/MSV000086944_results_v4/second_pass_upstream/Chymo_CAD/Chymo_CAD_2pass_results/HepG2_Chymo_CAD/interact-20151118_alr_CompleteHumanProteome_HepG2_CAD_chymo_fr14_sub.pep.xml"
time="06:42:17" level=info msg="Parsing /scratch/negishi/afarzam/MSV000086944_results_v4/second_pass_upstream/Chymo_CAD/Chymo_CAD_2pass_results/HepG2_Chymo_CAD/interact-20151118_alr_CompleteHumanProteome_HepG2_CAD_chymo_fr3_sub.pep.xml"
time="06:42:17" level=info msg="Parsing /scratch/negishi/afarzam/MSV000086944_results_v4/second_pass_upstream/Chymo_CAD/Chymo_CAD_2pass_results/HepG2_Chymo_CAD/interact-20151118_alr_CompleteHumanProteome_HepG2_CAD_chymo_fr33_sub.pep.xml"
time="06:42:17" level=info msg="Parsing /scratch/negishi/afarzam/MSV000086944_results_v4/second_pass_upstream/Chymo_CAD/Chymo_CAD_2pass_results/HepG2_Chymo_CAD/interact-20151118_alr_CompleteHumanProteome_HepG2_CAD_chymo_fr2_sub.pep.xml"
time="06:42:17" level=info msg="Parsing /scratch/negishi/afarzam/MSV000086944_results_v4/second_pass_upstream/Chymo_CAD/Chymo_CAD_2pass_results/HepG2_Chymo_CAD/interact-20151118_alr_CompleteHumanProteome_HepG2_CAD_chymo_fr8_sub.pep.xml"
time="06:42:17" level=info msg="Parsing /scratch/negishi/afarzam/MSV000086944_results_v4/second_pass_upstream/Chymo_CAD/Chymo_CAD_2pass_results/HepG2_Chymo_CAD/interact-20151118_alr_CompleteHumanProteome_HepG2_CAD_chymo_fr26_sub.pep.xml"
time="06:42:17" level=info msg="Parsing /scratch/negishi/afarzam/MSV000086944_results_v4/second_pass_upstream/Chymo_CAD/Chymo_CAD_2pass_results/HepG2_Chymo_CAD/interact-20151118_alr_CompleteHumanProteome_HepG2_CAD_chymo_fr31_sub.pep.xml"
time="06:42:17" level=info msg="Parsing /scratch/negishi/afarzam/MSV000086944_results_v4/second_pass_upstream/Chymo_CAD/Chymo_CAD_2pass_results/HepG2_Chymo_CAD/interact-20151118_alr_CompleteHumanProteome_HepG2_CAD_chymo_fr22_sub.pep.xml"
time="06:42:17" level=info msg="Parsing /scratch/negishi/afarzam/MSV000086944_results_v4/second_pass_upstream/Chymo_CAD/Chymo_CAD_2pass_results/HepG2_Chymo_CAD/interact-20151118_alr_CompleteHumanProteome_HepG2_CAD_chymo_fr20_sub.pep.xml"
time="06:42:17" level=info msg="Parsing /scratch/negishi/afarzam/MSV000086944_results_v4/second_pass_upstream/Chymo_CAD/Chymo_CAD_2pass_results/HepG2_Chymo_CAD/interact-20151118_alr_CompleteHumanProteome_HepG2_CAD_chymo_fr1_sub.pep.xml"
time="06:42:17" level=info msg="Parsing /scratch/negishi/afarzam/MSV000086944_results_v4/second_pass_upstream/Chymo_CAD/Chymo_CAD_2pass_results/HepG2_Chymo_CAD/interact-20151118_alr_CompleteHumanProteome_HepG2_CAD_chymo_fr34_sub.pep.xml"
time="06:42:17" level=info msg="Parsing /scratch/negishi/afarzam/MSV000086944_results_v4/second_pass_upstream/Chymo_CAD/Chymo_CAD_2pass_results/HepG2_Chymo_CAD/interact-20151118_alr_CompleteHumanProteome_HepG2_CAD_chymo_fr21_sub.pep.xml"
time="06:42:17" level=info msg="Parsing /scratch/negishi/afarzam/MSV000086944_results_v4/second_pass_upstream/Chymo_CAD/Chymo_CAD_2pass_results/HepG2_Chymo_CAD/interact-20151118_alr_CompleteHumanProteome_HepG2_CAD_chymo_fr15_sub.pep.xml"
time="06:42:17" level=info msg="Parsing /scratch/negishi/afarzam/MSV000086944_results_v4/second_pass_upstream/Chymo_CAD/Chymo_CAD_2pass_results/HepG2_Chymo_CAD/interact-20151118_alr_CompleteHumanProteome_HepG2_CAD_chymo_fr11_sub.pep.xml"
time="06:42:17" level=info msg="Parsing /scratch/negishi/afarzam/MSV000086944_results_v4/second_pass_upstream/Chymo_CAD/Chymo_CAD_2pass_results/HepG2_Chymo_CAD/interact-20151118_alr_CompleteHumanProteome_HepG2_CAD_chymo_fr16_sub.pep.xml"
time="06:42:17" level=info msg="Parsing /scratch/negishi/afarzam/MSV000086944_results_v4/second_pass_upstream/Chymo_CAD/Chymo_CAD_2pass_results/HepG2_Chymo_CAD/interact-20151118_alr_CompleteHumanProteome_HepG2_CAD_chymo_fr10_sub.pep.xml"
time="06:42:17" level=info msg="Parsing /scratch/negishi/afarzam/MSV000086944_results_v4/second_pass_upstream/Chymo_CAD/Chymo_CAD_2pass_results/HepG2_Chymo_CAD/interact-20151118_alr_CompleteHumanProteome_HepG2_CAD_chymo_fr17_sub.pep.xml"
time="06:42:17" level=info msg="Parsing /scratch/negishi/afarzam/MSV000086944_results_v4/second_pass_upstream/Chymo_CAD/Chymo_CAD_2pass_results/HepG2_Chymo_CAD/interact-20151118_alr_CompleteHumanProteome_HepG2_CAD_chymo_fr23_sub.pep.xml"
time="06:42:17" level=info msg="Parsing /scratch/negishi/afarzam/MSV000086944_results_v4/second_pass_upstream/Chymo_CAD/Chymo_CAD_2pass_results/HepG2_Chymo_CAD/interact-20151118_alr_CompleteHumanProteome_HepG2_CAD_chymo_fr24_sub.pep.xml"
time="06:42:17" level=info msg="Parsing /scratch/negishi/afarzam/MSV000086944_results_v4/second_pass_upstream/Chymo_CAD/Chymo_CAD_2pass_results/HepG2_Chymo_CAD/interact-20151118_alr_CompleteHumanProteome_HepG2_CAD_chymo_fr18_sub.pep.xml"
time="06:42:17" level=info msg="Parsing /scratch/negishi/afarzam/MSV000086944_results_v4/second_pass_upstream/Chymo_CAD/Chymo_CAD_2pass_results/HepG2_Chymo_CAD/interact-20151118_alr_CompleteHumanProteome_HepG2_CAD_chymo_fr30_sub.pep.xml"
time="06:42:17" level=info msg="Parsing /scratch/negishi/afarzam/MSV000086944_results_v4/second_pass_upstream/Chymo_CAD/Chymo_CAD_2pass_results/HepG2_Chymo_CAD/interact-20151118_alr_CompleteHumanProteome_HepG2_CAD_chymo_fr7_sub.pep.xml"
time="06:42:17" level=warning msg="No PSM was found in data set. /scratch/negishi/afarzam/MSV000086944_results_v4/second_pass_upstream/Chymo_CAD/Chymo_CAD_2pass_results/HepG2_Chymo_CAD/interact-20151118_alr_CompleteHumanProteome_HepG2_CAD_chymo_fr33_sub.pep.xml"
time="06:42:17" level=info msg="Parsing /scratch/negishi/afarzam/MSV000086944_results_v4/second_pass_upstream/Chymo_CAD/Chymo_CAD_2pass_results/HepG2_Chymo_CAD/interact-20151118_alr_CompleteHumanProteome_HepG2_CAD_chymo_fr12_sub.pep.xml"
time="06:42:17" level=info msg="Parsing /scratch/negishi/afarzam/MSV000086944_results_v4/second_pass_upstream/Chymo_CAD/Chymo_CAD_2pass_results/HepG2_Chymo_CAD/interact-20151118_alr_CompleteHumanProteome_HepG2_CAD_chymo_fr19_sub.pep.xml"
time="06:42:17" level=warning msg="No PSM was found in data set. /scratch/negishi/afarzam/MSV000086944_results_v4/second_pass_upstream/Chymo_CAD/Chymo_CAD_2pass_results/HepG2_Chymo_CAD/interact-20151118_alr_CompleteHumanProteome_HepG2_CAD_chymo_fr34_sub.pep.xml"
time="06:42:17" level=info msg="Parsing /scratch/negishi/afarzam/MSV000086944_results_v4/second_pass_upstream/Chymo_CAD/Chymo_CAD_2pass_results/HepG2_Chymo_CAD/interact-20151118_alr_CompleteHumanProteome_HepG2_CAD_chymo_fr13_sub.pep.xml"
time="06:42:17" level=info msg="Parsing /scratch/negishi/afarzam/MSV000086944_results_v4/second_pass_upstream/Chymo_CAD/Chymo_CAD_2pass_results/HepG2_Chymo_CAD/interact-20151118_alr_CompleteHumanProteome_HepG2_CAD_chymo_fr27_sub.pep.xml"
time="06:42:17" level=warning msg="No PSM was found in data set. /scratch/negishi/afarzam/MSV000086944_results_v4/second_pass_upstream/Chymo_CAD/Chymo_CAD_2pass_results/HepG2_Chymo_CAD/interact-20151118_alr_CompleteHumanProteome_HepG2_CAD_chymo_fr1_sub.pep.xml"
time="06:42:17" level=info msg="Parsing /scratch/negishi/afarzam/MSV000086944_results_v4/second_pass_upstream/Chymo_CAD/Chymo_CAD_2pass_results/HepG2_Chymo_CAD/interact-20151118_alr_CompleteHumanProteome_HepG2_CAD_chymo_fr25_sub.pep.xml"
time="06:42:17" level=info msg="Parsing /scratch/negishi/afarzam/MSV000086944_results_v4/second_pass_upstream/Chymo_CAD/Chymo_CAD_2pass_results/HepG2_Chymo_CAD/interact-20151118_alr_CompleteHumanProteome_HepG2_CAD_chymo_fr29_sub.pep.xml"
time="06:42:17" level=info msg="Parsing /scratch/negishi/afarzam/MSV000086944_results_v4/second_pass_upstream/Chymo_CAD/Chymo_CAD_2pass_results/HepG2_Chymo_CAD/interact-20151118_alr_CompleteHumanProteome_HepG2_CAD_chymo_fr32_sub.pep.xml"
time="06:42:17" level=info msg="Parsing /scratch/negishi/afarzam/MSV000086944_results_v4/second_pass_upstream/Chymo_CAD/Chymo_CAD_2pass_results/HepG2_Chymo_CAD/interact-20151118_alr_CompleteHumanProteome_HepG2_CAD_chymo_fr4_sub.pep.xml"
time="06:42:17" level=info msg="Parsing /scratch/negishi/afarzam/MSV000086944_results_v4/second_pass_upstream/Chymo_CAD/Chymo_CAD_2pass_results/HepG2_Chymo_CAD/interact-20151118_alr_CompleteHumanProteome_HepG2_CAD_chymo_fr5_sub.pep.xml"
time="06:42:17" level=info msg="Parsing /scratch/negishi/afarzam/MSV000086944_results_v4/second_pass_upstream/Chymo_CAD/Chymo_CAD_2pass_results/HepG2_Chymo_CAD/interact-20151118_alr_CompleteHumanProteome_HepG2_CAD_chymo_fr9_sub.pep.xml"
time="06:42:17" level=info msg="Parsing /scratch/negishi/afarzam/MSV000086944_results_v4/second_pass_upstream/Chymo_CAD/Chymo_CAD_2pass_results/HepG2_Chymo_CAD/interact-20151118_alr_CompleteHumanProteome_HepG2_CAD_chymo_fr6_sub.pep.xml"
time="06:42:17" level=info msg="Parsing /scratch/negishi/afarzam/MSV000086944_results_v4/second_pass_upstream/Chymo_CAD/Chymo_CAD_2pass_results/HepG2_Chymo_CAD/interact-20151118_alr_CompleteHumanProteome_HepG2_CAD_chymo_fr35_sub.pep.xml"
time="06:42:21" level=info msg="1+ Charge profile" decoy=0 target=0
time="06:42:21" level=info msg="2+ Charge profile" decoy=318 target=1080
time="06:42:21" level=info msg="3+ Charge profile" decoy=109 target=282
time="06:42:21" level=info msg="4+ Charge profile" decoy=20 target=77
time="06:42:21" level=info msg="5+ Charge profile" decoy=7 target=20
time="06:42:21" level=info msg="6+ Charge profile" decoy=11 target=7
time="06:42:21" level=info msg="Database search results" ions=1598 peptides=1562 psms=1951
time="06:42:21" level=info msg="Converged to 0.00 % FDR with 43 PSMs" decoy=0 threshold=0.958307 total=43
time="06:42:21" level=info msg="Converged to 0.00 % FDR with 34 Peptides" decoy=0 threshold=0.958307 total=34
time="06:42:21" level=info msg="Converged to 0.00 % FDR with 36 Ions" decoy=0 threshold=0.958307 total=36
time="06:42:21" level=info msg="Protein inference results" decoy=4548 target=6668
time="06:42:21" level=info msg="Converged to 0.88 % FDR with 114 Proteins" decoy=1 threshold=0.9911 total=115
time="06:42:21" level=info msg="Applying sequential FDR estimation" ions=26 peptides=24 psms=32
time="06:42:21" level=info msg="Converged to 0.00 % FDR with 31 PSMs" decoy=0 threshold=0.96299 total=31
time="06:42:21" level=info msg="Converged to 0.00 % FDR with 23 Peptides" decoy=0 threshold=0.967353 total=23
time="06:42:21" level=info msg="Converged to 0.00 % FDR with 25 Ions" decoy=0 threshold=0.967353 total=25
time="06:42:21" level=info msg="Post processing identifications"
time="06:42:22" level=info msg="Assigning protein identifications to layers"
time="06:42:22" level=info msg="Processing protein inference"
time="06:42:22" level=info msg="Synchronizing PSMs and proteins"
time="06:42:22" level=info msg="Final report numbers after FDR filtering, and post-processing" ions=25 peptides=23 proteins=21 psms=31
time="06:42:22" level=info msg=Saving
time="06:42:22" level=info msg=Done
