time="06:50:03" level=info msg="Executing Filter  v5.1.2"
time="06:50:03" level=info msg="Fetching protein inference from /scratch/negishi/afarzam/MSV000086944_results_and_control_searches/second_pass_upstream_nozf/GluC_CAD/GluC_CAD_2pass_results/GM12878_GluC_CAD"
time="06:50:03" level=info msg="Processing peptide identification files"
time="06:50:04" level=info msg="Parsing /scratch/negishi/afarzam/MSV000086944_results_and_control_searches/second_pass_upstream_nozf/GluC_CAD/GluC_CAD_2pass_results/HeLa_GluC_HCD/interact-HeLaS3_GluC_22_sub.pep.xml"
time="06:50:04" level=info msg="Parsing /scratch/negishi/afarzam/MSV000086944_results_and_control_searches/second_pass_upstream_nozf/GluC_CAD/GluC_CAD_2pass_results/HeLa_GluC_HCD/interact-HeLaS3_GluC_18_sub.pep.xml"
time="06:50:04" level=info msg="Parsing /scratch/negishi/afarzam/MSV000086944_results_and_control_searches/second_pass_upstream_nozf/GluC_CAD/GluC_CAD_2pass_results/HeLa_GluC_HCD/interact-HeLaS3_GluC_15_sub.pep.xml"
time="06:50:04" level=info msg="Parsing /scratch/negishi/afarzam/MSV000086944_results_and_control_searches/second_pass_upstream_nozf/GluC_CAD/GluC_CAD_2pass_results/HeLa_GluC_HCD/interact-HeLaS3_GluC_17_sub.pep.xml"
time="06:50:04" level=info msg="Parsing /scratch/negishi/afarzam/MSV000086944_results_and_control_searches/second_pass_upstream_nozf/GluC_CAD/GluC_CAD_2pass_results/HeLa_GluC_HCD/interact-HeLaS3_GluC_16_sub.pep.xml"
time="06:50:04" level=info msg="Parsing /scratch/negishi/afarzam/MSV000086944_results_and_control_searches/second_pass_upstream_nozf/GluC_CAD/GluC_CAD_2pass_results/HeLa_GluC_HCD/interact-HeLaS3_GluC_24_sub.pep.xml"
time="06:50:04" level=info msg="Parsing /scratch/negishi/afarzam/MSV000086944_results_and_control_searches/second_pass_upstream_nozf/GluC_CAD/GluC_CAD_2pass_results/HeLa_GluC_HCD/interact-HeLaS3_GluC_11_sub.pep.xml"
time="06:50:04" level=info msg="Parsing /scratch/negishi/afarzam/MSV000086944_results_and_control_searches/second_pass_upstream_nozf/GluC_CAD/GluC_CAD_2pass_results/HeLa_GluC_HCD/interact-HeLaS3_GluC_29_sub.pep.xml"
time="06:50:04" level=info msg="Parsing /scratch/negishi/afarzam/MSV000086944_results_and_control_searches/second_pass_upstream_nozf/GluC_CAD/GluC_CAD_2pass_results/HeLa_GluC_HCD/interact-HeLaS3_GluC_8_sub.pep.xml"
time="06:50:04" level=info msg="Parsing /scratch/negishi/afarzam/MSV000086944_results_and_control_searches/second_pass_upstream_nozf/GluC_CAD/GluC_CAD_2pass_results/HeLa_GluC_HCD/interact-HeLaS3_GluC_26_sub.pep.xml"
time="06:50:04" level=info msg="Parsing /scratch/negishi/afarzam/MSV000086944_results_and_control_searches/second_pass_upstream_nozf/GluC_CAD/GluC_CAD_2pass_results/HeLa_GluC_HCD/interact-HeLaS3_GluC_23_sub.pep.xml"
time="06:50:04" level=info msg="Parsing /scratch/negishi/afarzam/MSV000086944_results_and_control_searches/second_pass_upstream_nozf/GluC_CAD/GluC_CAD_2pass_results/HeLa_GluC_HCD/interact-HeLaS3_GluC_14_sub.pep.xml"
time="06:50:04" level=info msg="Parsing /scratch/negishi/afarzam/MSV000086944_results_and_control_searches/second_pass_upstream_nozf/GluC_CAD/GluC_CAD_2pass_results/HeLa_GluC_HCD/interact-HeLaS3_GluC_24_140915174813_sub.pep.xml"
time="06:50:04" level=info msg="Parsing /scratch/negishi/afarzam/MSV000086944_results_and_control_searches/second_pass_upstream_nozf/GluC_CAD/GluC_CAD_2pass_results/HeLa_GluC_HCD/interact-HeLaS3_GluC_9_sub.pep.xml"
time="06:50:04" level=info msg="Parsing /scratch/negishi/afarzam/MSV000086944_results_and_control_searches/second_pass_upstream_nozf/GluC_CAD/GluC_CAD_2pass_results/HeLa_GluC_HCD/interact-HeLaS3_GluC_30_sub.pep.xml"
time="06:50:04" level=info msg="Parsing /scratch/negishi/afarzam/MSV000086944_results_and_control_searches/second_pass_upstream_nozf/GluC_CAD/GluC_CAD_2pass_results/HeLa_GluC_HCD/interact-HeLaS3_GluC_19_sub.pep.xml"
time="06:50:04" level=warning msg="No PSM was found in data set. /scratch/negishi/afarzam/MSV000086944_results_and_control_searches/second_pass_upstream_nozf/GluC_CAD/GluC_CAD_2pass_results/HeLa_GluC_HCD/interact-HeLaS3_GluC_22_sub.pep.xml"
time="06:50:04" level=info msg="Parsing /scratch/negishi/afarzam/MSV000086944_results_and_control_searches/second_pass_upstream_nozf/GluC_CAD/GluC_CAD_2pass_results/HeLa_GluC_HCD/interact-HeLaS3_GluC_6_sub.pep.xml"
time="06:50:04" level=warning msg="No PSM was found in data set. /scratch/negishi/afarzam/MSV000086944_results_and_control_searches/second_pass_upstream_nozf/GluC_CAD/GluC_CAD_2pass_results/HeLa_GluC_HCD/interact-HeLaS3_GluC_14_sub.pep.xml"
time="06:50:04" level=info msg="Parsing /scratch/negishi/afarzam/MSV000086944_results_and_control_searches/second_pass_upstream_nozf/GluC_CAD/GluC_CAD_2pass_results/HeLa_GluC_HCD/interact-HeLaS3_GluC_10_sub.pep.xml"
time="06:50:04" level=warning msg="No PSM was found in data set. /scratch/negishi/afarzam/MSV000086944_results_and_control_searches/second_pass_upstream_nozf/GluC_CAD/GluC_CAD_2pass_results/HeLa_GluC_HCD/interact-HeLaS3_GluC_8_sub.pep.xml"
time="06:50:04" level=warning msg="No PSM was found in data set. /scratch/negishi/afarzam/MSV000086944_results_and_control_searches/second_pass_upstream_nozf/GluC_CAD/GluC_CAD_2pass_results/HeLa_GluC_HCD/interact-HeLaS3_GluC_11_sub.pep.xml"
time="06:50:04" level=warning msg="No PSM was found in data set. /scratch/negishi/afarzam/MSV000086944_results_and_control_searches/second_pass_upstream_nozf/GluC_CAD/GluC_CAD_2pass_results/HeLa_GluC_HCD/interact-HeLaS3_GluC_23_sub.pep.xml"
time="06:50:04" level=warning msg="No PSM was found in data set. /scratch/negishi/afarzam/MSV000086944_results_and_control_searches/second_pass_upstream_nozf/GluC_CAD/GluC_CAD_2pass_results/HeLa_GluC_HCD/interact-HeLaS3_GluC_24_sub.pep.xml"
time="06:50:04" level=info msg="Parsing /scratch/negishi/afarzam/MSV000086944_results_and_control_searches/second_pass_upstream_nozf/GluC_CAD/GluC_CAD_2pass_results/HeLa_GluC_HCD/interact-HeLaS3_GluC_3_sub.pep.xml"
time="06:50:04" level=info msg="Parsing /scratch/negishi/afarzam/MSV000086944_results_and_control_searches/second_pass_upstream_nozf/GluC_CAD/GluC_CAD_2pass_results/HeLa_GluC_HCD/interact-HeLaS3_GluC_13_sub.pep.xml"
time="06:50:04" level=info msg="Parsing /scratch/negishi/afarzam/MSV000086944_results_and_control_searches/second_pass_upstream_nozf/GluC_CAD/GluC_CAD_2pass_results/HeLa_GluC_HCD/interact-HeLaS3_GluC_20_sub.pep.xml"
time="06:50:04" level=info msg="Parsing /scratch/negishi/afarzam/MSV000086944_results_and_control_searches/second_pass_upstream_nozf/GluC_CAD/GluC_CAD_2pass_results/HeLa_GluC_HCD/interact-HeLaS3_GluC_2_140913191342_sub.pep.xml"
time="06:50:04" level=info msg="Parsing /scratch/negishi/afarzam/MSV000086944_results_and_control_searches/second_pass_upstream_nozf/GluC_CAD/GluC_CAD_2pass_results/HeLa_GluC_HCD/interact-HeLaS3_GluC_5_sub.pep.xml"
time="06:50:04" level=info msg="Parsing /scratch/negishi/afarzam/MSV000086944_results_and_control_searches/second_pass_upstream_nozf/GluC_CAD/GluC_CAD_2pass_results/HeLa_GluC_HCD/interact-HeLaS3_GluC_7_sub.pep.xml"
time="06:50:04" level=info msg="Parsing /scratch/negishi/afarzam/MSV000086944_results_and_control_searches/second_pass_upstream_nozf/GluC_CAD/GluC_CAD_2pass_results/HeLa_GluC_HCD/interact-HeLaS3_GluC_28_sub.pep.xml"
time="06:50:04" level=warning msg="No PSM was found in data set. /scratch/negishi/afarzam/MSV000086944_results_and_control_searches/second_pass_upstream_nozf/GluC_CAD/GluC_CAD_2pass_results/HeLa_GluC_HCD/interact-HeLaS3_GluC_9_sub.pep.xml"
time="06:50:04" level=info msg="Parsing /scratch/negishi/afarzam/MSV000086944_results_and_control_searches/second_pass_upstream_nozf/GluC_CAD/GluC_CAD_2pass_results/HeLa_GluC_HCD/interact-HeLaS3_GluC_27_sub.pep.xml"
time="06:50:04" level=info msg="Parsing /scratch/negishi/afarzam/MSV000086944_results_and_control_searches/second_pass_upstream_nozf/GluC_CAD/GluC_CAD_2pass_results/HeLa_GluC_HCD/interact-HeLaS3_GluC_4_sub.pep.xml"
time="06:50:04" level=info msg="Parsing /scratch/negishi/afarzam/MSV000086944_results_and_control_searches/second_pass_upstream_nozf/GluC_CAD/GluC_CAD_2pass_results/HeLa_GluC_HCD/interact-HeLaS3_GluC_1_sub.pep.xml"
time="06:50:04" level=warning msg="No PSM was found in data set. /scratch/negishi/afarzam/MSV000086944_results_and_control_searches/second_pass_upstream_nozf/GluC_CAD/GluC_CAD_2pass_results/HeLa_GluC_HCD/interact-HeLaS3_GluC_15_sub.pep.xml"
time="06:50:04" level=info msg="Parsing /scratch/negishi/afarzam/MSV000086944_results_and_control_searches/second_pass_upstream_nozf/GluC_CAD/GluC_CAD_2pass_results/HeLa_GluC_HCD/interact-HeLaS3_GluC_21_sub.pep.xml"
time="06:50:04" level=info msg="Parsing /scratch/negishi/afarzam/MSV000086944_results_and_control_searches/second_pass_upstream_nozf/GluC_CAD/GluC_CAD_2pass_results/HeLa_GluC_HCD/interact-HeLaS3_GluC_12_sub.pep.xml"
time="06:50:04" level=warning msg="No PSM was found in data set. /scratch/negishi/afarzam/MSV000086944_results_and_control_searches/second_pass_upstream_nozf/GluC_CAD/GluC_CAD_2pass_results/HeLa_GluC_HCD/interact-HeLaS3_GluC_16_sub.pep.xml"
time="06:50:04" level=warning msg="No PSM was found in data set. /scratch/negishi/afarzam/MSV000086944_results_and_control_searches/second_pass_upstream_nozf/GluC_CAD/GluC_CAD_2pass_results/HeLa_GluC_HCD/interact-HeLaS3_GluC_6_sub.pep.xml"
time="06:50:04" level=info msg="Parsing /scratch/negishi/afarzam/MSV000086944_results_and_control_searches/second_pass_upstream_nozf/GluC_CAD/GluC_CAD_2pass_results/HeLa_GluC_HCD/interact-HeLaS3_GluC_25_140915193457_sub.pep.xml"
time="06:50:04" level=warning msg="No PSM was found in data set. /scratch/negishi/afarzam/MSV000086944_results_and_control_searches/second_pass_upstream_nozf/GluC_CAD/GluC_CAD_2pass_results/HeLa_GluC_HCD/interact-HeLaS3_GluC_10_sub.pep.xml"
time="06:50:04" level=info msg="Parsing /scratch/negishi/afarzam/MSV000086944_results_and_control_searches/second_pass_upstream_nozf/GluC_CAD/GluC_CAD_2pass_results/HeLa_GluC_HCD/interact-HeLaS3_GluC_2_sub.pep.xml"
time="06:50:04" level=warning msg="No PSM was found in data set. /scratch/negishi/afarzam/MSV000086944_results_and_control_searches/second_pass_upstream_nozf/GluC_CAD/GluC_CAD_2pass_results/HeLa_GluC_HCD/interact-HeLaS3_GluC_21_sub.pep.xml"
time="06:50:04" level=warning msg="No PSM was found in data set. /scratch/negishi/afarzam/MSV000086944_results_and_control_searches/second_pass_upstream_nozf/GluC_CAD/GluC_CAD_2pass_results/HeLa_GluC_HCD/interact-HeLaS3_GluC_12_sub.pep.xml"
time="06:50:04" level=warning msg="No PSM was found in data set. /scratch/negishi/afarzam/MSV000086944_results_and_control_searches/second_pass_upstream_nozf/GluC_CAD/GluC_CAD_2pass_results/HeLa_GluC_HCD/interact-HeLaS3_GluC_7_sub.pep.xml"
time="06:50:04" level=info msg="1+ Charge profile" decoy=0 target=0
time="06:50:04" level=info msg="2+ Charge profile" decoy=25 target=60
time="06:50:04" level=info msg="3+ Charge profile" decoy=21 target=97
time="06:50:04" level=info msg="4+ Charge profile" decoy=15 target=95
time="06:50:04" level=info msg="5+ Charge profile" decoy=9 target=21
time="06:50:04" level=info msg="6+ Charge profile" decoy=6 target=3
time="06:50:04" level=info msg="Database search results" ions=243 peptides=233 psms=352
time="06:50:04" level=info msg="Converged to 0.00 % FDR with 17 PSMs" decoy=0 threshold=0.970466 total=17
time="06:50:04" level=info msg="Converged to 0.00 % FDR with 5 Peptides" decoy=0 threshold=0.974484 total=5
time="06:50:04" level=info msg="Converged to 0.00 % FDR with 7 Ions" decoy=0 threshold=0.974354 total=7
time="06:50:04" level=info msg="Protein inference results" decoy=1100 target=1282
time="06:50:04" level=info msg="Converged to 0.00 % FDR with 28 Proteins" decoy=0 threshold=0.9684 total=28
time="06:50:04" level=info msg="Applying sequential FDR estimation" ions=7 peptides=5 psms=17
time="06:50:04" level=info msg="Converged to 0.00 % FDR with 16 PSMs" decoy=0 threshold=0.974354 total=16
time="06:50:04" level=info msg="Converged to 0.00 % FDR with 4 Peptides" decoy=0 threshold=0.990587 total=4
time="06:50:04" level=info msg="Converged to 0.00 % FDR with 6 Ions" decoy=0 threshold=0.974484 total=6
time="06:50:04" level=info msg="Post processing identifications"
time="06:50:04" level=info msg="Assigning protein identifications to layers"
time="06:50:05" level=info msg="Processing protein inference"
time="06:50:05" level=info msg="Synchronizing PSMs and proteins"
time="06:50:05" level=info msg="Final report numbers after FDR filtering, and post-processing" ions=6 peptides=4 proteins=5 psms=16
time="06:50:05" level=info msg=Saving
time="06:50:05" level=info msg=Done
