time="06:49:57" level=info msg="Executing Filter  v5.1.2"
time="06:49:57" level=info msg="Processing peptide identification files"
time="06:49:57" level=info msg="Parsing /scratch/negishi/afarzam/MSV000086944_results_and_control_searches/second_pass_upstream_nozf/GluC_CAD/GluC_CAD_2pass_results/GM12878_GluC_CAD/interact-GM12878_GluC_5_CAD_sub.pep.xml"
time="06:49:57" level=info msg="Parsing /scratch/negishi/afarzam/MSV000086944_results_and_control_searches/second_pass_upstream_nozf/GluC_CAD/GluC_CAD_2pass_results/GM12878_GluC_CAD/interact-GM12878_GluC_3_CAD_sub.pep.xml"
time="06:49:57" level=info msg="Parsing /scratch/negishi/afarzam/MSV000086944_results_and_control_searches/second_pass_upstream_nozf/GluC_CAD/GluC_CAD_2pass_results/GM12878_GluC_CAD/interact-GM12878_GluC_4_CAD_sub.pep.xml"
time="06:49:57" level=info msg="Parsing /scratch/negishi/afarzam/MSV000086944_results_and_control_searches/second_pass_upstream_nozf/GluC_CAD/GluC_CAD_2pass_results/GM12878_GluC_CAD/interact-GM12878_GluC_2_CAD_sub.pep.xml"
time="06:49:57" level=warning msg="No PSM was found in data set. /scratch/negishi/afarzam/MSV000086944_results_and_control_searches/second_pass_upstream_nozf/GluC_CAD/GluC_CAD_2pass_results/GM12878_GluC_CAD/interact-GM12878_GluC_3_CAD_sub.pep.xml"
time="06:49:58" level=info msg="1+ Charge profile" decoy=0 target=0
time="06:49:58" level=info msg="2+ Charge profile" decoy=1 target=10
time="06:49:58" level=info msg="3+ Charge profile" decoy=1 target=10
time="06:49:58" level=info msg="4+ Charge profile" decoy=1 target=4
time="06:49:58" level=info msg="5+ Charge profile" decoy=0 target=1
time="06:49:58" level=info msg="6+ Charge profile" decoy=0 target=0
time="06:49:58" level=info msg="Database search results" ions=24 peptides=24 psms=28
time="06:49:58" level=info msg="Converged to 0.00 % FDR with 9 PSMs" decoy=0 threshold=0.716598 total=9
time="06:49:58" level=info msg="Converged to 0.00 % FDR with 7 Peptides" decoy=0 threshold=0.716598 total=7
time="06:49:58" level=info msg="Converged to 0.00 % FDR with 7 Ions" decoy=0 threshold=0.716598 total=7
time="06:49:58" level=info msg="Protein inference results" decoy=1100 target=1282
time="06:49:58" level=info msg="Converged to 0.00 % FDR with 28 Proteins" decoy=0 threshold=0.9684 total=28
time="06:49:58" level=info msg="Applying sequential FDR estimation" ions=2 peptides=2 psms=4
time="06:49:58" level=info msg="Converged to 0.00 % FDR with 3 PSMs" decoy=0 threshold=0.774329 total=3
time="06:49:58" level=info msg="Converged to 0.00 % FDR with 1 Peptides" decoy=0 threshold=0.843475 total=1
time="06:49:58" level=info msg="Converged to 0.00 % FDR with 1 Ions" decoy=0 threshold=0.843475 total=1
time="06:49:58" level=info msg="Post processing identifications"
time="06:49:58" level=info msg="Assigning protein identifications to layers"
time="06:49:59" level=info msg="Processing protein inference"
time="06:49:59" level=info msg="Synchronizing PSMs and proteins"
time="06:49:59" level=info msg="Final report numbers after FDR filtering, and post-processing" ions=1 peptides=1 proteins=2 psms=3
time="06:49:59" level=info msg=Saving
time="06:49:59" level=info msg=Done
