time="14:38:23" level=info msg="Executing Filter  v5.1.2"
time="14:38:23" level=info msg="Fetching protein inference from /scratch/negishi/afarzam/MSV000086944_results_and_control_searches/second_pass_downstream_nozf/GluC_ETD/GluC_ETD_2pass_results/GM12878_GluC_ETD"
time="14:38:23" level=info msg="Processing peptide identification files"
time="14:38:23" level=info msg="Parsing /scratch/negishi/afarzam/MSV000086944_results_and_control_searches/second_pass_downstream_nozf/GluC_ETD/GluC_ETD_2pass_results/HUVEC_GluC_ETD/interact-20151224_alr_CompleteHumanProteome_HUVEC_ETD_GluC_12_sub.pep.xml"
time="14:38:23" level=info msg="Parsing /scratch/negishi/afarzam/MSV000086944_results_and_control_searches/second_pass_downstream_nozf/GluC_ETD/GluC_ETD_2pass_results/HUVEC_GluC_ETD/interact-20151224_alr_CompleteHumanProteome_HUVEC_ETD_GluC_9_sub.pep.xml"
time="14:38:23" level=info msg="Parsing /scratch/negishi/afarzam/MSV000086944_results_and_control_searches/second_pass_downstream_nozf/GluC_ETD/GluC_ETD_2pass_results/HUVEC_GluC_ETD/interact-20151224_alr_CompleteHumanProteome_HUVEC_ETD_GluC_13_sub.pep.xml"
time="14:38:23" level=info msg="Parsing /scratch/negishi/afarzam/MSV000086944_results_and_control_searches/second_pass_downstream_nozf/GluC_ETD/GluC_ETD_2pass_results/HUVEC_GluC_ETD/interact-20151224_alr_CompleteHumanProteome_HUVEC_ETD_GluC_14_sub.pep.xml"
time="14:38:23" level=info msg="Parsing /scratch/negishi/afarzam/MSV000086944_results_and_control_searches/second_pass_downstream_nozf/GluC_ETD/GluC_ETD_2pass_results/HUVEC_GluC_ETD/interact-20151224_alr_CompleteHumanProteome_HUVEC_ETD_GluC_15_sub.pep.xml"
time="14:38:23" level=info msg="Parsing /scratch/negishi/afarzam/MSV000086944_results_and_control_searches/second_pass_downstream_nozf/GluC_ETD/GluC_ETD_2pass_results/HUVEC_GluC_ETD/interact-20151224_alr_CompleteHumanProteome_HUVEC_ETD_GluC_16_sub.pep.xml"
time="14:38:23" level=info msg="Parsing /scratch/negishi/afarzam/MSV000086944_results_and_control_searches/second_pass_downstream_nozf/GluC_ETD/GluC_ETD_2pass_results/HUVEC_GluC_ETD/interact-20151224_alr_CompleteHumanProteome_HUVEC_ETD_GluC_17_sub.pep.xml"
time="14:38:23" level=info msg="Parsing /scratch/negishi/afarzam/MSV000086944_results_and_control_searches/second_pass_downstream_nozf/GluC_ETD/GluC_ETD_2pass_results/HUVEC_GluC_ETD/interact-20151224_alr_CompleteHumanProteome_HUVEC_ETD_GluC_18_sub.pep.xml"
time="14:38:23" level=info msg="Parsing /scratch/negishi/afarzam/MSV000086944_results_and_control_searches/second_pass_downstream_nozf/GluC_ETD/GluC_ETD_2pass_results/HUVEC_GluC_ETD/interact-20151224_alr_CompleteHumanProteome_HUVEC_ETD_GluC_19_sub.pep.xml"
time="14:38:23" level=info msg="Parsing /scratch/negishi/afarzam/MSV000086944_results_and_control_searches/second_pass_downstream_nozf/GluC_ETD/GluC_ETD_2pass_results/HUVEC_GluC_ETD/interact-20151224_alr_CompleteHumanProteome_HUVEC_ETD_GluC_1_sub.pep.xml"
time="14:38:23" level=info msg="Parsing /scratch/negishi/afarzam/MSV000086944_results_and_control_searches/second_pass_downstream_nozf/GluC_ETD/GluC_ETD_2pass_results/HUVEC_GluC_ETD/interact-20151224_alr_CompleteHumanProteome_HUVEC_ETD_GluC_20_sub.pep.xml"
time="14:38:23" level=info msg="Parsing /scratch/negishi/afarzam/MSV000086944_results_and_control_searches/second_pass_downstream_nozf/GluC_ETD/GluC_ETD_2pass_results/HUVEC_GluC_ETD/interact-20151224_alr_CompleteHumanProteome_HUVEC_ETD_GluC_22_sub.pep.xml"
time="14:38:23" level=warning msg="No PSM was found in data set. /scratch/negishi/afarzam/MSV000086944_results_and_control_searches/second_pass_downstream_nozf/GluC_ETD/GluC_ETD_2pass_results/HUVEC_GluC_ETD/interact-20151224_alr_CompleteHumanProteome_HUVEC_ETD_GluC_18_sub.pep.xml"
time="14:38:23" level=info msg="Parsing /scratch/negishi/afarzam/MSV000086944_results_and_control_searches/second_pass_downstream_nozf/GluC_ETD/GluC_ETD_2pass_results/HUVEC_GluC_ETD/interact-20151224_alr_CompleteHumanProteome_HUVEC_ETD_GluC_21_sub.pep.xml"
time="14:38:23" level=info msg="Parsing /scratch/negishi/afarzam/MSV000086944_results_and_control_searches/second_pass_downstream_nozf/GluC_ETD/GluC_ETD_2pass_results/HUVEC_GluC_ETD/interact-20151224_alr_CompleteHumanProteome_HUVEC_ETD_GluC_30_sub.pep.xml"
time="14:38:23" level=info msg="Parsing /scratch/negishi/afarzam/MSV000086944_results_and_control_searches/second_pass_downstream_nozf/GluC_ETD/GluC_ETD_2pass_results/HUVEC_GluC_ETD/interact-20151224_alr_CompleteHumanProteome_HUVEC_ETD_GluC_11_sub.pep.xml"
time="14:38:23" level=info msg="Parsing /scratch/negishi/afarzam/MSV000086944_results_and_control_searches/second_pass_downstream_nozf/GluC_ETD/GluC_ETD_2pass_results/HUVEC_GluC_ETD/interact-20151224_alr_CompleteHumanProteome_HUVEC_ETD_GluC_10_sub.pep.xml"
time="14:38:23" level=warning msg="No PSM was found in data set. /scratch/negishi/afarzam/MSV000086944_results_and_control_searches/second_pass_downstream_nozf/GluC_ETD/GluC_ETD_2pass_results/HUVEC_GluC_ETD/interact-20151224_alr_CompleteHumanProteome_HUVEC_ETD_GluC_11_sub.pep.xml"
time="14:38:23" level=info msg="Parsing /scratch/negishi/afarzam/MSV000086944_results_and_control_searches/second_pass_downstream_nozf/GluC_ETD/GluC_ETD_2pass_results/HUVEC_GluC_ETD/interact-20151224_alr_CompleteHumanProteome_HUVEC_ETD_GluC_8_sub.pep.xml"
time="14:38:23" level=info msg="Parsing /scratch/negishi/afarzam/MSV000086944_results_and_control_searches/second_pass_downstream_nozf/GluC_ETD/GluC_ETD_2pass_results/HUVEC_GluC_ETD/interact-20151224_alr_CompleteHumanProteome_HUVEC_ETD_GluC_31_sub.pep.xml"
time="14:38:23" level=info msg="Parsing /scratch/negishi/afarzam/MSV000086944_results_and_control_searches/second_pass_downstream_nozf/GluC_ETD/GluC_ETD_2pass_results/HUVEC_GluC_ETD/interact-20151224_alr_CompleteHumanProteome_HUVEC_ETD_GluC_32_sub.pep.xml"
time="14:38:23" level=info msg="Parsing /scratch/negishi/afarzam/MSV000086944_results_and_control_searches/second_pass_downstream_nozf/GluC_ETD/GluC_ETD_2pass_results/HUVEC_GluC_ETD/interact-20151224_alr_CompleteHumanProteome_HUVEC_ETD_GluC_33_sub.pep.xml"
time="14:38:23" level=info msg="Parsing /scratch/negishi/afarzam/MSV000086944_results_and_control_searches/second_pass_downstream_nozf/GluC_ETD/GluC_ETD_2pass_results/HUVEC_GluC_ETD/interact-20151224_alr_CompleteHumanProteome_HUVEC_ETD_GluC_34_sub.pep.xml"
time="14:38:23" level=info msg="Parsing /scratch/negishi/afarzam/MSV000086944_results_and_control_searches/second_pass_downstream_nozf/GluC_ETD/GluC_ETD_2pass_results/HUVEC_GluC_ETD/interact-20151224_alr_CompleteHumanProteome_HUVEC_ETD_GluC_35_sub.pep.xml"
time="14:38:23" level=info msg="Parsing /scratch/negishi/afarzam/MSV000086944_results_and_control_searches/second_pass_downstream_nozf/GluC_ETD/GluC_ETD_2pass_results/HUVEC_GluC_ETD/interact-20151224_alr_CompleteHumanProteome_HUVEC_ETD_GluC_3_sub.pep.xml"
time="14:38:23" level=info msg="Parsing /scratch/negishi/afarzam/MSV000086944_results_and_control_searches/second_pass_downstream_nozf/GluC_ETD/GluC_ETD_2pass_results/HUVEC_GluC_ETD/interact-20151224_alr_CompleteHumanProteome_HUVEC_ETD_GluC_4_sub.pep.xml"
time="14:38:23" level=info msg="Parsing /scratch/negishi/afarzam/MSV000086944_results_and_control_searches/second_pass_downstream_nozf/GluC_ETD/GluC_ETD_2pass_results/HUVEC_GluC_ETD/interact-20151224_alr_CompleteHumanProteome_HUVEC_ETD_GluC_5_sub.pep.xml"
time="14:38:23" level=info msg="Parsing /scratch/negishi/afarzam/MSV000086944_results_and_control_searches/second_pass_downstream_nozf/GluC_ETD/GluC_ETD_2pass_results/HUVEC_GluC_ETD/interact-20151224_alr_CompleteHumanProteome_HUVEC_ETD_GluC_6_sub.pep.xml"
time="14:38:23" level=info msg="Parsing /scratch/negishi/afarzam/MSV000086944_results_and_control_searches/second_pass_downstream_nozf/GluC_ETD/GluC_ETD_2pass_results/HUVEC_GluC_ETD/interact-20151224_alr_CompleteHumanProteome_HUVEC_ETD_GluC_7_sub.pep.xml"
time="14:38:23" level=info msg="Parsing /scratch/negishi/afarzam/MSV000086944_results_and_control_searches/second_pass_downstream_nozf/GluC_ETD/GluC_ETD_2pass_results/HUVEC_GluC_ETD/interact-20151224_alr_CompleteHumanProteome_HUVEC_ETD_GluC_2_sub.pep.xml"
time="14:38:23" level=info msg="Parsing /scratch/negishi/afarzam/MSV000086944_results_and_control_searches/second_pass_downstream_nozf/GluC_ETD/GluC_ETD_2pass_results/HUVEC_GluC_ETD/interact-20151224_alr_CompleteHumanProteome_HUVEC_ETD_GluC_24_sub.pep.xml"
time="14:38:23" level=info msg="Parsing /scratch/negishi/afarzam/MSV000086944_results_and_control_searches/second_pass_downstream_nozf/GluC_ETD/GluC_ETD_2pass_results/HUVEC_GluC_ETD/interact-20151224_alr_CompleteHumanProteome_HUVEC_ETD_GluC_25_sub.pep.xml"
time="14:38:23" level=info msg="Parsing /scratch/negishi/afarzam/MSV000086944_results_and_control_searches/second_pass_downstream_nozf/GluC_ETD/GluC_ETD_2pass_results/HUVEC_GluC_ETD/interact-20151224_alr_CompleteHumanProteome_HUVEC_ETD_GluC_28_sub.pep.xml"
time="14:38:23" level=info msg="Parsing /scratch/negishi/afarzam/MSV000086944_results_and_control_searches/second_pass_downstream_nozf/GluC_ETD/GluC_ETD_2pass_results/HUVEC_GluC_ETD/interact-20151224_alr_CompleteHumanProteome_HUVEC_ETD_GluC_27_sub.pep.xml"
time="14:38:23" level=info msg="Parsing /scratch/negishi/afarzam/MSV000086944_results_and_control_searches/second_pass_downstream_nozf/GluC_ETD/GluC_ETD_2pass_results/HUVEC_GluC_ETD/interact-20151224_alr_CompleteHumanProteome_HUVEC_ETD_GluC_29_sub.pep.xml"
time="14:38:23" level=info msg="Parsing /scratch/negishi/afarzam/MSV000086944_results_and_control_searches/second_pass_downstream_nozf/GluC_ETD/GluC_ETD_2pass_results/HUVEC_GluC_ETD/interact-20151224_alr_CompleteHumanProteome_HUVEC_ETD_GluC_26_sub.pep.xml"
time="14:38:23" level=info msg="Parsing /scratch/negishi/afarzam/MSV000086944_results_and_control_searches/second_pass_downstream_nozf/GluC_ETD/GluC_ETD_2pass_results/HUVEC_GluC_ETD/interact-20151224_alr_CompleteHumanProteome_HUVEC_ETD_GluC_23_sub.pep.xml"
time="14:38:23" level=warning msg="No PSM was found in data set. /scratch/negishi/afarzam/MSV000086944_results_and_control_searches/second_pass_downstream_nozf/GluC_ETD/GluC_ETD_2pass_results/HUVEC_GluC_ETD/interact-20151224_alr_CompleteHumanProteome_HUVEC_ETD_GluC_24_sub.pep.xml"
time="14:38:23" level=warning msg="No PSM was found in data set. /scratch/negishi/afarzam/MSV000086944_results_and_control_searches/second_pass_downstream_nozf/GluC_ETD/GluC_ETD_2pass_results/HUVEC_GluC_ETD/interact-20151224_alr_CompleteHumanProteome_HUVEC_ETD_GluC_10_sub.pep.xml"
time="14:38:23" level=warning msg="No PSM was found in data set. /scratch/negishi/afarzam/MSV000086944_results_and_control_searches/second_pass_downstream_nozf/GluC_ETD/GluC_ETD_2pass_results/HUVEC_GluC_ETD/interact-20151224_alr_CompleteHumanProteome_HUVEC_ETD_GluC_26_sub.pep.xml"
time="14:38:25" level=info msg="1+ Charge profile" decoy=0 target=0
time="14:38:25" level=info msg="2+ Charge profile" decoy=64 target=210
time="14:38:25" level=info msg="3+ Charge profile" decoy=37 target=173
time="14:38:25" level=info msg="4+ Charge profile" decoy=20 target=66
time="14:38:25" level=info msg="5+ Charge profile" decoy=8 target=18
time="14:38:25" level=info msg="6+ Charge profile" decoy=10 target=10
time="14:38:25" level=info msg="Database search results" ions=465 peptides=446 psms=616
time="14:38:25" level=info msg="Converged to 0.00 % FDR with 1 PSMs" decoy=0 threshold=0.952346 total=1
time="14:38:25" level=info msg="Converged to 0.00 % FDR with 1 Peptides" decoy=0 threshold=0.952346 total=1
time="14:38:25" level=info msg="Converged to 0.00 % FDR with 1 Ions" decoy=0 threshold=0.952346 total=1
time="14:38:25" level=info msg="Protein inference results" decoy=839 target=1273
time="14:38:25" level=info msg="Converged to 0.00 % FDR with 16 Proteins" decoy=0 threshold=0.9388 total=16
time="14:38:25" level=info msg="Applying sequential FDR estimation" ions=1 peptides=1 psms=1
time="14:38:25" level=info msg="Converged to 0.00 % FDR with 0 PSMs" decoy=0 threshold=10 total=0
time="14:38:25" level=info msg="Converged to 0.00 % FDR with 0 Peptides" decoy=0 threshold=10 total=0
time="14:38:25" level=info msg="Converged to 0.00 % FDR with 0 Ions" decoy=0 threshold=10 total=0
time="14:38:25" level=info msg="Post processing identifications"
time="14:38:25" level=info msg="Assigning protein identifications to layers"
time="14:38:25" level=info msg="Processing protein inference"
time="14:38:25" level=info msg="Synchronizing PSMs and proteins"
time="14:38:25" level=info msg="Final report numbers after FDR filtering, and post-processing" ions=0 peptides=0 proteins=0 psms=0
time="14:38:25" level=info msg=Saving
time="14:38:25" level=info msg=Done
