time="14:13:22" level=info msg="Executing Filter  v5.1.2"
time="14:13:22" level=info msg="Processing peptide identification files"
time="14:13:22" level=info msg="Parsing /scratch/negishi/afarzam/MSV000086944_results_v4/second_pass_downstream/AspN_ETD/AspN_ETD_2pass_results/GM12878_AspN_ETD/interact-20151114_alr_CompleteHumanProteome_GM12878_ETD_AspN_fr9_sub.pep.xml"
time="14:13:22" level=info msg="Parsing /scratch/negishi/afarzam/MSV000086944_results_v4/second_pass_downstream/AspN_ETD/AspN_ETD_2pass_results/GM12878_AspN_ETD/interact-20151114_alr_CompleteHumanProteome_GM12878_ETD_AspN_fr10_sub.pep.xml"
time="14:13:22" level=info msg="Parsing /scratch/negishi/afarzam/MSV000086944_results_v4/second_pass_downstream/AspN_ETD/AspN_ETD_2pass_results/GM12878_AspN_ETD/interact-20151114_alr_CompleteHumanProteome_GM12878_ETD_AspN_fr11_sub.pep.xml"
time="14:13:22" level=info msg="Parsing /scratch/negishi/afarzam/MSV000086944_results_v4/second_pass_downstream/AspN_ETD/AspN_ETD_2pass_results/GM12878_AspN_ETD/interact-20151114_alr_CompleteHumanProteome_GM12878_ETD_AspN_fr26_sub.pep.xml"
time="14:13:22" level=info msg="Parsing /scratch/negishi/afarzam/MSV000086944_results_v4/second_pass_downstream/AspN_ETD/AspN_ETD_2pass_results/GM12878_AspN_ETD/interact-20151114_alr_CompleteHumanProteome_GM12878_ETD_AspN_fr19_sub.pep.xml"
time="14:13:22" level=info msg="Parsing /scratch/negishi/afarzam/MSV000086944_results_v4/second_pass_downstream/AspN_ETD/AspN_ETD_2pass_results/GM12878_AspN_ETD/interact-20151114_alr_CompleteHumanProteome_GM12878_ETD_AspN_fr33_sub.pep.xml"
time="14:13:22" level=info msg="Parsing /scratch/negishi/afarzam/MSV000086944_results_v4/second_pass_downstream/AspN_ETD/AspN_ETD_2pass_results/GM12878_AspN_ETD/interact-20151114_alr_CompleteHumanProteome_GM12878_ETD_AspN_fr2_151117135407_sub.pep.xml"
time="14:13:22" level=info msg="Parsing /scratch/negishi/afarzam/MSV000086944_results_v4/second_pass_downstream/AspN_ETD/AspN_ETD_2pass_results/GM12878_AspN_ETD/interact-20151114_alr_CompleteHumanProteome_GM12878_ETD_AspN_fr22_sub.pep.xml"
time="14:13:22" level=info msg="Parsing /scratch/negishi/afarzam/MSV000086944_results_v4/second_pass_downstream/AspN_ETD/AspN_ETD_2pass_results/GM12878_AspN_ETD/interact-20151114_alr_CompleteHumanProteome_GM12878_ETD_AspN_fr4_151117165928_sub.pep.xml"
time="14:13:22" level=info msg="Parsing /scratch/negishi/afarzam/MSV000086944_results_v4/second_pass_downstream/AspN_ETD/AspN_ETD_2pass_results/GM12878_AspN_ETD/interact-20151114_alr_CompleteHumanProteome_GM12878_ETD_AspN_fr31_sub.pep.xml"
time="14:13:22" level=info msg="Parsing /scratch/negishi/afarzam/MSV000086944_results_v4/second_pass_downstream/AspN_ETD/AspN_ETD_2pass_results/GM12878_AspN_ETD/interact-20151114_alr_CompleteHumanProteome_GM12878_ETD_AspN_fr6_151117200445_sub.pep.xml"
time="14:13:22" level=info msg="Parsing /scratch/negishi/afarzam/MSV000086944_results_v4/second_pass_downstream/AspN_ETD/AspN_ETD_2pass_results/GM12878_AspN_ETD/interact-20151114_alr_CompleteHumanProteome_GM12878_ETD_AspN_fr24_sub.pep.xml"
time="14:13:22" level=warning msg="No PSM was found in data set. /scratch/negishi/afarzam/MSV000086944_results_v4/second_pass_downstream/AspN_ETD/AspN_ETD_2pass_results/GM12878_AspN_ETD/interact-20151114_alr_CompleteHumanProteome_GM12878_ETD_AspN_fr26_sub.pep.xml"
time="14:13:22" level=info msg="Parsing /scratch/negishi/afarzam/MSV000086944_results_v4/second_pass_downstream/AspN_ETD/AspN_ETD_2pass_results/GM12878_AspN_ETD/interact-20151114_alr_CompleteHumanProteome_GM12878_ETD_AspN_fr25_sub.pep.xml"
time="14:13:22" level=info msg="Parsing /scratch/negishi/afarzam/MSV000086944_results_v4/second_pass_downstream/AspN_ETD/AspN_ETD_2pass_results/GM12878_AspN_ETD/interact-20151114_alr_CompleteHumanProteome_GM12878_ETD_AspN_fr32_sub.pep.xml"
time="14:13:22" level=info msg="Parsing /scratch/negishi/afarzam/MSV000086944_results_v4/second_pass_downstream/AspN_ETD/AspN_ETD_2pass_results/GM12878_AspN_ETD/interact-20151114_alr_CompleteHumanProteome_GM12878_ETD_AspN_fr7_151117213723_sub.pep.xml"
time="14:13:22" level=info msg="Parsing /scratch/negishi/afarzam/MSV000086944_results_v4/second_pass_downstream/AspN_ETD/AspN_ETD_2pass_results/GM12878_AspN_ETD/interact-20151114_alr_CompleteHumanProteome_GM12878_ETD_AspN_fr23_sub.pep.xml"
time="14:13:22" level=info msg="Parsing /scratch/negishi/afarzam/MSV000086944_results_v4/second_pass_downstream/AspN_ETD/AspN_ETD_2pass_results/GM12878_AspN_ETD/interact-20151114_alr_CompleteHumanProteome_GM12878_ETD_AspN_fr35_151120134245_sub.pep.xml"
time="14:13:22" level=info msg="Parsing /scratch/negishi/afarzam/MSV000086944_results_v4/second_pass_downstream/AspN_ETD/AspN_ETD_2pass_results/GM12878_AspN_ETD/interact-20151114_alr_CompleteHumanProteome_GM12878_ETD_AspN_fr27_sub.pep.xml"
time="14:13:22" level=info msg="Parsing /scratch/negishi/afarzam/MSV000086944_results_v4/second_pass_downstream/AspN_ETD/AspN_ETD_2pass_results/GM12878_AspN_ETD/interact-20151114_alr_CompleteHumanProteome_GM12878_ETD_AspN_fr16_sub.pep.xml"
time="14:13:22" level=info msg="Parsing /scratch/negishi/afarzam/MSV000086944_results_v4/second_pass_downstream/AspN_ETD/AspN_ETD_2pass_results/GM12878_AspN_ETD/interact-20151114_alr_CompleteHumanProteome_GM12878_ETD_AspN_fr18_sub.pep.xml"
time="14:13:22" level=info msg="Parsing /scratch/negishi/afarzam/MSV000086944_results_v4/second_pass_downstream/AspN_ETD/AspN_ETD_2pass_results/GM12878_AspN_ETD/interact-20151114_alr_CompleteHumanProteome_GM12878_ETD_AspN_fr28_sub.pep.xml"
time="14:13:22" level=info msg="Parsing /scratch/negishi/afarzam/MSV000086944_results_v4/second_pass_downstream/AspN_ETD/AspN_ETD_2pass_results/GM12878_AspN_ETD/interact-20151114_alr_CompleteHumanProteome_GM12878_ETD_AspN_fr34_sub.pep.xml"
time="14:13:22" level=info msg="Parsing /scratch/negishi/afarzam/MSV000086944_results_v4/second_pass_downstream/AspN_ETD/AspN_ETD_2pass_results/GM12878_AspN_ETD/interact-20151114_alr_CompleteHumanProteome_GM12878_ETD_AspN_fr30_sub.pep.xml"
time="14:13:22" level=info msg="Parsing /scratch/negishi/afarzam/MSV000086944_results_v4/second_pass_downstream/AspN_ETD/AspN_ETD_2pass_results/GM12878_AspN_ETD/interact-20151114_alr_CompleteHumanProteome_GM12878_ETD_AspN_fr29_sub.pep.xml"
time="14:13:22" level=info msg="Parsing /scratch/negishi/afarzam/MSV000086944_results_v4/second_pass_downstream/AspN_ETD/AspN_ETD_2pass_results/GM12878_AspN_ETD/interact-20151114_alr_CompleteHumanProteome_GM12878_ETD_AspN_fr8_151117231003_sub.pep.xml"
time="14:13:22" level=info msg="Parsing /scratch/negishi/afarzam/MSV000086944_results_v4/second_pass_downstream/AspN_ETD/AspN_ETD_2pass_results/GM12878_AspN_ETD/interact-20151114_alr_CompleteHumanProteome_GM12878_ETD_AspN_fr3_151117152648_sub.pep.xml"
time="14:13:22" level=warning msg="No PSM was found in data set. /scratch/negishi/afarzam/MSV000086944_results_v4/second_pass_downstream/AspN_ETD/AspN_ETD_2pass_results/GM12878_AspN_ETD/interact-20151114_alr_CompleteHumanProteome_GM12878_ETD_AspN_fr16_sub.pep.xml"
time="14:13:22" level=info msg="Parsing /scratch/negishi/afarzam/MSV000086944_results_v4/second_pass_downstream/AspN_ETD/AspN_ETD_2pass_results/GM12878_AspN_ETD/interact-20151114_alr_CompleteHumanProteome_GM12878_ETD_AspN_fr20_sub.pep.xml"
time="14:13:22" level=info msg="Parsing /scratch/negishi/afarzam/MSV000086944_results_v4/second_pass_downstream/AspN_ETD/AspN_ETD_2pass_results/GM12878_AspN_ETD/interact-20151114_alr_CompleteHumanProteome_GM12878_ETD_AspN_fr21_sub.pep.xml"
time="14:13:22" level=info msg="Parsing /scratch/negishi/afarzam/MSV000086944_results_v4/second_pass_downstream/AspN_ETD/AspN_ETD_2pass_results/GM12878_AspN_ETD/interact-20151114_alr_CompleteHumanProteome_GM12878_ETD_AspN_fr15_sub.pep.xml"
time="14:13:22" level=info msg="Parsing /scratch/negishi/afarzam/MSV000086944_results_v4/second_pass_downstream/AspN_ETD/AspN_ETD_2pass_results/GM12878_AspN_ETD/interact-20151114_alr_CompleteHumanProteome_GM12878_ETD_AspN_fr12_sub.pep.xml"
time="14:13:22" level=info msg="Parsing /scratch/negishi/afarzam/MSV000086944_results_v4/second_pass_downstream/AspN_ETD/AspN_ETD_2pass_results/GM12878_AspN_ETD/interact-20151114_alr_CompleteHumanProteome_GM12878_ETD_AspN_fr1_151117122122_sub.pep.xml"
time="14:13:22" level=info msg="Parsing /scratch/negishi/afarzam/MSV000086944_results_v4/second_pass_downstream/AspN_ETD/AspN_ETD_2pass_results/GM12878_AspN_ETD/interact-20151114_alr_CompleteHumanProteome_GM12878_ETD_AspN_fr13_sub.pep.xml"
time="14:13:22" level=info msg="Parsing /scratch/negishi/afarzam/MSV000086944_results_v4/second_pass_downstream/AspN_ETD/AspN_ETD_2pass_results/GM12878_AspN_ETD/interact-20151114_alr_CompleteHumanProteome_GM12878_ETD_AspN_fr14_sub.pep.xml"
time="14:13:22" level=info msg="Parsing /scratch/negishi/afarzam/MSV000086944_results_v4/second_pass_downstream/AspN_ETD/AspN_ETD_2pass_results/GM12878_AspN_ETD/interact-20151114_alr_CompleteHumanProteome_GM12878_ETD_AspN_fr17_sub.pep.xml"
time="14:13:22" level=warning msg="No PSM was found in data set. /scratch/negishi/afarzam/MSV000086944_results_v4/second_pass_downstream/AspN_ETD/AspN_ETD_2pass_results/GM12878_AspN_ETD/interact-20151114_alr_CompleteHumanProteome_GM12878_ETD_AspN_fr18_sub.pep.xml"
time="14:13:22" level=warning msg="No PSM was found in data set. /scratch/negishi/afarzam/MSV000086944_results_v4/second_pass_downstream/AspN_ETD/AspN_ETD_2pass_results/GM12878_AspN_ETD/interact-20151114_alr_CompleteHumanProteome_GM12878_ETD_AspN_fr25_sub.pep.xml"
time="14:13:22" level=warning msg="No PSM was found in data set. /scratch/negishi/afarzam/MSV000086944_results_v4/second_pass_downstream/AspN_ETD/AspN_ETD_2pass_results/GM12878_AspN_ETD/interact-20151114_alr_CompleteHumanProteome_GM12878_ETD_AspN_fr21_sub.pep.xml"
time="14:13:22" level=info msg="Parsing /scratch/negishi/afarzam/MSV000086944_results_v4/second_pass_downstream/AspN_ETD/AspN_ETD_2pass_results/GM12878_AspN_ETD/interact-20151114_alr_CompleteHumanProteome_GM12878_ETD_AspN_fr5_151117183206_sub.pep.xml"
time="14:13:23" level=info msg="1+ Charge profile" decoy=0 target=0
time="14:13:23" level=info msg="2+ Charge profile" decoy=114 target=510
time="14:13:23" level=info msg="3+ Charge profile" decoy=57 target=125
time="14:13:23" level=info msg="4+ Charge profile" decoy=51 target=105
time="14:13:23" level=info msg="5+ Charge profile" decoy=24 target=39
time="14:13:23" level=info msg="6+ Charge profile" decoy=19 target=13
time="14:13:23" level=info msg="Database search results" ions=832 peptides=808 psms=1057
time="14:13:23" level=info msg="Converged to 0.00 % FDR with 5 PSMs" decoy=0 threshold=0.943747 total=5
time="14:13:23" level=info msg="Converged to 0.00 % FDR with 4 Peptides" decoy=0 threshold=0.943747 total=4
time="14:13:23" level=info msg="Converged to 0.00 % FDR with 4 Ions" decoy=0 threshold=0.943747 total=4
time="14:13:23" level=info msg="Protein inference results" decoy=937 target=1543
time="14:13:23" level=info msg="Converged to 0.00 % FDR with 18 Proteins" decoy=0 threshold=0.9172 total=18
time="14:13:23" level=info msg="Applying sequential FDR estimation" ions=4 peptides=4 psms=5
time="14:13:23" level=info msg="Converged to 0.00 % FDR with 4 PSMs" decoy=0 threshold=0.949488 total=4
time="14:13:23" level=info msg="Converged to 0.00 % FDR with 3 Peptides" decoy=0 threshold=0.953988 total=3
time="14:13:23" level=info msg="Converged to 0.00 % FDR with 3 Ions" decoy=0 threshold=0.953988 total=3
time="14:13:23" level=info msg="Post processing identifications"
time="14:13:24" level=info msg="Assigning protein identifications to layers"
time="14:13:24" level=info msg="Processing protein inference"
time="14:13:24" level=info msg="Synchronizing PSMs and proteins"
time="14:13:24" level=info msg="Final report numbers after FDR filtering, and post-processing" ions=3 peptides=3 proteins=3 psms=4
time="14:13:24" level=info msg=Saving
time="14:13:24" level=info msg=Done
