time="16:31:26" level=info msg="Executing Filter  v5.1.2"
time="16:31:26" level=info msg="Fetching protein inference from /scratch/negishi/afarzam/MSV000086944_results_and_control_searches/second_pass_downstream_nozf/LysN_CAD/LysN_CAD_2pass_results/GM12878_LysN_HCD"
time="16:31:26" level=info msg="Processing peptide identification files"
time="16:31:26" level=info msg="Parsing /scratch/negishi/afarzam/MSV000086944_results_and_control_searches/second_pass_downstream_nozf/LysN_CAD/LysN_CAD_2pass_results/K562_LysN_HCD/interact-20160126_alr_CompleteHumanProteome_K562_LysN_HCD_fr9_sub.pep.xml"
time="16:31:26" level=info msg="Parsing /scratch/negishi/afarzam/MSV000086944_results_and_control_searches/second_pass_downstream_nozf/LysN_CAD/LysN_CAD_2pass_results/K562_LysN_HCD/interact-20160126_alr_CompleteHumanProteome_K562_LysN_HCD_fr17_sub.pep.xml"
time="16:31:26" level=info msg="Parsing /scratch/negishi/afarzam/MSV000086944_results_and_control_searches/second_pass_downstream_nozf/LysN_CAD/LysN_CAD_2pass_results/K562_LysN_HCD/interact-20160126_alr_CompleteHumanProteome_K562_LysN_HCD_fr30_sub.pep.xml"
time="16:31:26" level=info msg="Parsing /scratch/negishi/afarzam/MSV000086944_results_and_control_searches/second_pass_downstream_nozf/LysN_CAD/LysN_CAD_2pass_results/K562_LysN_HCD/interact-20160126_alr_CompleteHumanProteome_K562_LysN_HCD_fr10_sub.pep.xml"
time="16:31:26" level=info msg="Parsing /scratch/negishi/afarzam/MSV000086944_results_and_control_searches/second_pass_downstream_nozf/LysN_CAD/LysN_CAD_2pass_results/K562_LysN_HCD/interact-20160126_alr_CompleteHumanProteome_K562_LysN_HCD_fr7_sub.pep.xml"
time="16:31:26" level=info msg="Parsing /scratch/negishi/afarzam/MSV000086944_results_and_control_searches/second_pass_downstream_nozf/LysN_CAD/LysN_CAD_2pass_results/K562_LysN_HCD/interact-20160126_alr_CompleteHumanProteome_K562_LysN_HCD_fr3_160202174513_sub.pep.xml"
time="16:31:26" level=info msg="Parsing /scratch/negishi/afarzam/MSV000086944_results_and_control_searches/second_pass_downstream_nozf/LysN_CAD/LysN_CAD_2pass_results/K562_LysN_HCD/interact-20160126_alr_CompleteHumanProteome_K562_LysN_HCD_fr8_sub.pep.xml"
time="16:31:26" level=info msg="Parsing /scratch/negishi/afarzam/MSV000086944_results_and_control_searches/second_pass_downstream_nozf/LysN_CAD/LysN_CAD_2pass_results/K562_LysN_HCD/interact-20160126_alr_CompleteHumanProteome_K562_LysN_HCD_fr13_sub.pep.xml"
time="16:31:26" level=info msg="Parsing /scratch/negishi/afarzam/MSV000086944_results_and_control_searches/second_pass_downstream_nozf/LysN_CAD/LysN_CAD_2pass_results/K562_LysN_HCD/interact-20160126_alr_CompleteHumanProteome_K562_LysN_HCD_fr14_sub.pep.xml"
time="16:31:26" level=info msg="Parsing /scratch/negishi/afarzam/MSV000086944_results_and_control_searches/second_pass_downstream_nozf/LysN_CAD/LysN_CAD_2pass_results/K562_LysN_HCD/interact-20160126_alr_CompleteHumanProteome_K562_LysN_HCD_fr15_sub.pep.xml"
time="16:31:26" level=info msg="Parsing /scratch/negishi/afarzam/MSV000086944_results_and_control_searches/second_pass_downstream_nozf/LysN_CAD/LysN_CAD_2pass_results/K562_LysN_HCD/interact-20160126_alr_CompleteHumanProteome_K562_LysN_HCD_fr28_sub.pep.xml"
time="16:31:26" level=warning msg="No PSM was found in data set. /scratch/negishi/afarzam/MSV000086944_results_and_control_searches/second_pass_downstream_nozf/LysN_CAD/LysN_CAD_2pass_results/K562_LysN_HCD/interact-20160126_alr_CompleteHumanProteome_K562_LysN_HCD_fr8_sub.pep.xml"
time="16:31:26" level=info msg="Parsing /scratch/negishi/afarzam/MSV000086944_results_and_control_searches/second_pass_downstream_nozf/LysN_CAD/LysN_CAD_2pass_results/K562_LysN_HCD/interact-20160126_alr_CompleteHumanProteome_K562_LysN_HCD_fr18_sub.pep.xml"
time="16:31:26" level=info msg="Parsing /scratch/negishi/afarzam/MSV000086944_results_and_control_searches/second_pass_downstream_nozf/LysN_CAD/LysN_CAD_2pass_results/K562_LysN_HCD/interact-20160126_alr_CompleteHumanProteome_K562_LysN_HCD_fr19_sub.pep.xml"
time="16:31:26" level=info msg="Parsing /scratch/negishi/afarzam/MSV000086944_results_and_control_searches/second_pass_downstream_nozf/LysN_CAD/LysN_CAD_2pass_results/K562_LysN_HCD/interact-20160126_alr_CompleteHumanProteome_K562_LysN_HCD_fr1_sub.pep.xml"
time="16:31:26" level=info msg="Parsing /scratch/negishi/afarzam/MSV000086944_results_and_control_searches/second_pass_downstream_nozf/LysN_CAD/LysN_CAD_2pass_results/K562_LysN_HCD/interact-20160126_alr_CompleteHumanProteome_K562_LysN_HCD_fr20_sub.pep.xml"
time="16:31:26" level=info msg="Parsing /scratch/negishi/afarzam/MSV000086944_results_and_control_searches/second_pass_downstream_nozf/LysN_CAD/LysN_CAD_2pass_results/K562_LysN_HCD/interact-20160126_alr_CompleteHumanProteome_K562_LysN_HCD_fr21_sub.pep.xml"
time="16:31:26" level=info msg="Parsing /scratch/negishi/afarzam/MSV000086944_results_and_control_searches/second_pass_downstream_nozf/LysN_CAD/LysN_CAD_2pass_results/K562_LysN_HCD/interact-20160126_alr_CompleteHumanProteome_K562_LysN_HCD_fr22_sub.pep.xml"
time="16:31:26" level=info msg="Parsing /scratch/negishi/afarzam/MSV000086944_results_and_control_searches/second_pass_downstream_nozf/LysN_CAD/LysN_CAD_2pass_results/K562_LysN_HCD/interact-20160126_alr_CompleteHumanProteome_K562_LysN_HCD_fr23_sub.pep.xml"
time="16:31:26" level=info msg="Parsing /scratch/negishi/afarzam/MSV000086944_results_and_control_searches/second_pass_downstream_nozf/LysN_CAD/LysN_CAD_2pass_results/K562_LysN_HCD/interact-20160126_alr_CompleteHumanProteome_K562_LysN_HCD_fr24_sub.pep.xml"
time="16:31:26" level=info msg="Parsing /scratch/negishi/afarzam/MSV000086944_results_and_control_searches/second_pass_downstream_nozf/LysN_CAD/LysN_CAD_2pass_results/K562_LysN_HCD/interact-20160126_alr_CompleteHumanProteome_K562_LysN_HCD_fr12_sub.pep.xml"
time="16:31:26" level=warning msg="No PSM was found in data set. /scratch/negishi/afarzam/MSV000086944_results_and_control_searches/second_pass_downstream_nozf/LysN_CAD/LysN_CAD_2pass_results/K562_LysN_HCD/interact-20160126_alr_CompleteHumanProteome_K562_LysN_HCD_fr15_sub.pep.xml"
time="16:31:26" level=info msg="Parsing /scratch/negishi/afarzam/MSV000086944_results_and_control_searches/second_pass_downstream_nozf/LysN_CAD/LysN_CAD_2pass_results/K562_LysN_HCD/interact-20160126_alr_CompleteHumanProteome_K562_LysN_HCD_fr26_sub.pep.xml"
time="16:31:26" level=info msg="Parsing /scratch/negishi/afarzam/MSV000086944_results_and_control_searches/second_pass_downstream_nozf/LysN_CAD/LysN_CAD_2pass_results/K562_LysN_HCD/interact-20160126_alr_CompleteHumanProteome_K562_LysN_HCD_fr11_sub.pep.xml"
time="16:31:26" level=warning msg="No PSM was found in data set. /scratch/negishi/afarzam/MSV000086944_results_and_control_searches/second_pass_downstream_nozf/LysN_CAD/LysN_CAD_2pass_results/K562_LysN_HCD/interact-20160126_alr_CompleteHumanProteome_K562_LysN_HCD_fr22_sub.pep.xml"
time="16:31:26" level=info msg="Parsing /scratch/negishi/afarzam/MSV000086944_results_and_control_searches/second_pass_downstream_nozf/LysN_CAD/LysN_CAD_2pass_results/K562_LysN_HCD/interact-20160126_alr_CompleteHumanProteome_K562_LysN_HCD_fr4_sub.pep.xml"
time="16:31:26" level=info msg="Parsing /scratch/negishi/afarzam/MSV000086944_results_and_control_searches/second_pass_downstream_nozf/LysN_CAD/LysN_CAD_2pass_results/K562_LysN_HCD/interact-20160126_alr_CompleteHumanProteome_K562_LysN_HCD_fr27_sub.pep.xml"
time="16:31:26" level=info msg="Parsing /scratch/negishi/afarzam/MSV000086944_results_and_control_searches/second_pass_downstream_nozf/LysN_CAD/LysN_CAD_2pass_results/K562_LysN_HCD/interact-20160126_alr_CompleteHumanProteome_K562_LysN_HCD_fr32_sub.pep.xml"
time="16:31:26" level=info msg="Parsing /scratch/negishi/afarzam/MSV000086944_results_and_control_searches/second_pass_downstream_nozf/LysN_CAD/LysN_CAD_2pass_results/K562_LysN_HCD/interact-20160126_alr_CompleteHumanProteome_K562_LysN_HCD_fr31_sub.pep.xml"
time="16:31:26" level=info msg="Parsing /scratch/negishi/afarzam/MSV000086944_results_and_control_searches/second_pass_downstream_nozf/LysN_CAD/LysN_CAD_2pass_results/K562_LysN_HCD/interact-20160126_alr_CompleteHumanProteome_K562_LysN_HCD_fr6_sub.pep.xml"
time="16:31:26" level=warning msg="No PSM was found in data set. /scratch/negishi/afarzam/MSV000086944_results_and_control_searches/second_pass_downstream_nozf/LysN_CAD/LysN_CAD_2pass_results/K562_LysN_HCD/interact-20160126_alr_CompleteHumanProteome_K562_LysN_HCD_fr32_sub.pep.xml"
time="16:31:26" level=info msg="Parsing /scratch/negishi/afarzam/MSV000086944_results_and_control_searches/second_pass_downstream_nozf/LysN_CAD/LysN_CAD_2pass_results/K562_LysN_HCD/interact-20160126_alr_CompleteHumanProteome_K562_LysN_HCD_fr5_sub.pep.xml"
time="16:31:26" level=info msg="Parsing /scratch/negishi/afarzam/MSV000086944_results_and_control_searches/second_pass_downstream_nozf/LysN_CAD/LysN_CAD_2pass_results/K562_LysN_HCD/interact-20160126_alr_CompleteHumanProteome_K562_LysN_HCD_fr29_sub.pep.xml"
time="16:31:26" level=info msg="Parsing /scratch/negishi/afarzam/MSV000086944_results_and_control_searches/second_pass_downstream_nozf/LysN_CAD/LysN_CAD_2pass_results/K562_LysN_HCD/interact-20160126_alr_CompleteHumanProteome_K562_LysN_HCD_fr2_sub.pep.xml"
time="16:31:26" level=info msg="Parsing /scratch/negishi/afarzam/MSV000086944_results_and_control_searches/second_pass_downstream_nozf/LysN_CAD/LysN_CAD_2pass_results/K562_LysN_HCD/interact-20160126_alr_CompleteHumanProteome_K562_LysN_HCD_fr16_sub.pep.xml"
time="16:31:26" level=info msg="Parsing /scratch/negishi/afarzam/MSV000086944_results_and_control_searches/second_pass_downstream_nozf/LysN_CAD/LysN_CAD_2pass_results/K562_LysN_HCD/interact-20160126_alr_CompleteHumanProteome_K562_LysN_HCD_fr25_sub.pep.xml"
time="16:31:26" level=warning msg="No PSM was found in data set. /scratch/negishi/afarzam/MSV000086944_results_and_control_searches/second_pass_downstream_nozf/LysN_CAD/LysN_CAD_2pass_results/K562_LysN_HCD/interact-20160126_alr_CompleteHumanProteome_K562_LysN_HCD_fr6_sub.pep.xml"
time="16:31:26" level=warning msg="No PSM was found in data set. /scratch/negishi/afarzam/MSV000086944_results_and_control_searches/second_pass_downstream_nozf/LysN_CAD/LysN_CAD_2pass_results/K562_LysN_HCD/interact-20160126_alr_CompleteHumanProteome_K562_LysN_HCD_fr29_sub.pep.xml"
time="16:31:27" level=info msg="1+ Charge profile" decoy=0 target=0
time="16:31:27" level=info msg="2+ Charge profile" decoy=14 target=103
time="16:31:27" level=info msg="3+ Charge profile" decoy=21 target=80
time="16:31:27" level=info msg="4+ Charge profile" decoy=17 target=68
time="16:31:27" level=info msg="5+ Charge profile" decoy=1 target=11
time="16:31:27" level=info msg="6+ Charge profile" decoy=1 target=3
time="16:31:27" level=info msg="Database search results" ions=241 peptides=227 psms=324
time="16:31:27" level=info msg="Converged to 0.00 % FDR with 1 PSMs" decoy=0 threshold=0.989386 total=1
time="16:31:27" level=info msg="Converged to 0.00 % FDR with 1 Peptides" decoy=0 threshold=0.989386 total=1
time="16:31:27" level=info msg="Converged to 0.00 % FDR with 1 Ions" decoy=0 threshold=0.989386 total=1
time="16:31:27" level=info msg="Protein inference results" decoy=542 target=1015
time="16:31:27" level=info msg="Converged to 0.00 % FDR with 24 Proteins" decoy=0 threshold=0.9694 total=24
time="16:31:27" level=info msg="Applying sequential FDR estimation" ions=1 peptides=1 psms=1
time="16:31:27" level=info msg="Converged to 0.00 % FDR with 0 PSMs" decoy=0 threshold=10 total=0
time="16:31:27" level=info msg="Converged to 0.00 % FDR with 0 Peptides" decoy=0 threshold=10 total=0
time="16:31:27" level=info msg="Converged to 0.00 % FDR with 0 Ions" decoy=0 threshold=10 total=0
time="16:31:27" level=info msg="Post processing identifications"
time="16:31:27" level=info msg="Assigning protein identifications to layers"
time="16:31:27" level=info msg="Processing protein inference"
time="16:31:27" level=info msg="Synchronizing PSMs and proteins"
time="16:31:27" level=info msg="Final report numbers after FDR filtering, and post-processing" ions=0 peptides=0 proteins=0 psms=0
time="16:31:27" level=info msg=Saving
time="16:31:27" level=info msg=Done
