time="22:49:28" level=info msg="Executing Filter  v5.1.2"
time="22:49:28" level=info msg="Fetching protein inference from /scratch/negishi/afarzam/MSV000086944_results_and_control_searches/second_pass_downstream_nozf/Chymo_CAD/Chymo_CAD_2pass_results/GM12878_Chymo_CAD"
time="22:49:29" level=info msg="Processing peptide identification files"
time="22:49:29" level=info msg="Parsing /scratch/negishi/afarzam/MSV000086944_results_and_control_searches/second_pass_downstream_nozf/Chymo_CAD/Chymo_CAD_2pass_results/hESC_Chymo_CAD/interact-chymotrypsin_hES_CAD_12_sub.pep.xml"
time="22:49:29" level=info msg="Parsing /scratch/negishi/afarzam/MSV000086944_results_and_control_searches/second_pass_downstream_nozf/Chymo_CAD/Chymo_CAD_2pass_results/hESC_Chymo_CAD/interact-chymotrypsin_hES_CAD_17_sub.pep.xml"
time="22:49:29" level=info msg="Parsing /scratch/negishi/afarzam/MSV000086944_results_and_control_searches/second_pass_downstream_nozf/Chymo_CAD/Chymo_CAD_2pass_results/hESC_Chymo_CAD/interact-chymotrypsin_hES_CAD_5_sub.pep.xml"
time="22:49:29" level=info msg="Parsing /scratch/negishi/afarzam/MSV000086944_results_and_control_searches/second_pass_downstream_nozf/Chymo_CAD/Chymo_CAD_2pass_results/hESC_Chymo_CAD/interact-chymotrypsin_hES_CAD_20_sub.pep.xml"
time="22:49:29" level=info msg="Parsing /scratch/negishi/afarzam/MSV000086944_results_and_control_searches/second_pass_downstream_nozf/Chymo_CAD/Chymo_CAD_2pass_results/hESC_Chymo_CAD/interact-chymotrypsin_hES_CAD_7_sub.pep.xml"
time="22:49:29" level=info msg="Parsing /scratch/negishi/afarzam/MSV000086944_results_and_control_searches/second_pass_downstream_nozf/Chymo_CAD/Chymo_CAD_2pass_results/hESC_Chymo_CAD/interact-chymotrypsin_hES_CAD_21_sub.pep.xml"
time="22:49:29" level=info msg="Parsing /scratch/negishi/afarzam/MSV000086944_results_and_control_searches/second_pass_downstream_nozf/Chymo_CAD/Chymo_CAD_2pass_results/hESC_Chymo_CAD/interact-chymotrypsin_hES_CAD_22_sub.pep.xml"
time="22:49:29" level=info msg="Parsing /scratch/negishi/afarzam/MSV000086944_results_and_control_searches/second_pass_downstream_nozf/Chymo_CAD/Chymo_CAD_2pass_results/hESC_Chymo_CAD/interact-chymotrypsin_hES_CAD_1_sub.pep.xml"
time="22:49:29" level=info msg="Parsing /scratch/negishi/afarzam/MSV000086944_results_and_control_searches/second_pass_downstream_nozf/Chymo_CAD/Chymo_CAD_2pass_results/hESC_Chymo_CAD/interact-chymotrypsin_hES_CAD_5_140728121319_sub.pep.xml"
time="22:49:29" level=info msg="Parsing /scratch/negishi/afarzam/MSV000086944_results_and_control_searches/second_pass_downstream_nozf/Chymo_CAD/Chymo_CAD_2pass_results/hESC_Chymo_CAD/interact-chymotrypsin_hES_CAD_7_140728155534_sub.pep.xml"
time="22:49:29" level=info msg="Parsing /scratch/negishi/afarzam/MSV000086944_results_and_control_searches/second_pass_downstream_nozf/Chymo_CAD/Chymo_CAD_2pass_results/hESC_Chymo_CAD/interact-chymotrypsin_hES_CAD_25_sub.pep.xml"
time="22:49:29" level=info msg="Parsing /scratch/negishi/afarzam/MSV000086944_results_and_control_searches/second_pass_downstream_nozf/Chymo_CAD/Chymo_CAD_2pass_results/hESC_Chymo_CAD/interact-chymotrypsin_hES_CAD_6_sub.pep.xml"
time="22:49:29" level=info msg="Parsing /scratch/negishi/afarzam/MSV000086944_results_and_control_searches/second_pass_downstream_nozf/Chymo_CAD/Chymo_CAD_2pass_results/hESC_Chymo_CAD/interact-chymotrypsin_hES_CAD_3_sub.pep.xml"
time="22:49:29" level=info msg="Parsing /scratch/negishi/afarzam/MSV000086944_results_and_control_searches/second_pass_downstream_nozf/Chymo_CAD/Chymo_CAD_2pass_results/hESC_Chymo_CAD/interact-chymotrypsin_hES_CAD_2_sub.pep.xml"
time="22:49:29" level=info msg="Parsing /scratch/negishi/afarzam/MSV000086944_results_and_control_searches/second_pass_downstream_nozf/Chymo_CAD/Chymo_CAD_2pass_results/hESC_Chymo_CAD/interact-chymotrypsin_hES_CAD_24_sub.pep.xml"
time="22:49:29" level=info msg="Parsing /scratch/negishi/afarzam/MSV000086944_results_and_control_searches/second_pass_downstream_nozf/Chymo_CAD/Chymo_CAD_2pass_results/hESC_Chymo_CAD/interact-chymotrypsin_hES_CAD_23_sub.pep.xml"
time="22:49:29" level=info msg="Parsing /scratch/negishi/afarzam/MSV000086944_results_and_control_searches/second_pass_downstream_nozf/Chymo_CAD/Chymo_CAD_2pass_results/hESC_Chymo_CAD/interact-chymotrypsin_hES_CAD_16_sub.pep.xml"
time="22:49:29" level=info msg="Parsing /scratch/negishi/afarzam/MSV000086944_results_and_control_searches/second_pass_downstream_nozf/Chymo_CAD/Chymo_CAD_2pass_results/hESC_Chymo_CAD/interact-chymotrypsin_hES_CAD_15_sub.pep.xml"
time="22:49:29" level=info msg="Parsing /scratch/negishi/afarzam/MSV000086944_results_and_control_searches/second_pass_downstream_nozf/Chymo_CAD/Chymo_CAD_2pass_results/hESC_Chymo_CAD/interact-chymotrypsin_hES_CAD_18_sub.pep.xml"
time="22:49:29" level=info msg="Parsing /scratch/negishi/afarzam/MSV000086944_results_and_control_searches/second_pass_downstream_nozf/Chymo_CAD/Chymo_CAD_2pass_results/hESC_Chymo_CAD/interact-chymotrypsin_hES_CAD_4_sub.pep.xml"
time="22:49:29" level=info msg="Parsing /scratch/negishi/afarzam/MSV000086944_results_and_control_searches/second_pass_downstream_nozf/Chymo_CAD/Chymo_CAD_2pass_results/hESC_Chymo_CAD/interact-chymotrypsin_hES_CAD_11_sub.pep.xml"
time="22:49:29" level=info msg="Parsing /scratch/negishi/afarzam/MSV000086944_results_and_control_searches/second_pass_downstream_nozf/Chymo_CAD/Chymo_CAD_2pass_results/hESC_Chymo_CAD/interact-chymotrypsin_hES_CAD_6_140728140425_sub.pep.xml"
time="22:49:29" level=info msg="Parsing /scratch/negishi/afarzam/MSV000086944_results_and_control_searches/second_pass_downstream_nozf/Chymo_CAD/Chymo_CAD_2pass_results/hESC_Chymo_CAD/interact-chymotrypsin_hES_CAD_11_140728174641_sub.pep.xml"
time="22:49:29" level=info msg="Parsing /scratch/negishi/afarzam/MSV000086944_results_and_control_searches/second_pass_downstream_nozf/Chymo_CAD/Chymo_CAD_2pass_results/hESC_Chymo_CAD/interact-chymotrypsin_hES_CAD_19_sub.pep.xml"
time="22:49:29" level=info msg="Parsing /scratch/negishi/afarzam/MSV000086944_results_and_control_searches/second_pass_downstream_nozf/Chymo_CAD/Chymo_CAD_2pass_results/hESC_Chymo_CAD/interact-chymotrypsin_hES_CAD_10_sub.pep.xml"
time="22:49:29" level=info msg="Parsing /scratch/negishi/afarzam/MSV000086944_results_and_control_searches/second_pass_downstream_nozf/Chymo_CAD/Chymo_CAD_2pass_results/hESC_Chymo_CAD/interact-chymotrypsin_hES_CAD_13_sub.pep.xml"
time="22:49:29" level=info msg="Parsing /scratch/negishi/afarzam/MSV000086944_results_and_control_searches/second_pass_downstream_nozf/Chymo_CAD/Chymo_CAD_2pass_results/hESC_Chymo_CAD/interact-chymotrypsin_hES_CAD_8_sub.pep.xml"
time="22:49:29" level=info msg="Parsing /scratch/negishi/afarzam/MSV000086944_results_and_control_searches/second_pass_downstream_nozf/Chymo_CAD/Chymo_CAD_2pass_results/hESC_Chymo_CAD/interact-chymotrypsin_hES_CAD_9_sub.pep.xml"
time="22:49:29" level=info msg="Parsing /scratch/negishi/afarzam/MSV000086944_results_and_control_searches/second_pass_downstream_nozf/Chymo_CAD/Chymo_CAD_2pass_results/hESC_Chymo_CAD/interact-chymotrypsin_hES_CAD_14_sub.pep.xml"
time="22:49:29" level=warning msg="No PSM was found in data set. /scratch/negishi/afarzam/MSV000086944_results_and_control_searches/second_pass_downstream_nozf/Chymo_CAD/Chymo_CAD_2pass_results/hESC_Chymo_CAD/interact-chymotrypsin_hES_CAD_11_sub.pep.xml"
time="22:49:31" level=info msg="1+ Charge profile" decoy=0 target=0
time="22:49:31" level=info msg="2+ Charge profile" decoy=235 target=813
time="22:49:31" level=info msg="3+ Charge profile" decoy=99 target=434
time="22:49:31" level=info msg="4+ Charge profile" decoy=18 target=152
time="22:49:31" level=info msg="5+ Charge profile" decoy=8 target=48
time="22:49:31" level=info msg="6+ Charge profile" decoy=5 target=13
time="22:49:31" level=info msg="Database search results" ions=1630 peptides=1582 psms=1839
time="22:49:31" level=info msg="Converged to 0.00 % FDR with 24 PSMs" decoy=0 threshold=0.9493 total=24
time="22:49:31" level=info msg="Converged to 0.00 % FDR with 23 Peptides" decoy=0 threshold=0.9493 total=23
time="22:49:31" level=info msg="Converged to 0.00 % FDR with 24 Ions" decoy=0 threshold=0.9493 total=24
time="22:49:31" level=info msg="Protein inference results" decoy=2275 target=3379
time="22:49:31" level=info msg="Converged to 0.00 % FDR with 49 Proteins" decoy=0 threshold=0.9877 total=49
time="22:49:31" level=info msg="Applying sequential FDR estimation" ions=13 peptides=12 psms=13
time="22:49:31" level=info msg="Converged to 0.00 % FDR with 12 PSMs" decoy=0 threshold=0.959709 total=12
time="22:49:31" level=info msg="Converged to 0.00 % FDR with 11 Peptides" decoy=0 threshold=0.959709 total=11
time="22:49:31" level=info msg="Converged to 0.00 % FDR with 12 Ions" decoy=0 threshold=0.959709 total=12
time="22:49:31" level=info msg="Post processing identifications"
time="22:49:31" level=info msg="Assigning protein identifications to layers"
time="22:49:31" level=info msg="Processing protein inference"
time="22:49:31" level=info msg="Synchronizing PSMs and proteins"
time="22:49:31" level=info msg="Final report numbers after FDR filtering, and post-processing" ions=12 peptides=11 proteins=11 psms=12
time="22:49:31" level=info msg=Saving
time="22:49:31" level=info msg=Done
