time="13:57:01" level=info msg="Executing Filter  v5.1.2"
time="13:57:01" level=info msg="Fetching protein inference from /scratch/negishi/afarzam/MSV000086944_results_v4/second_pass_upstream/Trypsin_CAD/Trypsin_CAD_2pass_results/GM12878"
time="13:57:01" level=info msg="Processing peptide identification files"
time="13:57:01" level=info msg="Parsing /scratch/negishi/afarzam/MSV000086944_results_v4/second_pass_upstream/Trypsin_CAD/Trypsin_CAD_2pass_results/K562/interact-20160124_alr_CompleteHumanProteome_K562_trypsin_HCD_fr15_sub.pep.xml"
time="13:57:01" level=info msg="Parsing /scratch/negishi/afarzam/MSV000086944_results_v4/second_pass_upstream/Trypsin_CAD/Trypsin_CAD_2pass_results/K562/interact-20160124_alr_CompleteHumanProteome_K562_trypsin_HCD_fr19_sub.pep.xml"
time="13:57:01" level=info msg="Parsing /scratch/negishi/afarzam/MSV000086944_results_v4/second_pass_upstream/Trypsin_CAD/Trypsin_CAD_2pass_results/K562/interact-20160124_alr_CompleteHumanProteome_K562_trypsin_HCD_fr1_sub.pep.xml"
time="13:57:01" level=info msg="Parsing /scratch/negishi/afarzam/MSV000086944_results_v4/second_pass_upstream/Trypsin_CAD/Trypsin_CAD_2pass_results/K562/interact-20160124_alr_CompleteHumanProteome_K562_trypsin_HCD_fr12_sub.pep.xml"
time="13:57:01" level=info msg="Parsing /scratch/negishi/afarzam/MSV000086944_results_v4/second_pass_upstream/Trypsin_CAD/Trypsin_CAD_2pass_results/K562/interact-20160124_alr_CompleteHumanProteome_K562_trypsin_HCD_fr13_sub.pep.xml"
time="13:57:01" level=info msg="Parsing /scratch/negishi/afarzam/MSV000086944_results_v4/second_pass_upstream/Trypsin_CAD/Trypsin_CAD_2pass_results/K562/interact-20160124_alr_CompleteHumanProteome_K562_trypsin_HCD_fr14_sub.pep.xml"
time="13:57:01" level=info msg="Parsing /scratch/negishi/afarzam/MSV000086944_results_v4/second_pass_upstream/Trypsin_CAD/Trypsin_CAD_2pass_results/K562/interact-20160124_alr_CompleteHumanProteome_K562_trypsin_HCD_fr10_sub.pep.xml"
time="13:57:01" level=info msg="Parsing /scratch/negishi/afarzam/MSV000086944_results_v4/second_pass_upstream/Trypsin_CAD/Trypsin_CAD_2pass_results/K562/interact-20160124_alr_CompleteHumanProteome_K562_trypsin_HCD_fr11_sub.pep.xml"
time="13:57:01" level=info msg="Parsing /scratch/negishi/afarzam/MSV000086944_results_v4/second_pass_upstream/Trypsin_CAD/Trypsin_CAD_2pass_results/K562/interact-20160124_alr_CompleteHumanProteome_K562_trypsin_HCD_fr17_sub.pep.xml"
time="13:57:01" level=info msg="Parsing /scratch/negishi/afarzam/MSV000086944_results_v4/second_pass_upstream/Trypsin_CAD/Trypsin_CAD_2pass_results/K562/interact-20160124_alr_CompleteHumanProteome_K562_trypsin_HCD_fr18_sub.pep.xml"
time="13:57:01" level=info msg="Parsing /scratch/negishi/afarzam/MSV000086944_results_v4/second_pass_upstream/Trypsin_CAD/Trypsin_CAD_2pass_results/K562/interact-20160124_alr_CompleteHumanProteome_K562_trypsin_HCD_fr16_sub.pep.xml"
time="13:57:01" level=info msg="Parsing /scratch/negishi/afarzam/MSV000086944_results_v4/second_pass_upstream/Trypsin_CAD/Trypsin_CAD_2pass_results/K562/interact-20160124_alr_CompleteHumanProteome_K562_trypsin_HCD_fr2_sub.pep.xml"
time="13:57:01" level=info msg="Parsing /scratch/negishi/afarzam/MSV000086944_results_v4/second_pass_upstream/Trypsin_CAD/Trypsin_CAD_2pass_results/K562/interact-20160124_alr_CompleteHumanProteome_K562_trypsin_HCD_fr35_sub.pep.xml"
time="13:57:01" level=info msg="Parsing /scratch/negishi/afarzam/MSV000086944_results_v4/second_pass_upstream/Trypsin_CAD/Trypsin_CAD_2pass_results/K562/interact-20160124_alr_CompleteHumanProteome_K562_trypsin_HCD_fr32_sub.pep.xml"
time="13:57:01" level=info msg="Parsing /scratch/negishi/afarzam/MSV000086944_results_v4/second_pass_upstream/Trypsin_CAD/Trypsin_CAD_2pass_results/K562/interact-20160124_alr_CompleteHumanProteome_K562_trypsin_HCD_fr30_sub.pep.xml"
time="13:57:01" level=info msg="Parsing /scratch/negishi/afarzam/MSV000086944_results_v4/second_pass_upstream/Trypsin_CAD/Trypsin_CAD_2pass_results/K562/interact-20160124_alr_CompleteHumanProteome_K562_trypsin_HCD_fr24_sub.pep.xml"
time="13:57:01" level=info msg="Parsing /scratch/negishi/afarzam/MSV000086944_results_v4/second_pass_upstream/Trypsin_CAD/Trypsin_CAD_2pass_results/K562/interact-20160124_alr_CompleteHumanProteome_K562_trypsin_HCD_fr21_sub.pep.xml"
time="13:57:01" level=info msg="Parsing /scratch/negishi/afarzam/MSV000086944_results_v4/second_pass_upstream/Trypsin_CAD/Trypsin_CAD_2pass_results/K562/interact-20160124_alr_CompleteHumanProteome_K562_trypsin_HCD_fr5_sub.pep.xml"
time="13:57:01" level=info msg="Parsing /scratch/negishi/afarzam/MSV000086944_results_v4/second_pass_upstream/Trypsin_CAD/Trypsin_CAD_2pass_results/K562/interact-20160124_alr_CompleteHumanProteome_K562_trypsin_HCD_fr22_sub.pep.xml"
time="13:57:01" level=info msg="Parsing /scratch/negishi/afarzam/MSV000086944_results_v4/second_pass_upstream/Trypsin_CAD/Trypsin_CAD_2pass_results/K562/interact-20160124_alr_CompleteHumanProteome_K562_trypsin_HCD_fr23_sub.pep.xml"
time="13:57:01" level=info msg="Parsing /scratch/negishi/afarzam/MSV000086944_results_v4/second_pass_upstream/Trypsin_CAD/Trypsin_CAD_2pass_results/K562/interact-20160124_alr_CompleteHumanProteome_K562_trypsin_HCD_fr28_sub.pep.xml"
time="13:57:01" level=info msg="Parsing /scratch/negishi/afarzam/MSV000086944_results_v4/second_pass_upstream/Trypsin_CAD/Trypsin_CAD_2pass_results/K562/interact-20160124_alr_CompleteHumanProteome_K562_trypsin_HCD_fr29_sub.pep.xml"
time="13:57:01" level=info msg="Parsing /scratch/negishi/afarzam/MSV000086944_results_v4/second_pass_upstream/Trypsin_CAD/Trypsin_CAD_2pass_results/K562/interact-20160124_alr_CompleteHumanProteome_K562_trypsin_HCD_fr31_sub.pep.xml"
time="13:57:01" level=info msg="Parsing /scratch/negishi/afarzam/MSV000086944_results_v4/second_pass_upstream/Trypsin_CAD/Trypsin_CAD_2pass_results/K562/interact-20160124_alr_CompleteHumanProteome_K562_trypsin_HCD_fr25_sub.pep.xml"
time="13:57:01" level=info msg="Parsing /scratch/negishi/afarzam/MSV000086944_results_v4/second_pass_upstream/Trypsin_CAD/Trypsin_CAD_2pass_results/K562/interact-20160124_alr_CompleteHumanProteome_K562_trypsin_HCD_fr3_sub.pep.xml"
time="13:57:01" level=info msg="Parsing /scratch/negishi/afarzam/MSV000086944_results_v4/second_pass_upstream/Trypsin_CAD/Trypsin_CAD_2pass_results/K562/interact-20160124_alr_CompleteHumanProteome_K562_trypsin_HCD_fr8_sub.pep.xml"
time="13:57:01" level=info msg="Parsing /scratch/negishi/afarzam/MSV000086944_results_v4/second_pass_upstream/Trypsin_CAD/Trypsin_CAD_2pass_results/K562/interact-20160124_alr_CompleteHumanProteome_K562_trypsin_HCD_fr20_sub.pep.xml"
time="13:57:01" level=info msg="Parsing /scratch/negishi/afarzam/MSV000086944_results_v4/second_pass_upstream/Trypsin_CAD/Trypsin_CAD_2pass_results/K562/interact-20160124_alr_CompleteHumanProteome_K562_trypsin_HCD_fr33_sub.pep.xml"
time="13:57:01" level=info msg="Parsing /scratch/negishi/afarzam/MSV000086944_results_v4/second_pass_upstream/Trypsin_CAD/Trypsin_CAD_2pass_results/K562/interact-20160124_alr_CompleteHumanProteome_K562_trypsin_HCD_fr9_sub.pep.xml"
time="13:57:01" level=info msg="Parsing /scratch/negishi/afarzam/MSV000086944_results_v4/second_pass_upstream/Trypsin_CAD/Trypsin_CAD_2pass_results/K562/interact-20160124_alr_CompleteHumanProteome_K562_trypsin_HCD_fr7_sub.pep.xml"
time="13:57:01" level=info msg="Parsing /scratch/negishi/afarzam/MSV000086944_results_v4/second_pass_upstream/Trypsin_CAD/Trypsin_CAD_2pass_results/K562/interact-20160124_alr_CompleteHumanProteome_K562_trypsin_HCD_fr26_sub.pep.xml"
time="13:57:01" level=info msg="Parsing /scratch/negishi/afarzam/MSV000086944_results_v4/second_pass_upstream/Trypsin_CAD/Trypsin_CAD_2pass_results/K562/interact-20160124_alr_CompleteHumanProteome_K562_trypsin_HCD_fr34_sub.pep.xml"
time="13:57:01" level=info msg="Parsing /scratch/negishi/afarzam/MSV000086944_results_v4/second_pass_upstream/Trypsin_CAD/Trypsin_CAD_2pass_results/K562/interact-20160124_alr_CompleteHumanProteome_K562_trypsin_HCD_fr4_sub.pep.xml"
time="13:57:01" level=info msg="Parsing /scratch/negishi/afarzam/MSV000086944_results_v4/second_pass_upstream/Trypsin_CAD/Trypsin_CAD_2pass_results/K562/interact-20160124_alr_CompleteHumanProteome_K562_trypsin_HCD_fr27_sub.pep.xml"
time="13:57:05" level=info msg="1+ Charge profile" decoy=0 target=0
time="13:57:05" level=info msg="2+ Charge profile" decoy=371 target=1322
time="13:57:05" level=info msg="3+ Charge profile" decoy=128 target=793
time="13:57:05" level=info msg="4+ Charge profile" decoy=25 target=126
time="13:57:05" level=info msg="5+ Charge profile" decoy=4 target=13
time="13:57:05" level=info msg="6+ Charge profile" decoy=0 target=3
time="13:57:05" level=info msg="Database search results" ions=2261 peptides=2161 psms=2796
time="13:57:05" level=info msg="Converged to 0.68 % FDR with 148 PSMs" decoy=1 threshold=0.97132 total=149
time="13:57:05" level=info msg="Converged to 0.00 % FDR with 61 Peptides" decoy=0 threshold=0.984765 total=61
time="13:57:05" level=info msg="Converged to 1.00 % FDR with 100 Ions" decoy=1 threshold=0.97132 total=101
time="13:57:05" level=info msg="Protein inference results" decoy=4130 target=5996
time="13:57:06" level=info msg="Converged to 0.97 % FDR with 310 Proteins" decoy=3 threshold=0.987 total=313
time="13:57:06" level=info msg="Applying sequential FDR estimation" ions=90 peptides=77 psms=138
time="13:57:06" level=info msg="Converged to 0.00 % FDR with 137 PSMs" decoy=0 threshold=0.971591 total=137
time="13:57:06" level=info msg="Converged to 0.00 % FDR with 76 Peptides" decoy=0 threshold=0.971591 total=76
time="13:57:06" level=info msg="Converged to 0.00 % FDR with 89 Ions" decoy=0 threshold=0.971591 total=89
time="13:57:06" level=info msg="Post processing identifications"
time="13:57:06" level=info msg="Assigning protein identifications to layers"
time="13:57:06" level=info msg="Processing protein inference"
time="13:57:07" level=info msg="Synchronizing PSMs and proteins"
time="13:57:07" level=info msg="Final report numbers after FDR filtering, and post-processing" ions=89 peptides=76 proteins=65 psms=137
time="13:57:07" level=info msg=Saving
time="13:57:07" level=info msg=Done
