time="10:05:51" level=info msg="Executing Filter  v5.1.2"
time="10:05:51" level=info msg="Fetching protein inference from /scratch/negishi/afarzam/MSV000086944_results_v4/second_pass_upstream/LysC_CAD/LysC_CAD_2pass_results/GM12878_LysC_HCD"
time="10:05:52" level=info msg="Processing peptide identification files"
time="10:05:52" level=info msg="Parsing /scratch/negishi/afarzam/MSV000086944_results_v4/second_pass_upstream/LysC_CAD/LysC_CAD_2pass_results/HeLa_LysC_HCD/interact-HeLaS3_LysC_12_sub.pep.xml"
time="10:05:52" level=info msg="Parsing /scratch/negishi/afarzam/MSV000086944_results_v4/second_pass_upstream/LysC_CAD/LysC_CAD_2pass_results/HeLa_LysC_HCD/interact-HeLaS3_LysC_22_sub.pep.xml"
time="10:05:52" level=info msg="Parsing /scratch/negishi/afarzam/MSV000086944_results_v4/second_pass_upstream/LysC_CAD/LysC_CAD_2pass_results/HeLa_LysC_HCD/interact-HeLaS3_LysC_9_140916223826_sub.pep.xml"
time="10:05:52" level=info msg="Parsing /scratch/negishi/afarzam/MSV000086944_results_v4/second_pass_upstream/LysC_CAD/LysC_CAD_2pass_results/HeLa_LysC_HCD/interact-HeLaS3_LysC_26_sub.pep.xml"
time="10:05:52" level=info msg="Parsing /scratch/negishi/afarzam/MSV000086944_results_v4/second_pass_upstream/LysC_CAD/LysC_CAD_2pass_results/HeLa_LysC_HCD/interact-HeLaS3_LysC_24_sub.pep.xml"
time="10:05:52" level=info msg="Parsing /scratch/negishi/afarzam/MSV000086944_results_v4/second_pass_upstream/LysC_CAD/LysC_CAD_2pass_results/HeLa_LysC_HCD/interact-HeLaS3_LysC_28_sub.pep.xml"
time="10:05:52" level=info msg="Parsing /scratch/negishi/afarzam/MSV000086944_results_v4/second_pass_upstream/LysC_CAD/LysC_CAD_2pass_results/HeLa_LysC_HCD/interact-HeLaS3_LysC_29_sub.pep.xml"
time="10:05:52" level=info msg="Parsing /scratch/negishi/afarzam/MSV000086944_results_v4/second_pass_upstream/LysC_CAD/LysC_CAD_2pass_results/HeLa_LysC_HCD/interact-HeLaS3_LysC_27_sub.pep.xml"
time="10:05:52" level=info msg="Parsing /scratch/negishi/afarzam/MSV000086944_results_v4/second_pass_upstream/LysC_CAD/LysC_CAD_2pass_results/HeLa_LysC_HCD/interact-HeLaS3_LysC_2_sub.pep.xml"
time="10:05:52" level=info msg="Parsing /scratch/negishi/afarzam/MSV000086944_results_v4/second_pass_upstream/LysC_CAD/LysC_CAD_2pass_results/HeLa_LysC_HCD/interact-HeLaS3_LysC_31_sub.pep.xml"
time="10:05:52" level=info msg="Parsing /scratch/negishi/afarzam/MSV000086944_results_v4/second_pass_upstream/LysC_CAD/LysC_CAD_2pass_results/HeLa_LysC_HCD/interact-HeLaS3_LysC_32_sub.pep.xml"
time="10:05:52" level=info msg="Parsing /scratch/negishi/afarzam/MSV000086944_results_v4/second_pass_upstream/LysC_CAD/LysC_CAD_2pass_results/HeLa_LysC_HCD/interact-HeLaS3_LysC_33_sub.pep.xml"
time="10:05:52" level=info msg="Parsing /scratch/negishi/afarzam/MSV000086944_results_v4/second_pass_upstream/LysC_CAD/LysC_CAD_2pass_results/HeLa_LysC_HCD/interact-HeLaS3_LysC_34_sub.pep.xml"
time="10:05:52" level=info msg="Parsing /scratch/negishi/afarzam/MSV000086944_results_v4/second_pass_upstream/LysC_CAD/LysC_CAD_2pass_results/HeLa_LysC_HCD/interact-HeLaS3_LysC_35_sub.pep.xml"
time="10:05:52" level=info msg="Parsing /scratch/negishi/afarzam/MSV000086944_results_v4/second_pass_upstream/LysC_CAD/LysC_CAD_2pass_results/HeLa_LysC_HCD/interact-HeLaS3_LysC_3_sub.pep.xml"
time="10:05:52" level=info msg="Parsing /scratch/negishi/afarzam/MSV000086944_results_v4/second_pass_upstream/LysC_CAD/LysC_CAD_2pass_results/HeLa_LysC_HCD/interact-HeLaS3_LysC_23_sub.pep.xml"
time="10:05:52" level=info msg="Parsing /scratch/negishi/afarzam/MSV000086944_results_v4/second_pass_upstream/LysC_CAD/LysC_CAD_2pass_results/HeLa_LysC_HCD/interact-HeLaS3_LysC_4_sub.pep.xml"
time="10:05:52" level=info msg="Parsing /scratch/negishi/afarzam/MSV000086944_results_v4/second_pass_upstream/LysC_CAD/LysC_CAD_2pass_results/HeLa_LysC_HCD/interact-HeLaS3_LysC_5_sub.pep.xml"
time="10:05:52" level=info msg="Parsing /scratch/negishi/afarzam/MSV000086944_results_v4/second_pass_upstream/LysC_CAD/LysC_CAD_2pass_results/HeLa_LysC_HCD/interact-HeLaS3_LysC_14_sub.pep.xml"
time="10:05:52" level=info msg="Parsing /scratch/negishi/afarzam/MSV000086944_results_v4/second_pass_upstream/LysC_CAD/LysC_CAD_2pass_results/HeLa_LysC_HCD/interact-HeLaS3_LysC_20_sub.pep.xml"
time="10:05:52" level=info msg="Parsing /scratch/negishi/afarzam/MSV000086944_results_v4/second_pass_upstream/LysC_CAD/LysC_CAD_2pass_results/HeLa_LysC_HCD/interact-HeLaS3_LysC_15_sub.pep.xml"
time="10:05:52" level=info msg="Parsing /scratch/negishi/afarzam/MSV000086944_results_v4/second_pass_upstream/LysC_CAD/LysC_CAD_2pass_results/HeLa_LysC_HCD/interact-HeLaS3_LysC_17_sub.pep.xml"
time="10:05:52" level=info msg="Parsing /scratch/negishi/afarzam/MSV000086944_results_v4/second_pass_upstream/LysC_CAD/LysC_CAD_2pass_results/HeLa_LysC_HCD/interact-HeLaS3_LysC_18_sub.pep.xml"
time="10:05:52" level=info msg="Parsing /scratch/negishi/afarzam/MSV000086944_results_v4/second_pass_upstream/LysC_CAD/LysC_CAD_2pass_results/HeLa_LysC_HCD/interact-HeLaS3_LysC_1_sub.pep.xml"
time="10:05:52" level=info msg="Parsing /scratch/negishi/afarzam/MSV000086944_results_v4/second_pass_upstream/LysC_CAD/LysC_CAD_2pass_results/HeLa_LysC_HCD/interact-HeLaS3_LysC_16_sub.pep.xml"
time="10:05:52" level=info msg="Parsing /scratch/negishi/afarzam/MSV000086944_results_v4/second_pass_upstream/LysC_CAD/LysC_CAD_2pass_results/HeLa_LysC_HCD/interact-HeLaS3_LysC_13_sub.pep.xml"
time="10:05:52" level=info msg="Parsing /scratch/negishi/afarzam/MSV000086944_results_v4/second_pass_upstream/LysC_CAD/LysC_CAD_2pass_results/HeLa_LysC_HCD/interact-HeLaS3_LysC_30_sub.pep.xml"
time="10:05:52" level=info msg="Parsing /scratch/negishi/afarzam/MSV000086944_results_v4/second_pass_upstream/LysC_CAD/LysC_CAD_2pass_results/HeLa_LysC_HCD/interact-HeLaS3_LysC_19_sub.pep.xml"
time="10:05:52" level=info msg="Parsing /scratch/negishi/afarzam/MSV000086944_results_v4/second_pass_upstream/LysC_CAD/LysC_CAD_2pass_results/HeLa_LysC_HCD/interact-HeLaS3_LysC_10_140917003415_sub.pep.xml"
time="10:05:52" level=info msg="Parsing /scratch/negishi/afarzam/MSV000086944_results_v4/second_pass_upstream/LysC_CAD/LysC_CAD_2pass_results/HeLa_LysC_HCD/interact-HeLaS3_LysC_25_sub.pep.xml"
time="10:05:52" level=info msg="Parsing /scratch/negishi/afarzam/MSV000086944_results_v4/second_pass_upstream/LysC_CAD/LysC_CAD_2pass_results/HeLa_LysC_HCD/interact-HeLaS3_LysC_6_sub.pep.xml"
time="10:05:52" level=info msg="Parsing /scratch/negishi/afarzam/MSV000086944_results_v4/second_pass_upstream/LysC_CAD/LysC_CAD_2pass_results/HeLa_LysC_HCD/interact-HeLaS3_LysC_7_140916184630_sub.pep.xml"
time="10:05:52" level=info msg="Parsing /scratch/negishi/afarzam/MSV000086944_results_v4/second_pass_upstream/LysC_CAD/LysC_CAD_2pass_results/HeLa_LysC_HCD/interact-HeLaS3_LysC_8_140916204231_sub.pep.xml"
time="10:05:52" level=info msg="Parsing /scratch/negishi/afarzam/MSV000086944_results_v4/second_pass_upstream/LysC_CAD/LysC_CAD_2pass_results/HeLa_LysC_HCD/interact-HeLaS3_LysC_11_sub.pep.xml"
time="10:05:52" level=info msg="Parsing /scratch/negishi/afarzam/MSV000086944_results_v4/second_pass_upstream/LysC_CAD/LysC_CAD_2pass_results/HeLa_LysC_HCD/interact-HeLaS3_LysC_21_sub.pep.xml"
time="10:05:53" level=info msg="1+ Charge profile" decoy=0 target=0
time="10:05:53" level=info msg="2+ Charge profile" decoy=134 target=537
time="10:05:53" level=info msg="3+ Charge profile" decoy=117 target=398
time="10:05:53" level=info msg="4+ Charge profile" decoy=64 target=253
time="10:05:53" level=info msg="5+ Charge profile" decoy=40 target=151
time="10:05:53" level=info msg="6+ Charge profile" decoy=25 target=62
time="10:05:53" level=info msg="Database search results" ions=1424 peptides=1342 psms=1781
time="10:05:53" level=info msg="Converged to 0.81 % FDR with 124 PSMs" decoy=1 threshold=0.963537 total=125
time="10:05:53" level=info msg="Converged to 0.00 % FDR with 48 Peptides" decoy=0 threshold=0.981769 total=48
time="10:05:53" level=info msg="Converged to 0.00 % FDR with 55 Ions" decoy=0 threshold=0.981769 total=55
time="10:05:53" level=info msg="Protein inference results" decoy=1759 target=2653
time="10:05:53" level=info msg="Converged to 0.00 % FDR with 52 Proteins" decoy=0 threshold=0.9967 total=52
time="10:05:53" level=info msg="Applying sequential FDR estimation" ions=42 peptides=34 psms=80
time="10:05:53" level=info msg="Converged to 0.00 % FDR with 79 PSMs" decoy=0 threshold=0.965789 total=79
time="10:05:53" level=info msg="Converged to 0.00 % FDR with 33 Peptides" decoy=0 threshold=0.968613 total=33
time="10:05:53" level=info msg="Converged to 0.00 % FDR with 41 Ions" decoy=0 threshold=0.968613 total=41
time="10:05:53" level=info msg="Post processing identifications"
time="10:05:53" level=info msg="Assigning protein identifications to layers"
time="10:05:54" level=info msg="Processing protein inference"
time="10:05:54" level=info msg="Synchronizing PSMs and proteins"
time="10:05:54" level=info msg="Final report numbers after FDR filtering, and post-processing" ions=41 peptides=33 proteins=27 psms=79
time="10:05:54" level=info msg=Saving
time="10:05:54" level=info msg=Done
