time="21:21:47" level=info msg="Executing Filter  v5.1.2"
time="21:21:47" level=info msg="Fetching protein inference from /scratch/negishi/afarzam/MSV000086944_results_and_control_searches/second_pass_downstream_nozf/GluC_CAD/GluC_CAD_2pass_results/GM12878_GluC_CAD"
time="21:21:47" level=info msg="Processing peptide identification files"
time="21:21:47" level=info msg="Parsing /scratch/negishi/afarzam/MSV000086944_results_and_control_searches/second_pass_downstream_nozf/GluC_CAD/GluC_CAD_2pass_results/HUVEC_GluC_HCD/interact-20151220_alr_CompleteHumanProteome_HUVEC_HCD_GluC_15_sub.pep.xml"
time="21:21:47" level=info msg="Parsing /scratch/negishi/afarzam/MSV000086944_results_and_control_searches/second_pass_downstream_nozf/GluC_CAD/GluC_CAD_2pass_results/HUVEC_GluC_HCD/interact-20151220_alr_CompleteHumanProteome_HUVEC_HCD_GluC_32_sub.pep.xml"
time="21:21:47" level=info msg="Parsing /scratch/negishi/afarzam/MSV000086944_results_and_control_searches/second_pass_downstream_nozf/GluC_CAD/GluC_CAD_2pass_results/HUVEC_GluC_HCD/interact-20151220_alr_CompleteHumanProteome_HUVEC_HCD_GluC_12_sub.pep.xml"
time="21:21:47" level=info msg="Parsing /scratch/negishi/afarzam/MSV000086944_results_and_control_searches/second_pass_downstream_nozf/GluC_CAD/GluC_CAD_2pass_results/HUVEC_GluC_HCD/interact-20151220_alr_CompleteHumanProteome_HUVEC_HCD_GluC_10_sub.pep.xml"
time="21:21:47" level=info msg="Parsing /scratch/negishi/afarzam/MSV000086944_results_and_control_searches/second_pass_downstream_nozf/GluC_CAD/GluC_CAD_2pass_results/HUVEC_GluC_HCD/interact-20151220_alr_CompleteHumanProteome_HUVEC_HCD_GluC_13_sub.pep.xml"
time="21:21:47" level=info msg="Parsing /scratch/negishi/afarzam/MSV000086944_results_and_control_searches/second_pass_downstream_nozf/GluC_CAD/GluC_CAD_2pass_results/HUVEC_GluC_HCD/interact-20151220_alr_CompleteHumanProteome_HUVEC_HCD_GluC_4_sub.pep.xml"
time="21:21:47" level=info msg="Parsing /scratch/negishi/afarzam/MSV000086944_results_and_control_searches/second_pass_downstream_nozf/GluC_CAD/GluC_CAD_2pass_results/HUVEC_GluC_HCD/interact-20151220_alr_CompleteHumanProteome_HUVEC_HCD_GluC_14_sub.pep.xml"
time="21:21:47" level=info msg="Parsing /scratch/negishi/afarzam/MSV000086944_results_and_control_searches/second_pass_downstream_nozf/GluC_CAD/GluC_CAD_2pass_results/HUVEC_GluC_HCD/interact-20151220_alr_CompleteHumanProteome_HUVEC_HCD_GluC_34_sub.pep.xml"
time="21:21:47" level=info msg="Parsing /scratch/negishi/afarzam/MSV000086944_results_and_control_searches/second_pass_downstream_nozf/GluC_CAD/GluC_CAD_2pass_results/HUVEC_GluC_HCD/interact-20151220_alr_CompleteHumanProteome_HUVEC_HCD_GluC_35_sub.pep.xml"
time="21:21:47" level=info msg="Parsing /scratch/negishi/afarzam/MSV000086944_results_and_control_searches/second_pass_downstream_nozf/GluC_CAD/GluC_CAD_2pass_results/HUVEC_GluC_HCD/interact-20151220_alr_CompleteHumanProteome_HUVEC_HCD_GluC_11_sub.pep.xml"
time="21:21:47" level=info msg="Parsing /scratch/negishi/afarzam/MSV000086944_results_and_control_searches/second_pass_downstream_nozf/GluC_CAD/GluC_CAD_2pass_results/HUVEC_GluC_HCD/interact-20151220_alr_CompleteHumanProteome_HUVEC_HCD_GluC_33_sub.pep.xml"
time="21:21:47" level=warning msg="No PSM was found in data set. /scratch/negishi/afarzam/MSV000086944_results_and_control_searches/second_pass_downstream_nozf/GluC_CAD/GluC_CAD_2pass_results/HUVEC_GluC_HCD/interact-20151220_alr_CompleteHumanProteome_HUVEC_HCD_GluC_10_sub.pep.xml"
time="21:21:47" level=info msg="Parsing /scratch/negishi/afarzam/MSV000086944_results_and_control_searches/second_pass_downstream_nozf/GluC_CAD/GluC_CAD_2pass_results/HUVEC_GluC_HCD/interact-20151220_alr_CompleteHumanProteome_HUVEC_HCD_GluC_5_sub.pep.xml"
time="21:21:47" level=info msg="Parsing /scratch/negishi/afarzam/MSV000086944_results_and_control_searches/second_pass_downstream_nozf/GluC_CAD/GluC_CAD_2pass_results/HUVEC_GluC_HCD/interact-20151220_alr_CompleteHumanProteome_HUVEC_HCD_GluC_6_sub.pep.xml"
time="21:21:47" level=warning msg="No PSM was found in data set. /scratch/negishi/afarzam/MSV000086944_results_and_control_searches/second_pass_downstream_nozf/GluC_CAD/GluC_CAD_2pass_results/HUVEC_GluC_HCD/interact-20151220_alr_CompleteHumanProteome_HUVEC_HCD_GluC_13_sub.pep.xml"
time="21:21:47" level=info msg="Parsing /scratch/negishi/afarzam/MSV000086944_results_and_control_searches/second_pass_downstream_nozf/GluC_CAD/GluC_CAD_2pass_results/HUVEC_GluC_HCD/interact-20151220_alr_CompleteHumanProteome_HUVEC_HCD_GluC_7_sub.pep.xml"
time="21:21:47" level=info msg="Parsing /scratch/negishi/afarzam/MSV000086944_results_and_control_searches/second_pass_downstream_nozf/GluC_CAD/GluC_CAD_2pass_results/HUVEC_GluC_HCD/interact-20151220_alr_CompleteHumanProteome_HUVEC_HCD_GluC_9_sub.pep.xml"
time="21:21:47" level=warning msg="No PSM was found in data set. /scratch/negishi/afarzam/MSV000086944_results_and_control_searches/second_pass_downstream_nozf/GluC_CAD/GluC_CAD_2pass_results/HUVEC_GluC_HCD/interact-20151220_alr_CompleteHumanProteome_HUVEC_HCD_GluC_14_sub.pep.xml"
time="21:21:47" level=warning msg="No PSM was found in data set. /scratch/negishi/afarzam/MSV000086944_results_and_control_searches/second_pass_downstream_nozf/GluC_CAD/GluC_CAD_2pass_results/HUVEC_GluC_HCD/interact-20151220_alr_CompleteHumanProteome_HUVEC_HCD_GluC_12_sub.pep.xml"
time="21:21:47" level=info msg="Parsing /scratch/negishi/afarzam/MSV000086944_results_and_control_searches/second_pass_downstream_nozf/GluC_CAD/GluC_CAD_2pass_results/HUVEC_GluC_HCD/interact-20151220_alr_CompleteHumanProteome_HUVEC_HCD_GluC_3_sub.pep.xml"
time="21:21:47" level=info msg="Parsing /scratch/negishi/afarzam/MSV000086944_results_and_control_searches/second_pass_downstream_nozf/GluC_CAD/GluC_CAD_2pass_results/HUVEC_GluC_HCD/interact-20151220_alr_CompleteHumanProteome_HUVEC_HCD_GluC_17_sub.pep.xml"
time="21:21:47" level=info msg="Parsing /scratch/negishi/afarzam/MSV000086944_results_and_control_searches/second_pass_downstream_nozf/GluC_CAD/GluC_CAD_2pass_results/HUVEC_GluC_HCD/interact-20151220_alr_CompleteHumanProteome_HUVEC_HCD_GluC_8_sub.pep.xml"
time="21:21:47" level=info msg="Parsing /scratch/negishi/afarzam/MSV000086944_results_and_control_searches/second_pass_downstream_nozf/GluC_CAD/GluC_CAD_2pass_results/HUVEC_GluC_HCD/interact-20151220_alr_CompleteHumanProteome_HUVEC_HCD_GluC_18_sub.pep.xml"
time="21:21:47" level=info msg="Parsing /scratch/negishi/afarzam/MSV000086944_results_and_control_searches/second_pass_downstream_nozf/GluC_CAD/GluC_CAD_2pass_results/HUVEC_GluC_HCD/interact-20151220_alr_CompleteHumanProteome_HUVEC_HCD_GluC_16_sub.pep.xml"
time="21:21:47" level=info msg="Parsing /scratch/negishi/afarzam/MSV000086944_results_and_control_searches/second_pass_downstream_nozf/GluC_CAD/GluC_CAD_2pass_results/HUVEC_GluC_HCD/interact-20151220_alr_CompleteHumanProteome_HUVEC_HCD_GluC_24_160103061355_sub.pep.xml"
time="21:21:47" level=info msg="Parsing /scratch/negishi/afarzam/MSV000086944_results_and_control_searches/second_pass_downstream_nozf/GluC_CAD/GluC_CAD_2pass_results/HUVEC_GluC_HCD/interact-20151220_alr_CompleteHumanProteome_HUVEC_HCD_GluC_30_sub.pep.xml"
time="21:21:47" level=info msg="Parsing /scratch/negishi/afarzam/MSV000086944_results_and_control_searches/second_pass_downstream_nozf/GluC_CAD/GluC_CAD_2pass_results/HUVEC_GluC_HCD/interact-20151220_alr_CompleteHumanProteome_HUVEC_HCD_GluC_20_sub.pep.xml"
time="21:21:47" level=info msg="Parsing /scratch/negishi/afarzam/MSV000086944_results_and_control_searches/second_pass_downstream_nozf/GluC_CAD/GluC_CAD_2pass_results/HUVEC_GluC_HCD/interact-20151220_alr_CompleteHumanProteome_HUVEC_HCD_GluC_1_sub.pep.xml"
time="21:21:47" level=warning msg="No PSM was found in data set. /scratch/negishi/afarzam/MSV000086944_results_and_control_searches/second_pass_downstream_nozf/GluC_CAD/GluC_CAD_2pass_results/HUVEC_GluC_HCD/interact-20151220_alr_CompleteHumanProteome_HUVEC_HCD_GluC_33_sub.pep.xml"
time="21:21:47" level=info msg="Parsing /scratch/negishi/afarzam/MSV000086944_results_and_control_searches/second_pass_downstream_nozf/GluC_CAD/GluC_CAD_2pass_results/HUVEC_GluC_HCD/interact-20151220_alr_CompleteHumanProteome_HUVEC_HCD_GluC_19_sub.pep.xml"
time="21:21:47" level=warning msg="No PSM was found in data set. /scratch/negishi/afarzam/MSV000086944_results_and_control_searches/second_pass_downstream_nozf/GluC_CAD/GluC_CAD_2pass_results/HUVEC_GluC_HCD/interact-20151220_alr_CompleteHumanProteome_HUVEC_HCD_GluC_3_sub.pep.xml"
time="21:21:47" level=warning msg="No PSM was found in data set. /scratch/negishi/afarzam/MSV000086944_results_and_control_searches/second_pass_downstream_nozf/GluC_CAD/GluC_CAD_2pass_results/HUVEC_GluC_HCD/interact-20151220_alr_CompleteHumanProteome_HUVEC_HCD_GluC_11_sub.pep.xml"
time="21:21:47" level=info msg="Parsing /scratch/negishi/afarzam/MSV000086944_results_and_control_searches/second_pass_downstream_nozf/GluC_CAD/GluC_CAD_2pass_results/HUVEC_GluC_HCD/interact-20151220_alr_CompleteHumanProteome_HUVEC_HCD_GluC_28_sub.pep.xml"
time="21:21:47" level=info msg="Parsing /scratch/negishi/afarzam/MSV000086944_results_and_control_searches/second_pass_downstream_nozf/GluC_CAD/GluC_CAD_2pass_results/HUVEC_GluC_HCD/interact-20151220_alr_CompleteHumanProteome_HUVEC_HCD_GluC_22_sub.pep.xml"
time="21:21:47" level=info msg="Parsing /scratch/negishi/afarzam/MSV000086944_results_and_control_searches/second_pass_downstream_nozf/GluC_CAD/GluC_CAD_2pass_results/HUVEC_GluC_HCD/interact-20151220_alr_CompleteHumanProteome_HUVEC_HCD_GluC_31_sub.pep.xml"
time="21:21:47" level=warning msg="No PSM was found in data set. /scratch/negishi/afarzam/MSV000086944_results_and_control_searches/second_pass_downstream_nozf/GluC_CAD/GluC_CAD_2pass_results/HUVEC_GluC_HCD/interact-20151220_alr_CompleteHumanProteome_HUVEC_HCD_GluC_18_sub.pep.xml"
time="21:21:47" level=info msg="Parsing /scratch/negishi/afarzam/MSV000086944_results_and_control_searches/second_pass_downstream_nozf/GluC_CAD/GluC_CAD_2pass_results/HUVEC_GluC_HCD/interact-20151220_alr_CompleteHumanProteome_HUVEC_HCD_GluC_2_sub.pep.xml"
time="21:21:47" level=warning msg="No PSM was found in data set. /scratch/negishi/afarzam/MSV000086944_results_and_control_searches/second_pass_downstream_nozf/GluC_CAD/GluC_CAD_2pass_results/HUVEC_GluC_HCD/interact-20151220_alr_CompleteHumanProteome_HUVEC_HCD_GluC_19_sub.pep.xml"
time="21:21:47" level=warning msg="No PSM was found in data set. /scratch/negishi/afarzam/MSV000086944_results_and_control_searches/second_pass_downstream_nozf/GluC_CAD/GluC_CAD_2pass_results/HUVEC_GluC_HCD/interact-20151220_alr_CompleteHumanProteome_HUVEC_HCD_GluC_24_160103061355_sub.pep.xml"
time="21:21:47" level=info msg="Parsing /scratch/negishi/afarzam/MSV000086944_results_and_control_searches/second_pass_downstream_nozf/GluC_CAD/GluC_CAD_2pass_results/HUVEC_GluC_HCD/interact-20151220_alr_CompleteHumanProteome_HUVEC_HCD_GluC_29_sub.pep.xml"
time="21:21:47" level=info msg="Parsing /scratch/negishi/afarzam/MSV000086944_results_and_control_searches/second_pass_downstream_nozf/GluC_CAD/GluC_CAD_2pass_results/HUVEC_GluC_HCD/interact-20151220_alr_CompleteHumanProteome_HUVEC_HCD_GluC_24_sub.pep.xml"
time="21:21:47" level=info msg="Parsing /scratch/negishi/afarzam/MSV000086944_results_and_control_searches/second_pass_downstream_nozf/GluC_CAD/GluC_CAD_2pass_results/HUVEC_GluC_HCD/interact-20151220_alr_CompleteHumanProteome_HUVEC_HCD_GluC_25_sub.pep.xml"
time="21:21:47" level=info msg="Parsing /scratch/negishi/afarzam/MSV000086944_results_and_control_searches/second_pass_downstream_nozf/GluC_CAD/GluC_CAD_2pass_results/HUVEC_GluC_HCD/interact-20151220_alr_CompleteHumanProteome_HUVEC_HCD_GluC_26_sub.pep.xml"
time="21:21:47" level=warning msg="No PSM was found in data set. /scratch/negishi/afarzam/MSV000086944_results_and_control_searches/second_pass_downstream_nozf/GluC_CAD/GluC_CAD_2pass_results/HUVEC_GluC_HCD/interact-20151220_alr_CompleteHumanProteome_HUVEC_HCD_GluC_28_sub.pep.xml"
time="21:21:47" level=info msg="Parsing /scratch/negishi/afarzam/MSV000086944_results_and_control_searches/second_pass_downstream_nozf/GluC_CAD/GluC_CAD_2pass_results/HUVEC_GluC_HCD/interact-20151220_alr_CompleteHumanProteome_HUVEC_HCD_GluC_21_sub.pep.xml"
time="21:21:47" level=warning msg="No PSM was found in data set. /scratch/negishi/afarzam/MSV000086944_results_and_control_searches/second_pass_downstream_nozf/GluC_CAD/GluC_CAD_2pass_results/HUVEC_GluC_HCD/interact-20151220_alr_CompleteHumanProteome_HUVEC_HCD_GluC_24_sub.pep.xml"
time="21:21:47" level=warning msg="No PSM was found in data set. /scratch/negishi/afarzam/MSV000086944_results_and_control_searches/second_pass_downstream_nozf/GluC_CAD/GluC_CAD_2pass_results/HUVEC_GluC_HCD/interact-20151220_alr_CompleteHumanProteome_HUVEC_HCD_GluC_25_sub.pep.xml"
time="21:21:47" level=info msg="Parsing /scratch/negishi/afarzam/MSV000086944_results_and_control_searches/second_pass_downstream_nozf/GluC_CAD/GluC_CAD_2pass_results/HUVEC_GluC_HCD/interact-20151220_alr_CompleteHumanProteome_HUVEC_HCD_GluC_27_sub.pep.xml"
time="21:21:47" level=warning msg="No PSM was found in data set. /scratch/negishi/afarzam/MSV000086944_results_and_control_searches/second_pass_downstream_nozf/GluC_CAD/GluC_CAD_2pass_results/HUVEC_GluC_HCD/interact-20151220_alr_CompleteHumanProteome_HUVEC_HCD_GluC_31_sub.pep.xml"
time="21:21:47" level=info msg="Parsing /scratch/negishi/afarzam/MSV000086944_results_and_control_searches/second_pass_downstream_nozf/GluC_CAD/GluC_CAD_2pass_results/HUVEC_GluC_HCD/interact-20151220_alr_CompleteHumanProteome_HUVEC_HCD_GluC_23_sub.pep.xml"
time="21:21:47" level=warning msg="No PSM was found in data set. /scratch/negishi/afarzam/MSV000086944_results_and_control_searches/second_pass_downstream_nozf/GluC_CAD/GluC_CAD_2pass_results/HUVEC_GluC_HCD/interact-20151220_alr_CompleteHumanProteome_HUVEC_HCD_GluC_21_sub.pep.xml"
time="21:21:48" level=info msg="1+ Charge profile" decoy=0 target=0
time="21:21:48" level=info msg="2+ Charge profile" decoy=46 target=178
time="21:21:48" level=info msg="3+ Charge profile" decoy=32 target=160
time="21:21:48" level=info msg="4+ Charge profile" decoy=13 target=41
time="21:21:48" level=info msg="5+ Charge profile" decoy=2 target=9
time="21:21:48" level=info msg="6+ Charge profile" decoy=4 target=4
time="21:21:48" level=info msg="Database search results" ions=317 peptides=300 psms=496
time="21:21:48" level=info msg="Converged to 0.00 % FDR with 10 PSMs" decoy=0 threshold=0.941664 total=10
time="21:21:48" level=info msg="Converged to 0.00 % FDR with 5 Peptides" decoy=0 threshold=0.941664 total=5
time="21:21:48" level=info msg="Converged to 0.00 % FDR with 5 Ions" decoy=0 threshold=0.941664 total=5
time="21:21:48" level=info msg="Protein inference results" decoy=1223 target=1436
time="21:21:48" level=info msg="Converged to 0.00 % FDR with 20 Proteins" decoy=0 threshold=0.965 total=20
time="21:21:49" level=info msg="Applying sequential FDR estimation" ions=4 peptides=4 psms=9
time="21:21:49" level=info msg="Converged to 0.00 % FDR with 8 PSMs" decoy=0 threshold=0.942681 total=8
time="21:21:49" level=info msg="Converged to 0.00 % FDR with 3 Peptides" decoy=0 threshold=0.957827 total=3
time="21:21:49" level=info msg="Converged to 0.00 % FDR with 3 Ions" decoy=0 threshold=0.957827 total=3
time="21:21:49" level=info msg="Post processing identifications"
time="21:21:49" level=info msg="Assigning protein identifications to layers"
time="21:21:49" level=info msg="Processing protein inference"
time="21:21:49" level=info msg="Synchronizing PSMs and proteins"
time="21:21:49" level=info msg="Final report numbers after FDR filtering, and post-processing" ions=3 peptides=3 proteins=4 psms=8
time="21:21:49" level=info msg=Saving
time="21:21:50" level=info msg=Done
