time="16:31:25" level=info msg="Executing Filter  v5.1.2"
time="16:31:25" level=info msg="Fetching protein inference from /scratch/negishi/afarzam/MSV000086944_results_and_control_searches/second_pass_downstream_nozf/LysN_CAD/LysN_CAD_2pass_results/GM12878_LysN_HCD"
time="16:31:25" level=info msg="Processing peptide identification files"
time="16:31:25" level=info msg="Parsing /scratch/negishi/afarzam/MSV000086944_results_and_control_searches/second_pass_downstream_nozf/LysN_CAD/LysN_CAD_2pass_results/HepG2_LysN_HCD/interact-20151201_alr_CompleteHumanProteome_HepG2_HCD_LysN_fr16_sub.pep.xml"
time="16:31:25" level=info msg="Parsing /scratch/negishi/afarzam/MSV000086944_results_and_control_searches/second_pass_downstream_nozf/LysN_CAD/LysN_CAD_2pass_results/HepG2_LysN_HCD/interact-20151201_alr_CompleteHumanProteome_HepG2_HCD_LysN_fr1_151205032331_sub.pep.xml"
time="16:31:25" level=info msg="Parsing /scratch/negishi/afarzam/MSV000086944_results_and_control_searches/second_pass_downstream_nozf/LysN_CAD/LysN_CAD_2pass_results/HepG2_LysN_HCD/interact-20151201_alr_CompleteHumanProteome_HepG2_HCD_LysN_fr12_sub.pep.xml"
time="16:31:25" level=info msg="Parsing /scratch/negishi/afarzam/MSV000086944_results_and_control_searches/second_pass_downstream_nozf/LysN_CAD/LysN_CAD_2pass_results/HepG2_LysN_HCD/interact-20151201_alr_CompleteHumanProteome_HepG2_HCD_LysN_fr29_sub.pep.xml"
time="16:31:25" level=info msg="Parsing /scratch/negishi/afarzam/MSV000086944_results_and_control_searches/second_pass_downstream_nozf/LysN_CAD/LysN_CAD_2pass_results/HepG2_LysN_HCD/interact-20151201_alr_CompleteHumanProteome_HepG2_HCD_LysN_fr14_sub.pep.xml"
time="16:31:25" level=info msg="Parsing /scratch/negishi/afarzam/MSV000086944_results_and_control_searches/second_pass_downstream_nozf/LysN_CAD/LysN_CAD_2pass_results/HepG2_LysN_HCD/interact-20151201_alr_CompleteHumanProteome_HepG2_HCD_LysN_fr23_sub.pep.xml"
time="16:31:25" level=info msg="Parsing /scratch/negishi/afarzam/MSV000086944_results_and_control_searches/second_pass_downstream_nozf/LysN_CAD/LysN_CAD_2pass_results/HepG2_LysN_HCD/interact-20151201_alr_CompleteHumanProteome_HepG2_HCD_LysN_fr3_sub.pep.xml"
time="16:31:25" level=info msg="Parsing /scratch/negishi/afarzam/MSV000086944_results_and_control_searches/second_pass_downstream_nozf/LysN_CAD/LysN_CAD_2pass_results/HepG2_LysN_HCD/interact-20151201_alr_CompleteHumanProteome_HepG2_HCD_LysN_fr35_sub.pep.xml"
time="16:31:25" level=info msg="Parsing /scratch/negishi/afarzam/MSV000086944_results_and_control_searches/second_pass_downstream_nozf/LysN_CAD/LysN_CAD_2pass_results/HepG2_LysN_HCD/interact-20151201_alr_CompleteHumanProteome_HepG2_HCD_LysN_fr15_sub.pep.xml"
time="16:31:25" level=info msg="Parsing /scratch/negishi/afarzam/MSV000086944_results_and_control_searches/second_pass_downstream_nozf/LysN_CAD/LysN_CAD_2pass_results/HepG2_LysN_HCD/interact-20151201_alr_CompleteHumanProteome_HepG2_HCD_LysN_fr21_151210113512_sub.pep.xml"
time="16:31:25" level=info msg="Parsing /scratch/negishi/afarzam/MSV000086944_results_and_control_searches/second_pass_downstream_nozf/LysN_CAD/LysN_CAD_2pass_results/HepG2_LysN_HCD/interact-20151201_alr_CompleteHumanProteome_HepG2_HCD_LysN_fr9_sub.pep.xml"
time="16:31:25" level=info msg="Parsing /scratch/negishi/afarzam/MSV000086944_results_and_control_searches/second_pass_downstream_nozf/LysN_CAD/LysN_CAD_2pass_results/HepG2_LysN_HCD/interact-20151201_alr_CompleteHumanProteome_HepG2_HCD_LysN_fr6_sub.pep.xml"
time="16:31:25" level=info msg="Parsing /scratch/negishi/afarzam/MSV000086944_results_and_control_searches/second_pass_downstream_nozf/LysN_CAD/LysN_CAD_2pass_results/HepG2_LysN_HCD/interact-20151201_alr_CompleteHumanProteome_HepG2_HCD_LysN_fr22_sub.pep.xml"
time="16:31:25" level=info msg="Parsing /scratch/negishi/afarzam/MSV000086944_results_and_control_searches/second_pass_downstream_nozf/LysN_CAD/LysN_CAD_2pass_results/HepG2_LysN_HCD/interact-20151201_alr_CompleteHumanProteome_HepG2_HCD_LysN_fr4_sub.pep.xml"
time="16:31:25" level=info msg="Parsing /scratch/negishi/afarzam/MSV000086944_results_and_control_searches/second_pass_downstream_nozf/LysN_CAD/LysN_CAD_2pass_results/HepG2_LysN_HCD/interact-20151201_alr_CompleteHumanProteome_HepG2_HCD_LysN_fr7_sub.pep.xml"
time="16:31:25" level=warning msg="No PSM was found in data set. /scratch/negishi/afarzam/MSV000086944_results_and_control_searches/second_pass_downstream_nozf/LysN_CAD/LysN_CAD_2pass_results/HepG2_LysN_HCD/interact-20151201_alr_CompleteHumanProteome_HepG2_HCD_LysN_fr15_sub.pep.xml"
time="16:31:25" level=info msg="Parsing /scratch/negishi/afarzam/MSV000086944_results_and_control_searches/second_pass_downstream_nozf/LysN_CAD/LysN_CAD_2pass_results/HepG2_LysN_HCD/interact-20151201_alr_CompleteHumanProteome_HepG2_HCD_LysN_fr18_2_sub.pep.xml"
time="16:31:25" level=info msg="Parsing /scratch/negishi/afarzam/MSV000086944_results_and_control_searches/second_pass_downstream_nozf/LysN_CAD/LysN_CAD_2pass_results/HepG2_LysN_HCD/interact-20151201_alr_CompleteHumanProteome_HepG2_HCD_LysN_fr23_151210130755_sub.pep.xml"
time="16:31:25" level=info msg="Parsing /scratch/negishi/afarzam/MSV000086944_results_and_control_searches/second_pass_downstream_nozf/LysN_CAD/LysN_CAD_2pass_results/HepG2_LysN_HCD/interact-20151201_alr_CompleteHumanProteome_HepG2_HCD_LysN_fr18_sub.pep.xml"
time="16:31:25" level=info msg="Parsing /scratch/negishi/afarzam/MSV000086944_results_and_control_searches/second_pass_downstream_nozf/LysN_CAD/LysN_CAD_2pass_results/HepG2_LysN_HCD/interact-20151201_alr_CompleteHumanProteome_HepG2_HCD_LysN_fr10_sub.pep.xml"
time="16:31:25" level=info msg="Parsing /scratch/negishi/afarzam/MSV000086944_results_and_control_searches/second_pass_downstream_nozf/LysN_CAD/LysN_CAD_2pass_results/HepG2_LysN_HCD/interact-20151201_alr_CompleteHumanProteome_HepG2_HCD_LysN_fr8_sub.pep.xml"
time="16:31:25" level=info msg="Parsing /scratch/negishi/afarzam/MSV000086944_results_and_control_searches/second_pass_downstream_nozf/LysN_CAD/LysN_CAD_2pass_results/HepG2_LysN_HCD/interact-20151201_alr_CompleteHumanProteome_HepG2_HCD_LysN_fr25_sub.pep.xml"
time="16:31:25" level=info msg="Parsing /scratch/negishi/afarzam/MSV000086944_results_and_control_searches/second_pass_downstream_nozf/LysN_CAD/LysN_CAD_2pass_results/HepG2_LysN_HCD/interact-20151201_alr_CompleteHumanProteome_HepG2_HCD_LysN_fr11_sub.pep.xml"
time="16:31:25" level=info msg="Parsing /scratch/negishi/afarzam/MSV000086944_results_and_control_searches/second_pass_downstream_nozf/LysN_CAD/LysN_CAD_2pass_results/HepG2_LysN_HCD/interact-20151201_alr_CompleteHumanProteome_HepG2_HCD_LysN_fr31_sub.pep.xml"
time="16:31:25" level=info msg="Parsing /scratch/negishi/afarzam/MSV000086944_results_and_control_searches/second_pass_downstream_nozf/LysN_CAD/LysN_CAD_2pass_results/HepG2_LysN_HCD/interact-20151201_alr_CompleteHumanProteome_HepG2_HCD_LysN_fr2_sub.pep.xml"
time="16:31:25" level=info msg="Parsing /scratch/negishi/afarzam/MSV000086944_results_and_control_searches/second_pass_downstream_nozf/LysN_CAD/LysN_CAD_2pass_results/HepG2_LysN_HCD/interact-20151201_alr_CompleteHumanProteome_HepG2_HCD_LysN_fr13_sub.pep.xml"
time="16:31:25" level=warning msg="No PSM was found in data set. /scratch/negishi/afarzam/MSV000086944_results_and_control_searches/second_pass_downstream_nozf/LysN_CAD/LysN_CAD_2pass_results/HepG2_LysN_HCD/interact-20151201_alr_CompleteHumanProteome_HepG2_HCD_LysN_fr6_sub.pep.xml"
time="16:31:25" level=info msg="Parsing /scratch/negishi/afarzam/MSV000086944_results_and_control_searches/second_pass_downstream_nozf/LysN_CAD/LysN_CAD_2pass_results/HepG2_LysN_HCD/interact-20151201_alr_CompleteHumanProteome_HepG2_HCD_LysN_fr24_sub.pep.xml"
time="16:31:25" level=info msg="Parsing /scratch/negishi/afarzam/MSV000086944_results_and_control_searches/second_pass_downstream_nozf/LysN_CAD/LysN_CAD_2pass_results/HepG2_LysN_HCD/interact-20151201_alr_CompleteHumanProteome_HepG2_HCD_LysN_fr20_sub.pep.xml"
time="16:31:25" level=info msg="Parsing /scratch/negishi/afarzam/MSV000086944_results_and_control_searches/second_pass_downstream_nozf/LysN_CAD/LysN_CAD_2pass_results/HepG2_LysN_HCD/interact-20151201_alr_CompleteHumanProteome_HepG2_HCD_LysN_fr33_sub.pep.xml"
time="16:31:25" level=info msg="Parsing /scratch/negishi/afarzam/MSV000086944_results_and_control_searches/second_pass_downstream_nozf/LysN_CAD/LysN_CAD_2pass_results/HepG2_LysN_HCD/interact-20151201_alr_CompleteHumanProteome_HepG2_HCD_LysN_fr32_sub.pep.xml"
time="16:31:25" level=info msg="Parsing /scratch/negishi/afarzam/MSV000086944_results_and_control_searches/second_pass_downstream_nozf/LysN_CAD/LysN_CAD_2pass_results/HepG2_LysN_HCD/interact-20151201_alr_CompleteHumanProteome_HepG2_HCD_LysN_fr17_sub.pep.xml"
time="16:31:25" level=info msg="Parsing /scratch/negishi/afarzam/MSV000086944_results_and_control_searches/second_pass_downstream_nozf/LysN_CAD/LysN_CAD_2pass_results/HepG2_LysN_HCD/interact-20151201_alr_CompleteHumanProteome_HepG2_HCD_LysN_fr30_sub.pep.xml"
time="16:31:25" level=info msg="Parsing /scratch/negishi/afarzam/MSV000086944_results_and_control_searches/second_pass_downstream_nozf/LysN_CAD/LysN_CAD_2pass_results/HepG2_LysN_HCD/interact-20151201_alr_CompleteHumanProteome_HepG2_HCD_LysN_fr5_sub.pep.xml"
time="16:31:25" level=info msg="Parsing /scratch/negishi/afarzam/MSV000086944_results_and_control_searches/second_pass_downstream_nozf/LysN_CAD/LysN_CAD_2pass_results/HepG2_LysN_HCD/interact-20151201_alr_CompleteHumanProteome_HepG2_HCD_LysN_fr26_sub.pep.xml"
time="16:31:25" level=info msg="Parsing /scratch/negishi/afarzam/MSV000086944_results_and_control_searches/second_pass_downstream_nozf/LysN_CAD/LysN_CAD_2pass_results/HepG2_LysN_HCD/interact-20151201_alr_CompleteHumanProteome_HepG2_HCD_LysN_fr34_sub.pep.xml"
time="16:31:25" level=info msg="Parsing /scratch/negishi/afarzam/MSV000086944_results_and_control_searches/second_pass_downstream_nozf/LysN_CAD/LysN_CAD_2pass_results/HepG2_LysN_HCD/interact-20151201_alr_CompleteHumanProteome_HepG2_HCD_LysN_fr19_sub.pep.xml"
time="16:31:25" level=info msg="Parsing /scratch/negishi/afarzam/MSV000086944_results_and_control_searches/second_pass_downstream_nozf/LysN_CAD/LysN_CAD_2pass_results/HepG2_LysN_HCD/interact-20151201_alr_CompleteHumanProteome_HepG2_HCD_LysN_fr1_sub.pep.xml"
time="16:31:25" level=warning msg="No PSM was found in data set. /scratch/negishi/afarzam/MSV000086944_results_and_control_searches/second_pass_downstream_nozf/LysN_CAD/LysN_CAD_2pass_results/HepG2_LysN_HCD/interact-20151201_alr_CompleteHumanProteome_HepG2_HCD_LysN_fr24_sub.pep.xml"
time="16:31:25" level=info msg="Parsing /scratch/negishi/afarzam/MSV000086944_results_and_control_searches/second_pass_downstream_nozf/LysN_CAD/LysN_CAD_2pass_results/HepG2_LysN_HCD/interact-20151201_alr_CompleteHumanProteome_HepG2_HCD_LysN_fr21_sub.pep.xml"
time="16:31:25" level=warning msg="No PSM was found in data set. /scratch/negishi/afarzam/MSV000086944_results_and_control_searches/second_pass_downstream_nozf/LysN_CAD/LysN_CAD_2pass_results/HepG2_LysN_HCD/interact-20151201_alr_CompleteHumanProteome_HepG2_HCD_LysN_fr5_sub.pep.xml"
time="16:31:25" level=info msg="Parsing /scratch/negishi/afarzam/MSV000086944_results_and_control_searches/second_pass_downstream_nozf/LysN_CAD/LysN_CAD_2pass_results/HepG2_LysN_HCD/interact-20151201_alr_CompleteHumanProteome_HepG2_HCD_LysN_fr24_151210144038_sub.pep.xml"
time="16:31:25" level=info msg="Parsing /scratch/negishi/afarzam/MSV000086944_results_and_control_searches/second_pass_downstream_nozf/LysN_CAD/LysN_CAD_2pass_results/HepG2_LysN_HCD/interact-20151201_alr_CompleteHumanProteome_HepG2_HCD_LysN_fr27_sub.pep.xml"
time="16:31:25" level=info msg="Parsing /scratch/negishi/afarzam/MSV000086944_results_and_control_searches/second_pass_downstream_nozf/LysN_CAD/LysN_CAD_2pass_results/HepG2_LysN_HCD/interact-20151201_alr_CompleteHumanProteome_HepG2_HCD_LysN_fr28_sub.pep.xml"
time="16:31:25" level=info msg="1+ Charge profile" decoy=0 target=0
time="16:31:25" level=info msg="2+ Charge profile" decoy=49 target=268
time="16:31:25" level=info msg="3+ Charge profile" decoy=59 target=205
time="16:31:25" level=info msg="4+ Charge profile" decoy=23 target=110
time="16:31:25" level=info msg="5+ Charge profile" decoy=10 target=31
time="16:31:25" level=info msg="6+ Charge profile" decoy=4 target=4
time="16:31:25" level=info msg="Database search results" ions=617 peptides=584 psms=765
time="16:31:25" level=info msg="Converged to 0.00 % FDR with 19 PSMs" decoy=0 threshold=0.909665 total=19
time="16:31:25" level=info msg="Converged to 0.00 % FDR with 14 Peptides" decoy=0 threshold=0.914385 total=14
time="16:31:25" level=info msg="Converged to 0.00 % FDR with 14 Ions" decoy=0 threshold=0.914385 total=14
time="16:31:25" level=info msg="Protein inference results" decoy=542 target=1015
time="16:31:25" level=info msg="Converged to 0.00 % FDR with 24 Proteins" decoy=0 threshold=0.9694 total=24
time="16:31:25" level=info msg="Applying sequential FDR estimation" ions=7 peptides=7 psms=12
time="16:31:25" level=info msg="Converged to 0.00 % FDR with 11 PSMs" decoy=0 threshold=0.926734 total=11
time="16:31:25" level=info msg="Converged to 0.00 % FDR with 6 Peptides" decoy=0 threshold=0.927782 total=6
time="16:31:25" level=info msg="Converged to 0.00 % FDR with 6 Ions" decoy=0 threshold=0.927782 total=6
time="16:31:25" level=info msg="Post processing identifications"
time="16:31:25" level=info msg="Assigning protein identifications to layers"
time="16:31:26" level=info msg="Processing protein inference"
time="16:31:26" level=info msg="Synchronizing PSMs and proteins"
time="16:31:26" level=info msg="Final report numbers after FDR filtering, and post-processing" ions=6 peptides=6 proteins=6 psms=11
time="16:31:26" level=info msg=Saving
time="16:31:26" level=info msg=Done
