time="09:18:00" level=info msg="Executing Filter  v5.1.2"
time="09:18:00" level=info msg="Fetching protein inference from /scratch/negishi/afarzam/MSV000086944_results_v4/second_pass_upstream/GluC_ETD/GluC_ETD_2pass_results/GM12878_GluC_ETD"
time="09:18:00" level=info msg="Processing peptide identification files"
time="09:18:00" level=info msg="Parsing /scratch/negishi/afarzam/MSV000086944_results_v4/second_pass_upstream/GluC_ETD/GluC_ETD_2pass_results/HUVEC_GluC_ETD/interact-20151224_alr_CompleteHumanProteome_HUVEC_ETD_GluC_19_sub.pep.xml"
time="09:18:00" level=info msg="Parsing /scratch/negishi/afarzam/MSV000086944_results_v4/second_pass_upstream/GluC_ETD/GluC_ETD_2pass_results/HUVEC_GluC_ETD/interact-20151224_alr_CompleteHumanProteome_HUVEC_ETD_GluC_15_sub.pep.xml"
time="09:18:00" level=info msg="Parsing /scratch/negishi/afarzam/MSV000086944_results_v4/second_pass_upstream/GluC_ETD/GluC_ETD_2pass_results/HUVEC_GluC_ETD/interact-20151224_alr_CompleteHumanProteome_HUVEC_ETD_GluC_33_sub.pep.xml"
time="09:18:00" level=info msg="Parsing /scratch/negishi/afarzam/MSV000086944_results_v4/second_pass_upstream/GluC_ETD/GluC_ETD_2pass_results/HUVEC_GluC_ETD/interact-20151224_alr_CompleteHumanProteome_HUVEC_ETD_GluC_18_sub.pep.xml"
time="09:18:00" level=info msg="Parsing /scratch/negishi/afarzam/MSV000086944_results_v4/second_pass_upstream/GluC_ETD/GluC_ETD_2pass_results/HUVEC_GluC_ETD/interact-20151224_alr_CompleteHumanProteome_HUVEC_ETD_GluC_29_sub.pep.xml"
time="09:18:00" level=info msg="Parsing /scratch/negishi/afarzam/MSV000086944_results_v4/second_pass_upstream/GluC_ETD/GluC_ETD_2pass_results/HUVEC_GluC_ETD/interact-20151224_alr_CompleteHumanProteome_HUVEC_ETD_GluC_23_sub.pep.xml"
time="09:18:00" level=info msg="Parsing /scratch/negishi/afarzam/MSV000086944_results_v4/second_pass_upstream/GluC_ETD/GluC_ETD_2pass_results/HUVEC_GluC_ETD/interact-20151224_alr_CompleteHumanProteome_HUVEC_ETD_GluC_34_sub.pep.xml"
time="09:18:00" level=info msg="Parsing /scratch/negishi/afarzam/MSV000086944_results_v4/second_pass_upstream/GluC_ETD/GluC_ETD_2pass_results/HUVEC_GluC_ETD/interact-20151224_alr_CompleteHumanProteome_HUVEC_ETD_GluC_9_sub.pep.xml"
time="09:18:00" level=info msg="Parsing /scratch/negishi/afarzam/MSV000086944_results_v4/second_pass_upstream/GluC_ETD/GluC_ETD_2pass_results/HUVEC_GluC_ETD/interact-20151224_alr_CompleteHumanProteome_HUVEC_ETD_GluC_30_sub.pep.xml"
time="09:18:00" level=info msg="Parsing /scratch/negishi/afarzam/MSV000086944_results_v4/second_pass_upstream/GluC_ETD/GluC_ETD_2pass_results/HUVEC_GluC_ETD/interact-20151224_alr_CompleteHumanProteome_HUVEC_ETD_GluC_26_sub.pep.xml"
time="09:18:00" level=info msg="Parsing /scratch/negishi/afarzam/MSV000086944_results_v4/second_pass_upstream/GluC_ETD/GluC_ETD_2pass_results/HUVEC_GluC_ETD/interact-20151224_alr_CompleteHumanProteome_HUVEC_ETD_GluC_1_sub.pep.xml"
time="09:18:00" level=info msg="Parsing /scratch/negishi/afarzam/MSV000086944_results_v4/second_pass_upstream/GluC_ETD/GluC_ETD_2pass_results/HUVEC_GluC_ETD/interact-20151224_alr_CompleteHumanProteome_HUVEC_ETD_GluC_24_sub.pep.xml"
time="09:18:00" level=info msg="Parsing /scratch/negishi/afarzam/MSV000086944_results_v4/second_pass_upstream/GluC_ETD/GluC_ETD_2pass_results/HUVEC_GluC_ETD/interact-20151224_alr_CompleteHumanProteome_HUVEC_ETD_GluC_32_sub.pep.xml"
time="09:18:00" level=info msg="Parsing /scratch/negishi/afarzam/MSV000086944_results_v4/second_pass_upstream/GluC_ETD/GluC_ETD_2pass_results/HUVEC_GluC_ETD/interact-20151224_alr_CompleteHumanProteome_HUVEC_ETD_GluC_25_sub.pep.xml"
time="09:18:00" level=info msg="Parsing /scratch/negishi/afarzam/MSV000086944_results_v4/second_pass_upstream/GluC_ETD/GluC_ETD_2pass_results/HUVEC_GluC_ETD/interact-20151224_alr_CompleteHumanProteome_HUVEC_ETD_GluC_16_sub.pep.xml"
time="09:18:00" level=info msg="Parsing /scratch/negishi/afarzam/MSV000086944_results_v4/second_pass_upstream/GluC_ETD/GluC_ETD_2pass_results/HUVEC_GluC_ETD/interact-20151224_alr_CompleteHumanProteome_HUVEC_ETD_GluC_17_sub.pep.xml"
time="09:18:00" level=info msg="Parsing /scratch/negishi/afarzam/MSV000086944_results_v4/second_pass_upstream/GluC_ETD/GluC_ETD_2pass_results/HUVEC_GluC_ETD/interact-20151224_alr_CompleteHumanProteome_HUVEC_ETD_GluC_20_sub.pep.xml"
time="09:18:00" level=info msg="Parsing /scratch/negishi/afarzam/MSV000086944_results_v4/second_pass_upstream/GluC_ETD/GluC_ETD_2pass_results/HUVEC_GluC_ETD/interact-20151224_alr_CompleteHumanProteome_HUVEC_ETD_GluC_5_sub.pep.xml"
time="09:18:00" level=info msg="Parsing /scratch/negishi/afarzam/MSV000086944_results_v4/second_pass_upstream/GluC_ETD/GluC_ETD_2pass_results/HUVEC_GluC_ETD/interact-20151224_alr_CompleteHumanProteome_HUVEC_ETD_GluC_21_sub.pep.xml"
time="09:18:00" level=info msg="Parsing /scratch/negishi/afarzam/MSV000086944_results_v4/second_pass_upstream/GluC_ETD/GluC_ETD_2pass_results/HUVEC_GluC_ETD/interact-20151224_alr_CompleteHumanProteome_HUVEC_ETD_GluC_22_sub.pep.xml"
time="09:18:00" level=info msg="Parsing /scratch/negishi/afarzam/MSV000086944_results_v4/second_pass_upstream/GluC_ETD/GluC_ETD_2pass_results/HUVEC_GluC_ETD/interact-20151224_alr_CompleteHumanProteome_HUVEC_ETD_GluC_3_sub.pep.xml"
time="09:18:00" level=info msg="Parsing /scratch/negishi/afarzam/MSV000086944_results_v4/second_pass_upstream/GluC_ETD/GluC_ETD_2pass_results/HUVEC_GluC_ETD/interact-20151224_alr_CompleteHumanProteome_HUVEC_ETD_GluC_4_sub.pep.xml"
time="09:18:00" level=info msg="Parsing /scratch/negishi/afarzam/MSV000086944_results_v4/second_pass_upstream/GluC_ETD/GluC_ETD_2pass_results/HUVEC_GluC_ETD/interact-20151224_alr_CompleteHumanProteome_HUVEC_ETD_GluC_2_sub.pep.xml"
time="09:18:00" level=info msg="Parsing /scratch/negishi/afarzam/MSV000086944_results_v4/second_pass_upstream/GluC_ETD/GluC_ETD_2pass_results/HUVEC_GluC_ETD/interact-20151224_alr_CompleteHumanProteome_HUVEC_ETD_GluC_27_sub.pep.xml"
time="09:18:00" level=info msg="Parsing /scratch/negishi/afarzam/MSV000086944_results_v4/second_pass_upstream/GluC_ETD/GluC_ETD_2pass_results/HUVEC_GluC_ETD/interact-20151224_alr_CompleteHumanProteome_HUVEC_ETD_GluC_8_sub.pep.xml"
time="09:18:00" level=info msg="Parsing /scratch/negishi/afarzam/MSV000086944_results_v4/second_pass_upstream/GluC_ETD/GluC_ETD_2pass_results/HUVEC_GluC_ETD/interact-20151224_alr_CompleteHumanProteome_HUVEC_ETD_GluC_6_sub.pep.xml"
time="09:18:00" level=info msg="Parsing /scratch/negishi/afarzam/MSV000086944_results_v4/second_pass_upstream/GluC_ETD/GluC_ETD_2pass_results/HUVEC_GluC_ETD/interact-20151224_alr_CompleteHumanProteome_HUVEC_ETD_GluC_31_sub.pep.xml"
time="09:18:00" level=info msg="Parsing /scratch/negishi/afarzam/MSV000086944_results_v4/second_pass_upstream/GluC_ETD/GluC_ETD_2pass_results/HUVEC_GluC_ETD/interact-20151224_alr_CompleteHumanProteome_HUVEC_ETD_GluC_35_sub.pep.xml"
time="09:18:00" level=info msg="Parsing /scratch/negishi/afarzam/MSV000086944_results_v4/second_pass_upstream/GluC_ETD/GluC_ETD_2pass_results/HUVEC_GluC_ETD/interact-20151224_alr_CompleteHumanProteome_HUVEC_ETD_GluC_13_sub.pep.xml"
time="09:18:00" level=info msg="Parsing /scratch/negishi/afarzam/MSV000086944_results_v4/second_pass_upstream/GluC_ETD/GluC_ETD_2pass_results/HUVEC_GluC_ETD/interact-20151224_alr_CompleteHumanProteome_HUVEC_ETD_GluC_10_sub.pep.xml"
time="09:18:00" level=info msg="Parsing /scratch/negishi/afarzam/MSV000086944_results_v4/second_pass_upstream/GluC_ETD/GluC_ETD_2pass_results/HUVEC_GluC_ETD/interact-20151224_alr_CompleteHumanProteome_HUVEC_ETD_GluC_11_sub.pep.xml"
time="09:18:00" level=info msg="Parsing /scratch/negishi/afarzam/MSV000086944_results_v4/second_pass_upstream/GluC_ETD/GluC_ETD_2pass_results/HUVEC_GluC_ETD/interact-20151224_alr_CompleteHumanProteome_HUVEC_ETD_GluC_12_sub.pep.xml"
time="09:18:00" level=info msg="Parsing /scratch/negishi/afarzam/MSV000086944_results_v4/second_pass_upstream/GluC_ETD/GluC_ETD_2pass_results/HUVEC_GluC_ETD/interact-20151224_alr_CompleteHumanProteome_HUVEC_ETD_GluC_28_sub.pep.xml"
time="09:18:00" level=info msg="Parsing /scratch/negishi/afarzam/MSV000086944_results_v4/second_pass_upstream/GluC_ETD/GluC_ETD_2pass_results/HUVEC_GluC_ETD/interact-20151224_alr_CompleteHumanProteome_HUVEC_ETD_GluC_14_sub.pep.xml"
time="09:18:00" level=info msg="Parsing /scratch/negishi/afarzam/MSV000086944_results_v4/second_pass_upstream/GluC_ETD/GluC_ETD_2pass_results/HUVEC_GluC_ETD/interact-20151224_alr_CompleteHumanProteome_HUVEC_ETD_GluC_7_sub.pep.xml"
time="09:18:02" level=info msg="1+ Charge profile" decoy=0 target=0
time="09:18:02" level=info msg="2+ Charge profile" decoy=170 target=880
time="09:18:02" level=info msg="3+ Charge profile" decoy=153 target=592
time="09:18:02" level=info msg="4+ Charge profile" decoy=78 target=233
time="09:18:02" level=info msg="5+ Charge profile" decoy=22 target=66
time="09:18:02" level=info msg="6+ Charge profile" decoy=27 target=21
time="09:18:02" level=info msg="Database search results" ions=1603 peptides=1527 psms=2242
time="09:18:02" level=info msg="Converged to 0.00 % FDR with 0 PSMs" decoy=0 threshold=10 total=0
time="09:18:02" level=info msg="Converged to 0.00 % FDR with 0 Peptides" decoy=0 threshold=10 total=0
time="09:18:02" level=info msg="Converged to 0.00 % FDR with 0 Ions" decoy=0 threshold=10 total=0
time="09:18:02" level=info msg="Protein inference results" decoy=2706 target=3650
time="09:18:02" level=info msg="Converged to 0.00 % FDR with 6 Proteins" decoy=0 threshold=0.9964 total=6
time="09:18:02" level=info msg="Applying sequential FDR estimation" ions=0 peptides=0 psms=0
time="09:18:02" level=info msg="Converged to 0.00 % FDR with 0 PSMs" decoy=0 threshold=10 total=0
time="09:18:02" level=info msg="Converged to 0.00 % FDR with 0 Peptides" decoy=0 threshold=10 total=0
time="09:18:02" level=info msg="Converged to 0.00 % FDR with 0 Ions" decoy=0 threshold=10 total=0
time="09:18:02" level=info msg="Post processing identifications"
time="09:18:02" level=info msg="Assigning protein identifications to layers"
time="09:18:03" level=info msg="Processing protein inference"
time="09:18:03" level=info msg="Synchronizing PSMs and proteins"
time="09:18:03" level=info msg="Final report numbers after FDR filtering, and post-processing" ions=0 peptides=0 proteins=0 psms=0
time="09:18:03" level=info msg=Saving
time="09:18:03" level=info msg=Done
