time="20:01:43" level=info msg="Executing Filter  v5.1.2"
time="20:01:43" level=info msg="Fetching protein inference from /scratch/negishi/afarzam/MSV000086944_results_v4/second_pass_downstream/LysC_ETD/LysC_ETD_2pass_results/GM12878_LysC_ETD"
time="20:01:44" level=info msg="Processing peptide identification files"
time="20:01:44" level=info msg="Parsing /scratch/negishi/afarzam/MSV000086944_results_v4/second_pass_downstream/LysC_ETD/LysC_ETD_2pass_results/K562_LysC_ETD/interact-20160126_alr_CompleteHumanProteome_K562_LysC_ETD_fr9_sub.pep.xml"
time="20:01:44" level=info msg="Parsing /scratch/negishi/afarzam/MSV000086944_results_v4/second_pass_downstream/LysC_ETD/LysC_ETD_2pass_results/K562_LysC_ETD/interact-20160126_alr_CompleteHumanProteome_K562_LysC_ETD_fr16_sub.pep.xml"
time="20:01:44" level=info msg="Parsing /scratch/negishi/afarzam/MSV000086944_results_v4/second_pass_downstream/LysC_ETD/LysC_ETD_2pass_results/K562_LysC_ETD/interact-20160126_alr_CompleteHumanProteome_K562_LysC_ETD_fr29_sub.pep.xml"
time="20:01:44" level=info msg="Parsing /scratch/negishi/afarzam/MSV000086944_results_v4/second_pass_downstream/LysC_ETD/LysC_ETD_2pass_results/K562_LysC_ETD/interact-20160126_alr_CompleteHumanProteome_K562_LysC_ETD_fr18_sub.pep.xml"
time="20:01:44" level=info msg="Parsing /scratch/negishi/afarzam/MSV000086944_results_v4/second_pass_downstream/LysC_ETD/LysC_ETD_2pass_results/K562_LysC_ETD/interact-20160126_alr_CompleteHumanProteome_K562_LysC_ETD_fr3_sub.pep.xml"
time="20:01:44" level=info msg="Parsing /scratch/negishi/afarzam/MSV000086944_results_v4/second_pass_downstream/LysC_ETD/LysC_ETD_2pass_results/K562_LysC_ETD/interact-20160126_alr_CompleteHumanProteome_K562_LysC_ETD_fr24_sub.pep.xml"
time="20:01:44" level=info msg="Parsing /scratch/negishi/afarzam/MSV000086944_results_v4/second_pass_downstream/LysC_ETD/LysC_ETD_2pass_results/K562_LysC_ETD/interact-20160126_alr_CompleteHumanProteome_K562_LysC_ETD_fr4_sub.pep.xml"
time="20:01:44" level=info msg="Parsing /scratch/negishi/afarzam/MSV000086944_results_v4/second_pass_downstream/LysC_ETD/LysC_ETD_2pass_results/K562_LysC_ETD/interact-20160126_alr_CompleteHumanProteome_K562_LysC_ETD_fr32_sub.pep.xml"
time="20:01:44" level=info msg="Parsing /scratch/negishi/afarzam/MSV000086944_results_v4/second_pass_downstream/LysC_ETD/LysC_ETD_2pass_results/K562_LysC_ETD/interact-20160126_alr_CompleteHumanProteome_K562_LysC_ETD_fr2_sub.pep.xml"
time="20:01:44" level=info msg="Parsing /scratch/negishi/afarzam/MSV000086944_results_v4/second_pass_downstream/LysC_ETD/LysC_ETD_2pass_results/K562_LysC_ETD/interact-20160126_alr_CompleteHumanProteome_K562_LysC_ETD_fr20_sub.pep.xml"
time="20:01:44" level=info msg="Parsing /scratch/negishi/afarzam/MSV000086944_results_v4/second_pass_downstream/LysC_ETD/LysC_ETD_2pass_results/K562_LysC_ETD/interact-20160126_alr_CompleteHumanProteome_K562_LysC_ETD_fr19_sub.pep.xml"
time="20:01:44" level=info msg="Parsing /scratch/negishi/afarzam/MSV000086944_results_v4/second_pass_downstream/LysC_ETD/LysC_ETD_2pass_results/K562_LysC_ETD/interact-20160126_alr_CompleteHumanProteome_K562_LysC_ETD_fr5_sub.pep.xml"
time="20:01:44" level=info msg="Parsing /scratch/negishi/afarzam/MSV000086944_results_v4/second_pass_downstream/LysC_ETD/LysC_ETD_2pass_results/K562_LysC_ETD/interact-20160126_alr_CompleteHumanProteome_K562_LysC_ETD_fr17_sub.pep.xml"
time="20:01:44" level=info msg="Parsing /scratch/negishi/afarzam/MSV000086944_results_v4/second_pass_downstream/LysC_ETD/LysC_ETD_2pass_results/K562_LysC_ETD/interact-20160126_alr_CompleteHumanProteome_K562_LysC_ETD_fr21_sub.pep.xml"
time="20:01:44" level=info msg="Parsing /scratch/negishi/afarzam/MSV000086944_results_v4/second_pass_downstream/LysC_ETD/LysC_ETD_2pass_results/K562_LysC_ETD/interact-20160126_alr_CompleteHumanProteome_K562_LysC_ETD_fr34_sub.pep.xml"
time="20:01:44" level=info msg="Parsing /scratch/negishi/afarzam/MSV000086944_results_v4/second_pass_downstream/LysC_ETD/LysC_ETD_2pass_results/K562_LysC_ETD/interact-20160126_alr_CompleteHumanProteome_K562_LysC_ETD_fr7_sub.pep.xml"
time="20:01:44" level=info msg="Parsing /scratch/negishi/afarzam/MSV000086944_results_v4/second_pass_downstream/LysC_ETD/LysC_ETD_2pass_results/K562_LysC_ETD/interact-20160126_alr_CompleteHumanProteome_K562_LysC_ETD_fr22_sub.pep.xml"
time="20:01:44" level=info msg="Parsing /scratch/negishi/afarzam/MSV000086944_results_v4/second_pass_downstream/LysC_ETD/LysC_ETD_2pass_results/K562_LysC_ETD/interact-20160126_alr_CompleteHumanProteome_K562_LysC_ETD_fr26_sub.pep.xml"
time="20:01:44" level=info msg="Parsing /scratch/negishi/afarzam/MSV000086944_results_v4/second_pass_downstream/LysC_ETD/LysC_ETD_2pass_results/K562_LysC_ETD/interact-20160126_alr_CompleteHumanProteome_K562_LysC_ETD_fr12_sub.pep.xml"
time="20:01:44" level=info msg="Parsing /scratch/negishi/afarzam/MSV000086944_results_v4/second_pass_downstream/LysC_ETD/LysC_ETD_2pass_results/K562_LysC_ETD/interact-20160126_alr_CompleteHumanProteome_K562_LysC_ETD_fr23_sub.pep.xml"
time="20:01:44" level=info msg="Parsing /scratch/negishi/afarzam/MSV000086944_results_v4/second_pass_downstream/LysC_ETD/LysC_ETD_2pass_results/K562_LysC_ETD/interact-20160126_alr_CompleteHumanProteome_K562_LysC_ETD_fr28_sub.pep.xml"
time="20:01:44" level=info msg="Parsing /scratch/negishi/afarzam/MSV000086944_results_v4/second_pass_downstream/LysC_ETD/LysC_ETD_2pass_results/K562_LysC_ETD/interact-20160126_alr_CompleteHumanProteome_K562_LysC_ETD_fr6_sub.pep.xml"
time="20:01:44" level=info msg="Parsing /scratch/negishi/afarzam/MSV000086944_results_v4/second_pass_downstream/LysC_ETD/LysC_ETD_2pass_results/K562_LysC_ETD/interact-20160126_alr_CompleteHumanProteome_K562_LysC_ETD_fr1_sub.pep.xml"
time="20:01:44" level=info msg="Parsing /scratch/negishi/afarzam/MSV000086944_results_v4/second_pass_downstream/LysC_ETD/LysC_ETD_2pass_results/K562_LysC_ETD/interact-20160126_alr_CompleteHumanProteome_K562_LysC_ETD_fr13_sub.pep.xml"
time="20:01:44" level=info msg="Parsing /scratch/negishi/afarzam/MSV000086944_results_v4/second_pass_downstream/LysC_ETD/LysC_ETD_2pass_results/K562_LysC_ETD/interact-20160126_alr_CompleteHumanProteome_K562_LysC_ETD_fr35_sub.pep.xml"
time="20:01:44" level=info msg="Parsing /scratch/negishi/afarzam/MSV000086944_results_v4/second_pass_downstream/LysC_ETD/LysC_ETD_2pass_results/K562_LysC_ETD/interact-20160126_alr_CompleteHumanProteome_K562_LysC_ETD_fr10_sub.pep.xml"
time="20:01:44" level=info msg="Parsing /scratch/negishi/afarzam/MSV000086944_results_v4/second_pass_downstream/LysC_ETD/LysC_ETD_2pass_results/K562_LysC_ETD/interact-20160126_alr_CompleteHumanProteome_K562_LysC_ETD_fr27_sub.pep.xml"
time="20:01:44" level=info msg="Parsing /scratch/negishi/afarzam/MSV000086944_results_v4/second_pass_downstream/LysC_ETD/LysC_ETD_2pass_results/K562_LysC_ETD/interact-20160126_alr_CompleteHumanProteome_K562_LysC_ETD_fr14_sub.pep.xml"
time="20:01:44" level=info msg="Parsing /scratch/negishi/afarzam/MSV000086944_results_v4/second_pass_downstream/LysC_ETD/LysC_ETD_2pass_results/K562_LysC_ETD/interact-20160126_alr_CompleteHumanProteome_K562_LysC_ETD_fr25_sub.pep.xml"
time="20:01:44" level=info msg="Parsing /scratch/negishi/afarzam/MSV000086944_results_v4/second_pass_downstream/LysC_ETD/LysC_ETD_2pass_results/K562_LysC_ETD/interact-20160126_alr_CompleteHumanProteome_K562_LysC_ETD_fr11_sub.pep.xml"
time="20:01:44" level=info msg="Parsing /scratch/negishi/afarzam/MSV000086944_results_v4/second_pass_downstream/LysC_ETD/LysC_ETD_2pass_results/K562_LysC_ETD/interact-20160126_alr_CompleteHumanProteome_K562_LysC_ETD_fr15_sub.pep.xml"
time="20:01:44" level=info msg="Parsing /scratch/negishi/afarzam/MSV000086944_results_v4/second_pass_downstream/LysC_ETD/LysC_ETD_2pass_results/K562_LysC_ETD/interact-20160126_alr_CompleteHumanProteome_K562_LysC_ETD_fr8_sub.pep.xml"
time="20:01:44" level=warning msg="No PSM was found in data set. /scratch/negishi/afarzam/MSV000086944_results_v4/second_pass_downstream/LysC_ETD/LysC_ETD_2pass_results/K562_LysC_ETD/interact-20160126_alr_CompleteHumanProteome_K562_LysC_ETD_fr17_sub.pep.xml"
time="20:01:45" level=info msg="1+ Charge profile" decoy=0 target=0
time="20:01:45" level=info msg="2+ Charge profile" decoy=34 target=178
time="20:01:45" level=info msg="3+ Charge profile" decoy=46 target=132
time="20:01:45" level=info msg="4+ Charge profile" decoy=30 target=99
time="20:01:45" level=info msg="5+ Charge profile" decoy=30 target=47
time="20:01:45" level=info msg="6+ Charge profile" decoy=9 target=16
time="20:01:45" level=info msg="Database search results" ions=497 peptides=476 psms=621
time="20:01:45" level=info msg="Converged to 0.00 % FDR with 12 PSMs" decoy=0 threshold=0.884786 total=12
time="20:01:45" level=info msg="Converged to 0.00 % FDR with 11 Peptides" decoy=0 threshold=0.884786 total=11
time="20:01:45" level=info msg="Converged to 0.00 % FDR with 12 Ions" decoy=0 threshold=0.884786 total=12
time="20:01:45" level=info msg="Protein inference results" decoy=868 target=1459
time="20:01:45" level=info msg="Converged to 0.00 % FDR with 41 Proteins" decoy=0 threshold=0.935 total=41
time="20:01:45" level=info msg="Applying sequential FDR estimation" ions=9 peptides=8 psms=9
time="20:01:45" level=info msg="Converged to 0.00 % FDR with 8 PSMs" decoy=0 threshold=0.896673 total=8
time="20:01:45" level=info msg="Converged to 0.00 % FDR with 7 Peptides" decoy=0 threshold=0.896673 total=7
time="20:01:45" level=info msg="Converged to 0.00 % FDR with 8 Ions" decoy=0 threshold=0.896673 total=8
time="20:01:45" level=info msg="Post processing identifications"
time="20:01:45" level=info msg="Assigning protein identifications to layers"
time="20:01:45" level=info msg="Processing protein inference"
time="20:01:45" level=info msg="Synchronizing PSMs and proteins"
time="20:01:45" level=info msg="Final report numbers after FDR filtering, and post-processing" ions=8 peptides=7 proteins=7 psms=8
time="20:01:45" level=info msg=Saving
time="20:01:45" level=info msg=Done
