time="01:06:25" level=info msg="Executing Filter  v5.1.2"
time="01:06:25" level=info msg="Fetching protein inference from /scratch/negishi/afarzam/MSV000086944_results_v4/second_pass_upstream/AspN_CAD/AspN_CAD_2pass_results/GM12878_AspN_HCD"
time="01:06:25" level=info msg="Processing peptide identification files"
time="01:06:25" level=info msg="Parsing /scratch/negishi/afarzam/MSV000086944_results_v4/second_pass_upstream/AspN_CAD/AspN_CAD_2pass_results/HUVEC_AspN_HCD/interact-20151228_alr_CompleteHumanProteome_HUVEC_HCD_AspN_9_160102175027_sub.pep.xml"
time="01:06:25" level=info msg="Parsing /scratch/negishi/afarzam/MSV000086944_results_v4/second_pass_upstream/AspN_CAD/AspN_CAD_2pass_results/HUVEC_AspN_HCD/interact-20151228_alr_CompleteHumanProteome_HUVEC_HCD_AspN_12_160102222914_sub.pep.xml"
time="01:06:25" level=info msg="Parsing /scratch/negishi/afarzam/MSV000086944_results_v4/second_pass_upstream/AspN_CAD/AspN_CAD_2pass_results/HUVEC_AspN_HCD/interact-20151228_alr_CompleteHumanProteome_HUVEC_HCD_AspN_13_160103000212_sub.pep.xml"
time="01:06:25" level=info msg="Parsing /scratch/negishi/afarzam/MSV000086944_results_v4/second_pass_upstream/AspN_CAD/AspN_CAD_2pass_results/HUVEC_AspN_HCD/interact-20151228_alr_CompleteHumanProteome_HUVEC_HCD_AspN_11_160102205617_sub.pep.xml"
time="01:06:25" level=info msg="Parsing /scratch/negishi/afarzam/MSV000086944_results_v4/second_pass_upstream/AspN_CAD/AspN_CAD_2pass_results/HUVEC_AspN_HCD/interact-20151228_alr_CompleteHumanProteome_HUVEC_HCD_AspN_10_160102192321_sub.pep.xml"
time="01:06:25" level=info msg="Parsing /scratch/negishi/afarzam/MSV000086944_results_v4/second_pass_upstream/AspN_CAD/AspN_CAD_2pass_results/HUVEC_AspN_HCD/interact-20151228_alr_CompleteHumanProteome_HUVEC_HCD_AspN_32_160104053721_sub.pep.xml"
time="01:06:25" level=info msg="Parsing /scratch/negishi/afarzam/MSV000086944_results_v4/second_pass_upstream/AspN_CAD/AspN_CAD_2pass_results/HUVEC_AspN_HCD/interact-20151228_alr_CompleteHumanProteome_HUVEC_HCD_AspN_14_160103013507_sub.pep.xml"
time="01:06:25" level=info msg="Parsing /scratch/negishi/afarzam/MSV000086944_results_v4/second_pass_upstream/AspN_CAD/AspN_CAD_2pass_results/HUVEC_AspN_HCD/interact-20151228_alr_CompleteHumanProteome_HUVEC_HCD_AspN_4_160102100555_sub.pep.xml"
time="01:06:25" level=info msg="Parsing /scratch/negishi/afarzam/MSV000086944_results_v4/second_pass_upstream/AspN_CAD/AspN_CAD_2pass_results/HUVEC_AspN_HCD/interact-20151228_alr_CompleteHumanProteome_HUVEC_HCD_AspN_6_160102131148_sub.pep.xml"
time="01:06:25" level=info msg="Parsing /scratch/negishi/afarzam/MSV000086944_results_v4/second_pass_upstream/AspN_CAD/AspN_CAD_2pass_results/HUVEC_AspN_HCD/interact-20151228_alr_CompleteHumanProteome_HUVEC_HCD_AspN_34_160104084308_sub.pep.xml"
time="01:06:25" level=info msg="Parsing /scratch/negishi/afarzam/MSV000086944_results_v4/second_pass_upstream/AspN_CAD/AspN_CAD_2pass_results/HUVEC_AspN_HCD/interact-20151228_alr_CompleteHumanProteome_HUVEC_HCD_AspN_35_sub.pep.xml"
time="01:06:25" level=info msg="Parsing /scratch/negishi/afarzam/MSV000086944_results_v4/second_pass_upstream/AspN_CAD/AspN_CAD_2pass_results/HUVEC_AspN_HCD/interact-20151228_alr_CompleteHumanProteome_HUVEC_HCD_AspN_5_160102113849_sub.pep.xml"
time="01:06:25" level=info msg="Parsing /scratch/negishi/afarzam/MSV000086944_results_v4/second_pass_upstream/AspN_CAD/AspN_CAD_2pass_results/HUVEC_AspN_HCD/interact-20151228_alr_CompleteHumanProteome_HUVEC_HCD_AspN_33_160104071015_sub.pep.xml"
time="01:06:25" level=info msg="Parsing /scratch/negishi/afarzam/MSV000086944_results_v4/second_pass_upstream/AspN_CAD/AspN_CAD_2pass_results/HUVEC_AspN_HCD/interact-20151228_alr_CompleteHumanProteome_HUVEC_HCD_AspN_3_160102083256_sub.pep.xml"
time="01:06:25" level=warning msg="No PSM was found in data set. /scratch/negishi/afarzam/MSV000086944_results_v4/second_pass_upstream/AspN_CAD/AspN_CAD_2pass_results/HUVEC_AspN_HCD/interact-20151228_alr_CompleteHumanProteome_HUVEC_HCD_AspN_13_160103000212_sub.pep.xml"
time="01:06:25" level=info msg="Parsing /scratch/negishi/afarzam/MSV000086944_results_v4/second_pass_upstream/AspN_CAD/AspN_CAD_2pass_results/HUVEC_AspN_HCD/interact-20151228_alr_CompleteHumanProteome_HUVEC_HCD_AspN_16_160104132352_sub.pep.xml"
time="01:06:25" level=warning msg="No PSM was found in data set. /scratch/negishi/afarzam/MSV000086944_results_v4/second_pass_upstream/AspN_CAD/AspN_CAD_2pass_results/HUVEC_AspN_HCD/interact-20151228_alr_CompleteHumanProteome_HUVEC_HCD_AspN_32_160104053721_sub.pep.xml"
time="01:06:25" level=info msg="Parsing /scratch/negishi/afarzam/MSV000086944_results_v4/second_pass_upstream/AspN_CAD/AspN_CAD_2pass_results/HUVEC_AspN_HCD/interact-20151228_alr_CompleteHumanProteome_HUVEC_HCD_AspN_17_160104145646_sub.pep.xml"
time="01:06:25" level=info msg="Parsing /scratch/negishi/afarzam/MSV000086944_results_v4/second_pass_upstream/AspN_CAD/AspN_CAD_2pass_results/HUVEC_AspN_HCD/interact-20151228_alr_CompleteHumanProteome_HUVEC_HCD_AspN_7_160102144441_sub.pep.xml"
time="01:06:25" level=info msg="Parsing /scratch/negishi/afarzam/MSV000086944_results_v4/second_pass_upstream/AspN_CAD/AspN_CAD_2pass_results/HUVEC_AspN_HCD/interact-20151228_alr_CompleteHumanProteome_HUVEC_HCD_AspN_15_160103030803_sub.pep.xml"
time="01:06:25" level=info msg="Parsing /scratch/negishi/afarzam/MSV000086944_results_v4/second_pass_upstream/AspN_CAD/AspN_CAD_2pass_results/HUVEC_AspN_HCD/interact-20151228_alr_CompleteHumanProteome_HUVEC_HCD_AspN_15_160104114900_sub.pep.xml"
time="01:06:25" level=info msg="Parsing /scratch/negishi/afarzam/MSV000086944_results_v4/second_pass_upstream/AspN_CAD/AspN_CAD_2pass_results/HUVEC_AspN_HCD/interact-20151228_alr_CompleteHumanProteome_HUVEC_HCD_AspN_18_160104162941_sub.pep.xml"
time="01:06:25" level=info msg="Parsing /scratch/negishi/afarzam/MSV000086944_results_v4/second_pass_upstream/AspN_CAD/AspN_CAD_2pass_results/HUVEC_AspN_HCD/interact-20151228_alr_CompleteHumanProteome_HUVEC_HCD_AspN_19_160104180236_sub.pep.xml"
time="01:06:25" level=info msg="Parsing /scratch/negishi/afarzam/MSV000086944_results_v4/second_pass_upstream/AspN_CAD/AspN_CAD_2pass_results/HUVEC_AspN_HCD/interact-20151228_alr_CompleteHumanProteome_HUVEC_HCD_AspN_16_160103044058_sub.pep.xml"
time="01:06:25" level=warning msg="No PSM was found in data set. /scratch/negishi/afarzam/MSV000086944_results_v4/second_pass_upstream/AspN_CAD/AspN_CAD_2pass_results/HUVEC_AspN_HCD/interact-20151228_alr_CompleteHumanProteome_HUVEC_HCD_AspN_16_160104132352_sub.pep.xml"
time="01:06:25" level=warning msg="No PSM was found in data set. /scratch/negishi/afarzam/MSV000086944_results_v4/second_pass_upstream/AspN_CAD/AspN_CAD_2pass_results/HUVEC_AspN_HCD/interact-20151228_alr_CompleteHumanProteome_HUVEC_HCD_AspN_3_160102083256_sub.pep.xml"
time="01:06:25" level=warning msg="No PSM was found in data set. /scratch/negishi/afarzam/MSV000086944_results_v4/second_pass_upstream/AspN_CAD/AspN_CAD_2pass_results/HUVEC_AspN_HCD/interact-20151228_alr_CompleteHumanProteome_HUVEC_HCD_AspN_35_sub.pep.xml"
time="01:06:25" level=info msg="Parsing /scratch/negishi/afarzam/MSV000086944_results_v4/second_pass_upstream/AspN_CAD/AspN_CAD_2pass_results/HUVEC_AspN_HCD/interact-20151228_alr_CompleteHumanProteome_HUVEC_HCD_AspN_8_160102161735_sub.pep.xml"
time="01:06:25" level=warning msg="No PSM was found in data set. /scratch/negishi/afarzam/MSV000086944_results_v4/second_pass_upstream/AspN_CAD/AspN_CAD_2pass_results/HUVEC_AspN_HCD/interact-20151228_alr_CompleteHumanProteome_HUVEC_HCD_AspN_16_160103044058_sub.pep.xml"
time="01:06:25" level=warning msg="No PSM was found in data set. /scratch/negishi/afarzam/MSV000086944_results_v4/second_pass_upstream/AspN_CAD/AspN_CAD_2pass_results/HUVEC_AspN_HCD/interact-20151228_alr_CompleteHumanProteome_HUVEC_HCD_AspN_15_160103030803_sub.pep.xml"
time="01:06:25" level=warning msg="No PSM was found in data set. /scratch/negishi/afarzam/MSV000086944_results_v4/second_pass_upstream/AspN_CAD/AspN_CAD_2pass_results/HUVEC_AspN_HCD/interact-20151228_alr_CompleteHumanProteome_HUVEC_HCD_AspN_19_160104180236_sub.pep.xml"
time="01:06:25" level=info msg="1+ Charge profile" decoy=0 target=0
time="01:06:25" level=info msg="2+ Charge profile" decoy=3 target=34
time="01:06:25" level=info msg="3+ Charge profile" decoy=10 target=20
time="01:06:25" level=info msg="4+ Charge profile" decoy=4 target=13
time="01:06:25" level=info msg="5+ Charge profile" decoy=1 target=6
time="01:06:25" level=info msg="6+ Charge profile" decoy=6 target=4
time="01:06:25" level=info msg="Database search results" ions=86 peptides=78 psms=102
time="01:06:25" level=info msg="Converged to 0.00 % FDR with 13 PSMs" decoy=0 threshold=0.804774 total=13
time="01:06:25" level=info msg="Converged to 0.00 % FDR with 8 Peptides" decoy=0 threshold=0.809671 total=8
time="01:06:25" level=info msg="Converged to 0.00 % FDR with 10 Ions" decoy=0 threshold=0.809671 total=10
time="01:06:25" level=info msg="Protein inference results" decoy=484 target=1073
time="01:06:26" level=info msg="Converged to 0.00 % FDR with 22 Proteins" decoy=0 threshold=0.9907 total=22
time="01:06:26" level=info msg="Applying sequential FDR estimation" ions=5 peptides=3 psms=7
time="01:06:26" level=info msg="Converged to 0.00 % FDR with 6 PSMs" decoy=0 threshold=0.818439 total=6
time="01:06:26" level=info msg="Converged to 0.00 % FDR with 2 Peptides" decoy=0 threshold=0.991977 total=2
time="01:06:26" level=info msg="Converged to 0.00 % FDR with 4 Ions" decoy=0 threshold=0.935062 total=4
time="01:06:26" level=info msg="Post processing identifications"
time="01:06:26" level=info msg="Assigning protein identifications to layers"
time="01:06:26" level=info msg="Processing protein inference"
time="01:06:26" level=info msg="Synchronizing PSMs and proteins"
time="01:06:26" level=info msg="Final report numbers after FDR filtering, and post-processing" ions=4 peptides=2 proteins=3 psms=6
time="01:06:26" level=info msg=Saving
time="01:06:26" level=info msg=Done
