time="01:51:33" level=info msg="Executing Filter  v5.1.2"
time="01:51:33" level=info msg="Fetching protein inference from /scratch/negishi/afarzam/MSV000086944_results_v4/second_pass_upstream/AspN_ETD/AspN_ETD_2pass_results/GM12878_AspN_ETD"
time="01:51:33" level=info msg="Processing peptide identification files"
time="01:51:33" level=info msg="Parsing /scratch/negishi/afarzam/MSV000086944_results_v4/second_pass_upstream/AspN_ETD/AspN_ETD_2pass_results/HepG2_AspN_ETD/interact-20160106_alr_CompleteHumanProteome_HepG2_ETD_AspN_9_sub.pep.xml"
time="01:51:33" level=info msg="Parsing /scratch/negishi/afarzam/MSV000086944_results_v4/second_pass_upstream/AspN_ETD/AspN_ETD_2pass_results/HepG2_AspN_ETD/interact-20160106_alr_CompleteHumanProteome_HepG2_ETD_AspN_11_sub.pep.xml"
time="01:51:33" level=info msg="Parsing /scratch/negishi/afarzam/MSV000086944_results_v4/second_pass_upstream/AspN_ETD/AspN_ETD_2pass_results/HepG2_AspN_ETD/interact-20160106_alr_CompleteHumanProteome_HepG2_ETD_AspN_25_sub.pep.xml"
time="01:51:33" level=info msg="Parsing /scratch/negishi/afarzam/MSV000086944_results_v4/second_pass_upstream/AspN_ETD/AspN_ETD_2pass_results/HepG2_AspN_ETD/interact-20160106_alr_CompleteHumanProteome_HepG2_ETD_AspN_10_sub.pep.xml"
time="01:51:33" level=info msg="Parsing /scratch/negishi/afarzam/MSV000086944_results_v4/second_pass_upstream/AspN_ETD/AspN_ETD_2pass_results/HepG2_AspN_ETD/interact-20160106_alr_CompleteHumanProteome_HepG2_ETD_AspN_24_sub.pep.xml"
time="01:51:33" level=info msg="Parsing /scratch/negishi/afarzam/MSV000086944_results_v4/second_pass_upstream/AspN_ETD/AspN_ETD_2pass_results/HepG2_AspN_ETD/interact-20160106_alr_CompleteHumanProteome_HepG2_ETD_AspN_3_sub.pep.xml"
time="01:51:33" level=info msg="Parsing /scratch/negishi/afarzam/MSV000086944_results_v4/second_pass_upstream/AspN_ETD/AspN_ETD_2pass_results/HepG2_AspN_ETD/interact-20160106_alr_CompleteHumanProteome_HepG2_ETD_AspN_12_sub.pep.xml"
time="01:51:33" level=info msg="Parsing /scratch/negishi/afarzam/MSV000086944_results_v4/second_pass_upstream/AspN_ETD/AspN_ETD_2pass_results/HepG2_AspN_ETD/interact-20160106_alr_CompleteHumanProteome_HepG2_ETD_AspN_30_sub.pep.xml"
time="01:51:33" level=info msg="Parsing /scratch/negishi/afarzam/MSV000086944_results_v4/second_pass_upstream/AspN_ETD/AspN_ETD_2pass_results/HepG2_AspN_ETD/interact-20160106_alr_CompleteHumanProteome_HepG2_ETD_AspN_6_sub.pep.xml"
time="01:51:33" level=info msg="Parsing /scratch/negishi/afarzam/MSV000086944_results_v4/second_pass_upstream/AspN_ETD/AspN_ETD_2pass_results/HepG2_AspN_ETD/interact-20160106_alr_CompleteHumanProteome_HepG2_ETD_AspN_7_sub.pep.xml"
time="01:51:33" level=info msg="Parsing /scratch/negishi/afarzam/MSV000086944_results_v4/second_pass_upstream/AspN_ETD/AspN_ETD_2pass_results/HepG2_AspN_ETD/interact-20160106_alr_CompleteHumanProteome_HepG2_ETD_AspN_26_sub.pep.xml"
time="01:51:33" level=info msg="Parsing /scratch/negishi/afarzam/MSV000086944_results_v4/second_pass_upstream/AspN_ETD/AspN_ETD_2pass_results/HepG2_AspN_ETD/interact-20160106_alr_CompleteHumanProteome_HepG2_ETD_AspN_5_sub.pep.xml"
time="01:51:33" level=info msg="Parsing /scratch/negishi/afarzam/MSV000086944_results_v4/second_pass_upstream/AspN_ETD/AspN_ETD_2pass_results/HepG2_AspN_ETD/interact-20160106_alr_CompleteHumanProteome_HepG2_ETD_AspN_4_sub.pep.xml"
time="01:51:33" level=info msg="Parsing /scratch/negishi/afarzam/MSV000086944_results_v4/second_pass_upstream/AspN_ETD/AspN_ETD_2pass_results/HepG2_AspN_ETD/interact-20160106_alr_CompleteHumanProteome_HepG2_ETD_AspN_28_sub.pep.xml"
time="01:51:33" level=info msg="Parsing /scratch/negishi/afarzam/MSV000086944_results_v4/second_pass_upstream/AspN_ETD/AspN_ETD_2pass_results/HepG2_AspN_ETD/interact-20160106_alr_CompleteHumanProteome_HepG2_ETD_AspN_27_sub.pep.xml"
time="01:51:33" level=info msg="Parsing /scratch/negishi/afarzam/MSV000086944_results_v4/second_pass_upstream/AspN_ETD/AspN_ETD_2pass_results/HepG2_AspN_ETD/interact-20160106_alr_CompleteHumanProteome_HepG2_ETD_AspN_8_sub.pep.xml"
time="01:51:33" level=info msg="Parsing /scratch/negishi/afarzam/MSV000086944_results_v4/second_pass_upstream/AspN_ETD/AspN_ETD_2pass_results/HepG2_AspN_ETD/interact-20160106_alr_CompleteHumanProteome_HepG2_ETD_AspN_13_sub.pep.xml"
time="01:51:33" level=info msg="Parsing /scratch/negishi/afarzam/MSV000086944_results_v4/second_pass_upstream/AspN_ETD/AspN_ETD_2pass_results/HepG2_AspN_ETD/interact-20160106_alr_CompleteHumanProteome_HepG2_ETD_AspN_16_sub.pep.xml"
time="01:51:33" level=info msg="Parsing /scratch/negishi/afarzam/MSV000086944_results_v4/second_pass_upstream/AspN_ETD/AspN_ETD_2pass_results/HepG2_AspN_ETD/interact-20160106_alr_CompleteHumanProteome_HepG2_ETD_AspN_19_sub.pep.xml"
time="01:51:33" level=info msg="Parsing /scratch/negishi/afarzam/MSV000086944_results_v4/second_pass_upstream/AspN_ETD/AspN_ETD_2pass_results/HepG2_AspN_ETD/interact-20160106_alr_CompleteHumanProteome_HepG2_ETD_AspN_14_sub.pep.xml"
time="01:51:33" level=info msg="Parsing /scratch/negishi/afarzam/MSV000086944_results_v4/second_pass_upstream/AspN_ETD/AspN_ETD_2pass_results/HepG2_AspN_ETD/interact-20160106_alr_CompleteHumanProteome_HepG2_ETD_AspN_2_sub.pep.xml"
time="01:51:33" level=info msg="Parsing /scratch/negishi/afarzam/MSV000086944_results_v4/second_pass_upstream/AspN_ETD/AspN_ETD_2pass_results/HepG2_AspN_ETD/interact-20160106_alr_CompleteHumanProteome_HepG2_ETD_AspN_20_sub.pep.xml"
time="01:51:33" level=info msg="Parsing /scratch/negishi/afarzam/MSV000086944_results_v4/second_pass_upstream/AspN_ETD/AspN_ETD_2pass_results/HepG2_AspN_ETD/interact-20160106_alr_CompleteHumanProteome_HepG2_ETD_AspN_1_sub.pep.xml"
time="01:51:33" level=info msg="Parsing /scratch/negishi/afarzam/MSV000086944_results_v4/second_pass_upstream/AspN_ETD/AspN_ETD_2pass_results/HepG2_AspN_ETD/interact-20160106_alr_CompleteHumanProteome_HepG2_ETD_AspN_23_sub.pep.xml"
time="01:51:33" level=info msg="Parsing /scratch/negishi/afarzam/MSV000086944_results_v4/second_pass_upstream/AspN_ETD/AspN_ETD_2pass_results/HepG2_AspN_ETD/interact-20160106_alr_CompleteHumanProteome_HepG2_ETD_AspN_22_sub.pep.xml"
time="01:51:33" level=info msg="Parsing /scratch/negishi/afarzam/MSV000086944_results_v4/second_pass_upstream/AspN_ETD/AspN_ETD_2pass_results/HepG2_AspN_ETD/interact-20160106_alr_CompleteHumanProteome_HepG2_ETD_AspN_21_sub.pep.xml"
time="01:51:33" level=info msg="Parsing /scratch/negishi/afarzam/MSV000086944_results_v4/second_pass_upstream/AspN_ETD/AspN_ETD_2pass_results/HepG2_AspN_ETD/interact-20160106_alr_CompleteHumanProteome_HepG2_ETD_AspN_17_sub.pep.xml"
time="01:51:33" level=info msg="Parsing /scratch/negishi/afarzam/MSV000086944_results_v4/second_pass_upstream/AspN_ETD/AspN_ETD_2pass_results/HepG2_AspN_ETD/interact-20160106_alr_CompleteHumanProteome_HepG2_ETD_AspN_29_sub.pep.xml"
time="01:51:33" level=info msg="Parsing /scratch/negishi/afarzam/MSV000086944_results_v4/second_pass_upstream/AspN_ETD/AspN_ETD_2pass_results/HepG2_AspN_ETD/interact-20160106_alr_CompleteHumanProteome_HepG2_ETD_AspN_15_sub.pep.xml"
time="01:51:33" level=info msg="Parsing /scratch/negishi/afarzam/MSV000086944_results_v4/second_pass_upstream/AspN_ETD/AspN_ETD_2pass_results/HepG2_AspN_ETD/interact-20160106_alr_CompleteHumanProteome_HepG2_ETD_AspN_18_sub.pep.xml"
time="01:51:33" level=warning msg="No PSM was found in data set. /scratch/negishi/afarzam/MSV000086944_results_v4/second_pass_upstream/AspN_ETD/AspN_ETD_2pass_results/HepG2_AspN_ETD/interact-20160106_alr_CompleteHumanProteome_HepG2_ETD_AspN_13_sub.pep.xml"
time="01:51:33" level=warning msg="No PSM was found in data set. /scratch/negishi/afarzam/MSV000086944_results_v4/second_pass_upstream/AspN_ETD/AspN_ETD_2pass_results/HepG2_AspN_ETD/interact-20160106_alr_CompleteHumanProteome_HepG2_ETD_AspN_17_sub.pep.xml"
time="01:51:35" level=info msg="1+ Charge profile" decoy=0 target=0
time="01:51:35" level=info msg="2+ Charge profile" decoy=163 target=825
time="01:51:35" level=info msg="3+ Charge profile" decoy=126 target=272
time="01:51:35" level=info msg="4+ Charge profile" decoy=104 target=155
time="01:51:35" level=info msg="5+ Charge profile" decoy=53 target=85
time="01:51:35" level=info msg="6+ Charge profile" decoy=19 target=54
time="01:51:35" level=info msg="Database search results" ions=1390 peptides=1339 psms=1856
time="01:51:35" level=info msg="Converged to 0.00 % FDR with 42 PSMs" decoy=0 threshold=0.859436 total=42
time="01:51:35" level=info msg="Converged to 0.00 % FDR with 22 Peptides" decoy=0 threshold=0.859436 total=22
time="01:51:35" level=info msg="Converged to 0.00 % FDR with 25 Ions" decoy=0 threshold=0.859436 total=25
time="01:51:35" level=info msg="Protein inference results" decoy=1506 target=2403
time="01:51:35" level=info msg="Converged to 0.00 % FDR with 34 Proteins" decoy=0 threshold=0.9397 total=34
time="01:51:35" level=info msg="Applying sequential FDR estimation" ions=14 peptides=11 psms=31
time="01:51:35" level=info msg="Converged to 0.00 % FDR with 30 PSMs" decoy=0 threshold=0.860626 total=30
time="01:51:35" level=info msg="Converged to 0.00 % FDR with 10 Peptides" decoy=0 threshold=0.913645 total=10
time="01:51:35" level=info msg="Converged to 0.00 % FDR with 13 Ions" decoy=0 threshold=0.899017 total=13
time="01:51:35" level=info msg="Post processing identifications"
time="01:51:35" level=info msg="Assigning protein identifications to layers"
time="01:51:35" level=info msg="Processing protein inference"
time="01:51:36" level=info msg="Synchronizing PSMs and proteins"
time="01:51:36" level=info msg="Final report numbers after FDR filtering, and post-processing" ions=13 peptides=10 proteins=11 psms=30
time="01:51:36" level=info msg=Saving
time="01:51:36" level=info msg=Done
