time="10:06:00" level=info msg="Executing Filter  v5.1.2"
time="10:06:00" level=info msg="Fetching protein inference from /scratch/negishi/afarzam/MSV000086944_results_v4/second_pass_upstream/LysC_CAD/LysC_CAD_2pass_results/GM12878_LysC_HCD"
time="10:06:01" level=info msg="Processing peptide identification files"
time="10:06:01" level=info msg="Parsing /scratch/negishi/afarzam/MSV000086944_results_v4/second_pass_upstream/LysC_CAD/LysC_CAD_2pass_results/hESC_LysC_HCD/interact-LysC_hES_9_sub.pep.xml"
time="10:06:01" level=info msg="Parsing /scratch/negishi/afarzam/MSV000086944_results_v4/second_pass_upstream/LysC_CAD/LysC_CAD_2pass_results/hESC_LysC_HCD/interact-LysC_hES_16_sub.pep.xml"
time="10:06:01" level=info msg="Parsing /scratch/negishi/afarzam/MSV000086944_results_v4/second_pass_upstream/LysC_CAD/LysC_CAD_2pass_results/hESC_LysC_HCD/interact-LysC_hES_25_sub.pep.xml"
time="10:06:01" level=info msg="Parsing /scratch/negishi/afarzam/MSV000086944_results_v4/second_pass_upstream/LysC_CAD/LysC_CAD_2pass_results/hESC_LysC_HCD/interact-LysC_hES_15_sub.pep.xml"
time="10:06:01" level=info msg="Parsing /scratch/negishi/afarzam/MSV000086944_results_v4/second_pass_upstream/LysC_CAD/LysC_CAD_2pass_results/hESC_LysC_HCD/interact-LysC_hES_24_sub.pep.xml"
time="10:06:01" level=info msg="Parsing /scratch/negishi/afarzam/MSV000086944_results_v4/second_pass_upstream/LysC_CAD/LysC_CAD_2pass_results/hESC_LysC_HCD/interact-LysC_hES_1_leastIntense_sub.pep.xml"
time="10:06:01" level=info msg="Parsing /scratch/negishi/afarzam/MSV000086944_results_v4/second_pass_upstream/LysC_CAD/LysC_CAD_2pass_results/hESC_LysC_HCD/interact-LysC_hES_21_sub.pep.xml"
time="10:06:01" level=info msg="Parsing /scratch/negishi/afarzam/MSV000086944_results_v4/second_pass_upstream/LysC_CAD/LysC_CAD_2pass_results/hESC_LysC_HCD/interact-LysC_hES_5_sub.pep.xml"
time="10:06:01" level=info msg="Parsing /scratch/negishi/afarzam/MSV000086944_results_v4/second_pass_upstream/LysC_CAD/LysC_CAD_2pass_results/hESC_LysC_HCD/interact-LysC_hES_22_sub.pep.xml"
time="10:06:01" level=info msg="Parsing /scratch/negishi/afarzam/MSV000086944_results_v4/second_pass_upstream/LysC_CAD/LysC_CAD_2pass_results/hESC_LysC_HCD/interact-LysC_hES_17_sub.pep.xml"
time="10:06:01" level=info msg="Parsing /scratch/negishi/afarzam/MSV000086944_results_v4/second_pass_upstream/LysC_CAD/LysC_CAD_2pass_results/hESC_LysC_HCD/interact-LysC_hES_20_sub.pep.xml"
time="10:06:01" level=info msg="Parsing /scratch/negishi/afarzam/MSV000086944_results_v4/second_pass_upstream/LysC_CAD/LysC_CAD_2pass_results/hESC_LysC_HCD/interact-LysC_hES_2_sub.pep.xml"
time="10:06:01" level=info msg="Parsing /scratch/negishi/afarzam/MSV000086944_results_v4/second_pass_upstream/LysC_CAD/LysC_CAD_2pass_results/hESC_LysC_HCD/interact-LysC_hES_7_sub.pep.xml"
time="10:06:01" level=info msg="Parsing /scratch/negishi/afarzam/MSV000086944_results_v4/second_pass_upstream/LysC_CAD/LysC_CAD_2pass_results/hESC_LysC_HCD/interact-LysC_hES_8_sub.pep.xml"
time="10:06:01" level=info msg="Parsing /scratch/negishi/afarzam/MSV000086944_results_v4/second_pass_upstream/LysC_CAD/LysC_CAD_2pass_results/hESC_LysC_HCD/interact-LysC_hES_3_sub.pep.xml"
time="10:06:01" level=info msg="Parsing /scratch/negishi/afarzam/MSV000086944_results_v4/second_pass_upstream/LysC_CAD/LysC_CAD_2pass_results/hESC_LysC_HCD/interact-LysC_hES_6_sub.pep.xml"
time="10:06:01" level=warning msg="No PSM was found in data set. /scratch/negishi/afarzam/MSV000086944_results_v4/second_pass_upstream/LysC_CAD/LysC_CAD_2pass_results/hESC_LysC_HCD/interact-LysC_hES_9_sub.pep.xml"
time="10:06:01" level=info msg="Parsing /scratch/negishi/afarzam/MSV000086944_results_v4/second_pass_upstream/LysC_CAD/LysC_CAD_2pass_results/hESC_LysC_HCD/interact-LysC_hES_18_sub.pep.xml"
time="10:06:01" level=info msg="Parsing /scratch/negishi/afarzam/MSV000086944_results_v4/second_pass_upstream/LysC_CAD/LysC_CAD_2pass_results/hESC_LysC_HCD/interact-LysC_hES_23_sub.pep.xml"
time="10:06:01" level=info msg="Parsing /scratch/negishi/afarzam/MSV000086944_results_v4/second_pass_upstream/LysC_CAD/LysC_CAD_2pass_results/hESC_LysC_HCD/interact-LysC_hES_4_sub.pep.xml"
time="10:06:01" level=info msg="Parsing /scratch/negishi/afarzam/MSV000086944_results_v4/second_pass_upstream/LysC_CAD/LysC_CAD_2pass_results/hESC_LysC_HCD/interact-LysC_hES_19_sub.pep.xml"
time="10:06:02" level=info msg="1+ Charge profile" decoy=0 target=0
time="10:06:02" level=info msg="2+ Charge profile" decoy=22 target=115
time="10:06:02" level=info msg="3+ Charge profile" decoy=41 target=175
time="10:06:02" level=info msg="4+ Charge profile" decoy=20 target=82
time="10:06:02" level=info msg="5+ Charge profile" decoy=14 target=61
time="10:06:02" level=info msg="6+ Charge profile" decoy=9 target=29
time="10:06:02" level=info msg="Database search results" ions=489 peptides=478 psms=568
time="10:06:02" level=info msg="Converged to 0.00 % FDR with 18 PSMs" decoy=0 threshold=0.985924 total=18
time="10:06:02" level=info msg="Converged to 0.00 % FDR with 14 Peptides" decoy=0 threshold=0.985924 total=14
time="10:06:02" level=info msg="Converged to 0.00 % FDR with 14 Ions" decoy=0 threshold=0.985924 total=14
time="10:06:02" level=info msg="Protein inference results" decoy=1759 target=2653
time="10:06:02" level=info msg="Converged to 0.00 % FDR with 52 Proteins" decoy=0 threshold=0.9967 total=52
time="10:06:02" level=info msg="Applying sequential FDR estimation" ions=9 peptides=9 psms=11
time="10:06:02" level=info msg="Converged to 0.00 % FDR with 10 PSMs" decoy=0 threshold=0.986561 total=10
time="10:06:02" level=info msg="Converged to 0.00 % FDR with 8 Peptides" decoy=0 threshold=0.986561 total=8
time="10:06:02" level=info msg="Converged to 0.00 % FDR with 8 Ions" decoy=0 threshold=0.986561 total=8
time="10:06:02" level=info msg="Post processing identifications"
time="10:06:02" level=info msg="Assigning protein identifications to layers"
time="10:06:03" level=info msg="Processing protein inference"
time="10:06:03" level=info msg="Synchronizing PSMs and proteins"
time="10:06:03" level=info msg="Final report numbers after FDR filtering, and post-processing" ions=8 peptides=8 proteins=7 psms=10
time="10:06:03" level=info msg=Saving
time="10:06:03" level=info msg=Done
