time="20:01:46" level=info msg="Executing Filter  v5.1.2"
time="20:01:46" level=info msg="Fetching protein inference from /scratch/negishi/afarzam/MSV000086944_results_v4/second_pass_downstream/LysC_ETD/LysC_ETD_2pass_results/GM12878_LysC_ETD"
time="20:01:46" level=info msg="Processing peptide identification files"
time="20:01:46" level=info msg="Parsing /scratch/negishi/afarzam/MSV000086944_results_v4/second_pass_downstream/LysC_ETD/LysC_ETD_2pass_results/hESC_LysC_ETD/interact-ETD_hES_LysC9_sub.pep.xml"
time="20:01:46" level=info msg="Parsing /scratch/negishi/afarzam/MSV000086944_results_v4/second_pass_downstream/LysC_ETD/LysC_ETD_2pass_results/hESC_LysC_ETD/interact-ETD_hES_LysC13_sub.pep.xml"
time="20:01:46" level=info msg="Parsing /scratch/negishi/afarzam/MSV000086944_results_v4/second_pass_downstream/LysC_ETD/LysC_ETD_2pass_results/hESC_LysC_ETD/interact-ETD_hES_LysC2_sub.pep.xml"
time="20:01:46" level=info msg="Parsing /scratch/negishi/afarzam/MSV000086944_results_v4/second_pass_downstream/LysC_ETD/LysC_ETD_2pass_results/hESC_LysC_ETD/interact-ETD_hES_LysC17_sub.pep.xml"
time="20:01:46" level=info msg="Parsing /scratch/negishi/afarzam/MSV000086944_results_v4/second_pass_downstream/LysC_ETD/LysC_ETD_2pass_results/hESC_LysC_ETD/interact-ETD_hES_LysC11_sub.pep.xml"
time="20:01:46" level=info msg="Parsing /scratch/negishi/afarzam/MSV000086944_results_v4/second_pass_downstream/LysC_ETD/LysC_ETD_2pass_results/hESC_LysC_ETD/interact-ETD_hES_LysC3_sub.pep.xml"
time="20:01:46" level=info msg="Parsing /scratch/negishi/afarzam/MSV000086944_results_v4/second_pass_downstream/LysC_ETD/LysC_ETD_2pass_results/hESC_LysC_ETD/interact-ETD_hES_LysC14_sub.pep.xml"
time="20:01:46" level=info msg="Parsing /scratch/negishi/afarzam/MSV000086944_results_v4/second_pass_downstream/LysC_ETD/LysC_ETD_2pass_results/hESC_LysC_ETD/interact-ETD_hES_LysC12_sub.pep.xml"
time="20:01:46" level=info msg="Parsing /scratch/negishi/afarzam/MSV000086944_results_v4/second_pass_downstream/LysC_ETD/LysC_ETD_2pass_results/hESC_LysC_ETD/interact-ETD_hES_LysC6_sub.pep.xml"
time="20:01:46" level=info msg="Parsing /scratch/negishi/afarzam/MSV000086944_results_v4/second_pass_downstream/LysC_ETD/LysC_ETD_2pass_results/hESC_LysC_ETD/interact-ETD_hES_LysC10_sub.pep.xml"
time="20:01:46" level=info msg="Parsing /scratch/negishi/afarzam/MSV000086944_results_v4/second_pass_downstream/LysC_ETD/LysC_ETD_2pass_results/hESC_LysC_ETD/interact-ETD_hES_LysC8_sub.pep.xml"
time="20:01:46" level=info msg="Parsing /scratch/negishi/afarzam/MSV000086944_results_v4/second_pass_downstream/LysC_ETD/LysC_ETD_2pass_results/hESC_LysC_ETD/interact-ETD_hES_LysC7_sub.pep.xml"
time="20:01:46" level=info msg="Parsing /scratch/negishi/afarzam/MSV000086944_results_v4/second_pass_downstream/LysC_ETD/LysC_ETD_2pass_results/hESC_LysC_ETD/interact-ETD_hES_LysC15_sub.pep.xml"
time="20:01:46" level=info msg="Parsing /scratch/negishi/afarzam/MSV000086944_results_v4/second_pass_downstream/LysC_ETD/LysC_ETD_2pass_results/hESC_LysC_ETD/interact-ETD_hES_LysC5_sub.pep.xml"
time="20:01:46" level=warning msg="No PSM was found in data set. /scratch/negishi/afarzam/MSV000086944_results_v4/second_pass_downstream/LysC_ETD/LysC_ETD_2pass_results/hESC_LysC_ETD/interact-ETD_hES_LysC11_sub.pep.xml"
time="20:01:46" level=warning msg="No PSM was found in data set. /scratch/negishi/afarzam/MSV000086944_results_v4/second_pass_downstream/LysC_ETD/LysC_ETD_2pass_results/hESC_LysC_ETD/interact-ETD_hES_LysC12_sub.pep.xml"
time="20:01:46" level=info msg="Parsing /scratch/negishi/afarzam/MSV000086944_results_v4/second_pass_downstream/LysC_ETD/LysC_ETD_2pass_results/hESC_LysC_ETD/interact-ETD_hES_LysC25_sub.pep.xml"
time="20:01:46" level=info msg="Parsing /scratch/negishi/afarzam/MSV000086944_results_v4/second_pass_downstream/LysC_ETD/LysC_ETD_2pass_results/hESC_LysC_ETD/interact-ETD_hES_LysC1_sub.pep.xml"
time="20:01:46" level=info msg="Parsing /scratch/negishi/afarzam/MSV000086944_results_v4/second_pass_downstream/LysC_ETD/LysC_ETD_2pass_results/hESC_LysC_ETD/interact-ETD_hES_LysC24_sub.pep.xml"
time="20:01:46" level=info msg="Parsing /scratch/negishi/afarzam/MSV000086944_results_v4/second_pass_downstream/LysC_ETD/LysC_ETD_2pass_results/hESC_LysC_ETD/interact-ETD_hES_LysC16_sub.pep.xml"
time="20:01:46" level=info msg="Parsing /scratch/negishi/afarzam/MSV000086944_results_v4/second_pass_downstream/LysC_ETD/LysC_ETD_2pass_results/hESC_LysC_ETD/interact-ETD_hES_LysC18_sub.pep.xml"
time="20:01:46" level=info msg="Parsing /scratch/negishi/afarzam/MSV000086944_results_v4/second_pass_downstream/LysC_ETD/LysC_ETD_2pass_results/hESC_LysC_ETD/interact-ETD_hES_LysC22_sub.pep.xml"
time="20:01:46" level=info msg="Parsing /scratch/negishi/afarzam/MSV000086944_results_v4/second_pass_downstream/LysC_ETD/LysC_ETD_2pass_results/hESC_LysC_ETD/interact-ETD_hES_LysC19_sub.pep.xml"
time="20:01:46" level=info msg="Parsing /scratch/negishi/afarzam/MSV000086944_results_v4/second_pass_downstream/LysC_ETD/LysC_ETD_2pass_results/hESC_LysC_ETD/interact-ETD_hES_LysC4_sub.pep.xml"
time="20:01:46" level=info msg="Parsing /scratch/negishi/afarzam/MSV000086944_results_v4/second_pass_downstream/LysC_ETD/LysC_ETD_2pass_results/hESC_LysC_ETD/interact-ETD_hES_LysC21_sub.pep.xml"
time="20:01:46" level=warning msg="No PSM was found in data set. /scratch/negishi/afarzam/MSV000086944_results_v4/second_pass_downstream/LysC_ETD/LysC_ETD_2pass_results/hESC_LysC_ETD/interact-ETD_hES_LysC16_sub.pep.xml"
time="20:01:46" level=warning msg="No PSM was found in data set. /scratch/negishi/afarzam/MSV000086944_results_v4/second_pass_downstream/LysC_ETD/LysC_ETD_2pass_results/hESC_LysC_ETD/interact-ETD_hES_LysC19_sub.pep.xml"
time="20:01:46" level=warning msg="No PSM was found in data set. /scratch/negishi/afarzam/MSV000086944_results_v4/second_pass_downstream/LysC_ETD/LysC_ETD_2pass_results/hESC_LysC_ETD/interact-ETD_hES_LysC21_sub.pep.xml"
time="20:01:46" level=info msg="Parsing /scratch/negishi/afarzam/MSV000086944_results_v4/second_pass_downstream/LysC_ETD/LysC_ETD_2pass_results/hESC_LysC_ETD/interact-ETD_hES_LysC23_sub.pep.xml"
time="20:01:46" level=info msg="Parsing /scratch/negishi/afarzam/MSV000086944_results_v4/second_pass_downstream/LysC_ETD/LysC_ETD_2pass_results/hESC_LysC_ETD/interact-ETD_hES_LysC20_sub.pep.xml"
time="20:01:46" level=warning msg="No PSM was found in data set. /scratch/negishi/afarzam/MSV000086944_results_v4/second_pass_downstream/LysC_ETD/LysC_ETD_2pass_results/hESC_LysC_ETD/interact-ETD_hES_LysC24_sub.pep.xml"
time="20:01:46" level=warning msg="No PSM was found in data set. /scratch/negishi/afarzam/MSV000086944_results_v4/second_pass_downstream/LysC_ETD/LysC_ETD_2pass_results/hESC_LysC_ETD/interact-ETD_hES_LysC18_sub.pep.xml"
time="20:01:47" level=info msg="1+ Charge profile" decoy=0 target=0
time="20:01:47" level=info msg="2+ Charge profile" decoy=10 target=48
time="20:01:47" level=info msg="3+ Charge profile" decoy=14 target=47
time="20:01:47" level=info msg="4+ Charge profile" decoy=8 target=30
time="20:01:47" level=info msg="5+ Charge profile" decoy=10 target=16
time="20:01:47" level=info msg="6+ Charge profile" decoy=3 target=10
time="20:01:47" level=info msg="Database search results" ions=180 peptides=180 psms=196
time="20:01:47" level=info msg="Converged to 0.00 % FDR with 10 PSMs" decoy=0 threshold=0.905149 total=10
time="20:01:47" level=info msg="Converged to 0.00 % FDR with 9 Peptides" decoy=0 threshold=0.905149 total=9
time="20:01:47" level=info msg="Converged to 0.00 % FDR with 9 Ions" decoy=0 threshold=0.905149 total=9
time="20:01:47" level=info msg="Protein inference results" decoy=868 target=1459
time="20:01:47" level=info msg="Converged to 0.00 % FDR with 41 Proteins" decoy=0 threshold=0.935 total=41
time="20:01:47" level=info msg="Applying sequential FDR estimation" ions=7 peptides=7 psms=8
time="20:01:47" level=info msg="Converged to 0.00 % FDR with 7 PSMs" decoy=0 threshold=0.910439 total=7
time="20:01:47" level=info msg="Converged to 0.00 % FDR with 6 Peptides" decoy=0 threshold=0.935978 total=6
time="20:01:47" level=info msg="Converged to 0.00 % FDR with 6 Ions" decoy=0 threshold=0.935978 total=6
time="20:01:47" level=info msg="Post processing identifications"
time="20:01:47" level=info msg="Assigning protein identifications to layers"
time="20:01:47" level=info msg="Processing protein inference"
time="20:01:47" level=info msg="Synchronizing PSMs and proteins"
time="20:01:47" level=info msg="Final report numbers after FDR filtering, and post-processing" ions=6 peptides=6 proteins=7 psms=7
time="20:01:47" level=info msg=Saving
time="20:01:47" level=info msg=Done
