time="19:12:41" level=info msg="Executing Filter  v5.1.2"
time="19:12:41" level=info msg="Processing peptide identification files"
time="19:12:41" level=info msg="Parsing /scratch/negishi/afarzam/MSV000086944_results_v4/second_pass_downstream/Chymo_CAD/Chymo_CAD_2pass_results/GM12878_Chymo_CAD/interact-20151015_alr_CompleteHumanProteome_GM12878_chymotrypsin_CAD_fr10_sub.pep.xml"
time="19:12:41" level=info msg="Parsing /scratch/negishi/afarzam/MSV000086944_results_v4/second_pass_downstream/Chymo_CAD/Chymo_CAD_2pass_results/GM12878_Chymo_CAD/interact-20151015_alr_CompleteHumanProteome_GM12878_chymotrypsin_CAD_fr11_sub.pep.xml"
time="19:12:41" level=info msg="Parsing /scratch/negishi/afarzam/MSV000086944_results_v4/second_pass_downstream/Chymo_CAD/Chymo_CAD_2pass_results/GM12878_Chymo_CAD/interact-20151015_alr_CompleteHumanProteome_GM12878_chymotrypsin_CAD_fr19_sub.pep.xml"
time="19:12:41" level=info msg="Parsing /scratch/negishi/afarzam/MSV000086944_results_v4/second_pass_downstream/Chymo_CAD/Chymo_CAD_2pass_results/GM12878_Chymo_CAD/interact-20151015_alr_CompleteHumanProteome_GM12878_chymotrypsin_CAD_fr34_sub.pep.xml"
time="19:12:41" level=info msg="Parsing /scratch/negishi/afarzam/MSV000086944_results_v4/second_pass_downstream/Chymo_CAD/Chymo_CAD_2pass_results/GM12878_Chymo_CAD/interact-20151015_alr_CompleteHumanProteome_GM12878_chymotrypsin_CAD_fr14_sub.pep.xml"
time="19:12:41" level=info msg="Parsing /scratch/negishi/afarzam/MSV000086944_results_v4/second_pass_downstream/Chymo_CAD/Chymo_CAD_2pass_results/GM12878_Chymo_CAD/interact-20151015_alr_CompleteHumanProteome_GM12878_chymotrypsin_CAD_fr2_sub.pep.xml"
time="19:12:41" level=info msg="Parsing /scratch/negishi/afarzam/MSV000086944_results_v4/second_pass_downstream/Chymo_CAD/Chymo_CAD_2pass_results/GM12878_Chymo_CAD/interact-20151015_alr_CompleteHumanProteome_GM12878_chymotrypsin_CAD_fr27_sub.pep.xml"
time="19:12:41" level=info msg="Parsing /scratch/negishi/afarzam/MSV000086944_results_v4/second_pass_downstream/Chymo_CAD/Chymo_CAD_2pass_results/GM12878_Chymo_CAD/interact-20151015_alr_CompleteHumanProteome_GM12878_chymotrypsin_CAD_fr28_sub.pep.xml"
time="19:12:41" level=info msg="Parsing /scratch/negishi/afarzam/MSV000086944_results_v4/second_pass_downstream/Chymo_CAD/Chymo_CAD_2pass_results/GM12878_Chymo_CAD/interact-20151015_alr_CompleteHumanProteome_GM12878_chymotrypsin_CAD_fr18_sub.pep.xml"
time="19:12:41" level=info msg="Parsing /scratch/negishi/afarzam/MSV000086944_results_v4/second_pass_downstream/Chymo_CAD/Chymo_CAD_2pass_results/GM12878_Chymo_CAD/interact-20151015_alr_CompleteHumanProteome_GM12878_chymotrypsin_CAD_fr22_sub.pep.xml"
time="19:12:41" level=info msg="Parsing /scratch/negishi/afarzam/MSV000086944_results_v4/second_pass_downstream/Chymo_CAD/Chymo_CAD_2pass_results/GM12878_Chymo_CAD/interact-20151015_alr_CompleteHumanProteome_GM12878_chymotrypsin_CAD_fr29_sub.pep.xml"
time="19:12:41" level=info msg="Parsing /scratch/negishi/afarzam/MSV000086944_results_v4/second_pass_downstream/Chymo_CAD/Chymo_CAD_2pass_results/GM12878_Chymo_CAD/interact-20151015_alr_CompleteHumanProteome_GM12878_chymotrypsin_CAD_fr15_sub.pep.xml"
time="19:12:41" level=info msg="Parsing /scratch/negishi/afarzam/MSV000086944_results_v4/second_pass_downstream/Chymo_CAD/Chymo_CAD_2pass_results/GM12878_Chymo_CAD/interact-20151015_alr_CompleteHumanProteome_GM12878_chymotrypsin_CAD_fr9_sub.pep.xml"
time="19:12:41" level=info msg="Parsing /scratch/negishi/afarzam/MSV000086944_results_v4/second_pass_downstream/Chymo_CAD/Chymo_CAD_2pass_results/GM12878_Chymo_CAD/interact-20151015_alr_CompleteHumanProteome_GM12878_chymotrypsin_CAD_fr3_151016122547_sub.pep.xml"
time="19:12:41" level=info msg="Parsing /scratch/negishi/afarzam/MSV000086944_results_v4/second_pass_downstream/Chymo_CAD/Chymo_CAD_2pass_results/GM12878_Chymo_CAD/interact-20151015_alr_CompleteHumanProteome_GM12878_chymotrypsin_CAD_fr1_sub.pep.xml"
time="19:12:41" level=info msg="Parsing /scratch/negishi/afarzam/MSV000086944_results_v4/second_pass_downstream/Chymo_CAD/Chymo_CAD_2pass_results/GM12878_Chymo_CAD/interact-20151015_alr_CompleteHumanProteome_GM12878_chymotrypsin_CAD_fr32_sub.pep.xml"
time="19:12:41" level=info msg="Parsing /scratch/negishi/afarzam/MSV000086944_results_v4/second_pass_downstream/Chymo_CAD/Chymo_CAD_2pass_results/GM12878_Chymo_CAD/interact-20151015_alr_CompleteHumanProteome_GM12878_chymotrypsin_CAD_fr33_sub.pep.xml"
time="19:12:41" level=info msg="Parsing /scratch/negishi/afarzam/MSV000086944_results_v4/second_pass_downstream/Chymo_CAD/Chymo_CAD_2pass_results/GM12878_Chymo_CAD/interact-20151015_alr_CompleteHumanProteome_GM12878_chymotrypsin_CAD_fr25_sub.pep.xml"
time="19:12:41" level=warning msg="No PSM was found in data set. /scratch/negishi/afarzam/MSV000086944_results_v4/second_pass_downstream/Chymo_CAD/Chymo_CAD_2pass_results/GM12878_Chymo_CAD/interact-20151015_alr_CompleteHumanProteome_GM12878_chymotrypsin_CAD_fr11_sub.pep.xml"
time="19:12:41" level=info msg="Parsing /scratch/negishi/afarzam/MSV000086944_results_v4/second_pass_downstream/Chymo_CAD/Chymo_CAD_2pass_results/GM12878_Chymo_CAD/interact-20151015_alr_CompleteHumanProteome_GM12878_chymotrypsin_CAD_fr21_sub.pep.xml"
time="19:12:41" level=warning msg="No PSM was found in data set. /scratch/negishi/afarzam/MSV000086944_results_v4/second_pass_downstream/Chymo_CAD/Chymo_CAD_2pass_results/GM12878_Chymo_CAD/interact-20151015_alr_CompleteHumanProteome_GM12878_chymotrypsin_CAD_fr2_sub.pep.xml"
time="19:12:41" level=info msg="Parsing /scratch/negishi/afarzam/MSV000086944_results_v4/second_pass_downstream/Chymo_CAD/Chymo_CAD_2pass_results/GM12878_Chymo_CAD/interact-20151015_alr_CompleteHumanProteome_GM12878_chymotrypsin_CAD_fr8_sub.pep.xml"
time="19:12:41" level=warning msg="No PSM was found in data set. /scratch/negishi/afarzam/MSV000086944_results_v4/second_pass_downstream/Chymo_CAD/Chymo_CAD_2pass_results/GM12878_Chymo_CAD/interact-20151015_alr_CompleteHumanProteome_GM12878_chymotrypsin_CAD_fr18_sub.pep.xml"
time="19:12:41" level=info msg="Parsing /scratch/negishi/afarzam/MSV000086944_results_v4/second_pass_downstream/Chymo_CAD/Chymo_CAD_2pass_results/GM12878_Chymo_CAD/interact-20151015_alr_CompleteHumanProteome_GM12878_chymotrypsin_CAD_fr7_sub.pep.xml"
time="19:12:41" level=info msg="Parsing /scratch/negishi/afarzam/MSV000086944_results_v4/second_pass_downstream/Chymo_CAD/Chymo_CAD_2pass_results/GM12878_Chymo_CAD/interact-20151015_alr_CompleteHumanProteome_GM12878_chymotrypsin_CAD_fr23_sub.pep.xml"
time="19:12:41" level=info msg="Parsing /scratch/negishi/afarzam/MSV000086944_results_v4/second_pass_downstream/Chymo_CAD/Chymo_CAD_2pass_results/GM12878_Chymo_CAD/interact-20151015_alr_CompleteHumanProteome_GM12878_chymotrypsin_CAD_fr30_sub.pep.xml"
time="19:12:41" level=info msg="Parsing /scratch/negishi/afarzam/MSV000086944_results_v4/second_pass_downstream/Chymo_CAD/Chymo_CAD_2pass_results/GM12878_Chymo_CAD/interact-20151015_alr_CompleteHumanProteome_GM12878_chymotrypsin_CAD_fr31_sub.pep.xml"
time="19:12:41" level=warning msg="No PSM was found in data set. /scratch/negishi/afarzam/MSV000086944_results_v4/second_pass_downstream/Chymo_CAD/Chymo_CAD_2pass_results/GM12878_Chymo_CAD/interact-20151015_alr_CompleteHumanProteome_GM12878_chymotrypsin_CAD_fr32_sub.pep.xml"
time="19:12:41" level=info msg="Parsing /scratch/negishi/afarzam/MSV000086944_results_v4/second_pass_downstream/Chymo_CAD/Chymo_CAD_2pass_results/GM12878_Chymo_CAD/interact-20151015_alr_CompleteHumanProteome_GM12878_chymotrypsin_CAD_fr35_sub.pep.xml"
time="19:12:41" level=info msg="Parsing /scratch/negishi/afarzam/MSV000086944_results_v4/second_pass_downstream/Chymo_CAD/Chymo_CAD_2pass_results/GM12878_Chymo_CAD/interact-20151015_alr_CompleteHumanProteome_GM12878_chymotrypsin_CAD_fr4_151016140009_sub.pep.xml"
time="19:12:41" level=info msg="Parsing /scratch/negishi/afarzam/MSV000086944_results_v4/second_pass_downstream/Chymo_CAD/Chymo_CAD_2pass_results/GM12878_Chymo_CAD/interact-20151015_alr_CompleteHumanProteome_GM12878_chymotrypsin_CAD_fr16_sub.pep.xml"
time="19:12:41" level=info msg="Parsing /scratch/negishi/afarzam/MSV000086944_results_v4/second_pass_downstream/Chymo_CAD/Chymo_CAD_2pass_results/GM12878_Chymo_CAD/interact-20151015_alr_CompleteHumanProteome_GM12878_chymotrypsin_CAD_fr17_sub.pep.xml"
time="19:12:41" level=info msg="Parsing /scratch/negishi/afarzam/MSV000086944_results_v4/second_pass_downstream/Chymo_CAD/Chymo_CAD_2pass_results/GM12878_Chymo_CAD/interact-20151015_alr_CompleteHumanProteome_GM12878_chymotrypsin_CAD_fr6_sub.pep.xml"
time="19:12:41" level=info msg="Parsing /scratch/negishi/afarzam/MSV000086944_results_v4/second_pass_downstream/Chymo_CAD/Chymo_CAD_2pass_results/GM12878_Chymo_CAD/interact-20151015_alr_CompleteHumanProteome_GM12878_chymotrypsin_CAD_fr12_sub.pep.xml"
time="19:12:41" level=warning msg="No PSM was found in data set. /scratch/negishi/afarzam/MSV000086944_results_v4/second_pass_downstream/Chymo_CAD/Chymo_CAD_2pass_results/GM12878_Chymo_CAD/interact-20151015_alr_CompleteHumanProteome_GM12878_chymotrypsin_CAD_fr8_sub.pep.xml"
time="19:12:41" level=info msg="Parsing /scratch/negishi/afarzam/MSV000086944_results_v4/second_pass_downstream/Chymo_CAD/Chymo_CAD_2pass_results/GM12878_Chymo_CAD/interact-20151015_alr_CompleteHumanProteome_GM12878_chymotrypsin_CAD_fr20_sub.pep.xml"
time="19:12:41" level=info msg="Parsing /scratch/negishi/afarzam/MSV000086944_results_v4/second_pass_downstream/Chymo_CAD/Chymo_CAD_2pass_results/GM12878_Chymo_CAD/interact-20151015_alr_CompleteHumanProteome_GM12878_chymotrypsin_CAD_fr26_sub.pep.xml"
time="19:12:41" level=info msg="Parsing /scratch/negishi/afarzam/MSV000086944_results_v4/second_pass_downstream/Chymo_CAD/Chymo_CAD_2pass_results/GM12878_Chymo_CAD/interact-20151015_alr_CompleteHumanProteome_GM12878_chymotrypsin_CAD_fr24_sub.pep.xml"
time="19:12:41" level=info msg="Parsing /scratch/negishi/afarzam/MSV000086944_results_v4/second_pass_downstream/Chymo_CAD/Chymo_CAD_2pass_results/GM12878_Chymo_CAD/interact-20151015_alr_CompleteHumanProteome_GM12878_chymotrypsin_CAD_fr13_sub.pep.xml"
time="19:12:41" level=warning msg="No PSM was found in data set. /scratch/negishi/afarzam/MSV000086944_results_v4/second_pass_downstream/Chymo_CAD/Chymo_CAD_2pass_results/GM12878_Chymo_CAD/interact-20151015_alr_CompleteHumanProteome_GM12878_chymotrypsin_CAD_fr17_sub.pep.xml"
time="19:12:41" level=warning msg="No PSM was found in data set. /scratch/negishi/afarzam/MSV000086944_results_v4/second_pass_downstream/Chymo_CAD/Chymo_CAD_2pass_results/GM12878_Chymo_CAD/interact-20151015_alr_CompleteHumanProteome_GM12878_chymotrypsin_CAD_fr23_sub.pep.xml"
time="19:12:41" level=info msg="Parsing /scratch/negishi/afarzam/MSV000086944_results_v4/second_pass_downstream/Chymo_CAD/Chymo_CAD_2pass_results/GM12878_Chymo_CAD/interact-20151015_alr_CompleteHumanProteome_GM12878_chymotrypsin_CAD_fr5_151016153254_sub.pep.xml"
time="19:12:41" level=warning msg="No PSM was found in data set. /scratch/negishi/afarzam/MSV000086944_results_v4/second_pass_downstream/Chymo_CAD/Chymo_CAD_2pass_results/GM12878_Chymo_CAD/interact-20151015_alr_CompleteHumanProteome_GM12878_chymotrypsin_CAD_fr35_sub.pep.xml"
time="19:12:41" level=warning msg="No PSM was found in data set. /scratch/negishi/afarzam/MSV000086944_results_v4/second_pass_downstream/Chymo_CAD/Chymo_CAD_2pass_results/GM12878_Chymo_CAD/interact-20151015_alr_CompleteHumanProteome_GM12878_chymotrypsin_CAD_fr12_sub.pep.xml"
time="19:12:41" level=warning msg="No PSM was found in data set. /scratch/negishi/afarzam/MSV000086944_results_v4/second_pass_downstream/Chymo_CAD/Chymo_CAD_2pass_results/GM12878_Chymo_CAD/interact-20151015_alr_CompleteHumanProteome_GM12878_chymotrypsin_CAD_fr20_sub.pep.xml"
time="19:12:41" level=warning msg="No PSM was found in data set. /scratch/negishi/afarzam/MSV000086944_results_v4/second_pass_downstream/Chymo_CAD/Chymo_CAD_2pass_results/GM12878_Chymo_CAD/interact-20151015_alr_CompleteHumanProteome_GM12878_chymotrypsin_CAD_fr30_sub.pep.xml"
time="19:12:41" level=warning msg="No PSM was found in data set. /scratch/negishi/afarzam/MSV000086944_results_v4/second_pass_downstream/Chymo_CAD/Chymo_CAD_2pass_results/GM12878_Chymo_CAD/interact-20151015_alr_CompleteHumanProteome_GM12878_chymotrypsin_CAD_fr4_151016140009_sub.pep.xml"
time="19:12:41" level=warning msg="No PSM was found in data set. /scratch/negishi/afarzam/MSV000086944_results_v4/second_pass_downstream/Chymo_CAD/Chymo_CAD_2pass_results/GM12878_Chymo_CAD/interact-20151015_alr_CompleteHumanProteome_GM12878_chymotrypsin_CAD_fr5_151016153254_sub.pep.xml"
time="19:12:45" level=info msg="1+ Charge profile" decoy=0 target=0
time="19:12:45" level=info msg="2+ Charge profile" decoy=44 target=147
time="19:12:45" level=info msg="3+ Charge profile" decoy=18 target=73
time="19:12:45" level=info msg="4+ Charge profile" decoy=7 target=25
time="19:12:45" level=info msg="5+ Charge profile" decoy=2 target=4
time="19:12:45" level=info msg="6+ Charge profile" decoy=1 target=0
time="19:12:45" level=info msg="Database search results" ions=244 peptides=236 psms=330
time="19:12:45" level=info msg="Converged to 0.00 % FDR with 14 PSMs" decoy=0 threshold=0.920561 total=14
time="19:12:45" level=info msg="Converged to 0.00 % FDR with 5 Peptides" decoy=0 threshold=0.942855 total=5
time="19:12:45" level=info msg="Converged to 0.00 % FDR with 6 Ions" decoy=0 threshold=0.942855 total=6
time="19:12:45" level=info msg="Protein inference results" decoy=3410 target=5165
time="19:12:45" level=info msg="Converged to 0.00 % FDR with 67 Proteins" decoy=0 threshold=0.9847 total=67
time="19:12:45" level=info msg="Applying sequential FDR estimation" ions=6 peptides=5 psms=14
time="19:12:45" level=info msg="Converged to 0.00 % FDR with 13 PSMs" decoy=0 threshold=0.935147 total=13
time="19:12:45" level=info msg="Converged to 0.00 % FDR with 4 Peptides" decoy=0 threshold=0.965538 total=4
time="19:12:45" level=info msg="Converged to 0.00 % FDR with 5 Ions" decoy=0 threshold=0.965538 total=5
time="19:12:45" level=info msg="Post processing identifications"
time="19:12:45" level=info msg="Assigning protein identifications to layers"
time="19:12:46" level=info msg="Processing protein inference"
time="19:12:46" level=info msg="Synchronizing PSMs and proteins"
time="19:12:46" level=info msg="Final report numbers after FDR filtering, and post-processing" ions=5 peptides=4 proteins=5 psms=13
time="19:12:46" level=info msg=Saving
time="19:12:46" level=info msg=Done
