time="11:27:56" level=info msg="Executing Filter  v5.1.2"
time="11:27:56" level=info msg="Fetching protein inference from /scratch/negishi/afarzam/MSV000086944_results_v4/second_pass_upstream/LysN_CAD/LysN_CAD_2pass_results/GM12878_LysN_HCD"
time="11:27:56" level=info msg="Processing peptide identification files"
time="11:27:56" level=info msg="Parsing /scratch/negishi/afarzam/MSV000086944_results_v4/second_pass_upstream/LysN_CAD/LysN_CAD_2pass_results/hESC_LysN_HCD/interact-LysN_hES_9_sub.pep.xml"
time="11:27:56" level=info msg="Parsing /scratch/negishi/afarzam/MSV000086944_results_v4/second_pass_upstream/LysN_CAD/LysN_CAD_2pass_results/hESC_LysN_HCD/interact-LysN_hES_27_sub.pep.xml"
time="11:27:56" level=info msg="Parsing /scratch/negishi/afarzam/MSV000086944_results_v4/second_pass_upstream/LysN_CAD/LysN_CAD_2pass_results/hESC_LysN_HCD/interact-LysN_hES_18_sub.pep.xml"
time="11:27:56" level=info msg="Parsing /scratch/negishi/afarzam/MSV000086944_results_v4/second_pass_upstream/LysN_CAD/LysN_CAD_2pass_results/hESC_LysN_HCD/interact-LysN_hES_4_140705111901_sub.pep.xml"
time="11:27:56" level=info msg="Parsing /scratch/negishi/afarzam/MSV000086944_results_v4/second_pass_upstream/LysN_CAD/LysN_CAD_2pass_results/hESC_LysN_HCD/interact-LysN_hES_3_sub.pep.xml"
time="11:27:56" level=info msg="Parsing /scratch/negishi/afarzam/MSV000086944_results_v4/second_pass_upstream/LysN_CAD/LysN_CAD_2pass_results/hESC_LysN_HCD/interact-LysN_hES_11_sub.pep.xml"
time="11:27:56" level=info msg="Parsing /scratch/negishi/afarzam/MSV000086944_results_v4/second_pass_upstream/LysN_CAD/LysN_CAD_2pass_results/hESC_LysN_HCD/interact-LysN_hES_7_sub.pep.xml"
time="11:27:56" level=info msg="Parsing /scratch/negishi/afarzam/MSV000086944_results_v4/second_pass_upstream/LysN_CAD/LysN_CAD_2pass_results/hESC_LysN_HCD/interact-LysN_hES_28_sub.pep.xml"
time="11:27:56" level=info msg="Parsing /scratch/negishi/afarzam/MSV000086944_results_v4/second_pass_upstream/LysN_CAD/LysN_CAD_2pass_results/hESC_LysN_HCD/interact-LysN_hES_6_sub.pep.xml"
time="11:27:56" level=info msg="Parsing /scratch/negishi/afarzam/MSV000086944_results_v4/second_pass_upstream/LysN_CAD/LysN_CAD_2pass_results/hESC_LysN_HCD/interact-LysN_hES_2_sub.pep.xml"
time="11:27:56" level=info msg="Parsing /scratch/negishi/afarzam/MSV000086944_results_v4/second_pass_upstream/LysN_CAD/LysN_CAD_2pass_results/hESC_LysN_HCD/interact-LysN_hES_8_sub.pep.xml"
time="11:27:56" level=info msg="Parsing /scratch/negishi/afarzam/MSV000086944_results_v4/second_pass_upstream/LysN_CAD/LysN_CAD_2pass_results/hESC_LysN_HCD/interact-LysN_hES_5_sub.pep.xml"
time="11:27:56" level=info msg="Parsing /scratch/negishi/afarzam/MSV000086944_results_v4/second_pass_upstream/LysN_CAD/LysN_CAD_2pass_results/hESC_LysN_HCD/interact-LysN_hES_29_sub.pep.xml"
time="11:27:56" level=info msg="Parsing /scratch/negishi/afarzam/MSV000086944_results_v4/second_pass_upstream/LysN_CAD/LysN_CAD_2pass_results/hESC_LysN_HCD/interact-LysN_hES_22_sub.pep.xml"
time="11:27:56" level=info msg="Parsing /scratch/negishi/afarzam/MSV000086944_results_v4/second_pass_upstream/LysN_CAD/LysN_CAD_2pass_results/hESC_LysN_HCD/interact-LysN_hES_19_sub.pep.xml"
time="11:27:56" level=info msg="Parsing /scratch/negishi/afarzam/MSV000086944_results_v4/second_pass_upstream/LysN_CAD/LysN_CAD_2pass_results/hESC_LysN_HCD/interact-LysN_hES_1_sub.pep.xml"
time="11:27:56" level=info msg="Parsing /scratch/negishi/afarzam/MSV000086944_results_v4/second_pass_upstream/LysN_CAD/LysN_CAD_2pass_results/hESC_LysN_HCD/interact-LysN_hES_20_sub.pep.xml"
time="11:27:56" level=info msg="Parsing /scratch/negishi/afarzam/MSV000086944_results_v4/second_pass_upstream/LysN_CAD/LysN_CAD_2pass_results/hESC_LysN_HCD/interact-LysN_hES_17_sub.pep.xml"
time="11:27:56" level=info msg="Parsing /scratch/negishi/afarzam/MSV000086944_results_v4/second_pass_upstream/LysN_CAD/LysN_CAD_2pass_results/hESC_LysN_HCD/interact-LysN_hES_16_sub.pep.xml"
time="11:27:56" level=info msg="Parsing /scratch/negishi/afarzam/MSV000086944_results_v4/second_pass_upstream/LysN_CAD/LysN_CAD_2pass_results/hESC_LysN_HCD/interact-LysN_hES_25_sub.pep.xml"
time="11:27:56" level=info msg="Parsing /scratch/negishi/afarzam/MSV000086944_results_v4/second_pass_upstream/LysN_CAD/LysN_CAD_2pass_results/hESC_LysN_HCD/interact-LysN_hES_30_sub.pep.xml"
time="11:27:56" level=info msg="Parsing /scratch/negishi/afarzam/MSV000086944_results_v4/second_pass_upstream/LysN_CAD/LysN_CAD_2pass_results/hESC_LysN_HCD/interact-LysN_hES_15_sub.pep.xml"
time="11:27:56" level=info msg="Parsing /scratch/negishi/afarzam/MSV000086944_results_v4/second_pass_upstream/LysN_CAD/LysN_CAD_2pass_results/hESC_LysN_HCD/interact-LysN_hES_23_sub.pep.xml"
time="11:27:56" level=info msg="Parsing /scratch/negishi/afarzam/MSV000086944_results_v4/second_pass_upstream/LysN_CAD/LysN_CAD_2pass_results/hESC_LysN_HCD/interact-LysN_hES_13_sub.pep.xml"
time="11:27:56" level=info msg="Parsing /scratch/negishi/afarzam/MSV000086944_results_v4/second_pass_upstream/LysN_CAD/LysN_CAD_2pass_results/hESC_LysN_HCD/interact-LysN_hES_21_sub.pep.xml"
time="11:27:56" level=info msg="Parsing /scratch/negishi/afarzam/MSV000086944_results_v4/second_pass_upstream/LysN_CAD/LysN_CAD_2pass_results/hESC_LysN_HCD/interact-LysN_hES_14_sub.pep.xml"
time="11:27:56" level=info msg="Parsing /scratch/negishi/afarzam/MSV000086944_results_v4/second_pass_upstream/LysN_CAD/LysN_CAD_2pass_results/hESC_LysN_HCD/interact-LysN_hES_26_sub.pep.xml"
time="11:27:56" level=info msg="Parsing /scratch/negishi/afarzam/MSV000086944_results_v4/second_pass_upstream/LysN_CAD/LysN_CAD_2pass_results/hESC_LysN_HCD/interact-LysN_hES_24_sub.pep.xml"
time="11:27:58" level=info msg="1+ Charge profile" decoy=0 target=0
time="11:27:58" level=info msg="2+ Charge profile" decoy=60 target=336
time="11:27:58" level=info msg="3+ Charge profile" decoy=102 target=225
time="11:27:58" level=info msg="4+ Charge profile" decoy=29 target=113
time="11:27:58" level=info msg="5+ Charge profile" decoy=19 target=85
time="11:27:58" level=info msg="6+ Charge profile" decoy=10 target=30
time="11:27:58" level=info msg="Database search results" ions=864 peptides=841 psms=1009
time="11:27:58" level=info msg="Converged to 0.00 % FDR with 23 PSMs" decoy=0 threshold=0.982874 total=23
time="11:27:58" level=info msg="Converged to 0.00 % FDR with 14 Peptides" decoy=0 threshold=0.984378 total=14
time="11:27:58" level=info msg="Converged to 0.00 % FDR with 17 Ions" decoy=0 threshold=0.984378 total=17
time="11:27:58" level=info msg="Protein inference results" decoy=1705 target=2657
time="11:27:58" level=info msg="Converged to 0.00 % FDR with 47 Proteins" decoy=0 threshold=0.9872 total=47
time="11:27:58" level=info msg="Applying sequential FDR estimation" ions=16 peptides=13 psms=22
time="11:27:58" level=info msg="Converged to 0.00 % FDR with 21 PSMs" decoy=0 threshold=0.984156 total=21
time="11:27:58" level=info msg="Converged to 0.00 % FDR with 12 Peptides" decoy=0 threshold=0.987719 total=12
time="11:27:58" level=info msg="Converged to 0.00 % FDR with 15 Ions" decoy=0 threshold=0.987719 total=15
time="11:27:58" level=info msg="Post processing identifications"
time="11:27:58" level=info msg="Assigning protein identifications to layers"
time="11:27:58" level=info msg="Processing protein inference"
time="11:27:59" level=info msg="Synchronizing PSMs and proteins"
time="11:27:59" level=info msg="Final report numbers after FDR filtering, and post-processing" ions=15 peptides=12 proteins=12 psms=21
time="11:27:59" level=info msg=Saving
time="11:27:59" level=info msg=Done
