time="20:01:36" level=info msg="Executing Filter  v5.1.2"
time="20:01:36" level=info msg="Fetching protein inference from /scratch/negishi/afarzam/MSV000086944_results_v4/second_pass_downstream/LysC_ETD/LysC_ETD_2pass_results/GM12878_LysC_ETD"
time="20:01:37" level=info msg="Processing peptide identification files"
time="20:01:37" level=info msg="Parsing /scratch/negishi/afarzam/MSV000086944_results_v4/second_pass_downstream/LysC_ETD/LysC_ETD_2pass_results/HUVEC_LysC_ETD/interact-HUVEC_LysC_ETD_35_sub.pep.xml"
time="20:01:37" level=info msg="Parsing /scratch/negishi/afarzam/MSV000086944_results_v4/second_pass_downstream/LysC_ETD/LysC_ETD_2pass_results/HUVEC_LysC_ETD/interact-20151220_alr_CompleteHumanProteome_HUVEC_LysC_ETD_fr18_sub.pep.xml"
time="20:01:37" level=info msg="Parsing /scratch/negishi/afarzam/MSV000086944_results_v4/second_pass_downstream/LysC_ETD/LysC_ETD_2pass_results/HUVEC_LysC_ETD/interact-HUVEC_LysC_ETD_25_sub.pep.xml"
time="20:01:37" level=info msg="Parsing /scratch/negishi/afarzam/MSV000086944_results_v4/second_pass_downstream/LysC_ETD/LysC_ETD_2pass_results/HUVEC_LysC_ETD/interact-HUVEC_LysC_ETD_23_sub.pep.xml"
time="20:01:37" level=info msg="Parsing /scratch/negishi/afarzam/MSV000086944_results_v4/second_pass_downstream/LysC_ETD/LysC_ETD_2pass_results/HUVEC_LysC_ETD/interact-20151220_alr_CompleteHumanProteome_HUVEC_LysC_ETD_fr12_sub.pep.xml"
time="20:01:37" level=info msg="Parsing /scratch/negishi/afarzam/MSV000086944_results_v4/second_pass_downstream/LysC_ETD/LysC_ETD_2pass_results/HUVEC_LysC_ETD/interact-20151128_alr_CompleteHumanProteome_HUVEC_ETD_LysC_fr1_sub.pep.xml"
time="20:01:37" level=info msg="Parsing /scratch/negishi/afarzam/MSV000086944_results_v4/second_pass_downstream/LysC_ETD/LysC_ETD_2pass_results/HUVEC_LysC_ETD/interact-20151220_alr_CompleteHumanProteome_HUVEC_LysC_ETD_fr11_sub.pep.xml"
time="20:01:37" level=info msg="Parsing /scratch/negishi/afarzam/MSV000086944_results_v4/second_pass_downstream/LysC_ETD/LysC_ETD_2pass_results/HUVEC_LysC_ETD/interact-20151220_alr_CompleteHumanProteome_HUVEC_LysC_ETD_fr7_sub.pep.xml"
time="20:01:37" level=info msg="Parsing /scratch/negishi/afarzam/MSV000086944_results_v4/second_pass_downstream/LysC_ETD/LysC_ETD_2pass_results/HUVEC_LysC_ETD/interact-20151128_alr_CompleteHumanProteome_HUVEC_ETD_LysC_fr2_sub.pep.xml"
time="20:01:37" level=info msg="Parsing /scratch/negishi/afarzam/MSV000086944_results_v4/second_pass_downstream/LysC_ETD/LysC_ETD_2pass_results/HUVEC_LysC_ETD/interact-20151220_alr_CompleteHumanProteome_HUVEC_LysC_ETD_fr6_sub.pep.xml"
time="20:01:37" level=info msg="Parsing /scratch/negishi/afarzam/MSV000086944_results_v4/second_pass_downstream/LysC_ETD/LysC_ETD_2pass_results/HUVEC_LysC_ETD/interact-HUVEC_LysC_ETD_30_sub.pep.xml"
time="20:01:37" level=info msg="Parsing /scratch/negishi/afarzam/MSV000086944_results_v4/second_pass_downstream/LysC_ETD/LysC_ETD_2pass_results/HUVEC_LysC_ETD/interact-20151220_alr_CompleteHumanProteome_HUVEC_LysC_ETD_fr19_sub.pep.xml"
time="20:01:37" level=info msg="Parsing /scratch/negishi/afarzam/MSV000086944_results_v4/second_pass_downstream/LysC_ETD/LysC_ETD_2pass_results/HUVEC_LysC_ETD/interact-HUVEC_LysC_ETD_26_sub.pep.xml"
time="20:01:37" level=warning msg="No PSM was found in data set. /scratch/negishi/afarzam/MSV000086944_results_v4/second_pass_downstream/LysC_ETD/LysC_ETD_2pass_results/HUVEC_LysC_ETD/interact-20151220_alr_CompleteHumanProteome_HUVEC_LysC_ETD_fr18_sub.pep.xml"
time="20:01:37" level=info msg="Parsing /scratch/negishi/afarzam/MSV000086944_results_v4/second_pass_downstream/LysC_ETD/LysC_ETD_2pass_results/HUVEC_LysC_ETD/interact-20151220_alr_CompleteHumanProteome_HUVEC_LysC_ETD_fr13_sub.pep.xml"
time="20:01:37" level=info msg="Parsing /scratch/negishi/afarzam/MSV000086944_results_v4/second_pass_downstream/LysC_ETD/LysC_ETD_2pass_results/HUVEC_LysC_ETD/interact-20151128_alr_CompleteHumanProteome_HUVEC_ETD_LysC_fr4_sub.pep.xml"
time="20:01:37" level=info msg="Parsing /scratch/negishi/afarzam/MSV000086944_results_v4/second_pass_downstream/LysC_ETD/LysC_ETD_2pass_results/HUVEC_LysC_ETD/interact-HUVEC_LysC_ETD_32_sub.pep.xml"
time="20:01:37" level=warning msg="No PSM was found in data set. /scratch/negishi/afarzam/MSV000086944_results_v4/second_pass_downstream/LysC_ETD/LysC_ETD_2pass_results/HUVEC_LysC_ETD/interact-20151220_alr_CompleteHumanProteome_HUVEC_LysC_ETD_fr11_sub.pep.xml"
time="20:01:37" level=info msg="Parsing /scratch/negishi/afarzam/MSV000086944_results_v4/second_pass_downstream/LysC_ETD/LysC_ETD_2pass_results/HUVEC_LysC_ETD/interact-20151220_alr_CompleteHumanProteome_HUVEC_LysC_ETD_fr9_sub.pep.xml"
time="20:01:37" level=info msg="Parsing /scratch/negishi/afarzam/MSV000086944_results_v4/second_pass_downstream/LysC_ETD/LysC_ETD_2pass_results/HUVEC_LysC_ETD/interact-20151220_alr_CompleteHumanProteome_HUVEC_LysC_ETD_fr14_sub.pep.xml"
time="20:01:37" level=info msg="Parsing /scratch/negishi/afarzam/MSV000086944_results_v4/second_pass_downstream/LysC_ETD/LysC_ETD_2pass_results/HUVEC_LysC_ETD/interact-HUVEC_LysC_ETD_29_sub.pep.xml"
time="20:01:37" level=info msg="Parsing /scratch/negishi/afarzam/MSV000086944_results_v4/second_pass_downstream/LysC_ETD/LysC_ETD_2pass_results/HUVEC_LysC_ETD/interact-20151220_alr_CompleteHumanProteome_HUVEC_LysC_ETD_fr8_sub.pep.xml"
time="20:01:37" level=info msg="Parsing /scratch/negishi/afarzam/MSV000086944_results_v4/second_pass_downstream/LysC_ETD/LysC_ETD_2pass_results/HUVEC_LysC_ETD/interact-20151220_alr_CompleteHumanProteome_HUVEC_LysC_ETD_fr16_sub.pep.xml"
time="20:01:37" level=info msg="Parsing /scratch/negishi/afarzam/MSV000086944_results_v4/second_pass_downstream/LysC_ETD/LysC_ETD_2pass_results/HUVEC_LysC_ETD/interact-HUVEC_LysC_ETD_31_sub.pep.xml"
time="20:01:37" level=warning msg="No PSM was found in data set. /scratch/negishi/afarzam/MSV000086944_results_v4/second_pass_downstream/LysC_ETD/LysC_ETD_2pass_results/HUVEC_LysC_ETD/interact-20151220_alr_CompleteHumanProteome_HUVEC_LysC_ETD_fr7_sub.pep.xml"
time="20:01:37" level=info msg="Parsing /scratch/negishi/afarzam/MSV000086944_results_v4/second_pass_downstream/LysC_ETD/LysC_ETD_2pass_results/HUVEC_LysC_ETD/interact-20151128_alr_CompleteHumanProteome_HUVEC_ETD_LysC_fr5_sub.pep.xml"
time="20:01:37" level=info msg="Parsing /scratch/negishi/afarzam/MSV000086944_results_v4/second_pass_downstream/LysC_ETD/LysC_ETD_2pass_results/HUVEC_LysC_ETD/interact-20151220_alr_CompleteHumanProteome_HUVEC_LysC_ETD_fr15_sub.pep.xml"
time="20:01:37" level=warning msg="No PSM was found in data set. /scratch/negishi/afarzam/MSV000086944_results_v4/second_pass_downstream/LysC_ETD/LysC_ETD_2pass_results/HUVEC_LysC_ETD/interact-20151220_alr_CompleteHumanProteome_HUVEC_LysC_ETD_fr14_sub.pep.xml"
time="20:01:37" level=info msg="Parsing /scratch/negishi/afarzam/MSV000086944_results_v4/second_pass_downstream/LysC_ETD/LysC_ETD_2pass_results/HUVEC_LysC_ETD/interact-20151220_alr_CompleteHumanProteome_HUVEC_LysC_ETD_fr8_151220194738_sub.pep.xml"
time="20:01:37" level=info msg="Parsing /scratch/negishi/afarzam/MSV000086944_results_v4/second_pass_downstream/LysC_ETD/LysC_ETD_2pass_results/HUVEC_LysC_ETD/interact-20151220_alr_CompleteHumanProteome_HUVEC_LysC_ETD_fr10_sub.pep.xml"
time="20:01:37" level=info msg="Parsing /scratch/negishi/afarzam/MSV000086944_results_v4/second_pass_downstream/LysC_ETD/LysC_ETD_2pass_results/HUVEC_LysC_ETD/interact-20151220_alr_CompleteHumanProteome_HUVEC_LysC_ETD_fr21_sub.pep.xml"
time="20:01:37" level=info msg="Parsing /scratch/negishi/afarzam/MSV000086944_results_v4/second_pass_downstream/LysC_ETD/LysC_ETD_2pass_results/HUVEC_LysC_ETD/interact-20151220_alr_CompleteHumanProteome_HUVEC_LysC_ETD_fr20_sub.pep.xml"
time="20:01:37" level=info msg="Parsing /scratch/negishi/afarzam/MSV000086944_results_v4/second_pass_downstream/LysC_ETD/LysC_ETD_2pass_results/HUVEC_LysC_ETD/interact-HUVEC_LysC_ETD_33_sub.pep.xml"
time="20:01:37" level=info msg="Parsing /scratch/negishi/afarzam/MSV000086944_results_v4/second_pass_downstream/LysC_ETD/LysC_ETD_2pass_results/HUVEC_LysC_ETD/interact-HUVEC_LysC_ETD_28_sub.pep.xml"
time="20:01:37" level=info msg="Parsing /scratch/negishi/afarzam/MSV000086944_results_v4/second_pass_downstream/LysC_ETD/LysC_ETD_2pass_results/HUVEC_LysC_ETD/interact-HUVEC_LysC_ETD_27_sub.pep.xml"
time="20:01:37" level=warning msg="No PSM was found in data set. /scratch/negishi/afarzam/MSV000086944_results_v4/second_pass_downstream/LysC_ETD/LysC_ETD_2pass_results/HUVEC_LysC_ETD/interact-20151220_alr_CompleteHumanProteome_HUVEC_LysC_ETD_fr6_sub.pep.xml"
time="20:01:37" level=info msg="Parsing /scratch/negishi/afarzam/MSV000086944_results_v4/second_pass_downstream/LysC_ETD/LysC_ETD_2pass_results/HUVEC_LysC_ETD/interact-20151128_alr_CompleteHumanProteome_HUVEC_ETD_LysC_fr3_sub.pep.xml"
time="20:01:37" level=warning msg="No PSM was found in data set. /scratch/negishi/afarzam/MSV000086944_results_v4/second_pass_downstream/LysC_ETD/LysC_ETD_2pass_results/HUVEC_LysC_ETD/interact-20151220_alr_CompleteHumanProteome_HUVEC_LysC_ETD_fr15_sub.pep.xml"
time="20:01:37" level=info msg="Parsing /scratch/negishi/afarzam/MSV000086944_results_v4/second_pass_downstream/LysC_ETD/LysC_ETD_2pass_results/HUVEC_LysC_ETD/interact-20151220_alr_CompleteHumanProteome_HUVEC_LysC_ETD_fr17_sub.pep.xml"
time="20:01:37" level=info msg="Parsing /scratch/negishi/afarzam/MSV000086944_results_v4/second_pass_downstream/LysC_ETD/LysC_ETD_2pass_results/HUVEC_LysC_ETD/interact-20151220_alr_CompleteHumanProteome_HUVEC_LysC_ETD_fr9_151220213104_sub.pep.xml"
time="20:01:37" level=warning msg="No PSM was found in data set. /scratch/negishi/afarzam/MSV000086944_results_v4/second_pass_downstream/LysC_ETD/LysC_ETD_2pass_results/HUVEC_LysC_ETD/interact-20151128_alr_CompleteHumanProteome_HUVEC_ETD_LysC_fr4_sub.pep.xml"
time="20:01:37" level=info msg="Parsing /scratch/negishi/afarzam/MSV000086944_results_v4/second_pass_downstream/LysC_ETD/LysC_ETD_2pass_results/HUVEC_LysC_ETD/interact-20151220_alr_CompleteHumanProteome_HUVEC_LysC_ETD_fr22_sub.pep.xml"
time="20:01:37" level=info msg="Parsing /scratch/negishi/afarzam/MSV000086944_results_v4/second_pass_downstream/LysC_ETD/LysC_ETD_2pass_results/HUVEC_LysC_ETD/interact-HUVEC_LysC_ETD_34_sub.pep.xml"
time="20:01:37" level=warning msg="No PSM was found in data set. /scratch/negishi/afarzam/MSV000086944_results_v4/second_pass_downstream/LysC_ETD/LysC_ETD_2pass_results/HUVEC_LysC_ETD/interact-20151220_alr_CompleteHumanProteome_HUVEC_LysC_ETD_fr17_sub.pep.xml"
time="20:01:38" level=info msg="1+ Charge profile" decoy=0 target=0
time="20:01:38" level=info msg="2+ Charge profile" decoy=22 target=106
time="20:01:38" level=info msg="3+ Charge profile" decoy=30 target=107
time="20:01:38" level=info msg="4+ Charge profile" decoy=18 target=63
time="20:01:38" level=info msg="5+ Charge profile" decoy=16 target=26
time="20:01:38" level=info msg="6+ Charge profile" decoy=7 target=8
time="20:01:38" level=info msg="Database search results" ions=306 peptides=300 psms=403
time="20:01:38" level=info msg="Converged to 0.00 % FDR with 32 PSMs" decoy=0 threshold=0.827215 total=32
time="20:01:38" level=info msg="Converged to 0.00 % FDR with 18 Peptides" decoy=0 threshold=0.831966 total=18
time="20:01:38" level=info msg="Converged to 0.00 % FDR with 18 Ions" decoy=0 threshold=0.831966 total=18
time="20:01:38" level=info msg="Protein inference results" decoy=868 target=1459
time="20:01:38" level=info msg="Converged to 0.00 % FDR with 41 Proteins" decoy=0 threshold=0.935 total=41
time="20:01:38" level=info msg="Applying sequential FDR estimation" ions=8 peptides=8 psms=21
time="20:01:38" level=info msg="Converged to 0.00 % FDR with 20 PSMs" decoy=0 threshold=0.83009 total=20
time="20:01:38" level=info msg="Converged to 0.00 % FDR with 7 Peptides" decoy=0 threshold=0.84364 total=7
time="20:01:38" level=info msg="Converged to 0.00 % FDR with 7 Ions" decoy=0 threshold=0.84364 total=7
time="20:01:38" level=info msg="Post processing identifications"
time="20:01:38" level=info msg="Assigning protein identifications to layers"
time="20:01:39" level=info msg="Processing protein inference"
time="20:01:39" level=info msg="Synchronizing PSMs and proteins"
time="20:01:39" level=info msg="Final report numbers after FDR filtering, and post-processing" ions=7 peptides=7 proteins=6 psms=20
time="20:01:39" level=info msg=Saving
time="20:01:39" level=info msg=Done
