time="09:55:36" level=info msg="Executing Filter  v5.1.2"
time="09:55:36" level=info msg="Processing peptide identification files"
time="09:55:36" level=info msg="Parsing /scratch/negishi/afarzam/MSV000086944_results_v4/second_pass_upstream/LysC_ETD/LysC_ETD_2pass_results/GM12878_LysC_ETD/interact-20150104_alr_CompleteHumanProteome_GM12878_ETD_LysC_fr9_sub.pep.xml"
time="09:55:36" level=info msg="Parsing /scratch/negishi/afarzam/MSV000086944_results_v4/second_pass_upstream/LysC_ETD/LysC_ETD_2pass_results/GM12878_LysC_ETD/interact-20150104_alr_CompleteHumanProteome_GM12878_ETD_LysC_fr12_sub.pep.xml"
time="09:55:36" level=info msg="Parsing /scratch/negishi/afarzam/MSV000086944_results_v4/second_pass_upstream/LysC_ETD/LysC_ETD_2pass_results/GM12878_LysC_ETD/interact-20150104_alr_CompleteHumanProteome_GM12878_ETD_LysC_fr19_sub.pep.xml"
time="09:55:36" level=info msg="Parsing /scratch/negishi/afarzam/MSV000086944_results_v4/second_pass_upstream/LysC_ETD/LysC_ETD_2pass_results/GM12878_LysC_ETD/interact-20150104_alr_CompleteHumanProteome_GM12878_ETD_LysC_fr18_sub.pep.xml"
time="09:55:36" level=info msg="Parsing /scratch/negishi/afarzam/MSV000086944_results_v4/second_pass_upstream/LysC_ETD/LysC_ETD_2pass_results/GM12878_LysC_ETD/interact-20150104_alr_CompleteHumanProteome_GM12878_ETD_LysC_fr33_sub.pep.xml"
time="09:55:36" level=info msg="Parsing /scratch/negishi/afarzam/MSV000086944_results_v4/second_pass_upstream/LysC_ETD/LysC_ETD_2pass_results/GM12878_LysC_ETD/interact-20150104_alr_CompleteHumanProteome_GM12878_ETD_LysC_fr4_151106091102_sub.pep.xml"
time="09:55:36" level=info msg="Parsing /scratch/negishi/afarzam/MSV000086944_results_v4/second_pass_upstream/LysC_ETD/LysC_ETD_2pass_results/GM12878_LysC_ETD/interact-20150104_alr_CompleteHumanProteome_GM12878_ETD_LysC_fr15_sub.pep.xml"
time="09:55:36" level=info msg="Parsing /scratch/negishi/afarzam/MSV000086944_results_v4/second_pass_upstream/LysC_ETD/LysC_ETD_2pass_results/GM12878_LysC_ETD/interact-20150104_alr_CompleteHumanProteome_GM12878_ETD_LysC_fr17_sub.pep.xml"
time="09:55:36" level=info msg="Parsing /scratch/negishi/afarzam/MSV000086944_results_v4/second_pass_upstream/LysC_ETD/LysC_ETD_2pass_results/GM12878_LysC_ETD/interact-20150104_alr_CompleteHumanProteome_GM12878_ETD_LysC_fr18_151109114241_sub.pep.xml"
time="09:55:36" level=info msg="Parsing /scratch/negishi/afarzam/MSV000086944_results_v4/second_pass_upstream/LysC_ETD/LysC_ETD_2pass_results/GM12878_LysC_ETD/interact-20150104_alr_CompleteHumanProteome_GM12878_ETD_LysC_fr35_sub.pep.xml"
time="09:55:36" level=info msg="Parsing /scratch/negishi/afarzam/MSV000086944_results_v4/second_pass_upstream/LysC_ETD/LysC_ETD_2pass_results/GM12878_LysC_ETD/interact-20150104_alr_CompleteHumanProteome_GM12878_ETD_LysC_fr16_151106153940_sub.pep.xml"
time="09:55:36" level=info msg="Parsing /scratch/negishi/afarzam/MSV000086944_results_v4/second_pass_upstream/LysC_ETD/LysC_ETD_2pass_results/GM12878_LysC_ETD/interact-20150104_alr_CompleteHumanProteome_GM12878_ETD_LysC_fr29_sub.pep.xml"
time="09:55:36" level=info msg="Parsing /scratch/negishi/afarzam/MSV000086944_results_v4/second_pass_upstream/LysC_ETD/LysC_ETD_2pass_results/GM12878_LysC_ETD/interact-20150104_alr_CompleteHumanProteome_GM12878_ETD_LysC_fr6_sub.pep.xml"
time="09:55:36" level=info msg="Parsing /scratch/negishi/afarzam/MSV000086944_results_v4/second_pass_upstream/LysC_ETD/LysC_ETD_2pass_results/GM12878_LysC_ETD/interact-20150104_alr_CompleteHumanProteome_GM12878_ETD_LysC_fr3_sub.pep.xml"
time="09:55:36" level=info msg="Parsing /scratch/negishi/afarzam/MSV000086944_results_v4/second_pass_upstream/LysC_ETD/LysC_ETD_2pass_results/GM12878_LysC_ETD/interact-20150104_alr_CompleteHumanProteome_GM12878_ETD_LysC_fr7_sub.pep.xml"
time="09:55:36" level=info msg="Parsing /scratch/negishi/afarzam/MSV000086944_results_v4/second_pass_upstream/LysC_ETD/LysC_ETD_2pass_results/GM12878_LysC_ETD/interact-20150104_alr_CompleteHumanProteome_GM12878_ETD_LysC_fr13_sub.pep.xml"
time="09:55:36" level=info msg="Parsing /scratch/negishi/afarzam/MSV000086944_results_v4/second_pass_upstream/LysC_ETD/LysC_ETD_2pass_results/GM12878_LysC_ETD/interact-20150104_alr_CompleteHumanProteome_GM12878_ETD_LysC_fr14_sub.pep.xml"
time="09:55:36" level=info msg="Parsing /scratch/negishi/afarzam/MSV000086944_results_v4/second_pass_upstream/LysC_ETD/LysC_ETD_2pass_results/GM12878_LysC_ETD/interact-20150104_alr_CompleteHumanProteome_GM12878_ETD_LysC_fr30_sub.pep.xml"
time="09:55:36" level=info msg="Parsing /scratch/negishi/afarzam/MSV000086944_results_v4/second_pass_upstream/LysC_ETD/LysC_ETD_2pass_results/GM12878_LysC_ETD/interact-20150104_alr_CompleteHumanProteome_GM12878_ETD_LysC_fr25_sub.pep.xml"
time="09:55:36" level=info msg="Parsing /scratch/negishi/afarzam/MSV000086944_results_v4/second_pass_upstream/LysC_ETD/LysC_ETD_2pass_results/GM12878_LysC_ETD/interact-20150104_alr_CompleteHumanProteome_GM12878_ETD_LysC_fr20_sub.pep.xml"
time="09:55:36" level=info msg="Parsing /scratch/negishi/afarzam/MSV000086944_results_v4/second_pass_upstream/LysC_ETD/LysC_ETD_2pass_results/GM12878_LysC_ETD/interact-20150104_alr_CompleteHumanProteome_GM12878_ETD_LysC_fr10_sub.pep.xml"
time="09:55:36" level=info msg="Parsing /scratch/negishi/afarzam/MSV000086944_results_v4/second_pass_upstream/LysC_ETD/LysC_ETD_2pass_results/GM12878_LysC_ETD/interact-20150104_alr_CompleteHumanProteome_GM12878_ETD_LysC_fr26_sub.pep.xml"
time="09:55:36" level=info msg="Parsing /scratch/negishi/afarzam/MSV000086944_results_v4/second_pass_upstream/LysC_ETD/LysC_ETD_2pass_results/GM12878_LysC_ETD/interact-20150104_alr_CompleteHumanProteome_GM12878_ETD_LysC_fr32_sub.pep.xml"
time="09:55:36" level=info msg="Parsing /scratch/negishi/afarzam/MSV000086944_results_v4/second_pass_upstream/LysC_ETD/LysC_ETD_2pass_results/GM12878_LysC_ETD/interact-20150104_alr_CompleteHumanProteome_GM12878_ETD_LysC_fr34_sub.pep.xml"
time="09:55:36" level=info msg="Parsing /scratch/negishi/afarzam/MSV000086944_results_v4/second_pass_upstream/LysC_ETD/LysC_ETD_2pass_results/GM12878_LysC_ETD/interact-20150104_alr_CompleteHumanProteome_GM12878_ETD_LysC_fr21_sub.pep.xml"
time="09:55:36" level=warning msg="No PSM was found in data set. /scratch/negishi/afarzam/MSV000086944_results_v4/second_pass_upstream/LysC_ETD/LysC_ETD_2pass_results/GM12878_LysC_ETD/interact-20150104_alr_CompleteHumanProteome_GM12878_ETD_LysC_fr17_sub.pep.xml"
time="09:55:36" level=info msg="Parsing /scratch/negishi/afarzam/MSV000086944_results_v4/second_pass_upstream/LysC_ETD/LysC_ETD_2pass_results/GM12878_LysC_ETD/interact-20150104_alr_CompleteHumanProteome_GM12878_ETD_LysC_fr11_sub.pep.xml"
time="09:55:36" level=info msg="Parsing /scratch/negishi/afarzam/MSV000086944_results_v4/second_pass_upstream/LysC_ETD/LysC_ETD_2pass_results/GM12878_LysC_ETD/interact-20150104_alr_CompleteHumanProteome_GM12878_ETD_LysC_fr22_sub.pep.xml"
time="09:55:36" level=warning msg="No PSM was found in data set. /scratch/negishi/afarzam/MSV000086944_results_v4/second_pass_upstream/LysC_ETD/LysC_ETD_2pass_results/GM12878_LysC_ETD/interact-20150104_alr_CompleteHumanProteome_GM12878_ETD_LysC_fr18_151109114241_sub.pep.xml"
time="09:55:36" level=info msg="Parsing /scratch/negishi/afarzam/MSV000086944_results_v4/second_pass_upstream/LysC_ETD/LysC_ETD_2pass_results/GM12878_LysC_ETD/interact-20150104_alr_CompleteHumanProteome_GM12878_ETD_LysC_fr2_sub.pep.xml"
time="09:55:36" level=info msg="Parsing /scratch/negishi/afarzam/MSV000086944_results_v4/second_pass_upstream/LysC_ETD/LysC_ETD_2pass_results/GM12878_LysC_ETD/interact-20150104_alr_CompleteHumanProteome_GM12878_ETD_LysC_fr1_sub.pep.xml"
time="09:55:36" level=warning msg="No PSM was found in data set. /scratch/negishi/afarzam/MSV000086944_results_v4/second_pass_upstream/LysC_ETD/LysC_ETD_2pass_results/GM12878_LysC_ETD/interact-20150104_alr_CompleteHumanProteome_GM12878_ETD_LysC_fr30_sub.pep.xml"
time="09:55:36" level=info msg="Parsing /scratch/negishi/afarzam/MSV000086944_results_v4/second_pass_upstream/LysC_ETD/LysC_ETD_2pass_results/GM12878_LysC_ETD/interact-20150104_alr_CompleteHumanProteome_GM12878_ETD_LysC_fr28_sub.pep.xml"
time="09:55:36" level=info msg="Parsing /scratch/negishi/afarzam/MSV000086944_results_v4/second_pass_upstream/LysC_ETD/LysC_ETD_2pass_results/GM12878_LysC_ETD/interact-20150104_alr_CompleteHumanProteome_GM12878_ETD_LysC_fr24_sub.pep.xml"
time="09:55:36" level=info msg="Parsing /scratch/negishi/afarzam/MSV000086944_results_v4/second_pass_upstream/LysC_ETD/LysC_ETD_2pass_results/GM12878_LysC_ETD/interact-20150104_alr_CompleteHumanProteome_GM12878_ETD_LysC_fr23_sub.pep.xml"
time="09:55:36" level=info msg="Parsing /scratch/negishi/afarzam/MSV000086944_results_v4/second_pass_upstream/LysC_ETD/LysC_ETD_2pass_results/GM12878_LysC_ETD/interact-20150104_alr_CompleteHumanProteome_GM12878_ETD_LysC_fr8_sub.pep.xml"
time="09:55:36" level=info msg="Parsing /scratch/negishi/afarzam/MSV000086944_results_v4/second_pass_upstream/LysC_ETD/LysC_ETD_2pass_results/GM12878_LysC_ETD/interact-20150104_alr_CompleteHumanProteome_GM12878_ETD_LysC_fr31_sub.pep.xml"
time="09:55:36" level=info msg="Parsing /scratch/negishi/afarzam/MSV000086944_results_v4/second_pass_upstream/LysC_ETD/LysC_ETD_2pass_results/GM12878_LysC_ETD/interact-20150104_alr_CompleteHumanProteome_GM12878_ETD_LysC_fr5_151106104700_sub.pep.xml"
time="09:55:36" level=info msg="Parsing /scratch/negishi/afarzam/MSV000086944_results_v4/second_pass_upstream/LysC_ETD/LysC_ETD_2pass_results/GM12878_LysC_ETD/interact-20150104_alr_CompleteHumanProteome_GM12878_ETD_LysC_fr29_151110044226_sub.pep.xml"
time="09:55:38" level=info msg="1+ Charge profile" decoy=0 target=0
time="09:55:38" level=info msg="2+ Charge profile" decoy=232 target=802
time="09:55:38" level=info msg="3+ Charge profile" decoy=192 target=505
time="09:55:38" level=info msg="4+ Charge profile" decoy=94 target=258
time="09:55:38" level=info msg="5+ Charge profile" decoy=65 target=156
time="09:55:38" level=info msg="6+ Charge profile" decoy=39 target=82
time="09:55:38" level=info msg="Database search results" ions=1933 peptides=1839 psms=2425
time="09:55:38" level=info msg="Converged to 0.00 % FDR with 36 PSMs" decoy=0 threshold=0.951903 total=36
time="09:55:38" level=info msg="Converged to 0.00 % FDR with 21 Peptides" decoy=0 threshold=0.951903 total=21
time="09:55:38" level=info msg="Converged to 0.00 % FDR with 25 Ions" decoy=0 threshold=0.951903 total=25
time="09:55:38" level=info msg="Protein inference results" decoy=1857 target=2626
time="09:55:38" level=info msg="Converged to 0.00 % FDR with 38 Proteins" decoy=0 threshold=0.9707 total=38
time="09:55:38" level=info msg="Applying sequential FDR estimation" ions=18 peptides=14 psms=28
time="09:55:38" level=info msg="Converged to 0.00 % FDR with 27 PSMs" decoy=0 threshold=0.964553 total=27
time="09:55:38" level=info msg="Converged to 0.00 % FDR with 13 Peptides" decoy=0 threshold=0.97248 total=13
time="09:55:38" level=info msg="Converged to 0.00 % FDR with 17 Ions" decoy=0 threshold=0.96646 total=17
time="09:55:38" level=info msg="Post processing identifications"
time="09:55:38" level=info msg="Assigning protein identifications to layers"
time="09:55:38" level=info msg="Processing protein inference"
time="09:55:39" level=info msg="Synchronizing PSMs and proteins"
time="09:55:39" level=info msg="Final report numbers after FDR filtering, and post-processing" ions=17 peptides=13 proteins=13 psms=27
time="09:55:39" level=info msg=Saving
time="09:55:39" level=info msg=Done
