time="06:41:43" level=info msg="Executing Filter  v5.1.2"
time="06:41:43" level=info msg="Fetching protein inference from /scratch/negishi/afarzam/MSV000086944_results_v4/second_pass_upstream/Chymo_CAD/Chymo_CAD_2pass_results/GM12878_Chymo_CAD"
time="06:41:44" level=info msg="Processing peptide identification files"
time="06:41:45" level=info msg="Parsing /scratch/negishi/afarzam/MSV000086944_results_v4/second_pass_upstream/Chymo_CAD/Chymo_CAD_2pass_results/GM12878_Chymo_HCD/interact-GM12878_chymo_11_140924142641_sub.pep.xml"
time="06:41:45" level=info msg="Parsing /scratch/negishi/afarzam/MSV000086944_results_v4/second_pass_upstream/Chymo_CAD/Chymo_CAD_2pass_results/GM12878_Chymo_HCD/interact-GM12878_chymo_16_sub.pep.xml"
time="06:41:45" level=info msg="Parsing /scratch/negishi/afarzam/MSV000086944_results_v4/second_pass_upstream/Chymo_CAD/Chymo_CAD_2pass_results/GM12878_Chymo_HCD/interact-GM12878_chymo_13_sub.pep.xml"
time="06:41:45" level=info msg="Parsing /scratch/negishi/afarzam/MSV000086944_results_v4/second_pass_upstream/Chymo_CAD/Chymo_CAD_2pass_results/GM12878_Chymo_HCD/interact-GM12878_chymo_4_sub.pep.xml"
time="06:41:45" level=info msg="Parsing /scratch/negishi/afarzam/MSV000086944_results_v4/second_pass_upstream/Chymo_CAD/Chymo_CAD_2pass_results/GM12878_Chymo_HCD/interact-GM12878_chymo_29_sub.pep.xml"
time="06:41:45" level=info msg="Parsing /scratch/negishi/afarzam/MSV000086944_results_v4/second_pass_upstream/Chymo_CAD/Chymo_CAD_2pass_results/GM12878_Chymo_HCD/interact-GM12878_chymo_14_sub.pep.xml"
time="06:41:45" level=info msg="Parsing /scratch/negishi/afarzam/MSV000086944_results_v4/second_pass_upstream/Chymo_CAD/Chymo_CAD_2pass_results/GM12878_Chymo_HCD/interact-GM12878_chymo_1_sub.pep.xml"
time="06:41:45" level=info msg="Parsing /scratch/negishi/afarzam/MSV000086944_results_v4/second_pass_upstream/Chymo_CAD/Chymo_CAD_2pass_results/GM12878_Chymo_HCD/interact-GM12878_chymo_21_sub.pep.xml"
time="06:41:45" level=info msg="Parsing /scratch/negishi/afarzam/MSV000086944_results_v4/second_pass_upstream/Chymo_CAD/Chymo_CAD_2pass_results/GM12878_Chymo_HCD/interact-GM12878_chymo_33_sub.pep.xml"
time="06:41:45" level=info msg="Parsing /scratch/negishi/afarzam/MSV000086944_results_v4/second_pass_upstream/Chymo_CAD/Chymo_CAD_2pass_results/GM12878_Chymo_HCD/interact-GM12878_chymo_11_sub.pep.xml"
time="06:41:45" level=info msg="Parsing /scratch/negishi/afarzam/MSV000086944_results_v4/second_pass_upstream/Chymo_CAD/Chymo_CAD_2pass_results/GM12878_Chymo_HCD/interact-GM12878_chymo_2_sub.pep.xml"
time="06:41:45" level=info msg="Parsing /scratch/negishi/afarzam/MSV000086944_results_v4/second_pass_upstream/Chymo_CAD/Chymo_CAD_2pass_results/GM12878_Chymo_HCD/interact-GM12878_chymo_30_sub.pep.xml"
time="06:41:45" level=info msg="Parsing /scratch/negishi/afarzam/MSV000086944_results_v4/second_pass_upstream/Chymo_CAD/Chymo_CAD_2pass_results/GM12878_Chymo_HCD/interact-GM12878_chymo_10_sub.pep.xml"
time="06:41:45" level=info msg="Parsing /scratch/negishi/afarzam/MSV000086944_results_v4/second_pass_upstream/Chymo_CAD/Chymo_CAD_2pass_results/GM12878_Chymo_HCD/interact-GM12878_chymo_24_sub.pep.xml"
time="06:41:45" level=info msg="Parsing /scratch/negishi/afarzam/MSV000086944_results_v4/second_pass_upstream/Chymo_CAD/Chymo_CAD_2pass_results/GM12878_Chymo_HCD/interact-GM12878_chymo_12_sub.pep.xml"
time="06:41:45" level=info msg="Parsing /scratch/negishi/afarzam/MSV000086944_results_v4/second_pass_upstream/Chymo_CAD/Chymo_CAD_2pass_results/GM12878_Chymo_HCD/interact-GM12878_chymo_18_sub.pep.xml"
time="06:41:45" level=info msg="Parsing /scratch/negishi/afarzam/MSV000086944_results_v4/second_pass_upstream/Chymo_CAD/Chymo_CAD_2pass_results/GM12878_Chymo_HCD/interact-GM12878_chymo_31_sub.pep.xml"
time="06:41:45" level=info msg="Parsing /scratch/negishi/afarzam/MSV000086944_results_v4/second_pass_upstream/Chymo_CAD/Chymo_CAD_2pass_results/GM12878_Chymo_HCD/interact-GM12878_chymo_19_sub.pep.xml"
time="06:41:45" level=info msg="Parsing /scratch/negishi/afarzam/MSV000086944_results_v4/second_pass_upstream/Chymo_CAD/Chymo_CAD_2pass_results/GM12878_Chymo_HCD/interact-GM12878_chymo_32_sub.pep.xml"
time="06:41:45" level=info msg="Parsing /scratch/negishi/afarzam/MSV000086944_results_v4/second_pass_upstream/Chymo_CAD/Chymo_CAD_2pass_results/GM12878_Chymo_HCD/interact-GM12878_chymo_17_sub.pep.xml"
time="06:41:45" level=warning msg="No PSM was found in data set. /scratch/negishi/afarzam/MSV000086944_results_v4/second_pass_upstream/Chymo_CAD/Chymo_CAD_2pass_results/GM12878_Chymo_HCD/interact-GM12878_chymo_1_sub.pep.xml"
time="06:41:45" level=info msg="Parsing /scratch/negishi/afarzam/MSV000086944_results_v4/second_pass_upstream/Chymo_CAD/Chymo_CAD_2pass_results/GM12878_Chymo_HCD/interact-GM12878_chymo_3_sub.pep.xml"
time="06:41:45" level=info msg="Parsing /scratch/negishi/afarzam/MSV000086944_results_v4/second_pass_upstream/Chymo_CAD/Chymo_CAD_2pass_results/GM12878_Chymo_HCD/interact-GM12878_chymo_26_sub.pep.xml"
time="06:41:45" level=info msg="Parsing /scratch/negishi/afarzam/MSV000086944_results_v4/second_pass_upstream/Chymo_CAD/Chymo_CAD_2pass_results/GM12878_Chymo_HCD/interact-GM12878_chymo_7_sub.pep.xml"
time="06:41:45" level=info msg="Parsing /scratch/negishi/afarzam/MSV000086944_results_v4/second_pass_upstream/Chymo_CAD/Chymo_CAD_2pass_results/GM12878_Chymo_HCD/interact-GM12878_chymo_27_sub.pep.xml"
time="06:41:45" level=info msg="Parsing /scratch/negishi/afarzam/MSV000086944_results_v4/second_pass_upstream/Chymo_CAD/Chymo_CAD_2pass_results/GM12878_Chymo_HCD/interact-GM12878_chymo_27_140926165058_sub.pep.xml"
time="06:41:45" level=warning msg="No PSM was found in data set. /scratch/negishi/afarzam/MSV000086944_results_v4/second_pass_upstream/Chymo_CAD/Chymo_CAD_2pass_results/GM12878_Chymo_HCD/interact-GM12878_chymo_24_sub.pep.xml"
time="06:41:45" level=info msg="Parsing /scratch/negishi/afarzam/MSV000086944_results_v4/second_pass_upstream/Chymo_CAD/Chymo_CAD_2pass_results/GM12878_Chymo_HCD/interact-GM12878_chymo_25_sub.pep.xml"
time="06:41:45" level=info msg="Parsing /scratch/negishi/afarzam/MSV000086944_results_v4/second_pass_upstream/Chymo_CAD/Chymo_CAD_2pass_results/GM12878_Chymo_HCD/interact-GM12878_chymo_26_140926145859_sub.pep.xml"
time="06:41:45" level=info msg="Parsing /scratch/negishi/afarzam/MSV000086944_results_v4/second_pass_upstream/Chymo_CAD/Chymo_CAD_2pass_results/GM12878_Chymo_HCD/interact-GM12878_chymo_23_sub.pep.xml"
time="06:41:45" level=info msg="Parsing /scratch/negishi/afarzam/MSV000086944_results_v4/second_pass_upstream/Chymo_CAD/Chymo_CAD_2pass_results/GM12878_Chymo_HCD/interact-GM12878_chymo_20_sub.pep.xml"
time="06:41:45" level=info msg="Parsing /scratch/negishi/afarzam/MSV000086944_results_v4/second_pass_upstream/Chymo_CAD/Chymo_CAD_2pass_results/GM12878_Chymo_HCD/interact-GM12878_chymo_25_140926130659_sub.pep.xml"
time="06:41:45" level=info msg="Parsing /scratch/negishi/afarzam/MSV000086944_results_v4/second_pass_upstream/Chymo_CAD/Chymo_CAD_2pass_results/GM12878_Chymo_HCD/interact-GM12878_chymo_9_sub.pep.xml"
time="06:41:45" level=info msg="Parsing /scratch/negishi/afarzam/MSV000086944_results_v4/second_pass_upstream/Chymo_CAD/Chymo_CAD_2pass_results/GM12878_Chymo_HCD/interact-GM12878_chymo_8_sub.pep.xml"
time="06:41:45" level=info msg="Parsing /scratch/negishi/afarzam/MSV000086944_results_v4/second_pass_upstream/Chymo_CAD/Chymo_CAD_2pass_results/GM12878_Chymo_HCD/interact-GM12878_chymo_6_sub.pep.xml"
time="06:41:45" level=info msg="Parsing /scratch/negishi/afarzam/MSV000086944_results_v4/second_pass_upstream/Chymo_CAD/Chymo_CAD_2pass_results/GM12878_Chymo_HCD/interact-GM12878_chymo_28_sub.pep.xml"
time="06:41:45" level=info msg="Parsing /scratch/negishi/afarzam/MSV000086944_results_v4/second_pass_upstream/Chymo_CAD/Chymo_CAD_2pass_results/GM12878_Chymo_HCD/interact-GM12878_chymo_35_2_sub.pep.xml"
time="06:41:45" level=info msg="Parsing /scratch/negishi/afarzam/MSV000086944_results_v4/second_pass_upstream/Chymo_CAD/Chymo_CAD_2pass_results/GM12878_Chymo_HCD/interact-GM12878_chymo_15_sub.pep.xml"
time="06:41:45" level=info msg="Parsing /scratch/negishi/afarzam/MSV000086944_results_v4/second_pass_upstream/Chymo_CAD/Chymo_CAD_2pass_results/GM12878_Chymo_HCD/interact-GM12878_chymo_35_sub.pep.xml"
time="06:41:45" level=info msg="Parsing /scratch/negishi/afarzam/MSV000086944_results_v4/second_pass_upstream/Chymo_CAD/Chymo_CAD_2pass_results/GM12878_Chymo_HCD/interact-GM12878_chymo_34_sub.pep.xml"
time="06:41:45" level=info msg="Parsing /scratch/negishi/afarzam/MSV000086944_results_v4/second_pass_upstream/Chymo_CAD/Chymo_CAD_2pass_results/GM12878_Chymo_HCD/interact-GM12878_chymo_5_sub.pep.xml"
time="06:41:49" level=info msg="1+ Charge profile" decoy=0 target=0
time="06:41:49" level=info msg="2+ Charge profile" decoy=120 target=630
time="06:41:49" level=info msg="3+ Charge profile" decoy=117 target=357
time="06:41:49" level=info msg="4+ Charge profile" decoy=21 target=113
time="06:41:49" level=info msg="5+ Charge profile" decoy=10 target=30
time="06:41:49" level=info msg="6+ Charge profile" decoy=6 target=11
time="06:41:49" level=info msg="Database search results" ions=1045 peptides=1001 psms=1423
time="06:41:49" level=info msg="Converged to 0.81 % FDR with 247 PSMs" decoy=2 threshold=0.881563 total=249
time="06:41:49" level=info msg="Converged to 0.00 % FDR with 36 Peptides" decoy=0 threshold=0.958641 total=36
time="06:41:49" level=info msg="Converged to 0.00 % FDR with 45 Ions" decoy=0 threshold=0.958641 total=45
time="06:41:49" level=info msg="Protein inference results" decoy=4548 target=6668
time="06:41:49" level=info msg="Converged to 0.88 % FDR with 114 Proteins" decoy=1 threshold=0.9911 total=115
time="06:41:49" level=info msg="Applying sequential FDR estimation" ions=61 peptides=46 psms=217
time="06:41:49" level=info msg="Converged to 0.00 % FDR with 216 PSMs" decoy=0 threshold=0.885155 total=216
time="06:41:49" level=info msg="Converged to 0.00 % FDR with 45 Peptides" decoy=0 threshold=0.901768 total=45
time="06:41:49" level=info msg="Converged to 0.00 % FDR with 60 Ions" decoy=0 threshold=0.889343 total=60
time="06:41:49" level=info msg="Post processing identifications"
time="06:41:49" level=info msg="Assigning protein identifications to layers"
time="06:41:50" level=info msg="Processing protein inference"
time="06:41:50" level=info msg="Synchronizing PSMs and proteins"
time="06:41:50" level=info msg="Final report numbers after FDR filtering, and post-processing" ions=60 peptides=45 proteins=21 psms=216
time="06:41:50" level=info msg=Saving
time="06:41:50" level=info msg=Done
