time="13:56:48" level=info msg="Executing Filter  v5.1.2"
time="13:56:48" level=info msg="Fetching protein inference from /scratch/negishi/afarzam/MSV000086944_results_v4/second_pass_upstream/Trypsin_CAD/Trypsin_CAD_2pass_results/GM12878"
time="13:56:49" level=info msg="Processing peptide identification files"
time="13:56:49" level=info msg="Parsing /scratch/negishi/afarzam/MSV000086944_results_v4/second_pass_upstream/Trypsin_CAD/Trypsin_CAD_2pass_results/HeLa/interact-HeLaS3_trypsin_11_sub.pep.xml"
time="13:56:49" level=info msg="Parsing /scratch/negishi/afarzam/MSV000086944_results_v4/second_pass_upstream/Trypsin_CAD/Trypsin_CAD_2pass_results/HeLa/interact-HeLaS3_trypsin_13_sub.pep.xml"
time="13:56:49" level=info msg="Parsing /scratch/negishi/afarzam/MSV000086944_results_v4/second_pass_upstream/Trypsin_CAD/Trypsin_CAD_2pass_results/HeLa/interact-HeLaS3_trypsin_12_sub.pep.xml"
time="13:56:49" level=info msg="Parsing /scratch/negishi/afarzam/MSV000086944_results_v4/second_pass_upstream/Trypsin_CAD/Trypsin_CAD_2pass_results/HeLa/interact-HeLaS3_trypsin_9_sub.pep.xml"
time="13:56:49" level=info msg="Parsing /scratch/negishi/afarzam/MSV000086944_results_v4/second_pass_upstream/Trypsin_CAD/Trypsin_CAD_2pass_results/HeLa/interact-HeLaS3_trypsin_35_sub.pep.xml"
time="13:56:49" level=info msg="Parsing /scratch/negishi/afarzam/MSV000086944_results_v4/second_pass_upstream/Trypsin_CAD/Trypsin_CAD_2pass_results/HeLa/interact-HeLaS3_trypsin_1_sub.pep.xml"
time="13:56:49" level=info msg="Parsing /scratch/negishi/afarzam/MSV000086944_results_v4/second_pass_upstream/Trypsin_CAD/Trypsin_CAD_2pass_results/HeLa/interact-HeLaS3_trypsin_27_sub.pep.xml"
time="13:56:49" level=info msg="Parsing /scratch/negishi/afarzam/MSV000086944_results_v4/second_pass_upstream/Trypsin_CAD/Trypsin_CAD_2pass_results/HeLa/interact-HeLaS3_trypsin_10_sub.pep.xml"
time="13:56:49" level=info msg="Parsing /scratch/negishi/afarzam/MSV000086944_results_v4/second_pass_upstream/Trypsin_CAD/Trypsin_CAD_2pass_results/HeLa/interact-HeLaS3_trypsin_3_sub.pep.xml"
time="13:56:49" level=info msg="Parsing /scratch/negishi/afarzam/MSV000086944_results_v4/second_pass_upstream/Trypsin_CAD/Trypsin_CAD_2pass_results/HeLa/interact-HeLaS3_trypsin_4_sub.pep.xml"
time="13:56:49" level=info msg="Parsing /scratch/negishi/afarzam/MSV000086944_results_v4/second_pass_upstream/Trypsin_CAD/Trypsin_CAD_2pass_results/HeLa/interact-HeLaS3_trypsin_20_sub.pep.xml"
time="13:56:49" level=info msg="Parsing /scratch/negishi/afarzam/MSV000086944_results_v4/second_pass_upstream/Trypsin_CAD/Trypsin_CAD_2pass_results/HeLa/interact-HeLaS3_trypsin_19_140824180249_sub.pep.xml"
time="13:56:49" level=info msg="Parsing /scratch/negishi/afarzam/MSV000086944_results_v4/second_pass_upstream/Trypsin_CAD/Trypsin_CAD_2pass_results/HeLa/interact-HeLaS3_trypsin_5_sub.pep.xml"
time="13:56:49" level=info msg="Parsing /scratch/negishi/afarzam/MSV000086944_results_v4/second_pass_upstream/Trypsin_CAD/Trypsin_CAD_2pass_results/HeLa/interact-HeLaS3_trypsin_21_sub.pep.xml"
time="13:56:49" level=info msg="Parsing /scratch/negishi/afarzam/MSV000086944_results_v4/second_pass_upstream/Trypsin_CAD/Trypsin_CAD_2pass_results/HeLa/interact-HeLaS3_trypsin_17_sub.pep.xml"
time="13:56:49" level=info msg="Parsing /scratch/negishi/afarzam/MSV000086944_results_v4/second_pass_upstream/Trypsin_CAD/Trypsin_CAD_2pass_results/HeLa/interact-HeLaS3_trypsin_18_140824160614_sub.pep.xml"
time="13:56:49" level=info msg="Parsing /scratch/negishi/afarzam/MSV000086944_results_v4/second_pass_upstream/Trypsin_CAD/Trypsin_CAD_2pass_results/HeLa/interact-HeLaS3_trypsin_32_sub.pep.xml"
time="13:56:49" level=info msg="Parsing /scratch/negishi/afarzam/MSV000086944_results_v4/second_pass_upstream/Trypsin_CAD/Trypsin_CAD_2pass_results/HeLa/interact-HeLaS3_trypsin_6_sub.pep.xml"
time="13:56:49" level=info msg="Parsing /scratch/negishi/afarzam/MSV000086944_results_v4/second_pass_upstream/Trypsin_CAD/Trypsin_CAD_2pass_results/HeLa/interact-HeLaS3_trypsin_22_sub.pep.xml"
time="13:56:49" level=info msg="Parsing /scratch/negishi/afarzam/MSV000086944_results_v4/second_pass_upstream/Trypsin_CAD/Trypsin_CAD_2pass_results/HeLa/interact-HeLaS3_trypsin_34_sub.pep.xml"
time="13:56:49" level=info msg="Parsing /scratch/negishi/afarzam/MSV000086944_results_v4/second_pass_upstream/Trypsin_CAD/Trypsin_CAD_2pass_results/HeLa/interact-HeLaS3_trypsin_23_sub.pep.xml"
time="13:56:49" level=info msg="Parsing /scratch/negishi/afarzam/MSV000086944_results_v4/second_pass_upstream/Trypsin_CAD/Trypsin_CAD_2pass_results/HeLa/interact-HeLaS3_trypsin_30_sub.pep.xml"
time="13:56:49" level=info msg="Parsing /scratch/negishi/afarzam/MSV000086944_results_v4/second_pass_upstream/Trypsin_CAD/Trypsin_CAD_2pass_results/HeLa/interact-HeLaS3_trypsin_31_sub.pep.xml"
time="13:56:49" level=info msg="Parsing /scratch/negishi/afarzam/MSV000086944_results_v4/second_pass_upstream/Trypsin_CAD/Trypsin_CAD_2pass_results/HeLa/interact-HeLaS3_trypsin_16_sub.pep.xml"
time="13:56:49" level=info msg="Parsing /scratch/negishi/afarzam/MSV000086944_results_v4/second_pass_upstream/Trypsin_CAD/Trypsin_CAD_2pass_results/HeLa/interact-HeLaS3_trypsin_25_sub.pep.xml"
time="13:56:49" level=info msg="Parsing /scratch/negishi/afarzam/MSV000086944_results_v4/second_pass_upstream/Trypsin_CAD/Trypsin_CAD_2pass_results/HeLa/interact-HeLaS3_trypsin_33_sub.pep.xml"
time="13:56:49" level=info msg="Parsing /scratch/negishi/afarzam/MSV000086944_results_v4/second_pass_upstream/Trypsin_CAD/Trypsin_CAD_2pass_results/HeLa/interact-HeLaS3_trypsin_7_sub.pep.xml"
time="13:56:49" level=info msg="Parsing /scratch/negishi/afarzam/MSV000086944_results_v4/second_pass_upstream/Trypsin_CAD/Trypsin_CAD_2pass_results/HeLa/interact-HeLaS3_trypsin_8_sub.pep.xml"
time="13:56:49" level=info msg="Parsing /scratch/negishi/afarzam/MSV000086944_results_v4/second_pass_upstream/Trypsin_CAD/Trypsin_CAD_2pass_results/HeLa/interact-HeLaS3_trypsin_26_140824140939_sub.pep.xml"
time="13:56:49" level=info msg="Parsing /scratch/negishi/afarzam/MSV000086944_results_v4/second_pass_upstream/Trypsin_CAD/Trypsin_CAD_2pass_results/HeLa/interact-HeLaS3_trypsin_29_sub.pep.xml"
time="13:56:49" level=info msg="Parsing /scratch/negishi/afarzam/MSV000086944_results_v4/second_pass_upstream/Trypsin_CAD/Trypsin_CAD_2pass_results/HeLa/interact-HeLaS3_trypsin_28_sub.pep.xml"
time="13:56:49" level=info msg="Parsing /scratch/negishi/afarzam/MSV000086944_results_v4/second_pass_upstream/Trypsin_CAD/Trypsin_CAD_2pass_results/HeLa/interact-HeLaS3_trypsin_14_sub.pep.xml"
time="13:56:49" level=info msg="Parsing /scratch/negishi/afarzam/MSV000086944_results_v4/second_pass_upstream/Trypsin_CAD/Trypsin_CAD_2pass_results/HeLa/interact-HeLaS3_trypsin_24_sub.pep.xml"
time="13:56:49" level=info msg="Parsing /scratch/negishi/afarzam/MSV000086944_results_v4/second_pass_upstream/Trypsin_CAD/Trypsin_CAD_2pass_results/HeLa/interact-HeLaS3_trypsin_2_sub.pep.xml"
time="13:56:49" level=info msg="Parsing /scratch/negishi/afarzam/MSV000086944_results_v4/second_pass_upstream/Trypsin_CAD/Trypsin_CAD_2pass_results/HeLa/interact-HeLaS3_trypsin_15_sub.pep.xml"
time="13:56:53" level=info msg="1+ Charge profile" decoy=0 target=0
time="13:56:53" level=info msg="2+ Charge profile" decoy=270 target=1259
time="13:56:53" level=info msg="3+ Charge profile" decoy=202 target=849
time="13:56:53" level=info msg="4+ Charge profile" decoy=65 target=221
time="13:56:53" level=info msg="5+ Charge profile" decoy=12 target=52
time="13:56:53" level=info msg="6+ Charge profile" decoy=5 target=13
time="13:56:53" level=info msg="Database search results" ions=2427 peptides=2320 psms=2975
time="13:56:53" level=info msg="Converged to 0.76 % FDR with 396 PSMs" decoy=3 threshold=0.956584 total=399
time="13:56:53" level=info msg="Converged to 0.78 % FDR with 256 Peptides" decoy=2 threshold=0.957197 total=258
time="13:56:53" level=info msg="Converged to 0.68 % FDR with 293 Ions" decoy=2 threshold=0.957197 total=295
time="13:56:53" level=info msg="Protein inference results" decoy=4130 target=5996
time="13:56:53" level=info msg="Converged to 0.97 % FDR with 310 Proteins" decoy=3 threshold=0.987 total=313
time="13:56:53" level=info msg="Applying sequential FDR estimation" ions=251 peptides=214 psms=351
time="13:56:53" level=info msg="Converged to 0.29 % FDR with 349 PSMs" decoy=1 threshold=0.957279 total=350
time="13:56:53" level=info msg="Converged to 0.47 % FDR with 212 Peptides" decoy=1 threshold=0.957279 total=213
time="13:56:53" level=info msg="Converged to 0.40 % FDR with 249 Ions" decoy=1 threshold=0.957279 total=250
time="13:56:53" level=info msg="Post processing identifications"
time="13:56:53" level=info msg="Assigning protein identifications to layers"
time="13:56:54" level=info msg="Processing protein inference"
time="13:56:54" level=info msg="Synchronizing PSMs and proteins"
time="13:56:54" level=info msg="Final report numbers after FDR filtering, and post-processing" ions=248 peptides=211 proteins=135 psms=348
time="13:56:54" level=info msg=Saving
time="13:56:54" level=info msg=Done
