time="16:31:27" level=info msg="Executing Filter  v5.1.2"
time="16:31:27" level=info msg="Fetching protein inference from /scratch/negishi/afarzam/MSV000086944_results_and_control_searches/second_pass_downstream_nozf/LysN_CAD/LysN_CAD_2pass_results/GM12878_LysN_HCD"
time="16:31:27" level=info msg="Processing peptide identification files"
time="16:31:27" level=info msg="Parsing /scratch/negishi/afarzam/MSV000086944_results_and_control_searches/second_pass_downstream_nozf/LysN_CAD/LysN_CAD_2pass_results/hESC_LysN_HCD/interact-LysN_hES_19_sub.pep.xml"
time="16:31:27" level=info msg="Parsing /scratch/negishi/afarzam/MSV000086944_results_and_control_searches/second_pass_downstream_nozf/LysN_CAD/LysN_CAD_2pass_results/hESC_LysN_HCD/interact-LysN_hES_9_sub.pep.xml"
time="16:31:27" level=info msg="Parsing /scratch/negishi/afarzam/MSV000086944_results_and_control_searches/second_pass_downstream_nozf/LysN_CAD/LysN_CAD_2pass_results/hESC_LysN_HCD/interact-LysN_hES_15_sub.pep.xml"
time="16:31:27" level=info msg="Parsing /scratch/negishi/afarzam/MSV000086944_results_and_control_searches/second_pass_downstream_nozf/LysN_CAD/LysN_CAD_2pass_results/hESC_LysN_HCD/interact-LysN_hES_17_sub.pep.xml"
time="16:31:27" level=info msg="Parsing /scratch/negishi/afarzam/MSV000086944_results_and_control_searches/second_pass_downstream_nozf/LysN_CAD/LysN_CAD_2pass_results/hESC_LysN_HCD/interact-LysN_hES_13_sub.pep.xml"
time="16:31:27" level=info msg="Parsing /scratch/negishi/afarzam/MSV000086944_results_and_control_searches/second_pass_downstream_nozf/LysN_CAD/LysN_CAD_2pass_results/hESC_LysN_HCD/interact-LysN_hES_18_sub.pep.xml"
time="16:31:27" level=info msg="Parsing /scratch/negishi/afarzam/MSV000086944_results_and_control_searches/second_pass_downstream_nozf/LysN_CAD/LysN_CAD_2pass_results/hESC_LysN_HCD/interact-LysN_hES_1_sub.pep.xml"
time="16:31:27" level=info msg="Parsing /scratch/negishi/afarzam/MSV000086944_results_and_control_searches/second_pass_downstream_nozf/LysN_CAD/LysN_CAD_2pass_results/hESC_LysN_HCD/interact-LysN_hES_14_sub.pep.xml"
time="16:31:27" level=info msg="Parsing /scratch/negishi/afarzam/MSV000086944_results_and_control_searches/second_pass_downstream_nozf/LysN_CAD/LysN_CAD_2pass_results/hESC_LysN_HCD/interact-LysN_hES_28_sub.pep.xml"
time="16:31:27" level=info msg="Parsing /scratch/negishi/afarzam/MSV000086944_results_and_control_searches/second_pass_downstream_nozf/LysN_CAD/LysN_CAD_2pass_results/hESC_LysN_HCD/interact-LysN_hES_29_sub.pep.xml"
time="16:31:27" level=info msg="Parsing /scratch/negishi/afarzam/MSV000086944_results_and_control_searches/second_pass_downstream_nozf/LysN_CAD/LysN_CAD_2pass_results/hESC_LysN_HCD/interact-LysN_hES_4_140705111901_sub.pep.xml"
time="16:31:27" level=warning msg="No PSM was found in data set. /scratch/negishi/afarzam/MSV000086944_results_and_control_searches/second_pass_downstream_nozf/LysN_CAD/LysN_CAD_2pass_results/hESC_LysN_HCD/interact-LysN_hES_9_sub.pep.xml"
time="16:31:27" level=info msg="Parsing /scratch/negishi/afarzam/MSV000086944_results_and_control_searches/second_pass_downstream_nozf/LysN_CAD/LysN_CAD_2pass_results/hESC_LysN_HCD/interact-LysN_hES_23_sub.pep.xml"
time="16:31:27" level=info msg="Parsing /scratch/negishi/afarzam/MSV000086944_results_and_control_searches/second_pass_downstream_nozf/LysN_CAD/LysN_CAD_2pass_results/hESC_LysN_HCD/interact-LysN_hES_16_sub.pep.xml"
time="16:31:27" level=info msg="Parsing /scratch/negishi/afarzam/MSV000086944_results_and_control_searches/second_pass_downstream_nozf/LysN_CAD/LysN_CAD_2pass_results/hESC_LysN_HCD/interact-LysN_hES_21_sub.pep.xml"
time="16:31:27" level=info msg="Parsing /scratch/negishi/afarzam/MSV000086944_results_and_control_searches/second_pass_downstream_nozf/LysN_CAD/LysN_CAD_2pass_results/hESC_LysN_HCD/interact-LysN_hES_22_sub.pep.xml"
time="16:31:27" level=info msg="Parsing /scratch/negishi/afarzam/MSV000086944_results_and_control_searches/second_pass_downstream_nozf/LysN_CAD/LysN_CAD_2pass_results/hESC_LysN_HCD/interact-LysN_hES_2_sub.pep.xml"
time="16:31:27" level=warning msg="No PSM was found in data set. /scratch/negishi/afarzam/MSV000086944_results_and_control_searches/second_pass_downstream_nozf/LysN_CAD/LysN_CAD_2pass_results/hESC_LysN_HCD/interact-LysN_hES_28_sub.pep.xml"
time="16:31:27" level=info msg="Parsing /scratch/negishi/afarzam/MSV000086944_results_and_control_searches/second_pass_downstream_nozf/LysN_CAD/LysN_CAD_2pass_results/hESC_LysN_HCD/interact-LysN_hES_3_sub.pep.xml"
time="16:31:27" level=info msg="Parsing /scratch/negishi/afarzam/MSV000086944_results_and_control_searches/second_pass_downstream_nozf/LysN_CAD/LysN_CAD_2pass_results/hESC_LysN_HCD/interact-LysN_hES_6_sub.pep.xml"
time="16:31:27" level=info msg="Parsing /scratch/negishi/afarzam/MSV000086944_results_and_control_searches/second_pass_downstream_nozf/LysN_CAD/LysN_CAD_2pass_results/hESC_LysN_HCD/interact-LysN_hES_5_sub.pep.xml"
time="16:31:27" level=info msg="Parsing /scratch/negishi/afarzam/MSV000086944_results_and_control_searches/second_pass_downstream_nozf/LysN_CAD/LysN_CAD_2pass_results/hESC_LysN_HCD/interact-LysN_hES_11_sub.pep.xml"
time="16:31:27" level=info msg="Parsing /scratch/negishi/afarzam/MSV000086944_results_and_control_searches/second_pass_downstream_nozf/LysN_CAD/LysN_CAD_2pass_results/hESC_LysN_HCD/interact-LysN_hES_7_sub.pep.xml"
time="16:31:27" level=info msg="Parsing /scratch/negishi/afarzam/MSV000086944_results_and_control_searches/second_pass_downstream_nozf/LysN_CAD/LysN_CAD_2pass_results/hESC_LysN_HCD/interact-LysN_hES_25_sub.pep.xml"
time="16:31:27" level=info msg="Parsing /scratch/negishi/afarzam/MSV000086944_results_and_control_searches/second_pass_downstream_nozf/LysN_CAD/LysN_CAD_2pass_results/hESC_LysN_HCD/interact-LysN_hES_24_sub.pep.xml"
time="16:31:27" level=info msg="Parsing /scratch/negishi/afarzam/MSV000086944_results_and_control_searches/second_pass_downstream_nozf/LysN_CAD/LysN_CAD_2pass_results/hESC_LysN_HCD/interact-LysN_hES_20_sub.pep.xml"
time="16:31:27" level=warning msg="No PSM was found in data set. /scratch/negishi/afarzam/MSV000086944_results_and_control_searches/second_pass_downstream_nozf/LysN_CAD/LysN_CAD_2pass_results/hESC_LysN_HCD/interact-LysN_hES_4_140705111901_sub.pep.xml"
time="16:31:27" level=info msg="Parsing /scratch/negishi/afarzam/MSV000086944_results_and_control_searches/second_pass_downstream_nozf/LysN_CAD/LysN_CAD_2pass_results/hESC_LysN_HCD/interact-LysN_hES_30_sub.pep.xml"
time="16:31:27" level=info msg="Parsing /scratch/negishi/afarzam/MSV000086944_results_and_control_searches/second_pass_downstream_nozf/LysN_CAD/LysN_CAD_2pass_results/hESC_LysN_HCD/interact-LysN_hES_26_sub.pep.xml"
time="16:31:27" level=info msg="Parsing /scratch/negishi/afarzam/MSV000086944_results_and_control_searches/second_pass_downstream_nozf/LysN_CAD/LysN_CAD_2pass_results/hESC_LysN_HCD/interact-LysN_hES_27_sub.pep.xml"
time="16:31:27" level=info msg="Parsing /scratch/negishi/afarzam/MSV000086944_results_and_control_searches/second_pass_downstream_nozf/LysN_CAD/LysN_CAD_2pass_results/hESC_LysN_HCD/interact-LysN_hES_8_sub.pep.xml"
time="16:31:28" level=info msg="1+ Charge profile" decoy=0 target=0
time="16:31:28" level=info msg="2+ Charge profile" decoy=28 target=141
time="16:31:28" level=info msg="3+ Charge profile" decoy=38 target=86
time="16:31:28" level=info msg="4+ Charge profile" decoy=8 target=77
time="16:31:28" level=info msg="5+ Charge profile" decoy=11 target=33
time="16:31:28" level=info msg="6+ Charge profile" decoy=1 target=7
time="16:31:28" level=info msg="Database search results" ions=341 peptides=331 psms=430
time="16:31:28" level=info msg="Converged to 0.00 % FDR with 32 PSMs" decoy=0 threshold=0.897166 total=32
time="16:31:28" level=info msg="Converged to 0.00 % FDR with 16 Peptides" decoy=0 threshold=0.897166 total=16
time="16:31:28" level=info msg="Converged to 0.00 % FDR with 17 Ions" decoy=0 threshold=0.897166 total=17
time="16:31:28" level=info msg="Protein inference results" decoy=542 target=1015
time="16:31:28" level=info msg="Converged to 0.00 % FDR with 24 Proteins" decoy=0 threshold=0.9694 total=24
time="16:31:28" level=info msg="Applying sequential FDR estimation" ions=9 peptides=8 psms=24
time="16:31:28" level=info msg="Converged to 0.00 % FDR with 23 PSMs" decoy=0 threshold=0.913569 total=23
time="16:31:28" level=info msg="Converged to 0.00 % FDR with 7 Peptides" decoy=0 threshold=0.918894 total=7
time="16:31:28" level=info msg="Converged to 0.00 % FDR with 8 Ions" decoy=0 threshold=0.918894 total=8
time="16:31:28" level=info msg="Post processing identifications"
time="16:31:28" level=info msg="Assigning protein identifications to layers"
time="16:31:28" level=info msg="Processing protein inference"
time="16:31:28" level=info msg="Synchronizing PSMs and proteins"
time="16:31:28" level=info msg="Final report numbers after FDR filtering, and post-processing" ions=8 peptides=7 proteins=6 psms=23
time="16:31:28" level=info msg=Saving
time="16:31:28" level=info msg=Done
