time="01:51:26" level=info msg="Executing Filter  v5.1.2"
time="01:51:26" level=info msg="Processing peptide identification files"
time="01:51:26" level=info msg="Parsing /scratch/negishi/afarzam/MSV000086944_results_v4/second_pass_upstream/AspN_ETD/AspN_ETD_2pass_results/GM12878_AspN_ETD/interact-20151114_alr_CompleteHumanProteome_GM12878_ETD_AspN_fr9_sub.pep.xml"
time="01:51:26" level=info msg="Parsing /scratch/negishi/afarzam/MSV000086944_results_v4/second_pass_upstream/AspN_ETD/AspN_ETD_2pass_results/GM12878_AspN_ETD/interact-20151114_alr_CompleteHumanProteome_GM12878_ETD_AspN_fr10_sub.pep.xml"
time="01:51:26" level=info msg="Parsing /scratch/negishi/afarzam/MSV000086944_results_v4/second_pass_upstream/AspN_ETD/AspN_ETD_2pass_results/GM12878_AspN_ETD/interact-20151114_alr_CompleteHumanProteome_GM12878_ETD_AspN_fr15_sub.pep.xml"
time="01:51:26" level=info msg="Parsing /scratch/negishi/afarzam/MSV000086944_results_v4/second_pass_upstream/AspN_ETD/AspN_ETD_2pass_results/GM12878_AspN_ETD/interact-20151114_alr_CompleteHumanProteome_GM12878_ETD_AspN_fr29_sub.pep.xml"
time="01:51:26" level=info msg="Parsing /scratch/negishi/afarzam/MSV000086944_results_v4/second_pass_upstream/AspN_ETD/AspN_ETD_2pass_results/GM12878_AspN_ETD/interact-20151114_alr_CompleteHumanProteome_GM12878_ETD_AspN_fr11_sub.pep.xml"
time="01:51:26" level=info msg="Parsing /scratch/negishi/afarzam/MSV000086944_results_v4/second_pass_upstream/AspN_ETD/AspN_ETD_2pass_results/GM12878_AspN_ETD/interact-20151114_alr_CompleteHumanProteome_GM12878_ETD_AspN_fr28_sub.pep.xml"
time="01:51:26" level=info msg="Parsing /scratch/negishi/afarzam/MSV000086944_results_v4/second_pass_upstream/AspN_ETD/AspN_ETD_2pass_results/GM12878_AspN_ETD/interact-20151114_alr_CompleteHumanProteome_GM12878_ETD_AspN_fr21_sub.pep.xml"
time="01:51:26" level=info msg="Parsing /scratch/negishi/afarzam/MSV000086944_results_v4/second_pass_upstream/AspN_ETD/AspN_ETD_2pass_results/GM12878_AspN_ETD/interact-20151114_alr_CompleteHumanProteome_GM12878_ETD_AspN_fr18_sub.pep.xml"
time="01:51:26" level=info msg="Parsing /scratch/negishi/afarzam/MSV000086944_results_v4/second_pass_upstream/AspN_ETD/AspN_ETD_2pass_results/GM12878_AspN_ETD/interact-20151114_alr_CompleteHumanProteome_GM12878_ETD_AspN_fr22_sub.pep.xml"
time="01:51:26" level=info msg="Parsing /scratch/negishi/afarzam/MSV000086944_results_v4/second_pass_upstream/AspN_ETD/AspN_ETD_2pass_results/GM12878_AspN_ETD/interact-20151114_alr_CompleteHumanProteome_GM12878_ETD_AspN_fr19_sub.pep.xml"
time="01:51:26" level=info msg="Parsing /scratch/negishi/afarzam/MSV000086944_results_v4/second_pass_upstream/AspN_ETD/AspN_ETD_2pass_results/GM12878_AspN_ETD/interact-20151114_alr_CompleteHumanProteome_GM12878_ETD_AspN_fr16_sub.pep.xml"
time="01:51:26" level=info msg="Parsing /scratch/negishi/afarzam/MSV000086944_results_v4/second_pass_upstream/AspN_ETD/AspN_ETD_2pass_results/GM12878_AspN_ETD/interact-20151114_alr_CompleteHumanProteome_GM12878_ETD_AspN_fr35_151120134245_sub.pep.xml"
time="01:51:26" level=info msg="Parsing /scratch/negishi/afarzam/MSV000086944_results_v4/second_pass_upstream/AspN_ETD/AspN_ETD_2pass_results/GM12878_AspN_ETD/interact-20151114_alr_CompleteHumanProteome_GM12878_ETD_AspN_fr31_sub.pep.xml"
time="01:51:26" level=info msg="Parsing /scratch/negishi/afarzam/MSV000086944_results_v4/second_pass_upstream/AspN_ETD/AspN_ETD_2pass_results/GM12878_AspN_ETD/interact-20151114_alr_CompleteHumanProteome_GM12878_ETD_AspN_fr32_sub.pep.xml"
time="01:51:26" level=info msg="Parsing /scratch/negishi/afarzam/MSV000086944_results_v4/second_pass_upstream/AspN_ETD/AspN_ETD_2pass_results/GM12878_AspN_ETD/interact-20151114_alr_CompleteHumanProteome_GM12878_ETD_AspN_fr2_151117135407_sub.pep.xml"
time="01:51:26" level=info msg="Parsing /scratch/negishi/afarzam/MSV000086944_results_v4/second_pass_upstream/AspN_ETD/AspN_ETD_2pass_results/GM12878_AspN_ETD/interact-20151114_alr_CompleteHumanProteome_GM12878_ETD_AspN_fr13_sub.pep.xml"
time="01:51:26" level=info msg="Parsing /scratch/negishi/afarzam/MSV000086944_results_v4/second_pass_upstream/AspN_ETD/AspN_ETD_2pass_results/GM12878_AspN_ETD/interact-20151114_alr_CompleteHumanProteome_GM12878_ETD_AspN_fr30_sub.pep.xml"
time="01:51:26" level=info msg="Parsing /scratch/negishi/afarzam/MSV000086944_results_v4/second_pass_upstream/AspN_ETD/AspN_ETD_2pass_results/GM12878_AspN_ETD/interact-20151114_alr_CompleteHumanProteome_GM12878_ETD_AspN_fr5_151117183206_sub.pep.xml"
time="01:51:26" level=info msg="Parsing /scratch/negishi/afarzam/MSV000086944_results_v4/second_pass_upstream/AspN_ETD/AspN_ETD_2pass_results/GM12878_AspN_ETD/interact-20151114_alr_CompleteHumanProteome_GM12878_ETD_AspN_fr3_151117152648_sub.pep.xml"
time="01:51:26" level=info msg="Parsing /scratch/negishi/afarzam/MSV000086944_results_v4/second_pass_upstream/AspN_ETD/AspN_ETD_2pass_results/GM12878_AspN_ETD/interact-20151114_alr_CompleteHumanProteome_GM12878_ETD_AspN_fr17_sub.pep.xml"
time="01:51:26" level=info msg="Parsing /scratch/negishi/afarzam/MSV000086944_results_v4/second_pass_upstream/AspN_ETD/AspN_ETD_2pass_results/GM12878_AspN_ETD/interact-20151114_alr_CompleteHumanProteome_GM12878_ETD_AspN_fr33_sub.pep.xml"
time="01:51:26" level=info msg="Parsing /scratch/negishi/afarzam/MSV000086944_results_v4/second_pass_upstream/AspN_ETD/AspN_ETD_2pass_results/GM12878_AspN_ETD/interact-20151114_alr_CompleteHumanProteome_GM12878_ETD_AspN_fr7_151117213723_sub.pep.xml"
time="01:51:26" level=info msg="Parsing /scratch/negishi/afarzam/MSV000086944_results_v4/second_pass_upstream/AspN_ETD/AspN_ETD_2pass_results/GM12878_AspN_ETD/interact-20151114_alr_CompleteHumanProteome_GM12878_ETD_AspN_fr6_151117200445_sub.pep.xml"
time="01:51:26" level=info msg="Parsing /scratch/negishi/afarzam/MSV000086944_results_v4/second_pass_upstream/AspN_ETD/AspN_ETD_2pass_results/GM12878_AspN_ETD/interact-20151114_alr_CompleteHumanProteome_GM12878_ETD_AspN_fr8_151117231003_sub.pep.xml"
time="01:51:26" level=info msg="Parsing /scratch/negishi/afarzam/MSV000086944_results_v4/second_pass_upstream/AspN_ETD/AspN_ETD_2pass_results/GM12878_AspN_ETD/interact-20151114_alr_CompleteHumanProteome_GM12878_ETD_AspN_fr4_151117165928_sub.pep.xml"
time="01:51:26" level=warning msg="No PSM was found in data set. /scratch/negishi/afarzam/MSV000086944_results_v4/second_pass_upstream/AspN_ETD/AspN_ETD_2pass_results/GM12878_AspN_ETD/interact-20151114_alr_CompleteHumanProteome_GM12878_ETD_AspN_fr11_sub.pep.xml"
time="01:51:26" level=info msg="Parsing /scratch/negishi/afarzam/MSV000086944_results_v4/second_pass_upstream/AspN_ETD/AspN_ETD_2pass_results/GM12878_AspN_ETD/interact-20151114_alr_CompleteHumanProteome_GM12878_ETD_AspN_fr14_sub.pep.xml"
time="01:51:26" level=info msg="Parsing /scratch/negishi/afarzam/MSV000086944_results_v4/second_pass_upstream/AspN_ETD/AspN_ETD_2pass_results/GM12878_AspN_ETD/interact-20151114_alr_CompleteHumanProteome_GM12878_ETD_AspN_fr24_sub.pep.xml"
time="01:51:26" level=info msg="Parsing /scratch/negishi/afarzam/MSV000086944_results_v4/second_pass_upstream/AspN_ETD/AspN_ETD_2pass_results/GM12878_AspN_ETD/interact-20151114_alr_CompleteHumanProteome_GM12878_ETD_AspN_fr20_sub.pep.xml"
time="01:51:26" level=info msg="Parsing /scratch/negishi/afarzam/MSV000086944_results_v4/second_pass_upstream/AspN_ETD/AspN_ETD_2pass_results/GM12878_AspN_ETD/interact-20151114_alr_CompleteHumanProteome_GM12878_ETD_AspN_fr34_sub.pep.xml"
time="01:51:26" level=info msg="Parsing /scratch/negishi/afarzam/MSV000086944_results_v4/second_pass_upstream/AspN_ETD/AspN_ETD_2pass_results/GM12878_AspN_ETD/interact-20151114_alr_CompleteHumanProteome_GM12878_ETD_AspN_fr23_sub.pep.xml"
time="01:51:26" level=info msg="Parsing /scratch/negishi/afarzam/MSV000086944_results_v4/second_pass_upstream/AspN_ETD/AspN_ETD_2pass_results/GM12878_AspN_ETD/interact-20151114_alr_CompleteHumanProteome_GM12878_ETD_AspN_fr1_151117122122_sub.pep.xml"
time="01:51:26" level=info msg="Parsing /scratch/negishi/afarzam/MSV000086944_results_v4/second_pass_upstream/AspN_ETD/AspN_ETD_2pass_results/GM12878_AspN_ETD/interact-20151114_alr_CompleteHumanProteome_GM12878_ETD_AspN_fr25_sub.pep.xml"
time="01:51:26" level=info msg="Parsing /scratch/negishi/afarzam/MSV000086944_results_v4/second_pass_upstream/AspN_ETD/AspN_ETD_2pass_results/GM12878_AspN_ETD/interact-20151114_alr_CompleteHumanProteome_GM12878_ETD_AspN_fr26_sub.pep.xml"
time="01:51:26" level=info msg="Parsing /scratch/negishi/afarzam/MSV000086944_results_v4/second_pass_upstream/AspN_ETD/AspN_ETD_2pass_results/GM12878_AspN_ETD/interact-20151114_alr_CompleteHumanProteome_GM12878_ETD_AspN_fr27_sub.pep.xml"
time="01:51:26" level=info msg="Parsing /scratch/negishi/afarzam/MSV000086944_results_v4/second_pass_upstream/AspN_ETD/AspN_ETD_2pass_results/GM12878_AspN_ETD/interact-20151114_alr_CompleteHumanProteome_GM12878_ETD_AspN_fr12_sub.pep.xml"
time="01:51:27" level=info msg="1+ Charge profile" decoy=0 target=0
time="01:51:27" level=info msg="2+ Charge profile" decoy=247 target=842
time="01:51:27" level=info msg="3+ Charge profile" decoy=96 target=322
time="01:51:27" level=info msg="4+ Charge profile" decoy=82 target=246
time="01:51:27" level=info msg="5+ Charge profile" decoy=40 target=84
time="01:51:27" level=info msg="6+ Charge profile" decoy=17 target=33
time="01:51:27" level=info msg="Database search results" ions=1498 peptides=1430 psms=2009
time="01:51:27" level=info msg="Converged to 0.99 % FDR with 101 PSMs" decoy=1 threshold=0.912099 total=102
time="01:51:27" level=info msg="Converged to 0.00 % FDR with 21 Peptides" decoy=0 threshold=0.940687 total=21
time="01:51:27" level=info msg="Converged to 0.00 % FDR with 24 Ions" decoy=0 threshold=0.940687 total=24
time="01:51:27" level=info msg="Protein inference results" decoy=1506 target=2403
time="01:51:27" level=info msg="Converged to 0.00 % FDR with 34 Proteins" decoy=0 threshold=0.9397 total=34
time="01:51:27" level=info msg="Applying sequential FDR estimation" ions=30 peptides=25 psms=93
time="01:51:27" level=info msg="Converged to 0.00 % FDR with 92 PSMs" decoy=0 threshold=0.912211 total=92
time="01:51:27" level=info msg="Converged to 0.00 % FDR with 24 Peptides" decoy=0 threshold=0.931301 total=24
time="01:51:27" level=info msg="Converged to 0.00 % FDR with 29 Ions" decoy=0 threshold=0.927546 total=29
time="01:51:27" level=info msg="Post processing identifications"
time="01:51:27" level=info msg="Assigning protein identifications to layers"
time="01:51:28" level=info msg="Processing protein inference"
time="01:51:28" level=info msg="Synchronizing PSMs and proteins"
time="01:51:28" level=info msg="Final report numbers after FDR filtering, and post-processing" ions=29 peptides=24 proteins=18 psms=92
time="01:51:28" level=info msg=Saving
time="01:51:28" level=info msg=Done
