time="00:50:36" level=info msg="Executing Filter  v5.1.2"
time="00:50:36" level=info msg="Fetching protein inference from /scratch/negishi/afarzam/MSV000086944_results_and_control_searches/second_pass_upstream_nozf/LysC_ETD/LysC_ETD_2pass_results/GM12878_LysC_ETD"
time="00:50:37" level=info msg="Processing peptide identification files"
time="00:50:37" level=info msg="Parsing /scratch/negishi/afarzam/MSV000086944_results_and_control_searches/second_pass_upstream_nozf/LysC_ETD/LysC_ETD_2pass_results/K562_LysC_ETD/interact-20160126_alr_CompleteHumanProteome_K562_LysC_ETD_fr16_sub.pep.xml"
time="00:50:37" level=info msg="Parsing /scratch/negishi/afarzam/MSV000086944_results_and_control_searches/second_pass_upstream_nozf/LysC_ETD/LysC_ETD_2pass_results/K562_LysC_ETD/interact-20160126_alr_CompleteHumanProteome_K562_LysC_ETD_fr9_sub.pep.xml"
time="00:50:37" level=info msg="Parsing /scratch/negishi/afarzam/MSV000086944_results_and_control_searches/second_pass_upstream_nozf/LysC_ETD/LysC_ETD_2pass_results/K562_LysC_ETD/interact-20160126_alr_CompleteHumanProteome_K562_LysC_ETD_fr27_sub.pep.xml"
time="00:50:37" level=info msg="Parsing /scratch/negishi/afarzam/MSV000086944_results_and_control_searches/second_pass_upstream_nozf/LysC_ETD/LysC_ETD_2pass_results/K562_LysC_ETD/interact-20160126_alr_CompleteHumanProteome_K562_LysC_ETD_fr12_sub.pep.xml"
time="00:50:37" level=info msg="Parsing /scratch/negishi/afarzam/MSV000086944_results_and_control_searches/second_pass_upstream_nozf/LysC_ETD/LysC_ETD_2pass_results/K562_LysC_ETD/interact-20160126_alr_CompleteHumanProteome_K562_LysC_ETD_fr14_sub.pep.xml"
time="00:50:37" level=info msg="Parsing /scratch/negishi/afarzam/MSV000086944_results_and_control_searches/second_pass_upstream_nozf/LysC_ETD/LysC_ETD_2pass_results/K562_LysC_ETD/interact-20160126_alr_CompleteHumanProteome_K562_LysC_ETD_fr13_sub.pep.xml"
time="00:50:37" level=info msg="Parsing /scratch/negishi/afarzam/MSV000086944_results_and_control_searches/second_pass_upstream_nozf/LysC_ETD/LysC_ETD_2pass_results/K562_LysC_ETD/interact-20160126_alr_CompleteHumanProteome_K562_LysC_ETD_fr10_sub.pep.xml"
time="00:50:37" level=info msg="Parsing /scratch/negishi/afarzam/MSV000086944_results_and_control_searches/second_pass_upstream_nozf/LysC_ETD/LysC_ETD_2pass_results/K562_LysC_ETD/interact-20160126_alr_CompleteHumanProteome_K562_LysC_ETD_fr35_sub.pep.xml"
time="00:50:37" level=info msg="Parsing /scratch/negishi/afarzam/MSV000086944_results_and_control_searches/second_pass_upstream_nozf/LysC_ETD/LysC_ETD_2pass_results/K562_LysC_ETD/interact-20160126_alr_CompleteHumanProteome_K562_LysC_ETD_fr15_sub.pep.xml"
time="00:50:37" level=info msg="Parsing /scratch/negishi/afarzam/MSV000086944_results_and_control_searches/second_pass_upstream_nozf/LysC_ETD/LysC_ETD_2pass_results/K562_LysC_ETD/interact-20160126_alr_CompleteHumanProteome_K562_LysC_ETD_fr21_sub.pep.xml"
time="00:50:37" level=info msg="Parsing /scratch/negishi/afarzam/MSV000086944_results_and_control_searches/second_pass_upstream_nozf/LysC_ETD/LysC_ETD_2pass_results/K562_LysC_ETD/interact-20160126_alr_CompleteHumanProteome_K562_LysC_ETD_fr2_sub.pep.xml"
time="00:50:37" level=info msg="Parsing /scratch/negishi/afarzam/MSV000086944_results_and_control_searches/second_pass_upstream_nozf/LysC_ETD/LysC_ETD_2pass_results/K562_LysC_ETD/interact-20160126_alr_CompleteHumanProteome_K562_LysC_ETD_fr5_sub.pep.xml"
time="00:50:37" level=info msg="Parsing /scratch/negishi/afarzam/MSV000086944_results_and_control_searches/second_pass_upstream_nozf/LysC_ETD/LysC_ETD_2pass_results/K562_LysC_ETD/interact-20160126_alr_CompleteHumanProteome_K562_LysC_ETD_fr32_sub.pep.xml"
time="00:50:37" level=info msg="Parsing /scratch/negishi/afarzam/MSV000086944_results_and_control_searches/second_pass_upstream_nozf/LysC_ETD/LysC_ETD_2pass_results/K562_LysC_ETD/interact-20160126_alr_CompleteHumanProteome_K562_LysC_ETD_fr6_sub.pep.xml"
time="00:50:37" level=info msg="Parsing /scratch/negishi/afarzam/MSV000086944_results_and_control_searches/second_pass_upstream_nozf/LysC_ETD/LysC_ETD_2pass_results/K562_LysC_ETD/interact-20160126_alr_CompleteHumanProteome_K562_LysC_ETD_fr23_sub.pep.xml"
time="00:50:37" level=info msg="Parsing /scratch/negishi/afarzam/MSV000086944_results_and_control_searches/second_pass_upstream_nozf/LysC_ETD/LysC_ETD_2pass_results/K562_LysC_ETD/interact-20160126_alr_CompleteHumanProteome_K562_LysC_ETD_fr4_sub.pep.xml"
time="00:50:37" level=info msg="Parsing /scratch/negishi/afarzam/MSV000086944_results_and_control_searches/second_pass_upstream_nozf/LysC_ETD/LysC_ETD_2pass_results/K562_LysC_ETD/interact-20160126_alr_CompleteHumanProteome_K562_LysC_ETD_fr7_sub.pep.xml"
time="00:50:37" level=info msg="Parsing /scratch/negishi/afarzam/MSV000086944_results_and_control_searches/second_pass_upstream_nozf/LysC_ETD/LysC_ETD_2pass_results/K562_LysC_ETD/interact-20160126_alr_CompleteHumanProteome_K562_LysC_ETD_fr8_sub.pep.xml"
time="00:50:37" level=info msg="Parsing /scratch/negishi/afarzam/MSV000086944_results_and_control_searches/second_pass_upstream_nozf/LysC_ETD/LysC_ETD_2pass_results/K562_LysC_ETD/interact-20160126_alr_CompleteHumanProteome_K562_LysC_ETD_fr24_sub.pep.xml"
time="00:50:37" level=info msg="Parsing /scratch/negishi/afarzam/MSV000086944_results_and_control_searches/second_pass_upstream_nozf/LysC_ETD/LysC_ETD_2pass_results/K562_LysC_ETD/interact-20160126_alr_CompleteHumanProteome_K562_LysC_ETD_fr3_sub.pep.xml"
time="00:50:37" level=info msg="Parsing /scratch/negishi/afarzam/MSV000086944_results_and_control_searches/second_pass_upstream_nozf/LysC_ETD/LysC_ETD_2pass_results/K562_LysC_ETD/interact-20160126_alr_CompleteHumanProteome_K562_LysC_ETD_fr25_sub.pep.xml"
time="00:50:37" level=info msg="Parsing /scratch/negishi/afarzam/MSV000086944_results_and_control_searches/second_pass_upstream_nozf/LysC_ETD/LysC_ETD_2pass_results/K562_LysC_ETD/interact-20160126_alr_CompleteHumanProteome_K562_LysC_ETD_fr18_sub.pep.xml"
time="00:50:37" level=info msg="Parsing /scratch/negishi/afarzam/MSV000086944_results_and_control_searches/second_pass_upstream_nozf/LysC_ETD/LysC_ETD_2pass_results/K562_LysC_ETD/interact-20160126_alr_CompleteHumanProteome_K562_LysC_ETD_fr29_sub.pep.xml"
time="00:50:37" level=info msg="Parsing /scratch/negishi/afarzam/MSV000086944_results_and_control_searches/second_pass_upstream_nozf/LysC_ETD/LysC_ETD_2pass_results/K562_LysC_ETD/interact-20160126_alr_CompleteHumanProteome_K562_LysC_ETD_fr1_sub.pep.xml"
time="00:50:37" level=info msg="Parsing /scratch/negishi/afarzam/MSV000086944_results_and_control_searches/second_pass_upstream_nozf/LysC_ETD/LysC_ETD_2pass_results/K562_LysC_ETD/interact-20160126_alr_CompleteHumanProteome_K562_LysC_ETD_fr34_sub.pep.xml"
time="00:50:37" level=info msg="Parsing /scratch/negishi/afarzam/MSV000086944_results_and_control_searches/second_pass_upstream_nozf/LysC_ETD/LysC_ETD_2pass_results/K562_LysC_ETD/interact-20160126_alr_CompleteHumanProteome_K562_LysC_ETD_fr20_sub.pep.xml"
time="00:50:37" level=info msg="Parsing /scratch/negishi/afarzam/MSV000086944_results_and_control_searches/second_pass_upstream_nozf/LysC_ETD/LysC_ETD_2pass_results/K562_LysC_ETD/interact-20160126_alr_CompleteHumanProteome_K562_LysC_ETD_fr22_sub.pep.xml"
time="00:50:37" level=info msg="Parsing /scratch/negishi/afarzam/MSV000086944_results_and_control_searches/second_pass_upstream_nozf/LysC_ETD/LysC_ETD_2pass_results/K562_LysC_ETD/interact-20160126_alr_CompleteHumanProteome_K562_LysC_ETD_fr26_sub.pep.xml"
time="00:50:37" level=info msg="Parsing /scratch/negishi/afarzam/MSV000086944_results_and_control_searches/second_pass_upstream_nozf/LysC_ETD/LysC_ETD_2pass_results/K562_LysC_ETD/interact-20160126_alr_CompleteHumanProteome_K562_LysC_ETD_fr28_sub.pep.xml"
time="00:50:37" level=info msg="Parsing /scratch/negishi/afarzam/MSV000086944_results_and_control_searches/second_pass_upstream_nozf/LysC_ETD/LysC_ETD_2pass_results/K562_LysC_ETD/interact-20160126_alr_CompleteHumanProteome_K562_LysC_ETD_fr19_sub.pep.xml"
time="00:50:37" level=warning msg="No PSM was found in data set. /scratch/negishi/afarzam/MSV000086944_results_and_control_searches/second_pass_upstream_nozf/LysC_ETD/LysC_ETD_2pass_results/K562_LysC_ETD/interact-20160126_alr_CompleteHumanProteome_K562_LysC_ETD_fr20_sub.pep.xml"
time="00:50:37" level=warning msg="No PSM was found in data set. /scratch/negishi/afarzam/MSV000086944_results_and_control_searches/second_pass_upstream_nozf/LysC_ETD/LysC_ETD_2pass_results/K562_LysC_ETD/interact-20160126_alr_CompleteHumanProteome_K562_LysC_ETD_fr5_sub.pep.xml"
time="00:50:37" level=warning msg="No PSM was found in data set. /scratch/negishi/afarzam/MSV000086944_results_and_control_searches/second_pass_upstream_nozf/LysC_ETD/LysC_ETD_2pass_results/K562_LysC_ETD/interact-20160126_alr_CompleteHumanProteome_K562_LysC_ETD_fr3_sub.pep.xml"
time="00:50:37" level=info msg="Parsing /scratch/negishi/afarzam/MSV000086944_results_and_control_searches/second_pass_upstream_nozf/LysC_ETD/LysC_ETD_2pass_results/K562_LysC_ETD/interact-20160126_alr_CompleteHumanProteome_K562_LysC_ETD_fr17_sub.pep.xml"
time="00:50:37" level=info msg="Parsing /scratch/negishi/afarzam/MSV000086944_results_and_control_searches/second_pass_upstream_nozf/LysC_ETD/LysC_ETD_2pass_results/K562_LysC_ETD/interact-20160126_alr_CompleteHumanProteome_K562_LysC_ETD_fr11_sub.pep.xml"
time="00:50:37" level=info msg="1+ Charge profile" decoy=0 target=0
time="00:50:37" level=info msg="2+ Charge profile" decoy=37 target=161
time="00:50:37" level=info msg="3+ Charge profile" decoy=34 target=113
time="00:50:37" level=info msg="4+ Charge profile" decoy=23 target=60
time="00:50:37" level=info msg="5+ Charge profile" decoy=26 target=32
time="00:50:37" level=info msg="6+ Charge profile" decoy=8 target=14
time="00:50:37" level=info msg="Database search results" ions=372 peptides=356 psms=508
time="00:50:37" level=info msg="Converged to 0.00 % FDR with 10 PSMs" decoy=0 threshold=0.965322 total=10
time="00:50:37" level=info msg="Converged to 0.00 % FDR with 5 Peptides" decoy=0 threshold=0.965322 total=5
time="00:50:37" level=info msg="Converged to 0.00 % FDR with 7 Ions" decoy=0 threshold=0.965322 total=7
time="00:50:37" level=info msg="Protein inference results" decoy=523 target=775
time="00:50:37" level=info msg="Converged to 0.00 % FDR with 22 Proteins" decoy=0 threshold=0.9613 total=22
time="00:50:37" level=info msg="Applying sequential FDR estimation" ions=7 peptides=5 psms=10
time="00:50:37" level=info msg="Converged to 0.00 % FDR with 9 PSMs" decoy=0 threshold=0.968083 total=9
time="00:50:37" level=info msg="Converged to 0.00 % FDR with 4 Peptides" decoy=0 threshold=0.988827 total=4
time="00:50:37" level=info msg="Converged to 0.00 % FDR with 6 Ions" decoy=0 threshold=0.988827 total=6
time="00:50:37" level=info msg="Post processing identifications"
time="00:50:37" level=info msg="Assigning protein identifications to layers"
time="00:50:37" level=info msg="Processing protein inference"
time="00:50:38" level=info msg="Synchronizing PSMs and proteins"
time="00:50:38" level=info msg="Final report numbers after FDR filtering, and post-processing" ions=6 peptides=4 proteins=4 psms=9
time="00:50:38" level=info msg=Saving
time="00:50:38" level=info msg=Done
