time="09:55:42" level=info msg="Executing Filter  v5.1.2"
time="09:55:42" level=info msg="Fetching protein inference from /scratch/negishi/afarzam/MSV000086944_results_v4/second_pass_upstream/LysC_ETD/LysC_ETD_2pass_results/GM12878_LysC_ETD"
time="09:55:42" level=info msg="Processing peptide identification files"
time="09:55:42" level=info msg="Parsing /scratch/negishi/afarzam/MSV000086944_results_v4/second_pass_upstream/LysC_ETD/LysC_ETD_2pass_results/HeLa_LysC_ETD/interact-20151023_alr_CompleteHumanProteome_HeLaS3_ETD_LysC_fr9_sub.pep.xml"
time="09:55:42" level=info msg="Parsing /scratch/negishi/afarzam/MSV000086944_results_v4/second_pass_upstream/LysC_ETD/LysC_ETD_2pass_results/HeLa_LysC_ETD/interact-20151023_alr_CompleteHumanProteome_HeLaS3_ETD_LysC_fr14_sub.pep.xml"
time="09:55:42" level=info msg="Parsing /scratch/negishi/afarzam/MSV000086944_results_v4/second_pass_upstream/LysC_ETD/LysC_ETD_2pass_results/HeLa_LysC_ETD/interact-20151023_alr_CompleteHumanProteome_HeLaS3_ETD_LysC_fr12_sub.pep.xml"
time="09:55:42" level=info msg="Parsing /scratch/negishi/afarzam/MSV000086944_results_v4/second_pass_upstream/LysC_ETD/LysC_ETD_2pass_results/HeLa_LysC_ETD/interact-20151023_alr_CompleteHumanProteome_HeLaS3_ETD_LysC_fr13_sub.pep.xml"
time="09:55:42" level=info msg="Parsing /scratch/negishi/afarzam/MSV000086944_results_v4/second_pass_upstream/LysC_ETD/LysC_ETD_2pass_results/HeLa_LysC_ETD/interact-20151023_alr_CompleteHumanProteome_HeLaS3_ETD_LysC_fr15_sub.pep.xml"
time="09:55:42" level=info msg="Parsing /scratch/negishi/afarzam/MSV000086944_results_v4/second_pass_upstream/LysC_ETD/LysC_ETD_2pass_results/HeLa_LysC_ETD/interact-20151023_alr_CompleteHumanProteome_HeLaS3_ETD_LysC_fr10_sub.pep.xml"
time="09:55:42" level=info msg="Parsing /scratch/negishi/afarzam/MSV000086944_results_v4/second_pass_upstream/LysC_ETD/LysC_ETD_2pass_results/HeLa_LysC_ETD/interact-20151023_alr_CompleteHumanProteome_HeLaS3_ETD_LysC_fr11_sub.pep.xml"
time="09:55:42" level=info msg="Parsing /scratch/negishi/afarzam/MSV000086944_results_v4/second_pass_upstream/LysC_ETD/LysC_ETD_2pass_results/HeLa_LysC_ETD/interact-20151023_alr_CompleteHumanProteome_HeLaS3_ETD_LysC_fr28_sub.pep.xml"
time="09:55:42" level=info msg="Parsing /scratch/negishi/afarzam/MSV000086944_results_v4/second_pass_upstream/LysC_ETD/LysC_ETD_2pass_results/HeLa_LysC_ETD/interact-20151023_alr_CompleteHumanProteome_HeLaS3_ETD_LysC_fr34_sub.pep.xml"
time="09:55:42" level=info msg="Parsing /scratch/negishi/afarzam/MSV000086944_results_v4/second_pass_upstream/LysC_ETD/LysC_ETD_2pass_results/HeLa_LysC_ETD/interact-20151023_alr_CompleteHumanProteome_HeLaS3_ETD_LysC_fr21_sub.pep.xml"
time="09:55:42" level=info msg="Parsing /scratch/negishi/afarzam/MSV000086944_results_v4/second_pass_upstream/LysC_ETD/LysC_ETD_2pass_results/HeLa_LysC_ETD/interact-20151023_alr_CompleteHumanProteome_HeLaS3_ETD_LysC_fr25_sub.pep.xml"
time="09:55:42" level=info msg="Parsing /scratch/negishi/afarzam/MSV000086944_results_v4/second_pass_upstream/LysC_ETD/LysC_ETD_2pass_results/HeLa_LysC_ETD/interact-20151023_alr_CompleteHumanProteome_HeLaS3_ETD_LysC_fr29_sub.pep.xml"
time="09:55:42" level=info msg="Parsing /scratch/negishi/afarzam/MSV000086944_results_v4/second_pass_upstream/LysC_ETD/LysC_ETD_2pass_results/HeLa_LysC_ETD/interact-20151023_alr_CompleteHumanProteome_HeLaS3_ETD_LysC_fr16_sub.pep.xml"
time="09:55:42" level=info msg="Parsing /scratch/negishi/afarzam/MSV000086944_results_v4/second_pass_upstream/LysC_ETD/LysC_ETD_2pass_results/HeLa_LysC_ETD/interact-20151023_alr_CompleteHumanProteome_HeLaS3_ETD_LysC_fr24_sub.pep.xml"
time="09:55:42" level=info msg="Parsing /scratch/negishi/afarzam/MSV000086944_results_v4/second_pass_upstream/LysC_ETD/LysC_ETD_2pass_results/HeLa_LysC_ETD/interact-20151023_alr_CompleteHumanProteome_HeLaS3_ETD_LysC_fr31_sub.pep.xml"
time="09:55:42" level=info msg="Parsing /scratch/negishi/afarzam/MSV000086944_results_v4/second_pass_upstream/LysC_ETD/LysC_ETD_2pass_results/HeLa_LysC_ETD/interact-20151023_alr_CompleteHumanProteome_HeLaS3_ETD_LysC_fr22_sub.pep.xml"
time="09:55:42" level=info msg="Parsing /scratch/negishi/afarzam/MSV000086944_results_v4/second_pass_upstream/LysC_ETD/LysC_ETD_2pass_results/HeLa_LysC_ETD/interact-20151023_alr_CompleteHumanProteome_HeLaS3_ETD_LysC_fr18_sub.pep.xml"
time="09:55:42" level=info msg="Parsing /scratch/negishi/afarzam/MSV000086944_results_v4/second_pass_upstream/LysC_ETD/LysC_ETD_2pass_results/HeLa_LysC_ETD/interact-20151023_alr_CompleteHumanProteome_HeLaS3_ETD_LysC_fr6_sub.pep.xml"
time="09:55:42" level=info msg="Parsing /scratch/negishi/afarzam/MSV000086944_results_v4/second_pass_upstream/LysC_ETD/LysC_ETD_2pass_results/HeLa_LysC_ETD/interact-20151023_alr_CompleteHumanProteome_HeLaS3_ETD_LysC_fr19_sub.pep.xml"
time="09:55:42" level=info msg="Parsing /scratch/negishi/afarzam/MSV000086944_results_v4/second_pass_upstream/LysC_ETD/LysC_ETD_2pass_results/HeLa_LysC_ETD/interact-20151023_alr_CompleteHumanProteome_HeLaS3_ETD_LysC_fr7_sub.pep.xml"
time="09:55:42" level=info msg="Parsing /scratch/negishi/afarzam/MSV000086944_results_v4/second_pass_upstream/LysC_ETD/LysC_ETD_2pass_results/HeLa_LysC_ETD/interact-20151023_alr_CompleteHumanProteome_HeLaS3_ETD_LysC_fr32_sub.pep.xml"
time="09:55:42" level=info msg="Parsing /scratch/negishi/afarzam/MSV000086944_results_v4/second_pass_upstream/LysC_ETD/LysC_ETD_2pass_results/HeLa_LysC_ETD/interact-20151023_alr_CompleteHumanProteome_HeLaS3_ETD_LysC_fr4_sub.pep.xml"
time="09:55:42" level=info msg="Parsing /scratch/negishi/afarzam/MSV000086944_results_v4/second_pass_upstream/LysC_ETD/LysC_ETD_2pass_results/HeLa_LysC_ETD/interact-20151023_alr_CompleteHumanProteome_HeLaS3_ETD_LysC_fr33_sub.pep.xml"
time="09:55:42" level=info msg="Parsing /scratch/negishi/afarzam/MSV000086944_results_v4/second_pass_upstream/LysC_ETD/LysC_ETD_2pass_results/HeLa_LysC_ETD/interact-20151023_alr_CompleteHumanProteome_HeLaS3_ETD_LysC_fr20_sub.pep.xml"
time="09:55:42" level=info msg="Parsing /scratch/negishi/afarzam/MSV000086944_results_v4/second_pass_upstream/LysC_ETD/LysC_ETD_2pass_results/HeLa_LysC_ETD/interact-20151023_alr_CompleteHumanProteome_HeLaS3_ETD_LysC_fr23_sub.pep.xml"
time="09:55:42" level=info msg="Parsing /scratch/negishi/afarzam/MSV000086944_results_v4/second_pass_upstream/LysC_ETD/LysC_ETD_2pass_results/HeLa_LysC_ETD/interact-20151023_alr_CompleteHumanProteome_HeLaS3_ETD_LysC_fr27_sub.pep.xml"
time="09:55:42" level=info msg="Parsing /scratch/negishi/afarzam/MSV000086944_results_v4/second_pass_upstream/LysC_ETD/LysC_ETD_2pass_results/HeLa_LysC_ETD/interact-20151023_alr_CompleteHumanProteome_HeLaS3_ETD_LysC_fr26_sub.pep.xml"
time="09:55:42" level=info msg="Parsing /scratch/negishi/afarzam/MSV000086944_results_v4/second_pass_upstream/LysC_ETD/LysC_ETD_2pass_results/HeLa_LysC_ETD/interact-20151023_alr_CompleteHumanProteome_HeLaS3_ETD_LysC_fr3_sub.pep.xml"
time="09:55:42" level=info msg="Parsing /scratch/negishi/afarzam/MSV000086944_results_v4/second_pass_upstream/LysC_ETD/LysC_ETD_2pass_results/HeLa_LysC_ETD/interact-20151023_alr_CompleteHumanProteome_HeLaS3_ETD_LysC_fr8_sub.pep.xml"
time="09:55:42" level=info msg="Parsing /scratch/negishi/afarzam/MSV000086944_results_v4/second_pass_upstream/LysC_ETD/LysC_ETD_2pass_results/HeLa_LysC_ETD/interact-20151023_alr_CompleteHumanProteome_HeLaS3_ETD_LysC_fr30_sub.pep.xml"
time="09:55:42" level=info msg="Parsing /scratch/negishi/afarzam/MSV000086944_results_v4/second_pass_upstream/LysC_ETD/LysC_ETD_2pass_results/HeLa_LysC_ETD/interact-20151023_alr_CompleteHumanProteome_HeLaS3_ETD_LysC_fr17_sub.pep.xml"
time="09:55:42" level=info msg="Parsing /scratch/negishi/afarzam/MSV000086944_results_v4/second_pass_upstream/LysC_ETD/LysC_ETD_2pass_results/HeLa_LysC_ETD/interact-20151023_alr_CompleteHumanProteome_HeLaS3_ETD_LysC_fr35_sub.pep.xml"
time="09:55:42" level=info msg="Parsing /scratch/negishi/afarzam/MSV000086944_results_v4/second_pass_upstream/LysC_ETD/LysC_ETD_2pass_results/HeLa_LysC_ETD/interact-20151023_alr_CompleteHumanProteome_HeLaS3_ETD_LysC_fr2_sub.pep.xml"
time="09:55:42" level=info msg="Parsing /scratch/negishi/afarzam/MSV000086944_results_v4/second_pass_upstream/LysC_ETD/LysC_ETD_2pass_results/HeLa_LysC_ETD/interact-20151023_alr_CompleteHumanProteome_HeLaS3_ETD_LysC_fr1_151024094400_sub.pep.xml"
time="09:55:42" level=warning msg="No PSM was found in data set. /scratch/negishi/afarzam/MSV000086944_results_v4/second_pass_upstream/LysC_ETD/LysC_ETD_2pass_results/HeLa_LysC_ETD/interact-20151023_alr_CompleteHumanProteome_HeLaS3_ETD_LysC_fr4_sub.pep.xml"
time="09:55:42" level=info msg="Parsing /scratch/negishi/afarzam/MSV000086944_results_v4/second_pass_upstream/LysC_ETD/LysC_ETD_2pass_results/HeLa_LysC_ETD/interact-20151023_alr_CompleteHumanProteome_HeLaS3_ETD_LysC_fr5_sub.pep.xml"
time="09:55:44" level=info msg="1+ Charge profile" decoy=0 target=0
time="09:55:44" level=info msg="2+ Charge profile" decoy=220 target=699
time="09:55:44" level=info msg="3+ Charge profile" decoy=137 target=395
time="09:55:44" level=info msg="4+ Charge profile" decoy=75 target=175
time="09:55:44" level=info msg="5+ Charge profile" decoy=59 target=102
time="09:55:44" level=info msg="6+ Charge profile" decoy=18 target=44
time="09:55:44" level=info msg="Database search results" ions=1573 peptides=1524 psms=1924
time="09:55:44" level=info msg="Converged to 0.00 % FDR with 23 PSMs" decoy=0 threshold=0.95909 total=23
time="09:55:44" level=info msg="Converged to 0.00 % FDR with 20 Peptides" decoy=0 threshold=0.95909 total=20
time="09:55:44" level=info msg="Converged to 0.00 % FDR with 21 Ions" decoy=0 threshold=0.95909 total=21
time="09:55:44" level=info msg="Protein inference results" decoy=1857 target=2626
time="09:55:44" level=info msg="Converged to 0.00 % FDR with 38 Proteins" decoy=0 threshold=0.9707 total=38
time="09:55:44" level=info msg="Applying sequential FDR estimation" ions=17 peptides=16 psms=19
time="09:55:44" level=info msg="Converged to 0.00 % FDR with 18 PSMs" decoy=0 threshold=0.969027 total=18
time="09:55:44" level=info msg="Converged to 0.00 % FDR with 15 Peptides" decoy=0 threshold=0.969027 total=15
time="09:55:44" level=info msg="Converged to 0.00 % FDR with 16 Ions" decoy=0 threshold=0.969027 total=16
time="09:55:44" level=info msg="Post processing identifications"
time="09:55:44" level=info msg="Assigning protein identifications to layers"
time="09:55:44" level=info msg="Processing protein inference"
time="09:55:45" level=info msg="Synchronizing PSMs and proteins"
time="09:55:45" level=info msg="Final report numbers after FDR filtering, and post-processing" ions=16 peptides=15 proteins=16 psms=18
time="09:55:45" level=info msg=Saving
time="09:55:45" level=info msg=Done
