time="20:01:35" level=info msg="Executing Filter  v5.1.2"
time="20:01:35" level=info msg="Processing peptide identification files"
time="20:01:35" level=info msg="Parsing /scratch/negishi/afarzam/MSV000086944_results_v4/second_pass_downstream/LysC_ETD/LysC_ETD_2pass_results/GM12878_LysC_ETD/interact-20150104_alr_CompleteHumanProteome_GM12878_ETD_LysC_fr9_sub.pep.xml"
time="20:01:35" level=info msg="Parsing /scratch/negishi/afarzam/MSV000086944_results_v4/second_pass_downstream/LysC_ETD/LysC_ETD_2pass_results/GM12878_LysC_ETD/interact-20150104_alr_CompleteHumanProteome_GM12878_ETD_LysC_fr11_sub.pep.xml"
time="20:01:35" level=info msg="Parsing /scratch/negishi/afarzam/MSV000086944_results_v4/second_pass_downstream/LysC_ETD/LysC_ETD_2pass_results/GM12878_LysC_ETD/interact-20150104_alr_CompleteHumanProteome_GM12878_ETD_LysC_fr10_sub.pep.xml"
time="20:01:35" level=info msg="Parsing /scratch/negishi/afarzam/MSV000086944_results_v4/second_pass_downstream/LysC_ETD/LysC_ETD_2pass_results/GM12878_LysC_ETD/interact-20150104_alr_CompleteHumanProteome_GM12878_ETD_LysC_fr28_sub.pep.xml"
time="20:01:35" level=info msg="Parsing /scratch/negishi/afarzam/MSV000086944_results_v4/second_pass_downstream/LysC_ETD/LysC_ETD_2pass_results/GM12878_LysC_ETD/interact-20150104_alr_CompleteHumanProteome_GM12878_ETD_LysC_fr26_sub.pep.xml"
time="20:01:35" level=info msg="Parsing /scratch/negishi/afarzam/MSV000086944_results_v4/second_pass_downstream/LysC_ETD/LysC_ETD_2pass_results/GM12878_LysC_ETD/interact-20150104_alr_CompleteHumanProteome_GM12878_ETD_LysC_fr34_sub.pep.xml"
time="20:01:35" level=info msg="Parsing /scratch/negishi/afarzam/MSV000086944_results_v4/second_pass_downstream/LysC_ETD/LysC_ETD_2pass_results/GM12878_LysC_ETD/interact-20150104_alr_CompleteHumanProteome_GM12878_ETD_LysC_fr18_sub.pep.xml"
time="20:01:35" level=info msg="Parsing /scratch/negishi/afarzam/MSV000086944_results_v4/second_pass_downstream/LysC_ETD/LysC_ETD_2pass_results/GM12878_LysC_ETD/interact-20150104_alr_CompleteHumanProteome_GM12878_ETD_LysC_fr22_sub.pep.xml"
time="20:01:35" level=info msg="Parsing /scratch/negishi/afarzam/MSV000086944_results_v4/second_pass_downstream/LysC_ETD/LysC_ETD_2pass_results/GM12878_LysC_ETD/interact-20150104_alr_CompleteHumanProteome_GM12878_ETD_LysC_fr29_151110044226_sub.pep.xml"
time="20:01:35" level=info msg="Parsing /scratch/negishi/afarzam/MSV000086944_results_v4/second_pass_downstream/LysC_ETD/LysC_ETD_2pass_results/GM12878_LysC_ETD/interact-20150104_alr_CompleteHumanProteome_GM12878_ETD_LysC_fr31_sub.pep.xml"
time="20:01:35" level=info msg="Parsing /scratch/negishi/afarzam/MSV000086944_results_v4/second_pass_downstream/LysC_ETD/LysC_ETD_2pass_results/GM12878_LysC_ETD/interact-20150104_alr_CompleteHumanProteome_GM12878_ETD_LysC_fr12_sub.pep.xml"
time="20:01:35" level=info msg="Parsing /scratch/negishi/afarzam/MSV000086944_results_v4/second_pass_downstream/LysC_ETD/LysC_ETD_2pass_results/GM12878_LysC_ETD/interact-20150104_alr_CompleteHumanProteome_GM12878_ETD_LysC_fr29_sub.pep.xml"
time="20:01:35" level=info msg="Parsing /scratch/negishi/afarzam/MSV000086944_results_v4/second_pass_downstream/LysC_ETD/LysC_ETD_2pass_results/GM12878_LysC_ETD/interact-20150104_alr_CompleteHumanProteome_GM12878_ETD_LysC_fr21_sub.pep.xml"
time="20:01:35" level=info msg="Parsing /scratch/negishi/afarzam/MSV000086944_results_v4/second_pass_downstream/LysC_ETD/LysC_ETD_2pass_results/GM12878_LysC_ETD/interact-20150104_alr_CompleteHumanProteome_GM12878_ETD_LysC_fr24_sub.pep.xml"
time="20:01:35" level=info msg="Parsing /scratch/negishi/afarzam/MSV000086944_results_v4/second_pass_downstream/LysC_ETD/LysC_ETD_2pass_results/GM12878_LysC_ETD/interact-20150104_alr_CompleteHumanProteome_GM12878_ETD_LysC_fr23_sub.pep.xml"
time="20:01:35" level=warning msg="No PSM was found in data set. /scratch/negishi/afarzam/MSV000086944_results_v4/second_pass_downstream/LysC_ETD/LysC_ETD_2pass_results/GM12878_LysC_ETD/interact-20150104_alr_CompleteHumanProteome_GM12878_ETD_LysC_fr29_151110044226_sub.pep.xml"
time="20:01:35" level=info msg="Parsing /scratch/negishi/afarzam/MSV000086944_results_v4/second_pass_downstream/LysC_ETD/LysC_ETD_2pass_results/GM12878_LysC_ETD/interact-20150104_alr_CompleteHumanProteome_GM12878_ETD_LysC_fr32_sub.pep.xml"
time="20:01:35" level=info msg="Parsing /scratch/negishi/afarzam/MSV000086944_results_v4/second_pass_downstream/LysC_ETD/LysC_ETD_2pass_results/GM12878_LysC_ETD/interact-20150104_alr_CompleteHumanProteome_GM12878_ETD_LysC_fr2_sub.pep.xml"
time="20:01:35" level=info msg="Parsing /scratch/negishi/afarzam/MSV000086944_results_v4/second_pass_downstream/LysC_ETD/LysC_ETD_2pass_results/GM12878_LysC_ETD/interact-20150104_alr_CompleteHumanProteome_GM12878_ETD_LysC_fr13_sub.pep.xml"
time="20:01:35" level=info msg="Parsing /scratch/negishi/afarzam/MSV000086944_results_v4/second_pass_downstream/LysC_ETD/LysC_ETD_2pass_results/GM12878_LysC_ETD/interact-20150104_alr_CompleteHumanProteome_GM12878_ETD_LysC_fr8_sub.pep.xml"
time="20:01:35" level=info msg="Parsing /scratch/negishi/afarzam/MSV000086944_results_v4/second_pass_downstream/LysC_ETD/LysC_ETD_2pass_results/GM12878_LysC_ETD/interact-20150104_alr_CompleteHumanProteome_GM12878_ETD_LysC_fr16_151106153940_sub.pep.xml"
time="20:01:35" level=info msg="Parsing /scratch/negishi/afarzam/MSV000086944_results_v4/second_pass_downstream/LysC_ETD/LysC_ETD_2pass_results/GM12878_LysC_ETD/interact-20150104_alr_CompleteHumanProteome_GM12878_ETD_LysC_fr14_sub.pep.xml"
time="20:01:35" level=info msg="Parsing /scratch/negishi/afarzam/MSV000086944_results_v4/second_pass_downstream/LysC_ETD/LysC_ETD_2pass_results/GM12878_LysC_ETD/interact-20150104_alr_CompleteHumanProteome_GM12878_ETD_LysC_fr35_sub.pep.xml"
time="20:01:35" level=info msg="Parsing /scratch/negishi/afarzam/MSV000086944_results_v4/second_pass_downstream/LysC_ETD/LysC_ETD_2pass_results/GM12878_LysC_ETD/interact-20150104_alr_CompleteHumanProteome_GM12878_ETD_LysC_fr5_151106104700_sub.pep.xml"
time="20:01:35" level=info msg="Parsing /scratch/negishi/afarzam/MSV000086944_results_v4/second_pass_downstream/LysC_ETD/LysC_ETD_2pass_results/GM12878_LysC_ETD/interact-20150104_alr_CompleteHumanProteome_GM12878_ETD_LysC_fr6_sub.pep.xml"
time="20:01:35" level=info msg="Parsing /scratch/negishi/afarzam/MSV000086944_results_v4/second_pass_downstream/LysC_ETD/LysC_ETD_2pass_results/GM12878_LysC_ETD/interact-20150104_alr_CompleteHumanProteome_GM12878_ETD_LysC_fr20_sub.pep.xml"
time="20:01:35" level=info msg="Parsing /scratch/negishi/afarzam/MSV000086944_results_v4/second_pass_downstream/LysC_ETD/LysC_ETD_2pass_results/GM12878_LysC_ETD/interact-20150104_alr_CompleteHumanProteome_GM12878_ETD_LysC_fr3_sub.pep.xml"
time="20:01:35" level=info msg="Parsing /scratch/negishi/afarzam/MSV000086944_results_v4/second_pass_downstream/LysC_ETD/LysC_ETD_2pass_results/GM12878_LysC_ETD/interact-20150104_alr_CompleteHumanProteome_GM12878_ETD_LysC_fr15_sub.pep.xml"
time="20:01:35" level=info msg="Parsing /scratch/negishi/afarzam/MSV000086944_results_v4/second_pass_downstream/LysC_ETD/LysC_ETD_2pass_results/GM12878_LysC_ETD/interact-20150104_alr_CompleteHumanProteome_GM12878_ETD_LysC_fr18_151109114241_sub.pep.xml"
time="20:01:35" level=info msg="Parsing /scratch/negishi/afarzam/MSV000086944_results_v4/second_pass_downstream/LysC_ETD/LysC_ETD_2pass_results/GM12878_LysC_ETD/interact-20150104_alr_CompleteHumanProteome_GM12878_ETD_LysC_fr30_sub.pep.xml"
time="20:01:35" level=info msg="Parsing /scratch/negishi/afarzam/MSV000086944_results_v4/second_pass_downstream/LysC_ETD/LysC_ETD_2pass_results/GM12878_LysC_ETD/interact-20150104_alr_CompleteHumanProteome_GM12878_ETD_LysC_fr33_sub.pep.xml"
time="20:01:35" level=info msg="Parsing /scratch/negishi/afarzam/MSV000086944_results_v4/second_pass_downstream/LysC_ETD/LysC_ETD_2pass_results/GM12878_LysC_ETD/interact-20150104_alr_CompleteHumanProteome_GM12878_ETD_LysC_fr25_sub.pep.xml"
time="20:01:35" level=info msg="Parsing /scratch/negishi/afarzam/MSV000086944_results_v4/second_pass_downstream/LysC_ETD/LysC_ETD_2pass_results/GM12878_LysC_ETD/interact-20150104_alr_CompleteHumanProteome_GM12878_ETD_LysC_fr7_sub.pep.xml"
time="20:01:35" level=info msg="Parsing /scratch/negishi/afarzam/MSV000086944_results_v4/second_pass_downstream/LysC_ETD/LysC_ETD_2pass_results/GM12878_LysC_ETD/interact-20150104_alr_CompleteHumanProteome_GM12878_ETD_LysC_fr17_sub.pep.xml"
time="20:01:35" level=warning msg="No PSM was found in data set. /scratch/negishi/afarzam/MSV000086944_results_v4/second_pass_downstream/LysC_ETD/LysC_ETD_2pass_results/GM12878_LysC_ETD/interact-20150104_alr_CompleteHumanProteome_GM12878_ETD_LysC_fr17_sub.pep.xml"
time="20:01:35" level=warning msg="No PSM was found in data set. /scratch/negishi/afarzam/MSV000086944_results_v4/second_pass_downstream/LysC_ETD/LysC_ETD_2pass_results/GM12878_LysC_ETD/interact-20150104_alr_CompleteHumanProteome_GM12878_ETD_LysC_fr18_151109114241_sub.pep.xml"
time="20:01:35" level=warning msg="No PSM was found in data set. /scratch/negishi/afarzam/MSV000086944_results_v4/second_pass_downstream/LysC_ETD/LysC_ETD_2pass_results/GM12878_LysC_ETD/interact-20150104_alr_CompleteHumanProteome_GM12878_ETD_LysC_fr30_sub.pep.xml"
time="20:01:35" level=info msg="Parsing /scratch/negishi/afarzam/MSV000086944_results_v4/second_pass_downstream/LysC_ETD/LysC_ETD_2pass_results/GM12878_LysC_ETD/interact-20150104_alr_CompleteHumanProteome_GM12878_ETD_LysC_fr19_sub.pep.xml"
time="20:01:35" level=info msg="Parsing /scratch/negishi/afarzam/MSV000086944_results_v4/second_pass_downstream/LysC_ETD/LysC_ETD_2pass_results/GM12878_LysC_ETD/interact-20150104_alr_CompleteHumanProteome_GM12878_ETD_LysC_fr1_sub.pep.xml"
time="20:01:35" level=info msg="Parsing /scratch/negishi/afarzam/MSV000086944_results_v4/second_pass_downstream/LysC_ETD/LysC_ETD_2pass_results/GM12878_LysC_ETD/interact-20150104_alr_CompleteHumanProteome_GM12878_ETD_LysC_fr4_151106091102_sub.pep.xml"
time="20:01:36" level=info msg="1+ Charge profile" decoy=0 target=0
time="20:01:36" level=info msg="2+ Charge profile" decoy=109 target=350
time="20:01:36" level=info msg="3+ Charge profile" decoy=66 target=231
time="20:01:36" level=info msg="4+ Charge profile" decoy=34 target=126
time="20:01:36" level=info msg="5+ Charge profile" decoy=32 target=77
time="20:01:36" level=info msg="6+ Charge profile" decoy=15 target=33
time="20:01:36" level=info msg="Database search results" ions=929 peptides=897 psms=1073
time="20:01:36" level=info msg="Converged to 0.00 % FDR with 43 PSMs" decoy=0 threshold=0.855602 total=43
time="20:01:36" level=info msg="Converged to 0.00 % FDR with 42 Peptides" decoy=0 threshold=0.855602 total=42
time="20:01:36" level=info msg="Converged to 0.00 % FDR with 43 Ions" decoy=0 threshold=0.855602 total=43
time="20:01:36" level=info msg="Protein inference results" decoy=868 target=1459
time="20:01:36" level=info msg="Converged to 0.00 % FDR with 41 Proteins" decoy=0 threshold=0.935 total=41
time="20:01:36" level=info msg="Applying sequential FDR estimation" ions=23 peptides=22 psms=23
time="20:01:36" level=info msg="Converged to 0.00 % FDR with 22 PSMs" decoy=0 threshold=0.882449 total=22
time="20:01:36" level=info msg="Converged to 0.00 % FDR with 21 Peptides" decoy=0 threshold=0.882449 total=21
time="20:01:36" level=info msg="Converged to 0.00 % FDR with 22 Ions" decoy=0 threshold=0.882449 total=22
time="20:01:36" level=info msg="Post processing identifications"
time="20:01:36" level=info msg="Assigning protein identifications to layers"
time="20:01:36" level=info msg="Processing protein inference"
time="20:01:36" level=info msg="Synchronizing PSMs and proteins"
time="20:01:36" level=info msg="Final report numbers after FDR filtering, and post-processing" ions=22 peptides=21 proteins=18 psms=22
time="20:01:36" level=info msg=Saving
time="20:01:36" level=info msg=Done
