time="04:13:43" level=info msg="Executing Filter  v5.1.2"
time="04:13:43" level=info msg="Fetching protein inference from /scratch/negishi/afarzam/MSV000086944_results_v4/second_pass_upstream/Chymo_ETD/Chymo_ETD_2pass_results/GM12878_Chymo_ETD"
time="04:13:44" level=info msg="Processing peptide identification files"
time="04:13:44" level=info msg="Parsing /scratch/negishi/afarzam/MSV000086944_results_v4/second_pass_upstream/Chymo_ETD/Chymo_ETD_2pass_results/hESC_Chymo_ETD/interact-ETD_chymo9_sub.pep.xml"
time="04:13:44" level=info msg="Parsing /scratch/negishi/afarzam/MSV000086944_results_v4/second_pass_upstream/Chymo_ETD/Chymo_ETD_2pass_results/hESC_Chymo_ETD/interact-ETD_chymo13_sub.pep.xml"
time="04:13:44" level=info msg="Parsing /scratch/negishi/afarzam/MSV000086944_results_v4/second_pass_upstream/Chymo_ETD/Chymo_ETD_2pass_results/hESC_Chymo_ETD/interact-ETD_chymo21_sub.pep.xml"
time="04:13:44" level=info msg="Parsing /scratch/negishi/afarzam/MSV000086944_results_v4/second_pass_upstream/Chymo_ETD/Chymo_ETD_2pass_results/hESC_Chymo_ETD/interact-ETD_chymo11_sub.pep.xml"
time="04:13:44" level=info msg="Parsing /scratch/negishi/afarzam/MSV000086944_results_v4/second_pass_upstream/Chymo_ETD/Chymo_ETD_2pass_results/hESC_Chymo_ETD/interact-ETD_chymo12_sub.pep.xml"
time="04:13:44" level=info msg="Parsing /scratch/negishi/afarzam/MSV000086944_results_v4/second_pass_upstream/Chymo_ETD/Chymo_ETD_2pass_results/hESC_Chymo_ETD/interact-ETD_chymo18_sub.pep.xml"
time="04:13:44" level=info msg="Parsing /scratch/negishi/afarzam/MSV000086944_results_v4/second_pass_upstream/Chymo_ETD/Chymo_ETD_2pass_results/hESC_Chymo_ETD/interact-ETD_chymo14_sub.pep.xml"
time="04:13:44" level=info msg="Parsing /scratch/negishi/afarzam/MSV000086944_results_v4/second_pass_upstream/Chymo_ETD/Chymo_ETD_2pass_results/hESC_Chymo_ETD/interact-ETD_chymo15_sub.pep.xml"
time="04:13:44" level=info msg="Parsing /scratch/negishi/afarzam/MSV000086944_results_v4/second_pass_upstream/Chymo_ETD/Chymo_ETD_2pass_results/hESC_Chymo_ETD/interact-ETD_chymo3_sub.pep.xml"
time="04:13:44" level=info msg="Parsing /scratch/negishi/afarzam/MSV000086944_results_v4/second_pass_upstream/Chymo_ETD/Chymo_ETD_2pass_results/hESC_Chymo_ETD/interact-ETD_chymo17_sub.pep.xml"
time="04:13:44" level=info msg="Parsing /scratch/negishi/afarzam/MSV000086944_results_v4/second_pass_upstream/Chymo_ETD/Chymo_ETD_2pass_results/hESC_Chymo_ETD/interact-ETD_chymo24_sub.pep.xml"
time="04:13:44" level=info msg="Parsing /scratch/negishi/afarzam/MSV000086944_results_v4/second_pass_upstream/Chymo_ETD/Chymo_ETD_2pass_results/hESC_Chymo_ETD/interact-ETD_chymo6_sub.pep.xml"
time="04:13:44" level=info msg="Parsing /scratch/negishi/afarzam/MSV000086944_results_v4/second_pass_upstream/Chymo_ETD/Chymo_ETD_2pass_results/hESC_Chymo_ETD/interact-ETD_chymo16_sub.pep.xml"
time="04:13:44" level=info msg="Parsing /scratch/negishi/afarzam/MSV000086944_results_v4/second_pass_upstream/Chymo_ETD/Chymo_ETD_2pass_results/hESC_Chymo_ETD/interact-ETD_chymo1_Plus2SA_sub.pep.xml"
time="04:13:44" level=info msg="Parsing /scratch/negishi/afarzam/MSV000086944_results_v4/second_pass_upstream/Chymo_ETD/Chymo_ETD_2pass_results/hESC_Chymo_ETD/interact-ETD_chymo19_sub.pep.xml"
time="04:13:44" level=info msg="Parsing /scratch/negishi/afarzam/MSV000086944_results_v4/second_pass_upstream/Chymo_ETD/Chymo_ETD_2pass_results/hESC_Chymo_ETD/interact-ETD_chymo4_sub.pep.xml"
time="04:13:44" level=info msg="Parsing /scratch/negishi/afarzam/MSV000086944_results_v4/second_pass_upstream/Chymo_ETD/Chymo_ETD_2pass_results/hESC_Chymo_ETD/interact-ETD_chymo5_sub.pep.xml"
time="04:13:44" level=info msg="Parsing /scratch/negishi/afarzam/MSV000086944_results_v4/second_pass_upstream/Chymo_ETD/Chymo_ETD_2pass_results/hESC_Chymo_ETD/interact-ETD_chymo1_Plus2SA_140716211504_sub.pep.xml"
time="04:13:44" level=info msg="Parsing /scratch/negishi/afarzam/MSV000086944_results_v4/second_pass_upstream/Chymo_ETD/Chymo_ETD_2pass_results/hESC_Chymo_ETD/interact-ETD_chymo20_sub.pep.xml"
time="04:13:44" level=info msg="Parsing /scratch/negishi/afarzam/MSV000086944_results_v4/second_pass_upstream/Chymo_ETD/Chymo_ETD_2pass_results/hESC_Chymo_ETD/interact-ETD_chymo10_sub.pep.xml"
time="04:13:44" level=info msg="Parsing /scratch/negishi/afarzam/MSV000086944_results_v4/second_pass_upstream/Chymo_ETD/Chymo_ETD_2pass_results/hESC_Chymo_ETD/interact-ETD_chymo22_sub.pep.xml"
time="04:13:44" level=info msg="Parsing /scratch/negishi/afarzam/MSV000086944_results_v4/second_pass_upstream/Chymo_ETD/Chymo_ETD_2pass_results/hESC_Chymo_ETD/interact-ETD_chymo7_sub.pep.xml"
time="04:13:44" level=info msg="Parsing /scratch/negishi/afarzam/MSV000086944_results_v4/second_pass_upstream/Chymo_ETD/Chymo_ETD_2pass_results/hESC_Chymo_ETD/interact-ETD_chymo23_sub.pep.xml"
time="04:13:44" level=info msg="Parsing /scratch/negishi/afarzam/MSV000086944_results_v4/second_pass_upstream/Chymo_ETD/Chymo_ETD_2pass_results/hESC_Chymo_ETD/interact-ETD_chymo25_sub.pep.xml"
time="04:13:44" level=info msg="Parsing /scratch/negishi/afarzam/MSV000086944_results_v4/second_pass_upstream/Chymo_ETD/Chymo_ETD_2pass_results/hESC_Chymo_ETD/interact-ETD_chymo2_sub.pep.xml"
time="04:13:44" level=info msg="Parsing /scratch/negishi/afarzam/MSV000086944_results_v4/second_pass_upstream/Chymo_ETD/Chymo_ETD_2pass_results/hESC_Chymo_ETD/interact-ETD_chymo8_140717172415_sub.pep.xml"
time="04:13:44" level=info msg="Parsing /scratch/negishi/afarzam/MSV000086944_results_v4/second_pass_upstream/Chymo_ETD/Chymo_ETD_2pass_results/hESC_Chymo_ETD/interact-ETD_chymo1_sub.pep.xml"
time="04:13:47" level=info msg="1+ Charge profile" decoy=0 target=0
time="04:13:47" level=info msg="2+ Charge profile" decoy=235 target=973
time="04:13:47" level=info msg="3+ Charge profile" decoy=165 target=412
time="04:13:47" level=info msg="4+ Charge profile" decoy=78 target=170
time="04:13:47" level=info msg="5+ Charge profile" decoy=34 target=88
time="04:13:47" level=info msg="6+ Charge profile" decoy=25 target=48
time="04:13:47" level=info msg="Database search results" ions=2011 peptides=1980 psms=2228
time="04:13:47" level=info msg="Converged to 0.00 % FDR with 18 PSMs" decoy=0 threshold=0.912475 total=18
time="04:13:47" level=info msg="Converged to 0.00 % FDR with 12 Peptides" decoy=0 threshold=0.912475 total=12
time="04:13:47" level=info msg="Converged to 0.00 % FDR with 14 Ions" decoy=0 threshold=0.912475 total=14
time="04:13:47" level=info msg="Protein inference results" decoy=2857 target=4729
time="04:13:47" level=info msg="Converged to 0.00 % FDR with 29 Proteins" decoy=0 threshold=0.9577 total=29
time="04:13:47" level=info msg="Applying sequential FDR estimation" ions=8 peptides=6 psms=12
time="04:13:47" level=info msg="Converged to 0.00 % FDR with 11 PSMs" decoy=0 threshold=0.95621 total=11
time="04:13:47" level=info msg="Converged to 0.00 % FDR with 5 Peptides" decoy=0 threshold=0.962799 total=5
time="04:13:47" level=info msg="Converged to 0.00 % FDR with 7 Ions" decoy=0 threshold=0.956765 total=7
time="04:13:47" level=info msg="Post processing identifications"
time="04:13:47" level=info msg="Assigning protein identifications to layers"
time="04:13:47" level=info msg="Processing protein inference"
time="04:13:48" level=info msg="Synchronizing PSMs and proteins"
time="04:13:48" level=info msg="Final report numbers after FDR filtering, and post-processing" ions=7 peptides=5 proteins=6 psms=11
time="04:13:48" level=info msg=Saving
time="04:13:48" level=info msg=Done
