time="10:05:54" level=info msg="Executing Filter  v5.1.2"
time="10:05:54" level=info msg="Fetching protein inference from /scratch/negishi/afarzam/MSV000086944_results_v4/second_pass_upstream/LysC_CAD/LysC_CAD_2pass_results/GM12878_LysC_HCD"
time="10:05:55" level=info msg="Processing peptide identification files"
time="10:05:55" level=info msg="Parsing /scratch/negishi/afarzam/MSV000086944_results_v4/second_pass_upstream/LysC_CAD/LysC_CAD_2pass_results/HepG2_LysC_HCD/interact-20151215_alr_CompleteHumaProteome_HepG2_HCD_LysC_fr9_sub.pep.xml"
time="10:05:55" level=info msg="Parsing /scratch/negishi/afarzam/MSV000086944_results_v4/second_pass_upstream/LysC_CAD/LysC_CAD_2pass_results/HepG2_LysC_HCD/interact-20151215_alr_CompleteHumaProteome_HepG2_HCD_LysC_fr10_sub.pep.xml"
time="10:05:55" level=info msg="Parsing /scratch/negishi/afarzam/MSV000086944_results_v4/second_pass_upstream/LysC_CAD/LysC_CAD_2pass_results/HepG2_LysC_HCD/interact-20151215_alr_CompleteHumaProteome_HepG2_HCD_LysC_fr15_sub.pep.xml"
time="10:05:55" level=info msg="Parsing /scratch/negishi/afarzam/MSV000086944_results_v4/second_pass_upstream/LysC_CAD/LysC_CAD_2pass_results/HepG2_LysC_HCD/interact-20151215_alr_CompleteHumaProteome_HepG2_HCD_LysC_fr12_sub.pep.xml"
time="10:05:55" level=info msg="Parsing /scratch/negishi/afarzam/MSV000086944_results_v4/second_pass_upstream/LysC_CAD/LysC_CAD_2pass_results/HepG2_LysC_HCD/interact-20151215_alr_CompleteHumaProteome_HepG2_HCD_LysC_fr13_sub.pep.xml"
time="10:05:55" level=info msg="Parsing /scratch/negishi/afarzam/MSV000086944_results_v4/second_pass_upstream/LysC_CAD/LysC_CAD_2pass_results/HepG2_LysC_HCD/interact-20151215_alr_CompleteHumaProteome_HepG2_HCD_LysC_fr14_sub.pep.xml"
time="10:05:55" level=info msg="Parsing /scratch/negishi/afarzam/MSV000086944_results_v4/second_pass_upstream/LysC_CAD/LysC_CAD_2pass_results/HepG2_LysC_HCD/interact-20151215_alr_CompleteHumaProteome_HepG2_HCD_LysC_fr11_sub.pep.xml"
time="10:05:55" level=info msg="Parsing /scratch/negishi/afarzam/MSV000086944_results_v4/second_pass_upstream/LysC_CAD/LysC_CAD_2pass_results/HepG2_LysC_HCD/interact-20151215_alr_CompleteHumaProteome_HepG2_HCD_LysC_fr28_sub.pep.xml"
time="10:05:55" level=info msg="Parsing /scratch/negishi/afarzam/MSV000086944_results_v4/second_pass_upstream/LysC_CAD/LysC_CAD_2pass_results/HepG2_LysC_HCD/interact-20151215_alr_CompleteHumaProteome_HepG2_HCD_LysC_fr34_sub.pep.xml"
time="10:05:55" level=info msg="Parsing /scratch/negishi/afarzam/MSV000086944_results_v4/second_pass_upstream/LysC_CAD/LysC_CAD_2pass_results/HepG2_LysC_HCD/interact-20151215_alr_CompleteHumaProteome_HepG2_HCD_LysC_fr30_sub.pep.xml"
time="10:05:55" level=info msg="Parsing /scratch/negishi/afarzam/MSV000086944_results_v4/second_pass_upstream/LysC_CAD/LysC_CAD_2pass_results/HepG2_LysC_HCD/interact-20151215_alr_CompleteHumaProteome_HepG2_HCD_LysC_fr21_sub.pep.xml"
time="10:05:55" level=info msg="Parsing /scratch/negishi/afarzam/MSV000086944_results_v4/second_pass_upstream/LysC_CAD/LysC_CAD_2pass_results/HepG2_LysC_HCD/interact-20151215_alr_CompleteHumaProteome_HepG2_HCD_LysC_fr5_sub.pep.xml"
time="10:05:55" level=info msg="Parsing /scratch/negishi/afarzam/MSV000086944_results_v4/second_pass_upstream/LysC_CAD/LysC_CAD_2pass_results/HepG2_LysC_HCD/interact-20151215_alr_CompleteHumaProteome_HepG2_HCD_LysC_fr31_sub.pep.xml"
time="10:05:55" level=info msg="Parsing /scratch/negishi/afarzam/MSV000086944_results_v4/second_pass_upstream/LysC_CAD/LysC_CAD_2pass_results/HepG2_LysC_HCD/interact-20151215_alr_CompleteHumaProteome_HepG2_HCD_LysC_fr6_sub.pep.xml"
time="10:05:55" level=info msg="Parsing /scratch/negishi/afarzam/MSV000086944_results_v4/second_pass_upstream/LysC_CAD/LysC_CAD_2pass_results/HepG2_LysC_HCD/interact-20151215_alr_CompleteHumaProteome_HepG2_HCD_LysC_fr29_sub.pep.xml"
time="10:05:55" level=info msg="Parsing /scratch/negishi/afarzam/MSV000086944_results_v4/second_pass_upstream/LysC_CAD/LysC_CAD_2pass_results/HepG2_LysC_HCD/interact-20151215_alr_CompleteHumaProteome_HepG2_HCD_LysC_fr2_sub.pep.xml"
time="10:05:55" level=info msg="Parsing /scratch/negishi/afarzam/MSV000086944_results_v4/second_pass_upstream/LysC_CAD/LysC_CAD_2pass_results/HepG2_LysC_HCD/interact-20151215_alr_CompleteHumaProteome_HepG2_HCD_LysC_fr24_sub.pep.xml"
time="10:05:55" level=info msg="Parsing /scratch/negishi/afarzam/MSV000086944_results_v4/second_pass_upstream/LysC_CAD/LysC_CAD_2pass_results/HepG2_LysC_HCD/interact-20151215_alr_CompleteHumaProteome_HepG2_HCD_LysC_fr26_sub.pep.xml"
time="10:05:55" level=info msg="Parsing /scratch/negishi/afarzam/MSV000086944_results_v4/second_pass_upstream/LysC_CAD/LysC_CAD_2pass_results/HepG2_LysC_HCD/interact-20151215_alr_CompleteHumaProteome_HepG2_HCD_LysC_fr22_sub.pep.xml"
time="10:05:55" level=info msg="Parsing /scratch/negishi/afarzam/MSV000086944_results_v4/second_pass_upstream/LysC_CAD/LysC_CAD_2pass_results/HepG2_LysC_HCD/interact-20151215_alr_CompleteHumaProteome_HepG2_HCD_LysC_fr33_sub.pep.xml"
time="10:05:55" level=info msg="Parsing /scratch/negishi/afarzam/MSV000086944_results_v4/second_pass_upstream/LysC_CAD/LysC_CAD_2pass_results/HepG2_LysC_HCD/interact-20151215_alr_CompleteHumaProteome_HepG2_HCD_LysC_fr17_sub.pep.xml"
time="10:05:55" level=info msg="Parsing /scratch/negishi/afarzam/MSV000086944_results_v4/second_pass_upstream/LysC_CAD/LysC_CAD_2pass_results/HepG2_LysC_HCD/interact-20151215_alr_CompleteHumaProteome_HepG2_HCD_LysC_fr35_sub.pep.xml"
time="10:05:55" level=info msg="Parsing /scratch/negishi/afarzam/MSV000086944_results_v4/second_pass_upstream/LysC_CAD/LysC_CAD_2pass_results/HepG2_LysC_HCD/interact-20151215_alr_CompleteHumaProteome_HepG2_HCD_LysC_fr8_sub.pep.xml"
time="10:05:55" level=info msg="Parsing /scratch/negishi/afarzam/MSV000086944_results_v4/second_pass_upstream/LysC_CAD/LysC_CAD_2pass_results/HepG2_LysC_HCD/interact-20151215_alr_CompleteHumaProteome_HepG2_HCD_LysC_fr4_sub.pep.xml"
time="10:05:55" level=info msg="Parsing /scratch/negishi/afarzam/MSV000086944_results_v4/second_pass_upstream/LysC_CAD/LysC_CAD_2pass_results/HepG2_LysC_HCD/interact-20151215_alr_CompleteHumaProteome_HepG2_HCD_LysC_fr16_sub.pep.xml"
time="10:05:55" level=info msg="Parsing /scratch/negishi/afarzam/MSV000086944_results_v4/second_pass_upstream/LysC_CAD/LysC_CAD_2pass_results/HepG2_LysC_HCD/interact-20151215_alr_CompleteHumaProteome_HepG2_HCD_LysC_fr18_sub.pep.xml"
time="10:05:55" level=info msg="Parsing /scratch/negishi/afarzam/MSV000086944_results_v4/second_pass_upstream/LysC_CAD/LysC_CAD_2pass_results/HepG2_LysC_HCD/interact-20151215_alr_CompleteHumaProteome_HepG2_HCD_LysC_fr25_sub.pep.xml"
time="10:05:55" level=info msg="Parsing /scratch/negishi/afarzam/MSV000086944_results_v4/second_pass_upstream/LysC_CAD/LysC_CAD_2pass_results/HepG2_LysC_HCD/interact-20151215_alr_CompleteHumaProteome_HepG2_HCD_LysC_fr27_sub.pep.xml"
time="10:05:55" level=info msg="Parsing /scratch/negishi/afarzam/MSV000086944_results_v4/second_pass_upstream/LysC_CAD/LysC_CAD_2pass_results/HepG2_LysC_HCD/interact-20151215_alr_CompleteHumaProteome_HepG2_HCD_LysC_fr23_sub.pep.xml"
time="10:05:55" level=info msg="Parsing /scratch/negishi/afarzam/MSV000086944_results_v4/second_pass_upstream/LysC_CAD/LysC_CAD_2pass_results/HepG2_LysC_HCD/interact-20151215_alr_CompleteHumaProteome_HepG2_HCD_LysC_fr32_sub.pep.xml"
time="10:05:55" level=info msg="Parsing /scratch/negishi/afarzam/MSV000086944_results_v4/second_pass_upstream/LysC_CAD/LysC_CAD_2pass_results/HepG2_LysC_HCD/interact-20151215_alr_CompleteHumaProteome_HepG2_HCD_LysC_fr19_sub.pep.xml"
time="10:05:55" level=info msg="Parsing /scratch/negishi/afarzam/MSV000086944_results_v4/second_pass_upstream/LysC_CAD/LysC_CAD_2pass_results/HepG2_LysC_HCD/interact-20151215_alr_CompleteHumaProteome_HepG2_HCD_LysC_fr3_sub.pep.xml"
time="10:05:55" level=info msg="Parsing /scratch/negishi/afarzam/MSV000086944_results_v4/second_pass_upstream/LysC_CAD/LysC_CAD_2pass_results/HepG2_LysC_HCD/interact-20151215_alr_CompleteHumaProteome_HepG2_HCD_LysC_fr1_sub.pep.xml"
time="10:05:55" level=info msg="Parsing /scratch/negishi/afarzam/MSV000086944_results_v4/second_pass_upstream/LysC_CAD/LysC_CAD_2pass_results/HepG2_LysC_HCD/interact-20151215_alr_CompleteHumaProteome_HepG2_HCD_LysC_fr20_sub.pep.xml"
time="10:05:55" level=info msg="Parsing /scratch/negishi/afarzam/MSV000086944_results_v4/second_pass_upstream/LysC_CAD/LysC_CAD_2pass_results/HepG2_LysC_HCD/interact-20151215_alr_CompleteHumaProteome_HepG2_HCD_LysC_fr7_sub.pep.xml"
time="10:05:56" level=info msg="1+ Charge profile" decoy=0 target=0
time="10:05:56" level=info msg="2+ Charge profile" decoy=167 target=653
time="10:05:56" level=info msg="3+ Charge profile" decoy=225 target=857
time="10:05:56" level=info msg="4+ Charge profile" decoy=109 target=536
time="10:05:56" level=info msg="5+ Charge profile" decoy=52 target=192
time="10:05:56" level=info msg="6+ Charge profile" decoy=19 target=49
time="10:05:56" level=info msg="Database search results" ions=2243 peptides=2040 psms=2876
time="10:05:56" level=info msg="Converged to 0.00 % FDR with 44 PSMs" decoy=0 threshold=0.993747 total=44
time="10:05:56" level=info msg="Converged to 0.00 % FDR with 21 Peptides" decoy=0 threshold=0.993747 total=21
time="10:05:56" level=info msg="Converged to 0.00 % FDR with 30 Ions" decoy=0 threshold=0.993747 total=30
time="10:05:56" level=info msg="Protein inference results" decoy=1759 target=2653
time="10:05:56" level=info msg="Converged to 0.00 % FDR with 52 Proteins" decoy=0 threshold=0.9967 total=52
time="10:05:56" level=info msg="Applying sequential FDR estimation" ions=26 peptides=17 psms=40
time="10:05:56" level=info msg="Converged to 0.00 % FDR with 39 PSMs" decoy=0 threshold=0.993921 total=39
time="10:05:56" level=info msg="Converged to 0.00 % FDR with 16 Peptides" decoy=0 threshold=0.994364 total=16
time="10:05:56" level=info msg="Converged to 0.00 % FDR with 25 Ions" decoy=0 threshold=0.994364 total=25
time="10:05:56" level=info msg="Post processing identifications"
time="10:05:56" level=info msg="Assigning protein identifications to layers"
time="10:05:57" level=info msg="Processing protein inference"
time="10:05:57" level=info msg="Synchronizing PSMs and proteins"
time="10:05:57" level=info msg="Final report numbers after FDR filtering, and post-processing" ions=25 peptides=16 proteins=14 psms=39
time="10:05:57" level=info msg=Saving
time="10:05:57" level=info msg=Done
