time="09:18:03" level=info msg="Executing Filter  v5.1.2"
time="09:18:03" level=info msg="Fetching protein inference from /scratch/negishi/afarzam/MSV000086944_results_v4/second_pass_upstream/GluC_ETD/GluC_ETD_2pass_results/GM12878_GluC_ETD"
time="09:18:04" level=info msg="Processing peptide identification files"
time="09:18:04" level=info msg="Parsing /scratch/negishi/afarzam/MSV000086944_results_v4/second_pass_upstream/GluC_ETD/GluC_ETD_2pass_results/HeLa_GluC_ETD/interact-20151031_alr_CompleteHumanProteome_HeLaS3_ETD_GluC_fr7_sub.pep.xml"
time="09:18:04" level=info msg="Parsing /scratch/negishi/afarzam/MSV000086944_results_v4/second_pass_upstream/GluC_ETD/GluC_ETD_2pass_results/HeLa_GluC_ETD/interact-20151031_alr_CompleteHumanProteome_HeLaS3_ETD_GluC_fr14_sub.pep.xml"
time="09:18:04" level=info msg="Parsing /scratch/negishi/afarzam/MSV000086944_results_v4/second_pass_upstream/GluC_ETD/GluC_ETD_2pass_results/HeLa_GluC_ETD/interact-20151031_alr_CompleteHumanProteome_HeLaS3_ETD_GluC_fr10_sub.pep.xml"
time="09:18:04" level=info msg="Parsing /scratch/negishi/afarzam/MSV000086944_results_v4/second_pass_upstream/GluC_ETD/GluC_ETD_2pass_results/HeLa_GluC_ETD/interact-20151031_alr_CompleteHumanProteome_HeLaS3_ETD_GluC_fr1_sub.pep.xml"
time="09:18:04" level=info msg="Parsing /scratch/negishi/afarzam/MSV000086944_results_v4/second_pass_upstream/GluC_ETD/GluC_ETD_2pass_results/HeLa_GluC_ETD/interact-20151031_alr_CompleteHumanProteome_HeLaS3_ETD_GluC_fr19_sub.pep.xml"
time="09:18:04" level=info msg="Parsing /scratch/negishi/afarzam/MSV000086944_results_v4/second_pass_upstream/GluC_ETD/GluC_ETD_2pass_results/HeLa_GluC_ETD/interact-20151031_alr_CompleteHumanProteome_HeLaS3_ETD_GluC_fr27_sub.pep.xml"
time="09:18:04" level=info msg="Parsing /scratch/negishi/afarzam/MSV000086944_results_v4/second_pass_upstream/GluC_ETD/GluC_ETD_2pass_results/HeLa_GluC_ETD/interact-20151031_alr_CompleteHumanProteome_HeLaS3_ETD_GluC_fr23_sub.pep.xml"
time="09:18:04" level=info msg="Parsing /scratch/negishi/afarzam/MSV000086944_results_v4/second_pass_upstream/GluC_ETD/GluC_ETD_2pass_results/HeLa_GluC_ETD/interact-20151031_alr_CompleteHumanProteome_HeLaS3_ETD_GluC_fr28_sub.pep.xml"
time="09:18:04" level=info msg="Parsing /scratch/negishi/afarzam/MSV000086944_results_v4/second_pass_upstream/GluC_ETD/GluC_ETD_2pass_results/HeLa_GluC_ETD/interact-20151031_alr_CompleteHumanProteome_HeLaS3_ETD_GluC_fr25_sub.pep.xml"
time="09:18:04" level=info msg="Parsing /scratch/negishi/afarzam/MSV000086944_results_v4/second_pass_upstream/GluC_ETD/GluC_ETD_2pass_results/HeLa_GluC_ETD/interact-20151031_alr_CompleteHumanProteome_HeLaS3_ETD_GluC_fr24_sub.pep.xml"
time="09:18:04" level=info msg="Parsing /scratch/negishi/afarzam/MSV000086944_results_v4/second_pass_upstream/GluC_ETD/GluC_ETD_2pass_results/HeLa_GluC_ETD/interact-20151031_alr_CompleteHumanProteome_HeLaS3_ETD_GluC_fr29_sub.pep.xml"
time="09:18:04" level=info msg="Parsing /scratch/negishi/afarzam/MSV000086944_results_v4/second_pass_upstream/GluC_ETD/GluC_ETD_2pass_results/HeLa_GluC_ETD/interact-20151031_alr_CompleteHumanProteome_HeLaS3_ETD_GluC_fr12_sub.pep.xml"
time="09:18:04" level=info msg="Parsing /scratch/negishi/afarzam/MSV000086944_results_v4/second_pass_upstream/GluC_ETD/GluC_ETD_2pass_results/HeLa_GluC_ETD/interact-20151031_alr_CompleteHumanProteome_HeLaS3_ETD_GluC_fr3_sub.pep.xml"
time="09:18:04" level=warning msg="No PSM was found in data set. /scratch/negishi/afarzam/MSV000086944_results_v4/second_pass_upstream/GluC_ETD/GluC_ETD_2pass_results/HeLa_GluC_ETD/interact-20151031_alr_CompleteHumanProteome_HeLaS3_ETD_GluC_fr27_sub.pep.xml"
time="09:18:04" level=info msg="Parsing /scratch/negishi/afarzam/MSV000086944_results_v4/second_pass_upstream/GluC_ETD/GluC_ETD_2pass_results/HeLa_GluC_ETD/interact-20151031_alr_CompleteHumanProteome_HeLaS3_ETD_GluC_fr26_sub.pep.xml"
time="09:18:04" level=info msg="Parsing /scratch/negishi/afarzam/MSV000086944_results_v4/second_pass_upstream/GluC_ETD/GluC_ETD_2pass_results/HeLa_GluC_ETD/interact-20151031_alr_CompleteHumanProteome_HeLaS3_ETD_GluC_fr4_sub.pep.xml"
time="09:18:04" level=info msg="Parsing /scratch/negishi/afarzam/MSV000086944_results_v4/second_pass_upstream/GluC_ETD/GluC_ETD_2pass_results/HeLa_GluC_ETD/interact-20151031_alr_CompleteHumanProteome_HeLaS3_ETD_GluC_fr21_sub.pep.xml"
time="09:18:04" level=info msg="Parsing /scratch/negishi/afarzam/MSV000086944_results_v4/second_pass_upstream/GluC_ETD/GluC_ETD_2pass_results/HeLa_GluC_ETD/interact-20151031_alr_CompleteHumanProteome_HeLaS3_ETD_GluC_fr2_sub.pep.xml"
time="09:18:04" level=info msg="Parsing /scratch/negishi/afarzam/MSV000086944_results_v4/second_pass_upstream/GluC_ETD/GluC_ETD_2pass_results/HeLa_GluC_ETD/interact-20151031_alr_CompleteHumanProteome_HeLaS3_ETD_GluC_fr22_sub.pep.xml"
time="09:18:04" level=info msg="Parsing /scratch/negishi/afarzam/MSV000086944_results_v4/second_pass_upstream/GluC_ETD/GluC_ETD_2pass_results/HeLa_GluC_ETD/interact-20151031_alr_CompleteHumanProteome_HeLaS3_ETD_GluC_fr17_sub.pep.xml"
time="09:18:04" level=info msg="Parsing /scratch/negishi/afarzam/MSV000086944_results_v4/second_pass_upstream/GluC_ETD/GluC_ETD_2pass_results/HeLa_GluC_ETD/interact-20151031_alr_CompleteHumanProteome_HeLaS3_ETD_GluC_fr15_sub.pep.xml"
time="09:18:04" level=info msg="Parsing /scratch/negishi/afarzam/MSV000086944_results_v4/second_pass_upstream/GluC_ETD/GluC_ETD_2pass_results/HeLa_GluC_ETD/interact-20151031_alr_CompleteHumanProteome_HeLaS3_ETD_GluC_fr11_sub.pep.xml"
time="09:18:04" level=info msg="Parsing /scratch/negishi/afarzam/MSV000086944_results_v4/second_pass_upstream/GluC_ETD/GluC_ETD_2pass_results/HeLa_GluC_ETD/interact-20151031_alr_CompleteHumanProteome_HeLaS3_ETD_GluC_fr18_sub.pep.xml"
time="09:18:04" level=info msg="Parsing /scratch/negishi/afarzam/MSV000086944_results_v4/second_pass_upstream/GluC_ETD/GluC_ETD_2pass_results/HeLa_GluC_ETD/interact-20151031_alr_CompleteHumanProteome_HeLaS3_ETD_GluC_fr20_sub.pep.xml"
time="09:18:04" level=info msg="Parsing /scratch/negishi/afarzam/MSV000086944_results_v4/second_pass_upstream/GluC_ETD/GluC_ETD_2pass_results/HeLa_GluC_ETD/interact-20151031_alr_CompleteHumanProteome_HeLaS3_ETD_GluC_fr30_sub.pep.xml"
time="09:18:04" level=info msg="Parsing /scratch/negishi/afarzam/MSV000086944_results_v4/second_pass_upstream/GluC_ETD/GluC_ETD_2pass_results/HeLa_GluC_ETD/interact-20151031_alr_CompleteHumanProteome_HeLaS3_ETD_GluC_fr16_sub.pep.xml"
time="09:18:04" level=info msg="Parsing /scratch/negishi/afarzam/MSV000086944_results_v4/second_pass_upstream/GluC_ETD/GluC_ETD_2pass_results/HeLa_GluC_ETD/interact-20151031_alr_CompleteHumanProteome_HeLaS3_ETD_GluC_fr13_sub.pep.xml"
time="09:18:04" level=info msg="Parsing /scratch/negishi/afarzam/MSV000086944_results_v4/second_pass_upstream/GluC_ETD/GluC_ETD_2pass_results/HeLa_GluC_ETD/interact-20151031_alr_CompleteHumanProteome_HeLaS3_ETD_GluC_fr5_sub.pep.xml"
time="09:18:04" level=info msg="Parsing /scratch/negishi/afarzam/MSV000086944_results_v4/second_pass_upstream/GluC_ETD/GluC_ETD_2pass_results/HeLa_GluC_ETD/interact-20151031_alr_CompleteHumanProteome_HeLaS3_ETD_GluC_fr6_sub.pep.xml"
time="09:18:06" level=info msg="1+ Charge profile" decoy=0 target=0
time="09:18:06" level=info msg="2+ Charge profile" decoy=209 target=659
time="09:18:06" level=info msg="3+ Charge profile" decoy=182 target=450
time="09:18:06" level=info msg="4+ Charge profile" decoy=123 target=310
time="09:18:06" level=info msg="5+ Charge profile" decoy=50 target=173
time="09:18:06" level=info msg="6+ Charge profile" decoy=27 target=37
time="09:18:06" level=info msg="Database search results" ions=1934 peptides=1836 psms=2220
time="09:18:06" level=info msg="Converged to 0.00 % FDR with 31 PSMs" decoy=0 threshold=0.892531 total=31
time="09:18:06" level=info msg="Converged to 0.00 % FDR with 18 Peptides" decoy=0 threshold=0.892531 total=18
time="09:18:06" level=info msg="Converged to 0.00 % FDR with 22 Ions" decoy=0 threshold=0.892531 total=22
time="09:18:06" level=info msg="Protein inference results" decoy=2706 target=3650
time="09:18:06" level=info msg="Converged to 0.00 % FDR with 6 Proteins" decoy=0 threshold=0.9964 total=6
time="09:18:06" level=info msg="Applying sequential FDR estimation" ions=7 peptides=3 psms=10
time="09:18:06" level=info msg="Converged to 0.00 % FDR with 9 PSMs" decoy=0 threshold=0.915437 total=9
time="09:18:06" level=info msg="Converged to 0.00 % FDR with 2 Peptides" decoy=0 threshold=0.990623 total=2
time="09:18:06" level=info msg="Converged to 0.00 % FDR with 6 Ions" decoy=0 threshold=0.957195 total=6
time="09:18:06" level=info msg="Post processing identifications"
time="09:18:06" level=info msg="Assigning protein identifications to layers"
time="09:18:06" level=info msg="Processing protein inference"
time="09:18:07" level=info msg="Synchronizing PSMs and proteins"
time="09:18:07" level=info msg="Final report numbers after FDR filtering, and post-processing" ions=6 peptides=2 proteins=2 psms=9
time="09:18:07" level=info msg=Saving
time="09:18:07" level=info msg=Done
