time="18:02:03" level=info msg="Executing Filter  v5.1.2"
time="18:02:03" level=info msg="Fetching protein inference from /scratch/negishi/afarzam/MSV000086944_results_v4/second_pass_downstream/GluC_CAD/GluC_CAD_2pass_results/GM12878_GluC_CAD"
time="18:02:03" level=info msg="Processing peptide identification files"
time="18:02:03" level=info msg="Parsing /scratch/negishi/afarzam/MSV000086944_results_v4/second_pass_downstream/GluC_CAD/GluC_CAD_2pass_results/HepG2_GluC_HCD/interact-20151124_alr_CompleteHumanProteome_HepG2_HCD_GluC_fr9_sub.pep.xml"
time="18:02:03" level=info msg="Parsing /scratch/negishi/afarzam/MSV000086944_results_v4/second_pass_downstream/GluC_CAD/GluC_CAD_2pass_results/HepG2_GluC_HCD/interact-20151115_alr_CompleteHumanProteome_HepG2_GluC_HCD_fr10_sub.pep.xml"
time="18:02:03" level=info msg="Parsing /scratch/negishi/afarzam/MSV000086944_results_v4/second_pass_downstream/GluC_CAD/GluC_CAD_2pass_results/HepG2_GluC_HCD/interact-20151115_alr_CompleteHumanProteome_HepG2_GluC_HCD_fr6_sub.pep.xml"
time="18:02:03" level=info msg="Parsing /scratch/negishi/afarzam/MSV000086944_results_v4/second_pass_downstream/GluC_CAD/GluC_CAD_2pass_results/HepG2_GluC_HCD/interact-20151124_alr_CompleteHumanProteome_HepG2_HCD_GluC_fr24_sub.pep.xml"
time="18:02:03" level=info msg="Parsing /scratch/negishi/afarzam/MSV000086944_results_v4/second_pass_downstream/GluC_CAD/GluC_CAD_2pass_results/HepG2_GluC_HCD/interact-20151124_alr_CompleteHumanProteome_HepG2_HCD_GluC_fr15_sub.pep.xml"
time="18:02:03" level=info msg="Parsing /scratch/negishi/afarzam/MSV000086944_results_v4/second_pass_downstream/GluC_CAD/GluC_CAD_2pass_results/HepG2_GluC_HCD/interact-20151115_alr_CompleteHumanProteome_HepG2_GluC_HCD_fr1_sub.pep.xml"
time="18:02:03" level=info msg="Parsing /scratch/negishi/afarzam/MSV000086944_results_v4/second_pass_downstream/GluC_CAD/GluC_CAD_2pass_results/HepG2_GluC_HCD/interact-20151115_alr_CompleteHumanProteome_HepG2_GluC_HCD_fr12_sub.pep.xml"
time="18:02:03" level=info msg="Parsing /scratch/negishi/afarzam/MSV000086944_results_v4/second_pass_downstream/GluC_CAD/GluC_CAD_2pass_results/HepG2_GluC_HCD/interact-20151115_alr_CompleteHumanProteome_HepG2_GluC_HCD_fr3_sub.pep.xml"
time="18:02:03" level=info msg="Parsing /scratch/negishi/afarzam/MSV000086944_results_v4/second_pass_downstream/GluC_CAD/GluC_CAD_2pass_results/HepG2_GluC_HCD/interact-20151115_alr_CompleteHumanProteome_HepG2_GluC_HCD_fr2_sub.pep.xml"
time="18:02:03" level=info msg="Parsing /scratch/negishi/afarzam/MSV000086944_results_v4/second_pass_downstream/GluC_CAD/GluC_CAD_2pass_results/HepG2_GluC_HCD/interact-20151115_alr_CompleteHumanProteome_HepG2_GluC_HCD_fr11_sub.pep.xml"
time="18:02:03" level=info msg="Parsing /scratch/negishi/afarzam/MSV000086944_results_v4/second_pass_downstream/GluC_CAD/GluC_CAD_2pass_results/HepG2_GluC_HCD/interact-20151115_alr_CompleteHumanProteome_HepG2_GluC_HCD_fr4_sub.pep.xml"
time="18:02:03" level=info msg="Parsing /scratch/negishi/afarzam/MSV000086944_results_v4/second_pass_downstream/GluC_CAD/GluC_CAD_2pass_results/HepG2_GluC_HCD/interact-20151124_alr_CompleteHumanProteome_HepG2_HCD_GluC_fr32_sub.pep.xml"
time="18:02:03" level=info msg="Parsing /scratch/negishi/afarzam/MSV000086944_results_v4/second_pass_downstream/GluC_CAD/GluC_CAD_2pass_results/HepG2_GluC_HCD/interact-20151124_alr_CompleteHumanProteome_HepG2_HCD_GluC_fr33_sub.pep.xml"
time="18:02:03" level=info msg="Parsing /scratch/negishi/afarzam/MSV000086944_results_v4/second_pass_downstream/GluC_CAD/GluC_CAD_2pass_results/HepG2_GluC_HCD/interact-20151124_alr_CompleteHumanProteome_HepG2_HCD_GluC_fr11_sub.pep.xml"
time="18:02:03" level=info msg="Parsing /scratch/negishi/afarzam/MSV000086944_results_v4/second_pass_downstream/GluC_CAD/GluC_CAD_2pass_results/HepG2_GluC_HCD/interact-20151124_alr_CompleteHumanProteome_HepG2_HCD_GluC_fr16_sub.pep.xml"
time="18:02:03" level=info msg="Parsing /scratch/negishi/afarzam/MSV000086944_results_v4/second_pass_downstream/GluC_CAD/GluC_CAD_2pass_results/HepG2_GluC_HCD/interact-20151124_alr_CompleteHumanProteome_HepG2_HCD_GluC_fr34_sub.pep.xml"
time="18:02:03" level=info msg="Parsing /scratch/negishi/afarzam/MSV000086944_results_v4/second_pass_downstream/GluC_CAD/GluC_CAD_2pass_results/HepG2_GluC_HCD/interact-20151115_alr_CompleteHumanProteome_HepG2_GluC_HCD_fr9_sub.pep.xml"
time="18:02:03" level=info msg="Parsing /scratch/negishi/afarzam/MSV000086944_results_v4/second_pass_downstream/GluC_CAD/GluC_CAD_2pass_results/HepG2_GluC_HCD/interact-20151115_alr_CompleteHumanProteome_HepG2_GluC_HCD_fr5_sub.pep.xml"
time="18:02:03" level=info msg="Parsing /scratch/negishi/afarzam/MSV000086944_results_v4/second_pass_downstream/GluC_CAD/GluC_CAD_2pass_results/HepG2_GluC_HCD/interact-20151115_alr_CompleteHumanProteome_HepG2_GluC_HCD_fr14_sub.pep.xml"
time="18:02:03" level=info msg="Parsing /scratch/negishi/afarzam/MSV000086944_results_v4/second_pass_downstream/GluC_CAD/GluC_CAD_2pass_results/HepG2_GluC_HCD/interact-20151115_alr_CompleteHumanProteome_HepG2_GluC_HCD_fr7_sub.pep.xml"
time="18:02:03" level=info msg="Parsing /scratch/negishi/afarzam/MSV000086944_results_v4/second_pass_downstream/GluC_CAD/GluC_CAD_2pass_results/HepG2_GluC_HCD/interact-20151124_alr_CompleteHumanProteome_HepG2_HCD_GluC_fr4_sub.pep.xml"
time="18:02:03" level=warning msg="No PSM was found in data set. /scratch/negishi/afarzam/MSV000086944_results_v4/second_pass_downstream/GluC_CAD/GluC_CAD_2pass_results/HepG2_GluC_HCD/interact-20151115_alr_CompleteHumanProteome_HepG2_GluC_HCD_fr2_sub.pep.xml"
time="18:02:03" level=info msg="Parsing /scratch/negishi/afarzam/MSV000086944_results_v4/second_pass_downstream/GluC_CAD/GluC_CAD_2pass_results/HepG2_GluC_HCD/interact-20151124_alr_CompleteHumanProteome_HepG2_HCD_GluC_fr35_sub.pep.xml"
time="18:02:03" level=info msg="Parsing /scratch/negishi/afarzam/MSV000086944_results_v4/second_pass_downstream/GluC_CAD/GluC_CAD_2pass_results/HepG2_GluC_HCD/interact-20151115_alr_CompleteHumanProteome_HepG2_GluC_HCD_fr13_sub.pep.xml"
time="18:02:03" level=info msg="Parsing /scratch/negishi/afarzam/MSV000086944_results_v4/second_pass_downstream/GluC_CAD/GluC_CAD_2pass_results/HepG2_GluC_HCD/interact-20151124_alr_CompleteHumanProteome_HepG2_HCD_GluC_fr28_sub.pep.xml"
time="18:02:03" level=warning msg="No PSM was found in data set. /scratch/negishi/afarzam/MSV000086944_results_v4/second_pass_downstream/GluC_CAD/GluC_CAD_2pass_results/HepG2_GluC_HCD/interact-20151124_alr_CompleteHumanProteome_HepG2_HCD_GluC_fr33_sub.pep.xml"
time="18:02:03" level=info msg="Parsing /scratch/negishi/afarzam/MSV000086944_results_v4/second_pass_downstream/GluC_CAD/GluC_CAD_2pass_results/HepG2_GluC_HCD/interact-20151124_alr_CompleteHumanProteome_HepG2_HCD_GluC_fr12_sub.pep.xml"
time="18:02:03" level=info msg="Parsing /scratch/negishi/afarzam/MSV000086944_results_v4/second_pass_downstream/GluC_CAD/GluC_CAD_2pass_results/HepG2_GluC_HCD/interact-20151115_alr_CompleteHumanProteome_HepG2_GluC_HCD_fr8_sub.pep.xml"
time="18:02:03" level=info msg="Parsing /scratch/negishi/afarzam/MSV000086944_results_v4/second_pass_downstream/GluC_CAD/GluC_CAD_2pass_results/HepG2_GluC_HCD/interact-20151124_alr_CompleteHumanProteome_HepG2_HCD_GluC_fr5_sub.pep.xml"
time="18:02:03" level=info msg="Parsing /scratch/negishi/afarzam/MSV000086944_results_v4/second_pass_downstream/GluC_CAD/GluC_CAD_2pass_results/HepG2_GluC_HCD/interact-20151124_alr_CompleteHumanProteome_HepG2_HCD_GluC_fr3_sub.pep.xml"
time="18:02:03" level=info msg="Parsing /scratch/negishi/afarzam/MSV000086944_results_v4/second_pass_downstream/GluC_CAD/GluC_CAD_2pass_results/HepG2_GluC_HCD/interact-20151124_alr_CompleteHumanProteome_HepG2_HCD_GluC_fr8_sub.pep.xml"
time="18:02:03" level=info msg="Parsing /scratch/negishi/afarzam/MSV000086944_results_v4/second_pass_downstream/GluC_CAD/GluC_CAD_2pass_results/HepG2_GluC_HCD/interact-20151124_alr_CompleteHumanProteome_HepG2_HCD_GluC_fr13_sub.pep.xml"
time="18:02:03" level=info msg="Parsing /scratch/negishi/afarzam/MSV000086944_results_v4/second_pass_downstream/GluC_CAD/GluC_CAD_2pass_results/HepG2_GluC_HCD/interact-20151124_alr_CompleteHumanProteome_HepG2_HCD_GluC_fr26_sub.pep.xml"
time="18:02:03" level=info msg="Parsing /scratch/negishi/afarzam/MSV000086944_results_v4/second_pass_downstream/GluC_CAD/GluC_CAD_2pass_results/HepG2_GluC_HCD/interact-20151124_alr_CompleteHumanProteome_HepG2_HCD_GluC_fr25_sub.pep.xml"
time="18:02:03" level=info msg="Parsing /scratch/negishi/afarzam/MSV000086944_results_v4/second_pass_downstream/GluC_CAD/GluC_CAD_2pass_results/HepG2_GluC_HCD/interact-20151124_alr_CompleteHumanProteome_HepG2_HCD_GluC_fr27_sub.pep.xml"
time="18:02:03" level=info msg="Parsing /scratch/negishi/afarzam/MSV000086944_results_v4/second_pass_downstream/GluC_CAD/GluC_CAD_2pass_results/HepG2_GluC_HCD/interact-20151124_alr_CompleteHumanProteome_HepG2_HCD_GluC_fr6_sub.pep.xml"
time="18:02:03" level=warning msg="No PSM was found in data set. /scratch/negishi/afarzam/MSV000086944_results_v4/second_pass_downstream/GluC_CAD/GluC_CAD_2pass_results/HepG2_GluC_HCD/interact-20151124_alr_CompleteHumanProteome_HepG2_HCD_GluC_fr34_sub.pep.xml"
time="18:02:03" level=info msg="Parsing /scratch/negishi/afarzam/MSV000086944_results_v4/second_pass_downstream/GluC_CAD/GluC_CAD_2pass_results/HepG2_GluC_HCD/interact-20151124_alr_CompleteHumanProteome_HepG2_HCD_GluC_fr1_sub.pep.xml"
time="18:02:03" level=info msg="Parsing /scratch/negishi/afarzam/MSV000086944_results_v4/second_pass_downstream/GluC_CAD/GluC_CAD_2pass_results/HepG2_GluC_HCD/interact-20151124_alr_CompleteHumanProteome_HepG2_HCD_GluC_fr7_sub.pep.xml"
time="18:02:03" level=info msg="Parsing /scratch/negishi/afarzam/MSV000086944_results_v4/second_pass_downstream/GluC_CAD/GluC_CAD_2pass_results/HepG2_GluC_HCD/interact-20151124_alr_CompleteHumanProteome_HepG2_HCD_GluC_fr17_sub.pep.xml"
time="18:02:03" level=info msg="Parsing /scratch/negishi/afarzam/MSV000086944_results_v4/second_pass_downstream/GluC_CAD/GluC_CAD_2pass_results/HepG2_GluC_HCD/interact-20151124_alr_CompleteHumanProteome_HepG2_HCD_GluC_fr18_sub.pep.xml"
time="18:02:03" level=info msg="Parsing /scratch/negishi/afarzam/MSV000086944_results_v4/second_pass_downstream/GluC_CAD/GluC_CAD_2pass_results/HepG2_GluC_HCD/interact-20151124_alr_CompleteHumanProteome_HepG2_HCD_GluC_fr19_sub.pep.xml"
time="18:02:03" level=info msg="Parsing /scratch/negishi/afarzam/MSV000086944_results_v4/second_pass_downstream/GluC_CAD/GluC_CAD_2pass_results/HepG2_GluC_HCD/interact-20151124_alr_CompleteHumanProteome_HepG2_HCD_GluC_fr2_sub.pep.xml"
time="18:02:03" level=info msg="Parsing /scratch/negishi/afarzam/MSV000086944_results_v4/second_pass_downstream/GluC_CAD/GluC_CAD_2pass_results/HepG2_GluC_HCD/interact-20151124_alr_CompleteHumanProteome_HepG2_HCD_GluC_fr21_sub.pep.xml"
time="18:02:03" level=info msg="Parsing /scratch/negishi/afarzam/MSV000086944_results_v4/second_pass_downstream/GluC_CAD/GluC_CAD_2pass_results/HepG2_GluC_HCD/interact-20151124_alr_CompleteHumanProteome_HepG2_HCD_GluC_fr20_sub.pep.xml"
time="18:02:03" level=info msg="Parsing /scratch/negishi/afarzam/MSV000086944_results_v4/second_pass_downstream/GluC_CAD/GluC_CAD_2pass_results/HepG2_GluC_HCD/interact-20151124_alr_CompleteHumanProteome_HepG2_HCD_GluC_fr29_sub.pep.xml"
time="18:02:03" level=info msg="Parsing /scratch/negishi/afarzam/MSV000086944_results_v4/second_pass_downstream/GluC_CAD/GluC_CAD_2pass_results/HepG2_GluC_HCD/interact-20151124_alr_CompleteHumanProteome_HepG2_HCD_GluC_fr22_sub.pep.xml"
time="18:02:03" level=info msg="Parsing /scratch/negishi/afarzam/MSV000086944_results_v4/second_pass_downstream/GluC_CAD/GluC_CAD_2pass_results/HepG2_GluC_HCD/interact-20151124_alr_CompleteHumanProteome_HepG2_HCD_GluC_fr31_sub.pep.xml"
time="18:02:03" level=info msg="Parsing /scratch/negishi/afarzam/MSV000086944_results_v4/second_pass_downstream/GluC_CAD/GluC_CAD_2pass_results/HepG2_GluC_HCD/interact-20151124_alr_CompleteHumanProteome_HepG2_HCD_GluC_fr14_sub.pep.xml"
time="18:02:03" level=info msg="Parsing /scratch/negishi/afarzam/MSV000086944_results_v4/second_pass_downstream/GluC_CAD/GluC_CAD_2pass_results/HepG2_GluC_HCD/interact-20151124_alr_CompleteHumanProteome_HepG2_HCD_GluC_fr23_sub.pep.xml"
time="18:02:03" level=info msg="Parsing /scratch/negishi/afarzam/MSV000086944_results_v4/second_pass_downstream/GluC_CAD/GluC_CAD_2pass_results/HepG2_GluC_HCD/interact-20151124_alr_CompleteHumanProteome_HepG2_HCD_GluC_fr30_sub.pep.xml"
time="18:02:03" level=info msg="Parsing /scratch/negishi/afarzam/MSV000086944_results_v4/second_pass_downstream/GluC_CAD/GluC_CAD_2pass_results/HepG2_GluC_HCD/interact-20151124_alr_CompleteHumanProteome_HepG2_HCD_GluC_fr10_sub.pep.xml"
time="18:02:05" level=info msg="1+ Charge profile" decoy=0 target=0
time="18:02:05" level=info msg="2+ Charge profile" decoy=565 target=1980
time="18:02:05" level=info msg="3+ Charge profile" decoy=506 target=1501
time="18:02:05" level=info msg="4+ Charge profile" decoy=255 target=603
time="18:02:05" level=info msg="5+ Charge profile" decoy=70 target=202
time="18:02:05" level=info msg="6+ Charge profile" decoy=23 target=123
time="18:02:05" level=info msg="Database search results" ions=3604 peptides=3405 psms=5848
time="18:02:05" level=info msg="Converged to 0.00 % FDR with 53 PSMs" decoy=0 threshold=0.961959 total=53
time="18:02:05" level=info msg="Converged to 0.00 % FDR with 30 Peptides" decoy=0 threshold=0.962256 total=30
time="18:02:05" level=info msg="Converged to 0.00 % FDR with 34 Ions" decoy=0 threshold=0.962256 total=34
time="18:02:05" level=info msg="Protein inference results" decoy=1685 target=2096
time="18:02:05" level=info msg="Converged to 0.00 % FDR with 28 Proteins" decoy=0 threshold=0.968 total=28
time="18:02:05" level=info msg="Applying sequential FDR estimation" ions=31 peptides=27 psms=50
time="18:02:05" level=info msg="Converged to 0.00 % FDR with 49 PSMs" decoy=0 threshold=0.962842 total=49
time="18:02:05" level=info msg="Converged to 0.00 % FDR with 26 Peptides" decoy=0 threshold=0.963344 total=26
time="18:02:05" level=info msg="Converged to 0.00 % FDR with 30 Ions" decoy=0 threshold=0.963344 total=30
time="18:02:05" level=info msg="Post processing identifications"
time="18:02:05" level=info msg="Assigning protein identifications to layers"
time="18:02:05" level=info msg="Processing protein inference"
time="18:02:06" level=info msg="Synchronizing PSMs and proteins"
time="18:02:06" level=info msg="Final report numbers after FDR filtering, and post-processing" ions=30 peptides=26 proteins=20 psms=49
time="18:02:06" level=info msg=Saving
time="18:02:06" level=info msg=Done
