time="22:49:14" level=info msg="Executing Filter  v5.1.2"
time="22:49:14" level=info msg="Fetching protein inference from /scratch/negishi/afarzam/MSV000086944_results_and_control_searches/second_pass_downstream_nozf/Chymo_CAD/Chymo_CAD_2pass_results/GM12878_Chymo_CAD"
time="22:49:15" level=info msg="Processing peptide identification files"
time="22:49:15" level=info msg="Parsing /scratch/negishi/afarzam/MSV000086944_results_and_control_searches/second_pass_downstream_nozf/Chymo_CAD/Chymo_CAD_2pass_results/HepG2_Chymo_CAD/interact-20151118_alr_CompleteHumanProteome_HepG2_CAD_chymo_fr13_sub.pep.xml"
time="22:49:15" level=info msg="Parsing /scratch/negishi/afarzam/MSV000086944_results_and_control_searches/second_pass_downstream_nozf/Chymo_CAD/Chymo_CAD_2pass_results/HepG2_Chymo_CAD/interact-20151118_alr_CompleteHumanProteome_HepG2_CAD_chymo_fr9_sub.pep.xml"
time="22:49:15" level=info msg="Parsing /scratch/negishi/afarzam/MSV000086944_results_and_control_searches/second_pass_downstream_nozf/Chymo_CAD/Chymo_CAD_2pass_results/HepG2_Chymo_CAD/interact-20151118_alr_CompleteHumanProteome_HepG2_CAD_chymo_fr11_sub.pep.xml"
time="22:49:15" level=info msg="Parsing /scratch/negishi/afarzam/MSV000086944_results_and_control_searches/second_pass_downstream_nozf/Chymo_CAD/Chymo_CAD_2pass_results/HepG2_Chymo_CAD/interact-20151118_alr_CompleteHumanProteome_HepG2_CAD_chymo_fr16_sub.pep.xml"
time="22:49:15" level=info msg="Parsing /scratch/negishi/afarzam/MSV000086944_results_and_control_searches/second_pass_downstream_nozf/Chymo_CAD/Chymo_CAD_2pass_results/HepG2_Chymo_CAD/interact-20151118_alr_CompleteHumanProteome_HepG2_CAD_chymo_fr18_sub.pep.xml"
time="22:49:15" level=info msg="Parsing /scratch/negishi/afarzam/MSV000086944_results_and_control_searches/second_pass_downstream_nozf/Chymo_CAD/Chymo_CAD_2pass_results/HepG2_Chymo_CAD/interact-20151118_alr_CompleteHumanProteome_HepG2_CAD_chymo_fr24_sub.pep.xml"
time="22:49:15" level=info msg="Parsing /scratch/negishi/afarzam/MSV000086944_results_and_control_searches/second_pass_downstream_nozf/Chymo_CAD/Chymo_CAD_2pass_results/HepG2_Chymo_CAD/interact-20151118_alr_CompleteHumanProteome_HepG2_CAD_chymo_fr14_sub.pep.xml"
time="22:49:15" level=info msg="Parsing /scratch/negishi/afarzam/MSV000086944_results_and_control_searches/second_pass_downstream_nozf/Chymo_CAD/Chymo_CAD_2pass_results/HepG2_Chymo_CAD/interact-20151118_alr_CompleteHumanProteome_HepG2_CAD_chymo_fr20_sub.pep.xml"
time="22:49:15" level=info msg="Parsing /scratch/negishi/afarzam/MSV000086944_results_and_control_searches/second_pass_downstream_nozf/Chymo_CAD/Chymo_CAD_2pass_results/HepG2_Chymo_CAD/interact-20151118_alr_CompleteHumanProteome_HepG2_CAD_chymo_fr3_sub.pep.xml"
time="22:49:15" level=info msg="Parsing /scratch/negishi/afarzam/MSV000086944_results_and_control_searches/second_pass_downstream_nozf/Chymo_CAD/Chymo_CAD_2pass_results/HepG2_Chymo_CAD/interact-20151118_alr_CompleteHumanProteome_HepG2_CAD_chymo_fr25_sub.pep.xml"
time="22:49:15" level=info msg="Parsing /scratch/negishi/afarzam/MSV000086944_results_and_control_searches/second_pass_downstream_nozf/Chymo_CAD/Chymo_CAD_2pass_results/HepG2_Chymo_CAD/interact-20151118_alr_CompleteHumanProteome_HepG2_CAD_chymo_fr4_sub.pep.xml"
time="22:49:15" level=info msg="Parsing /scratch/negishi/afarzam/MSV000086944_results_and_control_searches/second_pass_downstream_nozf/Chymo_CAD/Chymo_CAD_2pass_results/HepG2_Chymo_CAD/interact-20151118_alr_CompleteHumanProteome_HepG2_CAD_chymo_fr33_sub.pep.xml"
time="22:49:15" level=info msg="Parsing /scratch/negishi/afarzam/MSV000086944_results_and_control_searches/second_pass_downstream_nozf/Chymo_CAD/Chymo_CAD_2pass_results/HepG2_Chymo_CAD/interact-20151118_alr_CompleteHumanProteome_HepG2_CAD_chymo_fr7_sub.pep.xml"
time="22:49:15" level=info msg="Parsing /scratch/negishi/afarzam/MSV000086944_results_and_control_searches/second_pass_downstream_nozf/Chymo_CAD/Chymo_CAD_2pass_results/HepG2_Chymo_CAD/interact-20151118_alr_CompleteHumanProteome_HepG2_CAD_chymo_fr30_sub.pep.xml"
time="22:49:15" level=info msg="Parsing /scratch/negishi/afarzam/MSV000086944_results_and_control_searches/second_pass_downstream_nozf/Chymo_CAD/Chymo_CAD_2pass_results/HepG2_Chymo_CAD/interact-20151118_alr_CompleteHumanProteome_HepG2_CAD_chymo_fr26_sub.pep.xml"
time="22:49:15" level=info msg="Parsing /scratch/negishi/afarzam/MSV000086944_results_and_control_searches/second_pass_downstream_nozf/Chymo_CAD/Chymo_CAD_2pass_results/HepG2_Chymo_CAD/interact-20151118_alr_CompleteHumanProteome_HepG2_CAD_chymo_fr2_sub.pep.xml"
time="22:49:15" level=info msg="Parsing /scratch/negishi/afarzam/MSV000086944_results_and_control_searches/second_pass_downstream_nozf/Chymo_CAD/Chymo_CAD_2pass_results/HepG2_Chymo_CAD/interact-20151118_alr_CompleteHumanProteome_HepG2_CAD_chymo_fr31_sub.pep.xml"
time="22:49:15" level=info msg="Parsing /scratch/negishi/afarzam/MSV000086944_results_and_control_searches/second_pass_downstream_nozf/Chymo_CAD/Chymo_CAD_2pass_results/HepG2_Chymo_CAD/interact-20151118_alr_CompleteHumanProteome_HepG2_CAD_chymo_fr32_sub.pep.xml"
time="22:49:15" level=info msg="Parsing /scratch/negishi/afarzam/MSV000086944_results_and_control_searches/second_pass_downstream_nozf/Chymo_CAD/Chymo_CAD_2pass_results/HepG2_Chymo_CAD/interact-20151118_alr_CompleteHumanProteome_HepG2_CAD_chymo_fr29_sub.pep.xml"
time="22:49:15" level=info msg="Parsing /scratch/negishi/afarzam/MSV000086944_results_and_control_searches/second_pass_downstream_nozf/Chymo_CAD/Chymo_CAD_2pass_results/HepG2_Chymo_CAD/interact-20151118_alr_CompleteHumanProteome_HepG2_CAD_chymo_fr22_sub.pep.xml"
time="22:49:15" level=info msg="Parsing /scratch/negishi/afarzam/MSV000086944_results_and_control_searches/second_pass_downstream_nozf/Chymo_CAD/Chymo_CAD_2pass_results/HepG2_Chymo_CAD/interact-20151118_alr_CompleteHumanProteome_HepG2_CAD_chymo_fr23_sub.pep.xml"
time="22:49:15" level=warning msg="No PSM was found in data set. /scratch/negishi/afarzam/MSV000086944_results_and_control_searches/second_pass_downstream_nozf/Chymo_CAD/Chymo_CAD_2pass_results/HepG2_Chymo_CAD/interact-20151118_alr_CompleteHumanProteome_HepG2_CAD_chymo_fr3_sub.pep.xml"
time="22:49:15" level=info msg="Parsing /scratch/negishi/afarzam/MSV000086944_results_and_control_searches/second_pass_downstream_nozf/Chymo_CAD/Chymo_CAD_2pass_results/HepG2_Chymo_CAD/interact-20151118_alr_CompleteHumanProteome_HepG2_CAD_chymo_fr1_sub.pep.xml"
time="22:49:15" level=info msg="Parsing /scratch/negishi/afarzam/MSV000086944_results_and_control_searches/second_pass_downstream_nozf/Chymo_CAD/Chymo_CAD_2pass_results/HepG2_Chymo_CAD/interact-20151118_alr_CompleteHumanProteome_HepG2_CAD_chymo_fr8_sub.pep.xml"
time="22:49:15" level=info msg="Parsing /scratch/negishi/afarzam/MSV000086944_results_and_control_searches/second_pass_downstream_nozf/Chymo_CAD/Chymo_CAD_2pass_results/HepG2_Chymo_CAD/interact-20151118_alr_CompleteHumanProteome_HepG2_CAD_chymo_fr19_sub.pep.xml"
time="22:49:15" level=info msg="Parsing /scratch/negishi/afarzam/MSV000086944_results_and_control_searches/second_pass_downstream_nozf/Chymo_CAD/Chymo_CAD_2pass_results/HepG2_Chymo_CAD/interact-20151118_alr_CompleteHumanProteome_HepG2_CAD_chymo_fr12_sub.pep.xml"
time="22:49:15" level=info msg="Parsing /scratch/negishi/afarzam/MSV000086944_results_and_control_searches/second_pass_downstream_nozf/Chymo_CAD/Chymo_CAD_2pass_results/HepG2_Chymo_CAD/interact-20151118_alr_CompleteHumanProteome_HepG2_CAD_chymo_fr15_sub.pep.xml"
time="22:49:15" level=info msg="Parsing /scratch/negishi/afarzam/MSV000086944_results_and_control_searches/second_pass_downstream_nozf/Chymo_CAD/Chymo_CAD_2pass_results/HepG2_Chymo_CAD/interact-20151118_alr_CompleteHumanProteome_HepG2_CAD_chymo_fr17_sub.pep.xml"
time="22:49:15" level=info msg="Parsing /scratch/negishi/afarzam/MSV000086944_results_and_control_searches/second_pass_downstream_nozf/Chymo_CAD/Chymo_CAD_2pass_results/HepG2_Chymo_CAD/interact-20151118_alr_CompleteHumanProteome_HepG2_CAD_chymo_fr6_sub.pep.xml"
time="22:49:15" level=info msg="Parsing /scratch/negishi/afarzam/MSV000086944_results_and_control_searches/second_pass_downstream_nozf/Chymo_CAD/Chymo_CAD_2pass_results/HepG2_Chymo_CAD/interact-20151118_alr_CompleteHumanProteome_HepG2_CAD_chymo_fr34_sub.pep.xml"
time="22:49:15" level=info msg="Parsing /scratch/negishi/afarzam/MSV000086944_results_and_control_searches/second_pass_downstream_nozf/Chymo_CAD/Chymo_CAD_2pass_results/HepG2_Chymo_CAD/interact-20151118_alr_CompleteHumanProteome_HepG2_CAD_chymo_fr35_sub.pep.xml"
time="22:49:15" level=info msg="Parsing /scratch/negishi/afarzam/MSV000086944_results_and_control_searches/second_pass_downstream_nozf/Chymo_CAD/Chymo_CAD_2pass_results/HepG2_Chymo_CAD/interact-20151118_alr_CompleteHumanProteome_HepG2_CAD_chymo_fr21_sub.pep.xml"
time="22:49:15" level=warning msg="No PSM was found in data set. /scratch/negishi/afarzam/MSV000086944_results_and_control_searches/second_pass_downstream_nozf/Chymo_CAD/Chymo_CAD_2pass_results/HepG2_Chymo_CAD/interact-20151118_alr_CompleteHumanProteome_HepG2_CAD_chymo_fr6_sub.pep.xml"
time="22:49:15" level=info msg="Parsing /scratch/negishi/afarzam/MSV000086944_results_and_control_searches/second_pass_downstream_nozf/Chymo_CAD/Chymo_CAD_2pass_results/HepG2_Chymo_CAD/interact-20151118_alr_CompleteHumanProteome_HepG2_CAD_chymo_fr10_sub.pep.xml"
time="22:49:15" level=info msg="Parsing /scratch/negishi/afarzam/MSV000086944_results_and_control_searches/second_pass_downstream_nozf/Chymo_CAD/Chymo_CAD_2pass_results/HepG2_Chymo_CAD/interact-20151118_alr_CompleteHumanProteome_HepG2_CAD_chymo_fr5_sub.pep.xml"
time="22:49:15" level=warning msg="No PSM was found in data set. /scratch/negishi/afarzam/MSV000086944_results_and_control_searches/second_pass_downstream_nozf/Chymo_CAD/Chymo_CAD_2pass_results/HepG2_Chymo_CAD/interact-20151118_alr_CompleteHumanProteome_HepG2_CAD_chymo_fr34_sub.pep.xml"
time="22:49:15" level=info msg="Parsing /scratch/negishi/afarzam/MSV000086944_results_and_control_searches/second_pass_downstream_nozf/Chymo_CAD/Chymo_CAD_2pass_results/HepG2_Chymo_CAD/interact-20151118_alr_CompleteHumanProteome_HepG2_CAD_chymo_fr27_sub.pep.xml"
time="22:49:15" level=warning msg="No PSM was found in data set. /scratch/negishi/afarzam/MSV000086944_results_and_control_searches/second_pass_downstream_nozf/Chymo_CAD/Chymo_CAD_2pass_results/HepG2_Chymo_CAD/interact-20151118_alr_CompleteHumanProteome_HepG2_CAD_chymo_fr1_sub.pep.xml"
time="22:49:17" level=info msg="1+ Charge profile" decoy=0 target=0
time="22:49:17" level=info msg="2+ Charge profile" decoy=184 target=624
time="22:49:17" level=info msg="3+ Charge profile" decoy=51 target=133
time="22:49:17" level=info msg="4+ Charge profile" decoy=17 target=41
time="22:49:17" level=info msg="5+ Charge profile" decoy=3 target=11
time="22:49:17" level=info msg="6+ Charge profile" decoy=5 target=6
time="22:49:17" level=info msg="Database search results" ions=847 peptides=831 psms=1091
time="22:49:17" level=info msg="Converged to 0.00 % FDR with 35 PSMs" decoy=0 threshold=0.948851 total=35
time="22:49:17" level=info msg="Converged to 0.00 % FDR with 21 Peptides" decoy=0 threshold=0.948851 total=21
time="22:49:17" level=info msg="Converged to 0.00 % FDR with 21 Ions" decoy=0 threshold=0.948851 total=21
time="22:49:17" level=info msg="Protein inference results" decoy=2275 target=3379
time="22:49:17" level=info msg="Converged to 0.00 % FDR with 49 Proteins" decoy=0 threshold=0.9877 total=49
time="22:49:17" level=info msg="Applying sequential FDR estimation" ions=13 peptides=13 psms=27
time="22:49:17" level=info msg="Converged to 0.00 % FDR with 26 PSMs" decoy=0 threshold=0.953791 total=26
time="22:49:17" level=info msg="Converged to 0.00 % FDR with 12 Peptides" decoy=0 threshold=0.960173 total=12
time="22:49:17" level=info msg="Converged to 0.00 % FDR with 12 Ions" decoy=0 threshold=0.960173 total=12
time="22:49:17" level=info msg="Post processing identifications"
time="22:49:17" level=info msg="Assigning protein identifications to layers"
time="22:49:17" level=info msg="Processing protein inference"
time="22:49:17" level=info msg="Synchronizing PSMs and proteins"
time="22:49:17" level=info msg="Final report numbers after FDR filtering, and post-processing" ions=12 peptides=12 proteins=12 psms=26
time="22:49:17" level=info msg=Saving
time="22:49:17" level=info msg=Done
