time="18:24:53" level=info msg="Executing Filter  v5.1.2"
time="18:24:53" level=info msg="Fetching protein inference from /scratch/negishi/afarzam/MSV000086944_results_and_control_searches/second_pass_downstream_nozf/AspN_ETD/AspN_ETD_2pass_results/GM12878_AspN_ETD"
time="18:24:54" level=info msg="Processing peptide identification files"
time="18:24:54" level=info msg="Parsing /scratch/negishi/afarzam/MSV000086944_results_and_control_searches/second_pass_downstream_nozf/AspN_ETD/AspN_ETD_2pass_results/hESC_AspN_ETD/interact-ETD_hES_AspN_9_140724160635_sub.pep.xml"
time="18:24:54" level=info msg="Parsing /scratch/negishi/afarzam/MSV000086944_results_and_control_searches/second_pass_downstream_nozf/AspN_ETD/AspN_ETD_2pass_results/hESC_AspN_ETD/interact-ETD_hES_AspN2_140724003432_sub.pep.xml"
time="18:24:54" level=info msg="Parsing /scratch/negishi/afarzam/MSV000086944_results_and_control_searches/second_pass_downstream_nozf/AspN_ETD/AspN_ETD_2pass_results/hESC_AspN_ETD/interact-ETD_hES_AspN4_140724042730_sub.pep.xml"
time="18:24:54" level=info msg="Parsing /scratch/negishi/afarzam/MSV000086944_results_and_control_searches/second_pass_downstream_nozf/AspN_ETD/AspN_ETD_2pass_results/hESC_AspN_ETD/interact-ETD_hES_AspN1_140723223806_sub.pep.xml"
time="18:24:54" level=info msg="Parsing /scratch/negishi/afarzam/MSV000086944_results_and_control_searches/second_pass_downstream_nozf/AspN_ETD/AspN_ETD_2pass_results/hESC_AspN_ETD/interact-ETD_hES_AspN5_140724062403_sub.pep.xml"
time="18:24:54" level=info msg="Parsing /scratch/negishi/afarzam/MSV000086944_results_and_control_searches/second_pass_downstream_nozf/AspN_ETD/AspN_ETD_2pass_results/hESC_AspN_ETD/interact-ETD_hES_AspN7_140724101659_sub.pep.xml"
time="18:24:54" level=info msg="Parsing /scratch/negishi/afarzam/MSV000086944_results_and_control_searches/second_pass_downstream_nozf/AspN_ETD/AspN_ETD_2pass_results/hESC_AspN_ETD/interact-ETD_hES_AspN8_140724121332_sub.pep.xml"
time="18:24:54" level=info msg="Parsing /scratch/negishi/afarzam/MSV000086944_results_and_control_searches/second_pass_downstream_nozf/AspN_ETD/AspN_ETD_2pass_results/hESC_AspN_ETD/interact-ETD_hES_AspN_10_sub.pep.xml"
time="18:24:54" level=info msg="Parsing /scratch/negishi/afarzam/MSV000086944_results_and_control_searches/second_pass_downstream_nozf/AspN_ETD/AspN_ETD_2pass_results/hESC_AspN_ETD/interact-ETD_hES_AspN_11_sub.pep.xml"
time="18:24:54" level=info msg="Parsing /scratch/negishi/afarzam/MSV000086944_results_and_control_searches/second_pass_downstream_nozf/AspN_ETD/AspN_ETD_2pass_results/hESC_AspN_ETD/interact-ETD_hES_AspN_12_sub.pep.xml"
time="18:24:54" level=info msg="Parsing /scratch/negishi/afarzam/MSV000086944_results_and_control_searches/second_pass_downstream_nozf/AspN_ETD/AspN_ETD_2pass_results/hESC_AspN_ETD/interact-ETD_hES_AspN_13_sub.pep.xml"
time="18:24:54" level=info msg="Parsing /scratch/negishi/afarzam/MSV000086944_results_and_control_searches/second_pass_downstream_nozf/AspN_ETD/AspN_ETD_2pass_results/hESC_AspN_ETD/interact-ETD_hES_AspN_14_sub.pep.xml"
time="18:24:54" level=info msg="Parsing /scratch/negishi/afarzam/MSV000086944_results_and_control_searches/second_pass_downstream_nozf/AspN_ETD/AspN_ETD_2pass_results/hESC_AspN_ETD/interact-ETD_hES_AspN_15_sub.pep.xml"
time="18:24:54" level=warning msg="No PSM was found in data set. /scratch/negishi/afarzam/MSV000086944_results_and_control_searches/second_pass_downstream_nozf/AspN_ETD/AspN_ETD_2pass_results/hESC_AspN_ETD/interact-ETD_hES_AspN7_140724101659_sub.pep.xml"
time="18:24:54" level=info msg="Parsing /scratch/negishi/afarzam/MSV000086944_results_and_control_searches/second_pass_downstream_nozf/AspN_ETD/AspN_ETD_2pass_results/hESC_AspN_ETD/interact-ETD_hES_AspN_16_sub.pep.xml"
time="18:24:54" level=info msg="Parsing /scratch/negishi/afarzam/MSV000086944_results_and_control_searches/second_pass_downstream_nozf/AspN_ETD/AspN_ETD_2pass_results/hESC_AspN_ETD/interact-ETD_hES_AspN_17_sub.pep.xml"
time="18:24:54" level=info msg="Parsing /scratch/negishi/afarzam/MSV000086944_results_and_control_searches/second_pass_downstream_nozf/AspN_ETD/AspN_ETD_2pass_results/hESC_AspN_ETD/interact-ETD_hES_AspN_18_sub.pep.xml"
time="18:24:54" level=info msg="Parsing /scratch/negishi/afarzam/MSV000086944_results_and_control_searches/second_pass_downstream_nozf/AspN_ETD/AspN_ETD_2pass_results/hESC_AspN_ETD/interact-ETD_hES_AspN6_140724082028_sub.pep.xml"
time="18:24:54" level=info msg="Parsing /scratch/negishi/afarzam/MSV000086944_results_and_control_searches/second_pass_downstream_nozf/AspN_ETD/AspN_ETD_2pass_results/hESC_AspN_ETD/interact-ETD_hES_AspN_21_sub.pep.xml"
time="18:24:54" level=info msg="Parsing /scratch/negishi/afarzam/MSV000086944_results_and_control_searches/second_pass_downstream_nozf/AspN_ETD/AspN_ETD_2pass_results/hESC_AspN_ETD/interact-ETD_hES_AspN_23_sub.pep.xml"
time="18:24:54" level=info msg="Parsing /scratch/negishi/afarzam/MSV000086944_results_and_control_searches/second_pass_downstream_nozf/AspN_ETD/AspN_ETD_2pass_results/hESC_AspN_ETD/interact-ETD_hES_AspN_24_sub.pep.xml"
time="18:24:54" level=info msg="Parsing /scratch/negishi/afarzam/MSV000086944_results_and_control_searches/second_pass_downstream_nozf/AspN_ETD/AspN_ETD_2pass_results/hESC_AspN_ETD/interact-ETD_hES_AspN_19_sub.pep.xml"
time="18:24:54" level=info msg="Parsing /scratch/negishi/afarzam/MSV000086944_results_and_control_searches/second_pass_downstream_nozf/AspN_ETD/AspN_ETD_2pass_results/hESC_AspN_ETD/interact-ETD_hES_AspN_22_sub.pep.xml"
time="18:24:54" level=info msg="Parsing /scratch/negishi/afarzam/MSV000086944_results_and_control_searches/second_pass_downstream_nozf/AspN_ETD/AspN_ETD_2pass_results/hESC_AspN_ETD/interact-ETD_hES_AspN3_140724023057_sub.pep.xml"
time="18:24:54" level=info msg="Parsing /scratch/negishi/afarzam/MSV000086944_results_and_control_searches/second_pass_downstream_nozf/AspN_ETD/AspN_ETD_2pass_results/hESC_AspN_ETD/interact-ETD_hES_AspN_20_sub.pep.xml"
time="18:24:54" level=warning msg="No PSM was found in data set. /scratch/negishi/afarzam/MSV000086944_results_and_control_searches/second_pass_downstream_nozf/AspN_ETD/AspN_ETD_2pass_results/hESC_AspN_ETD/interact-ETD_hES_AspN_18_sub.pep.xml"
time="18:24:54" level=warning msg="No PSM was found in data set. /scratch/negishi/afarzam/MSV000086944_results_and_control_searches/second_pass_downstream_nozf/AspN_ETD/AspN_ETD_2pass_results/hESC_AspN_ETD/interact-ETD_hES_AspN_22_sub.pep.xml"
time="18:24:54" level=info msg="1+ Charge profile" decoy=0 target=0
time="18:24:54" level=info msg="2+ Charge profile" decoy=26 target=123
time="18:24:54" level=info msg="3+ Charge profile" decoy=24 target=62
time="18:24:54" level=info msg="4+ Charge profile" decoy=15 target=20
time="18:24:54" level=info msg="5+ Charge profile" decoy=6 target=11
time="18:24:54" level=info msg="6+ Charge profile" decoy=5 target=17
time="18:24:54" level=info msg="Database search results" ions=279 peptides=277 psms=309
time="18:24:54" level=info msg="Converged to 0.00 % FDR with 4 PSMs" decoy=0 threshold=0.904918 total=4
time="18:24:54" level=info msg="Converged to 0.00 % FDR with 4 Peptides" decoy=0 threshold=0.904918 total=4
time="18:24:54" level=info msg="Converged to 0.00 % FDR with 4 Ions" decoy=0 threshold=0.904918 total=4
time="18:24:54" level=info msg="Protein inference results" decoy=564 target=817
time="18:24:54" level=info msg="Converged to 0.00 % FDR with 7 Proteins" decoy=0 threshold=0.9479 total=7
time="18:24:54" level=info msg="Applying sequential FDR estimation" ions=0 peptides=0 psms=0
time="18:24:54" level=info msg="Converged to 0.00 % FDR with 0 PSMs" decoy=0 threshold=10 total=0
time="18:24:54" level=info msg="Converged to 0.00 % FDR with 0 Peptides" decoy=0 threshold=10 total=0
time="18:24:54" level=info msg="Converged to 0.00 % FDR with 0 Ions" decoy=0 threshold=10 total=0
time="18:24:54" level=info msg="Post processing identifications"
time="18:24:54" level=info msg="Assigning protein identifications to layers"
time="18:24:54" level=info msg="Processing protein inference"
time="18:24:55" level=info msg="Synchronizing PSMs and proteins"
time="18:24:55" level=info msg="Final report numbers after FDR filtering, and post-processing" ions=0 peptides=0 proteins=0 psms=0
time="18:24:55" level=info msg=Saving
time="18:24:55" level=info msg=Done
